   Compiling proc-macro2 v1.0.107
   Compiling unicode-ident v1.0.24
   Compiling libc v0.2.189
   Compiling quote v1.0.47
   Compiling getrandom v0.3.4
   Compiling zerocopy v0.8.56
   Compiling cfg-if v1.0.4
   Compiling libm v0.2.16
   Compiling autocfg v1.5.1
   Compiling objc2 v0.6.4
   Compiling objc2-encode v4.1.0
   Compiling crossbeam-utils v0.8.22
   Compiling crossbeam-epoch v0.9.20
   Compiling crossbeam-deque v0.8.7
   Compiling bitflags v2.13.1
   Compiling rayon-core v1.13.0
   Compiling cudarc v0.19.8
   Compiling libloading v0.9.0
   Compiling either v1.18.0
   Compiling num-traits v0.2.19
   Compiling fandhe-ai-backend-cpu v0.8.0
   Compiling bench-common v0.1.0 (<WORKTREE>/scripts/bench/framework-compare/bench-common)
   Compiling block2 v0.6.2
   Compiling objc2-core-foundation v0.3.2
   Compiling dispatch2 v0.3.1
   Compiling syn v2.0.119
   Compiling rayon v1.12.0
   Compiling objc2-foundation v0.3.2
   Compiling rand_core v0.9.5
   Compiling zerocopy-derive v0.8.56
   Compiling ppv-lite86 v0.2.21
   Compiling rand_chacha v0.9.0
   Compiling rand v0.9.5
   Compiling rand_distr v0.5.1
   Compiling half v2.7.1
   Compiling fandhe-ai-tensor-core v0.8.0
   Compiling fandhe-ai-autodiff v0.8.0
   Compiling fandhe-ai-backend-cuda v0.8.0
   Compiling objc2-metal v0.3.2
   Compiling fandhe-ai-backend-metal v0.8.0
   Compiling fandhe-ai v0.8.0
   Compiling bench-fandhe v0.1.0 (<WORKTREE>/scripts/bench/framework-compare/bench-fandhe)
    Finished `release` profile [optimized] target(s) in 14.16s
   Compiling libc v0.2.189
   Compiling once_cell v1.21.4
   Compiling version_check v0.9.5
   Compiling num-traits v0.2.19
   Compiling serde_core v1.0.229
   Compiling paste v1.0.15
   Compiling either v1.18.0
   Compiling thiserror v1.0.69
   Compiling heck v0.5.0
   Compiling memchr v2.8.3
   Compiling reborrow v0.5.5
   Compiling dyn-stack-macros v0.1.3
   Compiling syn v2.0.119
   Compiling syn v3.0.4
   Compiling pulp-wasm-simd-flag v0.1.1
   Compiling serde v1.0.229
   Compiling byteorder v1.5.0
   Compiling raw-cpuid v11.6.0
   Compiling strsim v0.11.1
   Compiling ident_case v1.0.1
   Compiling pulp v0.22.3
   Compiling rayon v1.12.0
   Compiling seq-macro v0.3.6
   Compiling fnv v1.0.7
   Compiling find-msvc-tools v0.1.11
   Compiling shlex v2.0.1
   Compiling pkg-config v0.3.34
   Compiling cc v1.4.4
   Compiling rustversion v1.0.23
   Compiling zmij v1.0.23
   Compiling equivalent v1.0.2
   Compiling rustix v1.1.4
   Compiling getrandom v0.4.3
   Compiling thiserror v2.0.20
   Compiling itoa v1.0.18
   Compiling serde_json v1.0.151
   Compiling onig_sys v69.9.3
   Compiling bytemuck_derive v1.12.0
   Compiling serde_derive v1.0.229
   Compiling thiserror-impl v2.0.20
   Compiling bytemuck v1.25.2
   Compiling darling_core v0.20.11
   Compiling synstructure v0.13.2
   Compiling getrandom v0.3.4
   Compiling errno v0.3.14
   Compiling rand_core v0.9.5
   Compiling aho-corasick v1.1.5
   Compiling ahash v0.8.12
   Compiling crc32fast v1.5.1
   Compiling esaxx-rs v0.1.10
   Compiling minimal-lexical v0.2.1
   Compiling regex-syntax v0.8.11
   Compiling zerocopy-derive v0.8.56
   Compiling thiserror-impl v1.0.69
   Compiling enum-as-inner v0.6.1
   Compiling nom v7.1.3
   Compiling tracing-attributes v0.1.31
   Compiling darling_macro v0.20.11
   Compiling darling v0.20.11
   Compiling zerocopy v0.8.56
   Compiling regex-automata v0.4.18
   Compiling castaway v0.2.4
   Compiling zerofrom-derive v0.1.7
   Compiling monostate-impl v0.1.18
   Compiling num-complex v0.4.6
   Compiling dyn-stack v0.13.2
   Compiling objc2-foundation v0.3.2
   Compiling itertools v0.14.0
   Compiling tracing-core v0.1.36
   Compiling sysctl v0.6.0
   Compiling pastey v0.2.3
   Compiling ryu v1.0.23
   Compiling derive_builder_core v0.20.2
   Compiling stable_deref_trait v1.2.1
   Compiling hashbrown v0.17.1
   Compiling static_assertions v1.1.0
   Compiling macro_rules_attribute-proc_macro v0.2.3
   Compiling allocator-api2 v0.2.21
   Compiling unicode-segmentation v1.13.3
   Compiling derive_builder_macro v0.20.2
   Compiling smallvec v1.15.2
   Compiling foldhash v0.2.0
   Compiling pin-project-lite v0.2.17
   Compiling fastrand v2.5.0
   Compiling base64 v0.13.1
   Compiling compact_str v0.9.1
   Compiling hashbrown v0.16.1
   Compiling spm_precompiled v0.1.4
   Compiling tempfile v3.27.0
   Compiling tracing v0.1.44
   Compiling unicode-normalization-alignments v0.1.12
   Compiling derive_builder v0.20.2
   Compiling indexmap v2.14.0
   Compiling macro_rules_attribute v0.2.3
   Compiling rayon-cond v0.4.0
   Compiling dary_heap v0.3.9
   Compiling regex v1.13.1
   Compiling zerofrom v0.1.8
   Compiling monostate v0.1.18
   Compiling yoke-derive v0.8.2
   Compiling onig v6.5.3
   Compiling unicode_categories v0.1.1
   Compiling typed-path v0.12.3
   Compiling log v0.4.34
   Compiling safetensors v0.8.0
   Compiling memmap2 v0.9.11
   Compiling ppv-lite86 v0.2.21
   Compiling rand_chacha v0.9.0
   Compiling num_cpus v1.17.0
   Compiling rand v0.9.5
   Compiling zip v8.6.0
   Compiling rand_distr v0.5.1
   Compiling half v2.7.1
   Compiling float8 v0.7.0
   Compiling yoke v0.8.3
   Compiling gemm-common v0.19.0
   Compiling objc2-metal v0.3.2
   Compiling tokenizers v0.22.2
   Compiling gemm-f32 v0.19.0
   Compiling gemm-c64 v0.19.0
   Compiling gemm-f64 v0.19.0
   Compiling gemm-c32 v0.19.0
   Compiling gemm-f16 v0.19.0
   Compiling gemm v0.19.0
   Compiling candle-metal-kernels v0.11.0
   Compiling candle-core v0.11.0
   Compiling bench-candle v0.1.0 (<WORKTREE>/scripts/bench/framework-compare/bench-candle)
    Finished `release` profile [optimized] target(s) in 33.91s
