start 2026-10-03T09:32:09Z sha=c8bb4132
18:32  up 13 days, 23:56, 28 users, load averages: 10.62 19.70 16.87
└── fandhe-ai v0.10.0
build-done 2026-10-03T09:32:09Z
18:32  up 13 days, 23:56, 28 users, load averages: 10.62 19.70 16.87
== bench-fandhe gemm cpu 256 fresh ==
{"framework":"fandhe-ai","version":"0.10.0","task":"gemm","device":"cpu","size":256,"median_s":0.000271209,"q1_s":0.000259938,"q3_s":0.000295417,"gflops":123.722,"checksum":237.546660,"warmup":20,"iters":20,"mode":"fresh","parity_total":65536,"parity_fail_count":0,"parity_max_abs_err":0.000000e0,"parity_max_rel_err":0.000000e0,"parity_scaled_abs_bound":0.000000e0,"parity_scaled_abs_rescued":0}
== bench-fandhe gemm cpu 512 fresh ==
{"framework":"fandhe-ai","version":"0.10.0","task":"gemm","device":"cpu","size":512,"median_s":0.000733834,"q1_s":0.000657374,"q3_s":0.000829396,"gflops":365.799,"checksum":937.743233,"warmup":20,"iters":20,"mode":"fresh","parity_total":262144,"parity_fail_count":0,"parity_max_abs_err":0.000000e0,"parity_max_rel_err":0.000000e0,"parity_scaled_abs_bound":0.000000e0,"parity_scaled_abs_rescued":0}
== bench-fandhe gemm cpu 1024 fresh ==
{"framework":"fandhe-ai","version":"0.10.0","task":"gemm","device":"cpu","size":1024,"median_s":0.003223813,"q1_s":0.002995303,"q3_s":0.003409854,"gflops":666.132,"checksum":-1855.597736,"warmup":20,"iters":20,"mode":"fresh","parity_total":1048576,"parity_fail_count":0,"parity_max_abs_err":0.000000e0,"parity_max_rel_err":0.000000e0,"parity_scaled_abs_bound":0.000000e0,"parity_scaled_abs_rescued":0}
== bench-fandhe gemm cpu 2048 fresh ==
{"framework":"fandhe-ai","version":"0.10.0","task":"gemm","device":"cpu","size":2048,"median_s":0.027479230,"q1_s":0.026927365,"q3_s":0.028145834,"gflops":625.195,"checksum":-6016.774008,"warmup":20,"iters":20,"mode":"fresh","parity_total":4194304,"parity_fail_count":0,"parity_max_abs_err":0.000000e0,"parity_max_rel_err":0.000000e0,"parity_scaled_abs_bound":0.000000e0,"parity_scaled_abs_rescued":0}
== bench-fandhe gemm metal 256 fresh ==
{"framework":"fandhe-ai","version":"0.10.0","task":"gemm","device":"metal","size":256,"median_s":0.000343625,"q1_s":0.000338041,"q3_s":0.000362355,"gflops":97.648,"checksum":237.546660,"warmup":20,"iters":20,"mode":"fresh","parity_total":65536,"parity_fail_count":0,"parity_max_abs_err":0.000000e0,"parity_max_rel_err":0.000000e0,"parity_scaled_abs_bound":0.000000e0,"parity_scaled_abs_rescued":0}
== bench-fandhe gemm metal 512 fresh ==
{"framework":"fandhe-ai","version":"0.10.0","task":"gemm","device":"metal","size":512,"median_s":0.000671479,"q1_s":0.000658042,"q3_s":0.000724437,"gflops":399.767,"checksum":937.743233,"warmup":20,"iters":20,"mode":"fresh","parity_total":262144,"parity_fail_count":0,"parity_max_abs_err":0.000000e0,"parity_max_rel_err":0.000000e0,"parity_scaled_abs_bound":0.000000e0,"parity_scaled_abs_rescued":0}
== bench-fandhe gemm metal 1024 fresh ==
{"framework":"fandhe-ai","version":"0.10.0","task":"gemm","device":"metal","size":1024,"median_s":0.002265916,"q1_s":0.002219822,"q3_s":0.002316479,"gflops":947.733,"checksum":-1855.597736,"warmup":20,"iters":20,"mode":"fresh","parity_total":1048576,"parity_fail_count":0,"parity_max_abs_err":0.000000e0,"parity_max_rel_err":0.000000e0,"parity_scaled_abs_bound":0.000000e0,"parity_scaled_abs_rescued":0}
== bench-fandhe gemm metal 2048 fresh ==
{"framework":"fandhe-ai","version":"0.10.0","task":"gemm","device":"metal","size":2048,"median_s":0.008292646,"q1_s":0.008045614,"q3_s":0.008698865,"gflops":2071.699,"checksum":-6016.774008,"warmup":20,"iters":20,"mode":"fresh","parity_total":4194304,"parity_fail_count":0,"parity_max_abs_err":0.000000e0,"parity_max_rel_err":0.000000e0,"parity_scaled_abs_bound":0.000000e0,"parity_scaled_abs_rescued":0}
== bench-fandhe gemm metal 4096 fresh ==
{"framework":"fandhe-ai","version":"0.10.0","task":"gemm","device":"metal","size":4096,"median_s":0.037681959,"q1_s":0.036739209,"q3_s":0.046815604,"gflops":3647.341,"checksum":-25768.747284,"warmup":20,"iters":20,"mode":"fresh","parity_total":16777216,"parity_fail_count":0,"parity_max_abs_err":0.000000e0,"parity_max_rel_err":0.000000e0,"parity_scaled_abs_bound":0.000000e0,"parity_scaled_abs_rescued":0}
== bench-fandhe train cpu 64 fresh ==
{"framework":"fandhe-ai","version":"0.10.0","task":"train","device":"cpu","size":64,"median_s":0.000783917,"q1_s":0.000736771,"q3_s":0.000818281,"checksum":0.080541,"warmup":20,"iters":80,"mode":"fresh"}
== bench-fandhe infer cpu 64 fresh ==
{"framework":"fandhe-ai","version":"0.10.0","task":"infer","device":"cpu","size":64,"median_s":0.000196625,"q1_s":0.000184428,"q3_s":0.000211573,"throughput_per_s":5085.823,"checksum":13.976574,"warmup":20,"iters":20,"mode":"fresh"}
== bench-fandhe train metal 64 fresh ==
{"framework":"fandhe-ai","version":"0.10.0","task":"train","device":"metal","size":64,"median_s":0.001681959,"q1_s":0.001649281,"q3_s":0.001729198,"checksum":0.080541,"warmup":20,"iters":80,"mode":"fresh"}
== bench-fandhe infer metal 64 fresh ==
{"framework":"fandhe-ai","version":"0.10.0","task":"infer","device":"metal","size":64,"median_s":0.000596250,"q1_s":0.000583333,"q3_s":0.000673145,"throughput_per_s":1677.149,"checksum":13.976574,"warmup":20,"iters":20,"mode":"fresh"}
== bench-candle gemm cpu 256 fresh ==
{"framework":"candle","version":"0.11.0","task":"gemm","device":"cpu","size":256,"median_s":0.000331521,"q1_s":0.000310250,"q3_s":0.000377427,"gflops":101.214,"checksum":237.546660,"warmup":20,"iters":20,"mode":"fresh","parity_total":65536,"parity_fail_count":0,"parity_max_abs_err":0.000000e0,"parity_max_rel_err":0.000000e0,"parity_scaled_abs_bound":1.907255e-6,"parity_scaled_abs_rescued":0}
== bench-candle gemm cpu 512 fresh ==
{"framework":"candle","version":"0.11.0","task":"gemm","device":"cpu","size":512,"median_s":0.000907354,"q1_s":0.000873385,"q3_s":0.000959354,"gflops":295.844,"checksum":937.743233,"warmup":20,"iters":20,"mode":"fresh","parity_total":262144,"parity_fail_count":0,"parity_max_abs_err":0.000000e0,"parity_max_rel_err":0.000000e0,"parity_scaled_abs_bound":3.814663e-6,"parity_scaled_abs_rescued":0}
== bench-candle gemm cpu 1024 fresh ==
{"framework":"candle","version":"0.11.0","task":"gemm","device":"cpu","size":1024,"median_s":0.004821354,"q1_s":0.004660511,"q3_s":0.005052687,"gflops":445.411,"checksum":-1855.597736,"warmup":20,"iters":20,"mode":"fresh","parity_total":1048576,"parity_fail_count":0,"parity_max_abs_err":0.000000e0,"parity_max_rel_err":0.000000e0,"parity_scaled_abs_bound":7.629375e-6,"parity_scaled_abs_rescued":0}
== bench-candle gemm cpu 2048 fresh ==
{"framework":"candle","version":"0.11.0","task":"gemm","device":"cpu","size":2048,"median_s":0.031127021,"q1_s":0.030436261,"q3_s":0.034751448,"gflops":551.928,"checksum":-6016.774008,"warmup":20,"iters":20,"mode":"fresh","parity_total":4194304,"parity_fail_count":0,"parity_max_abs_err":0.000000e0,"parity_max_rel_err":0.000000e0,"parity_scaled_abs_bound":1.525878e-5,"parity_scaled_abs_rescued":0}
== bench-candle gemm metal 256 fresh ==
{"framework":"candle","version":"0.11.0","task":"gemm","device":"metal","size":256,"median_s":0.000263479,"q1_s":0.000252438,"q3_s":0.000268386,"gflops":127.351,"checksum":237.546660,"warmup":20,"iters":20,"mode":"fresh","parity_total":65536,"parity_fail_count":0,"parity_max_abs_err":0.000000e0,"parity_max_rel_err":0.000000e0,"parity_scaled_abs_bound":1.907255e-6,"parity_scaled_abs_rescued":0}
== bench-candle gemm metal 512 fresh ==
{"framework":"candle","version":"0.11.0","task":"gemm","device":"metal","size":512,"median_s":0.000587770,"q1_s":0.000573146,"q3_s":0.000597594,"gflops":456.701,"checksum":937.743233,"warmup":20,"iters":20,"mode":"fresh","parity_total":262144,"parity_fail_count":0,"parity_max_abs_err":0.000000e0,"parity_max_rel_err":0.000000e0,"parity_scaled_abs_bound":3.814663e-6,"parity_scaled_abs_rescued":0}
== bench-candle gemm metal 1024 fresh ==
{"framework":"candle","version":"0.11.0","task":"gemm","device":"metal","size":1024,"median_s":0.001770937,"q1_s":0.001752219,"q3_s":0.001859729,"gflops":1212.626,"checksum":-1855.597736,"warmup":20,"iters":20,"mode":"fresh","parity_total":1048576,"parity_fail_count":0,"parity_max_abs_err":0.000000e0,"parity_max_rel_err":0.000000e0,"parity_scaled_abs_bound":7.629375e-6,"parity_scaled_abs_rescued":0}
== bench-candle gemm metal 2048 fresh ==
{"framework":"candle","version":"0.11.0","task":"gemm","device":"metal","size":2048,"median_s":0.006307354,"q1_s":0.006106864,"q3_s":0.006439906,"gflops":2723.784,"checksum":-6016.774008,"warmup":20,"iters":20,"mode":"fresh","parity_total":4194304,"parity_fail_count":0,"parity_max_abs_err":0.000000e0,"parity_max_rel_err":0.000000e0,"parity_scaled_abs_bound":1.525878e-5,"parity_scaled_abs_rescued":0}
== bench-candle gemm metal 4096 fresh ==
{"framework":"candle","version":"0.11.0","task":"gemm","device":"metal","size":4096,"median_s":0.024876750,"q1_s":0.024179063,"q3_s":0.034711031,"gflops":5524.795,"checksum":-25768.747284,"warmup":20,"iters":20,"mode":"fresh","parity_total":16777216,"parity_fail_count":0,"parity_max_abs_err":0.000000e0,"parity_max_rel_err":0.000000e0,"parity_scaled_abs_bound":3.051757e-5,"parity_scaled_abs_rescued":0}
== bench-candle train cpu 64 fresh ==
{"framework":"candle","version":"0.11.0","task":"train","device":"cpu","size":64,"median_s":0.000776333,"q1_s":0.000746781,"q3_s":0.000826271,"checksum":0.117550,"warmup":20,"iters":80,"mode":"fresh"}
== bench-candle infer cpu 64 fresh ==
{"framework":"candle","version":"0.11.0","task":"infer","device":"cpu","size":64,"median_s":0.000168167,"q1_s":0.000149375,"q3_s":0.000183438,"throughput_per_s":5946.470,"checksum":1381.708783,"warmup":20,"iters":20,"mode":"fresh"}
== bench-candle train metal 64 fresh ==
{"framework":"candle","version":"0.11.0","task":"train","device":"metal","size":64,"median_s":0.000714979,"q1_s":0.000698480,"q3_s":0.000737844,"checksum":0.117550,"warmup":20,"iters":80,"mode":"fresh"}
== bench-candle infer metal 64 fresh ==
{"framework":"candle","version":"0.11.0","task":"infer","device":"metal","size":64,"median_s":0.000393062,"q1_s":0.000390646,"q3_s":0.000399770,"throughput_per_s":2544.125,"checksum":1381.708809,"warmup":20,"iters":20,"mode":"fresh"}
== bench-burn gemm cpu 256 fresh ==
{"framework":"burn","version":"0.21.0","task":"gemm","device":"cpu","size":256,"median_s":0.000440291,"q1_s":0.000440209,"q3_s":0.000440792,"gflops":76.210,"checksum":237.546660,"warmup":20,"iters":20,"mode":"fresh","parity_total":65536,"parity_fail_count":0,"parity_max_abs_err":0.000000e0,"parity_max_rel_err":0.000000e0,"parity_scaled_abs_bound":1.907255e-6,"parity_scaled_abs_rescued":0}
== bench-burn gemm cpu 512 fresh ==
{"framework":"burn","version":"0.21.0","task":"gemm","device":"cpu","size":512,"median_s":0.003207688,"q1_s":0.003206521,"q3_s":0.003210615,"gflops":83.685,"checksum":937.743112,"warmup":20,"iters":20,"mode":"fresh","parity_total":262144,"parity_fail_count":0,"parity_max_abs_err":9.059906e-6,"parity_max_rel_err":8.316180e-3,"parity_scaled_abs_bound":3.814663e-6,"parity_scaled_abs_rescued":0}
== bench-burn gemm cpu 1024 fresh ==
{"framework":"burn","version":"0.21.0","task":"gemm","device":"cpu","size":1024,"median_s":0.023084104,"q1_s":0.022431490,"q3_s":0.023434812,"gflops":93.029,"checksum":-1855.595863,"warmup":20,"iters":20,"mode":"fresh","parity_total":1048576,"parity_fail_count":0,"parity_max_abs_err":2.050400e-5,"parity_max_rel_err":1.834505e-1,"parity_scaled_abs_bound":7.629375e-6,"parity_scaled_abs_rescued":0}
== bench-burn gemm cpu 2048 fresh ==
{"framework":"burn","version":"0.21.0","task":"gemm","device":"cpu","size":2048,"median_s":0.186311146,"q1_s":0.167209115,"q3_s":0.206344260,"gflops":92.211,"checksum":-6016.774966,"warmup":20,"iters":20,"mode":"fresh","parity_total":4194304,"parity_fail_count":0,"parity_max_abs_err":3.528595e-5,"parity_max_rel_err":3.051549e-1,"parity_scaled_abs_bound":1.525878e-5,"parity_scaled_abs_rescued":5}
== bench-burn gemm metal 256 fresh ==
{"framework":"burn","version":"0.21.0","task":"gemm","device":"metal","size":256,"median_s":0.001607021,"q1_s":0.001574229,"q3_s":0.001627426,"gflops":20.880,"checksum":237.546660,"warmup":20,"iters":20,"mode":"fresh","parity_total":65536,"parity_fail_count":0,"parity_max_abs_err":0.000000e0,"parity_max_rel_err":0.000000e0,"parity_scaled_abs_bound":1.907255e-6,"parity_scaled_abs_rescued":0}
== bench-burn gemm metal 512 fresh ==
== bench-burn gemm metal 1024 fresh ==
== bench-burn gemm metal 2048 fresh ==
== bench-burn gemm metal 4096 fresh ==
== bench-burn train cpu 64 fresh ==
{"framework":"burn","version":"0.21.0","task":"train","device":"cpu","size":64,"median_s":0.001086292,"q1_s":0.001083312,"q3_s":0.001102511,"checksum":0.117549,"warmup":20,"iters":80,"mode":"fresh"}
== bench-burn infer cpu 64 fresh ==
{"framework":"burn","version":"0.21.0","task":"infer","device":"cpu","size":64,"median_s":0.000437270,"q1_s":0.000436281,"q3_s":0.000437646,"throughput_per_s":2286.914,"checksum":1381.708825,"warmup":20,"iters":20,"mode":"fresh"}
== bench-burn train metal 64 fresh ==
{"framework":"burn","version":"0.21.0","task":"train","device":"metal","size":64,"median_s":0.001755291,"q1_s":0.001715813,"q3_s":0.002692479,"checksum":0.117550,"warmup":20,"iters":80,"mode":"fresh"}
== bench-burn infer metal 64 fresh ==
{"framework":"burn","version":"0.21.0","task":"infer","device":"metal","size":64,"median_s":0.001532437,"q1_s":0.001523959,"q3_s":0.001544083,"throughput_per_s":652.555,"checksum":1381.708783,"warmup":20,"iters":20,"mode":"fresh"}
== bench-fandhe gemm metal 256 reuse ==
{"framework":"fandhe-ai","version":"0.10.0","task":"gemm","device":"metal","size":256,"median_s":0.000284396,"q1_s":0.000276761,"q3_s":0.000291239,"gflops":117.985,"checksum":237.546660,"warmup":20,"iters":20,"mode":"reuse","init_s":0.038912000,"parity_total":65536,"parity_fail_count":0,"parity_max_abs_err":0.000000e0,"parity_max_rel_err":0.000000e0,"parity_scaled_abs_bound":0.000000e0,"parity_scaled_abs_rescued":0}
== bench-fandhe gemm metal 512 reuse ==
{"framework":"fandhe-ai","version":"0.10.0","task":"gemm","device":"metal","size":512,"median_s":0.000675916,"q1_s":0.000659479,"q3_s":0.000696157,"gflops":397.143,"checksum":937.743233,"warmup":20,"iters":20,"mode":"reuse","init_s":0.034408458,"parity_total":262144,"parity_fail_count":0,"parity_max_abs_err":0.000000e0,"parity_max_rel_err":0.000000e0,"parity_scaled_abs_bound":0.000000e0,"parity_scaled_abs_rescued":0}
== bench-fandhe gemm metal 1024 reuse ==
{"framework":"fandhe-ai","version":"0.10.0","task":"gemm","device":"metal","size":1024,"median_s":0.002607917,"q1_s":0.002547344,"q3_s":0.002711094,"gflops":823.448,"checksum":-1855.597736,"warmup":20,"iters":20,"mode":"reuse","init_s":0.039479666,"parity_total":1048576,"parity_fail_count":0,"parity_max_abs_err":0.000000e0,"parity_max_rel_err":0.000000e0,"parity_scaled_abs_bound":0.000000e0,"parity_scaled_abs_rescued":0}
== bench-fandhe gemm metal 2048 reuse ==
{"framework":"fandhe-ai","version":"0.10.0","task":"gemm","device":"metal","size":2048,"median_s":0.010793750,"q1_s":0.010495094,"q3_s":0.011652927,"gflops":1591.650,"checksum":-6016.774008,"warmup":20,"iters":20,"mode":"reuse","init_s":0.051142708,"parity_total":4194304,"parity_fail_count":0,"parity_max_abs_err":0.000000e0,"parity_max_rel_err":0.000000e0,"parity_scaled_abs_bound":0.000000e0,"parity_scaled_abs_rescued":0}
== bench-fandhe gemm metal 4096 reuse ==
{"framework":"fandhe-ai","version":"0.10.0","task":"gemm","device":"metal","size":4096,"median_s":0.051475729,"q1_s":0.048958000,"q3_s":0.057304875,"gflops":2669.976,"checksum":-25768.747284,"warmup":20,"iters":20,"mode":"reuse","init_s":0.141257750,"parity_total":16777216,"parity_fail_count":0,"parity_max_abs_err":0.000000e0,"parity_max_rel_err":0.000000e0,"parity_scaled_abs_bound":0.000000e0,"parity_scaled_abs_rescued":0}
== bench-fandhe gemm cpu 256 reuse ==
{"framework":"fandhe-ai","version":"0.10.0","task":"gemm","device":"cpu","size":256,"median_s":0.000347812,"q1_s":0.000319531,"q3_s":0.000379000,"gflops":96.473,"checksum":237.546660,"warmup":20,"iters":20,"mode":"reuse","init_s":0.003948500,"parity_total":65536,"parity_fail_count":0,"parity_max_abs_err":0.000000e0,"parity_max_rel_err":0.000000e0,"parity_scaled_abs_bound":0.000000e0,"parity_scaled_abs_rescued":0}
== bench-fandhe gemm cpu 512 reuse ==
{"framework":"fandhe-ai","version":"0.10.0","task":"gemm","device":"cpu","size":512,"median_s":0.001417875,"q1_s":0.001369615,"q3_s":0.001474688,"gflops":189.322,"checksum":937.743233,"warmup":20,"iters":20,"mode":"reuse","init_s":0.004247959,"parity_total":262144,"parity_fail_count":0,"parity_max_abs_err":0.000000e0,"parity_max_rel_err":0.000000e0,"parity_scaled_abs_bound":0.000000e0,"parity_scaled_abs_rescued":0}
== bench-fandhe gemm cpu 1024 reuse ==
{"framework":"fandhe-ai","version":"0.10.0","task":"gemm","device":"cpu","size":1024,"median_s":0.006520791,"q1_s":0.006164146,"q3_s":0.006757240,"gflops":329.329,"checksum":-1855.597736,"warmup":20,"iters":20,"mode":"reuse","init_s":0.010652000,"parity_total":1048576,"parity_fail_count":0,"parity_max_abs_err":0.000000e0,"parity_max_rel_err":0.000000e0,"parity_scaled_abs_bound":0.000000e0,"parity_scaled_abs_rescued":0}
== bench-fandhe gemm cpu 2048 reuse ==
{"framework":"fandhe-ai","version":"0.10.0","task":"gemm","device":"cpu","size":2048,"median_s":0.035763167,"q1_s":0.034845677,"q3_s":0.037299104,"gflops":480.379,"checksum":-6016.774008,"warmup":20,"iters":20,"mode":"reuse","init_s":0.045359333,"parity_total":4194304,"parity_fail_count":0,"parity_max_abs_err":0.000000e0,"parity_max_rel_err":0.000000e0,"parity_scaled_abs_bound":0.000000e0,"parity_scaled_abs_rescued":0}
== bench-fandhe train cpu 64 reuse ==
{"framework":"fandhe-ai","version":"0.10.0","task":"train","device":"cpu","size":64,"median_s":0.001221292,"q1_s":0.001160427,"q3_s":0.001306979,"checksum":0.080541,"warmup":20,"iters":80,"mode":"reuse","init_s":0.000253666}
== bench-fandhe infer cpu 64 reuse ==
{"framework":"fandhe-ai","version":"0.10.0","task":"infer","device":"cpu","size":64,"median_s":0.000256729,"q1_s":0.000241386,"q3_s":0.000297052,"throughput_per_s":3895.158,"checksum":13.976574,"warmup":20,"iters":20,"mode":"reuse","init_s":0.000256666}
== bench-fandhe train metal 64 reuse ==
{"framework":"fandhe-ai","version":"0.10.0","task":"train","device":"metal","size":64,"median_s":0.001101229,"q1_s":0.001069365,"q3_s":0.001232459,"checksum":0.080541,"warmup":20,"iters":80,"mode":"reuse","init_s":0.042870792}
== bench-fandhe infer metal 64 reuse ==
{"framework":"fandhe-ai","version":"0.10.0","task":"infer","device":"metal","size":64,"median_s":0.000215937,"q1_s":0.000213614,"q3_s":0.000367333,"throughput_per_s":4630.970,"checksum":13.976574,"warmup":20,"iters":20,"mode":"reuse","init_s":0.030844542}
rust-done 2026-10-03T09:32:45Z
== py --framework pytorch --task gemm --device cpu --size 256 ==
== py --framework pytorch --task gemm --device cpu --size 512 ==
== py --framework pytorch --task gemm --device cpu --size 1024 ==
== py --framework pytorch --task gemm --device cpu --size 2048 ==
== py --framework pytorch --task gemm --device metal --size 256 ==
== py --framework pytorch --task gemm --device metal --size 512 ==
== py --framework pytorch --task gemm --device metal --size 1024 ==
== py --framework pytorch --task gemm --device metal --size 2048 ==
== py --framework pytorch --task gemm --device metal --size 4096 ==
== py --framework pytorch --task train --device cpu --size 64 ==
== py --framework pytorch --task infer --device cpu --size 64 ==
== py --framework pytorch --task train --device metal --size 64 ==
== py --framework pytorch --task infer --device metal --size 64 ==
== py --framework tensorflow --task gemm --device cpu --size 256 ==
== py --framework tensorflow --task gemm --device cpu --size 512 ==
== py --framework tensorflow --task gemm --device cpu --size 1024 ==
== py --framework tensorflow --task gemm --device cpu --size 2048 ==
== py --framework tensorflow --task gemm --device metal --size 256 ==
== py --framework tensorflow --task gemm --device metal --size 512 ==
== py --framework tensorflow --task gemm --device metal --size 1024 ==
== py --framework tensorflow --task gemm --device metal --size 2048 ==
== py --framework tensorflow --task gemm --device metal --size 4096 ==
== py --framework tensorflow --task train --device cpu --size 64 ==
== py --framework tensorflow --task infer --device cpu --size 64 ==
== py --framework tensorflow --task train --device metal --size 64 ==
== py --framework tensorflow --task infer --device metal --size 64 ==
== py --framework scipy --task gemm --device cpu --size 256 ==
== py --framework scipy --task gemm --device cpu --size 512 ==
== py --framework scipy --task gemm --device cpu --size 1024 ==
== py --framework scipy --task gemm --device cpu --size 2048 ==
== py --framework scipy --task train --device cpu --size 64 ==
== py --framework scipy --task infer --device cpu --size 64 ==
18:33  up 13 days, 23:57, 28 users, load averages: 9.20 17.44 16.26
done. rows=      48 pyrows=      32 skipped=       4 2026-10-03T09:33:25Z
