warning: unused import: `crate::context_cache`
  --> crates/backend-cuda/src/gemm_mma.rs:21:5
   |
21 | use crate::context_cache;
   |     ^^^^^^^^^^^^^^^^^^^^
   |
   = note: `#[warn(unused_imports)]` (part of `#[warn(unused)]`) on by default

warning: field `1` is never read
   --> crates/backend-cuda/src/gemm.rs:768:48
    |
768 | pub struct TiledPipelineFunction(CudaFunction, usize);
    |            ---------------------               ^^^^^
    |            |
    |            field in this struct
    |
    = help: consider removing this field
    = note: `#[warn(dead_code)]` (part of `#[warn(unused)]`) on by default

warning: method `context_ptr` is never used
   --> crates/backend-cuda/src/gemm.rs:781:8
    |
770 | impl TiledPipelineFunction {
    | -------------------------- method in this implementation
...
781 |     fn context_ptr(&self) -> usize {
    |        ^^^^^^^^^^^

warning: enum `GemmVariantKind` is never used
  --> crates/backend-cuda/src/gemm_variant.rs:89:10
   |
89 | pub enum GemmVariantKind {
   |          ^^^^^^^^^^^^^^^

warning: constant `SPLITK_MIN_K` is never used
   --> crates/backend-cuda/src/gemm_variant.rs:113:11
    |
113 | pub const SPLITK_MIN_K: u32 = 1024;
    |           ^^^^^^^^^^^^

warning: constant `SPLITK_MIN_K_PER_SPLIT` is never used
   --> crates/backend-cuda/src/gemm_variant.rs:118:11
    |
118 | pub const SPLITK_MIN_K_PER_SPLIT: u32 = 32;
    |           ^^^^^^^^^^^^^^^^^^^^^^

warning: constant `SPLITK_MAX_SPLITS` is never used
   --> crates/backend-cuda/src/gemm_variant.rs:124:11
    |
124 | pub const SPLITK_MAX_SPLITS: u32 = 32;
    |           ^^^^^^^^^^^^^^^^^

warning: constant `SPLITK_PARTIAL_MAX_BYTES` is never used
   --> crates/backend-cuda/src/gemm_variant.rs:130:11
    |
130 | pub const SPLITK_PARTIAL_MAX_BYTES: u64 = 256 * 1024 * 1024;
    |           ^^^^^^^^^^^^^^^^^^^^^^^^

warning: constant `DOUBLE_BUFFER_MIN_K` is never used
   --> crates/backend-cuda/src/gemm_variant.rs:134:11
    |
134 | pub const DOUBLE_BUFFER_MIN_K: u32 = 2 * 32;
    |           ^^^^^^^^^^^^^^^^^^^

warning: constant `VARIANT_TILE` is never used
   --> crates/backend-cuda/src/gemm_variant.rs:141:7
    |
141 | const VARIANT_TILE: u32 = 32;
    |       ^^^^^^^^^^^^

warning: function `num_blocks` is never used
   --> crates/backend-cuda/src/gemm_variant.rs:147:4
    |
147 | fn num_blocks(m: u32, n: u32) -> u64 {
    |    ^^^^^^^^^^

warning: function `derive_split_count` is never used
   --> crates/backend-cuda/src/gemm_variant.rs:159:4
    |
159 | fn derive_split_count(num_blocks: u64, num_sms: u32, k: u32) -> u32 {
    |    ^^^^^^^^^^^^^^^^^^

warning: function `recommend_split_count` is never used
   --> crates/backend-cuda/src/gemm_variant.rs:206:15
    |
206 | pub(crate) fn recommend_split_count(m: u32, n: u32, k: u32, num_sms: u32) -> Option<u32> {
    |               ^^^^^^^^^^^^^^^^^^^^^

warning: function `split_k_partial_bytes` is never used
   --> crates/backend-cuda/src/gemm_variant.rs:221:4
    |
221 | fn split_k_partial_bytes(num_splits: u32, m: u32, n: u32) -> Option<u64> {
    |    ^^^^^^^^^^^^^^^^^^^^^

warning: function `select_f32_gemm_variant` is never used
   --> crates/backend-cuda/src/gemm_variant.rs:264:8
    |
264 | pub fn select_f32_gemm_variant(
    |        ^^^^^^^^^^^^^^^^^^^^^^^

warning: function `validate_split_k_launch` is never used
   --> crates/backend-cuda/src/gemm_variant.rs:301:8
    |
301 | pub fn validate_split_k_launch(m: u32, n: u32, num_splits: u32) -> Result<(), CudaError> {
    |        ^^^^^^^^^^^^^^^^^^^^^^^

warning: constant `TILED_DB_TILE` is never used
  --> crates/backend-cuda/src/kernels_gemm_variants.rs:26:11
   |
26 | pub const TILED_DB_TILE: u32 = 32;
   |           ^^^^^^^^^^^^^

warning: constant `TILED_DB_F32` is never used
  --> crates/backend-cuda/src/kernels_gemm_variants.rs:55:11
   |
55 | pub const TILED_DB_F32: &str = r#"
   |           ^^^^^^^^^^^^

warning: constant `SPLITK_PARTIAL_F32` is never used
   --> crates/backend-cuda/src/kernels_gemm_variants.rs:144:11
    |
144 | pub const SPLITK_PARTIAL_F32: &str = r#"
    |           ^^^^^^^^^^^^^^^^^^

warning: constant `SPLITK_REDUCE_BLOCK_DIM` is never used
   --> crates/backend-cuda/src/kernels_gemm_variants.rs:212:11
    |
212 | pub const SPLITK_REDUCE_BLOCK_DIM: u32 = 256;
    |           ^^^^^^^^^^^^^^^^^^^^^^^

warning: constant `SPLITK_REDUCE_F32` is never used
   --> crates/backend-cuda/src/kernels_gemm_variants.rs:228:11
    |
228 | pub const SPLITK_REDUCE_F32: &str = r#"
    |           ^^^^^^^^^^^^^^^^^

warning: function `tiled_f32_source_with_swizzle` is never used
   --> crates/backend-cuda/src/kernels.rs:731:8
    |
731 | pub fn tiled_f32_source_with_swizzle(group_width: u32) -> Result<String, crate::error::CudaError> {
    |        ^^^^^^^^^^^^^^^^^^^^^^^^^^^^^

warning: function `tiled_pipeline_f32_source_with_stages` is never used
   --> crates/backend-cuda/src/kernels_tiled_pipeline.rs:226:8
    |
226 | pub fn tiled_pipeline_f32_source_with_stages(stages: u32) -> Result<String, CudaError> {
    |        ^^^^^^^^^^^^^^^^^^^^^^^^^^^^^^^^^^^^^

warning: method `context` is never used
   --> crates/backend-cuda/src/pool.rs:259:19
    |
239 | impl<T: PoolDtype> PooledCudaHandle<T> {
    | -------------------------------------- method in this implementation
...
259 |     pub(crate) fn context(&self) -> &Arc<CudaContext> {
    |                   ^^^^^^^

warning: methods `alloc_uninit_f16` and `upload_f16` are never used
   --> crates/backend-cuda/src/pool.rs:651:19
    |
457 | impl CudaAllocator {
    | ------------------ methods in this implementation
...
651 |     pub(crate) fn alloc_uninit_f16(
    |                   ^^^^^^^^^^^^^^^^
...
666 |     pub(crate) fn upload_f16(&self, src: &[f16]) -> Result<PooledCudaHandle<f16>, CudaError> {
    |                   ^^^^^^^^^^

warning: `fandhe-ai-backend-cuda` (lib) generated 25 warnings (run `cargo fix --lib -p fandhe-ai-backend-cuda` to apply 1 suggestion)
    Finished `release` profile [optimized] target(s) in 0.05s
     Running unittests src/lib.rs (target/release/deps/fandhe_ai_backend_metal-3e084e35e521508f)

running 1 test
test gemm_reuse_phase_diag_tests::gemm_reuse_phase_diag_production_batch ...   N=1024 resolved_tile=TileConfig { bm: 64, bn: 32, bk: 8, wm: 4, wn: 1, staged: true } (median over 20 trials, 20 warmup):
    upload_a: median=0.2422 ms  q1=0.2345 ms  q3=0.2470 ms
    upload_b: median=0.2446 ms  q1=0.2335 ms  q3=0.2480 ms
    alloc_c: median=0.0001 ms  q1=0.0000 ms  q3=0.0001 ms
    encode: median=0.0030 ms  q1=0.0029 ms  q3=0.0031 ms
    commit_wait: median=1.2687 ms  q1=1.2540 ms  q3=1.2787 ms
    readback: median=0.1043 ms  q1=0.0915 ms  q3=0.1118 ms
    host_copy: median=0.2561 ms  q1=0.2498 ms  q3=0.2665 ms
    sum of medians: 2.1189 ms
  N=2048 resolved_tile=TileConfig { bm: 64, bn: 32, bk: 16, wm: 2, wn: 2, staged: true } (median over 20 trials, 20 warmup):
    upload_a: median=0.9873 ms  q1=0.9370 ms  q3=1.0208 ms
    upload_b: median=0.9752 ms  q1=0.9331 ms  q3=1.0097 ms
    alloc_c: median=0.0001 ms  q1=0.0001 ms  q3=0.0002 ms
    encode: median=0.0061 ms  q1=0.0050 ms  q3=0.0087 ms
    commit_wait: median=2.5519 ms  q1=2.5411 ms  q3=3.1117 ms
    readback: median=0.2395 ms  q1=0.2320 ms  q3=0.2688 ms
    host_copy: median=0.9553 ms  q1=0.9363 ms  q3=0.9866 ms
    sum of medians: 5.7155 ms
  N=4096 resolved_tile=TileConfig { bm: 32, bn: 64, bk: 16, wm: 2, wn: 2, staged: true } (median over 20 trials, 20 warmup):
    upload_a: median=3.7900 ms  q1=3.7031 ms  q3=3.9353 ms
    upload_b: median=3.9392 ms  q1=3.8334 ms  q3=4.0767 ms
    alloc_c: median=0.0006 ms  q1=0.0005 ms  q3=0.0008 ms
    encode: median=0.0162 ms  q1=0.0135 ms  q3=0.0169 ms
    commit_wait: median=15.7457 ms  q1=15.4694 ms  q3=15.8887 ms
    readback: median=0.9410 ms  q1=0.9367 ms  q3=0.9466 ms
    host_copy: median=3.8020 ms  q1=3.6977 ms  q3=3.8778 ms
    sum of medians: 28.2347 ms
ok

test result: ok. 1 passed; 0 failed; 0 ignored; 0 measured; 250 filtered out; finished in 1.89s

     Running tests/backend_ops_real_device.rs (target/release/deps/backend_ops_real_device-0f6c2ce376cc4cbb)

running 0 tests

test result: ok. 0 passed; 0 failed; 0 ignored; 0 measured; 7 filtered out; finished in 0.00s

     Running tests/command_batching.rs (target/release/deps/command_batching-41a19ab17e42da18)

running 0 tests

test result: ok. 0 passed; 0 failed; 0 ignored; 0 measured; 5 filtered out; finished in 0.00s

     Running tests/command_batching_bench.rs (target/release/deps/command_batching_bench-69409af511c61bdd)

running 0 tests

test result: ok. 0 passed; 0 failed; 0 ignored; 0 measured; 2 filtered out; finished in 0.00s

     Running tests/context_cache_bench.rs (target/release/deps/context_cache_bench-ee3574b0e0456ddb)

running 0 tests

test result: ok. 0 passed; 0 failed; 0 ignored; 0 measured; 2 filtered out; finished in 0.00s

     Running tests/cpu_metal_f16_parity.rs (target/release/deps/cpu_metal_f16_parity-7d0cd379972533f9)

running 0 tests

test result: ok. 0 passed; 0 failed; 0 ignored; 0 measured; 6 filtered out; finished in 0.00s

     Running tests/cpu_metal_f16_tiled_parity.rs (target/release/deps/cpu_metal_f16_tiled_parity-85349bf84f728221)

running 0 tests

test result: ok. 0 passed; 0 failed; 0 ignored; 0 measured; 5 filtered out; finished in 0.00s

     Running tests/cpu_metal_parity.rs (target/release/deps/cpu_metal_parity-e269ad2f01c0f203)

running 0 tests

test result: ok. 0 passed; 0 failed; 0 ignored; 0 measured; 5 filtered out; finished in 0.00s

     Running tests/device.rs (target/release/deps/device-5978bff247e7e29b)

running 0 tests

test result: ok. 0 passed; 0 failed; 0 ignored; 0 measured; 3 filtered out; finished in 0.00s

     Running tests/device_smoke.rs (target/release/deps/device_smoke-c3ce88fff4616058)

running 0 tests

test result: ok. 0 passed; 0 failed; 0 ignored; 0 measured; 3 filtered out; finished in 0.00s

     Running tests/dispatch_boundary.rs (target/release/deps/dispatch_boundary-b8ac90676c78a39e)

running 0 tests

test result: ok. 0 passed; 0 failed; 0 ignored; 0 measured; 2 filtered out; finished in 0.00s

     Running tests/elementwise_gemm_bias_act_source_evidence.rs (target/release/deps/elementwise_gemm_bias_act_source_evidence-eed44e819343c100)

running 0 tests

test result: ok. 0 passed; 0 failed; 0 ignored; 0 measured; 6 filtered out; finished in 0.00s

     Running tests/gemm_auto_parity.rs (target/release/deps/gemm_auto_parity-050a6d75cf031d46)

running 0 tests

test result: ok. 0 passed; 0 failed; 0 ignored; 0 measured; 3 filtered out; finished in 0.00s

     Running tests/gemm_bias_act_parity.rs (target/release/deps/gemm_bias_act_parity-2f4b865a8de61db5)

running 0 tests

test result: ok. 0 passed; 0 failed; 0 ignored; 0 measured; 7 filtered out; finished in 0.00s

     Running tests/gemm_dynamic_tile_parity.rs (target/release/deps/gemm_dynamic_tile_parity-b3ef4289dba67c35)

running 0 tests

test result: ok. 0 passed; 0 failed; 0 ignored; 0 measured; 11 filtered out; finished in 0.00s

     Running tests/gemm_f16_auto_parity.rs (target/release/deps/gemm_f16_auto_parity-5e3d4d99aa949fbb)

running 0 tests

test result: ok. 0 passed; 0 failed; 0 ignored; 0 measured; 8 filtered out; finished in 0.00s

     Running tests/gemm_naive_parity.rs (target/release/deps/gemm_naive_parity-1023df9b34e72aff)

running 0 tests

test result: ok. 0 passed; 0 failed; 0 ignored; 0 measured; 6 filtered out; finished in 0.00s

     Running tests/gemm_resident_parity.rs (target/release/deps/gemm_resident_parity-ba4f4a676979b642)

running 0 tests

test result: ok. 0 passed; 0 failed; 0 ignored; 0 measured; 2 filtered out; finished in 0.00s

     Running tests/gemm_simdgroup_parity.rs (target/release/deps/gemm_simdgroup_parity-d8288b7c864abe97)

running 0 tests

test result: ok. 0 passed; 0 failed; 0 ignored; 0 measured; 9 filtered out; finished in 0.00s

     Running tests/gemm_strided_parity.rs (target/release/deps/gemm_strided_parity-c2c2e1c7f465b272)

running 0 tests

test result: ok. 0 passed; 0 failed; 0 ignored; 0 measured; 7 filtered out; finished in 0.00s

     Running tests/memory_roundtrip.rs (target/release/deps/memory_roundtrip-85987fd605518a37)

running 0 tests

test result: ok. 0 passed; 0 failed; 0 ignored; 0 measured; 6 filtered out; finished in 0.00s

     Running tests/mse_parity.rs (target/release/deps/mse_parity-2d455e48c6126d3d)

running 0 tests

test result: ok. 0 passed; 0 failed; 0 ignored; 0 measured; 1 filtered out; finished in 0.00s

     Running tests/mse_source_evidence.rs (target/release/deps/mse_source_evidence-1fd1130d7e50d2d0)

running 0 tests

test result: ok. 0 passed; 0 failed; 0 ignored; 0 measured; 5 filtered out; finished in 0.00s

     Running tests/pool_real_device.rs (target/release/deps/pool_real_device-768ed0a26d03bce7)

running 0 tests

test result: ok. 0 passed; 0 failed; 0 ignored; 0 measured; 4 filtered out; finished in 0.00s

     Running tests/rmsnorm_parity.rs (target/release/deps/rmsnorm_parity-fff3b7f33401a94a)

running 0 tests

test result: ok. 0 passed; 0 failed; 0 ignored; 0 measured; 7 filtered out; finished in 0.00s

     Running tests/rmsnorm_softmax_source_evidence.rs (target/release/deps/rmsnorm_softmax_source_evidence-3fd9041215c3dcea)

running 0 tests

test result: ok. 0 passed; 0 failed; 0 ignored; 0 measured; 11 filtered out; finished in 0.00s

     Running tests/sgd_device_parity.rs (target/release/deps/sgd_device_parity-f0d25086b0de08b9)

running 0 tests

test result: ok. 0 passed; 0 failed; 0 ignored; 0 measured; 7 filtered out; finished in 0.00s

     Running tests/shader_source_evidence.rs (target/release/deps/shader_source_evidence-aabb73c9d8b23539)

running 0 tests

test result: ok. 0 passed; 0 failed; 0 ignored; 0 measured; 24 filtered out; finished in 0.00s

     Running tests/softmax_parity.rs (target/release/deps/softmax_parity-fbe61ff64ece100e)

running 0 tests

test result: ok. 0 passed; 0 failed; 0 ignored; 0 measured; 5 filtered out; finished in 0.00s

     Running unittests examples/gemm_splitk_shapes_bench.rs (target/release/examples/gemm_splitk_shapes_bench-40a10f46699d71f4)

running 0 tests

test result: ok. 0 passed; 0 failed; 0 ignored; 0 measured; 4 filtered out; finished in 0.00s

