2026-09-11T13:09:26Z mode=record_only load1=2.75（専有ゲート要件なし。イシュー #1520・ルート #1519）
== build bench-fandhe (HEAD path patch) ==
bench-fandhe sha256: 925dd578b57a14adb81b2ba153f159cf1b495b72c1574111b38c7bdb036346d3 (source: path:<repo>/crates/facade)
== manifest（一時ファイル）記録: results/raw/manifest-m4max-readout-ab-head-cbf5488f-1520.json.tmp ==
{"label":"head-cbf5488f-1520","device":"metal","script_repo_head_sha":"cbf5488fdae4357eff1e9c219831bda0f182bb09","facade_head_sha":"cbf5488fdae4357eff1e9c219831bda0f182bb09","bin_sha256":"925dd578b57a14adb81b2ba153f159cf1b495b72c1574111b38c7bdb036346d3","bin_source":"path:<repo>/crates/facade","readout_arms":["legacy","borrowed"],"gate_mode":"record_only","recorded_at":"2026-09-11T13:09:30Z"}
== metal status (before loop) ==
Apple M4 Max
Note: No thermal warning level has been recorded
Note: No performance warning level has been recorded
Note: No CPU power status has been recorded
22:09  up 23 days,  9:22, 20 users, load averages: 2.61 3.52 4.03
== bench-fandhe gemm metal size=1024 mode=fresh readout=legacy ==
{"framework":"fandhe-ai","version":"0.8.0","task":"gemm","device":"metal","size":1024,"median_s":0.002605792,"q1_s":0.002118406,"q3_s":0.002899552,"gflops":824.119,"checksum":-1855.597736,"warmup":20,"iters":20,"mode":"fresh","parity_total":1048576,"parity_fail_count":0,"parity_max_abs_err":0.000000e0,"parity_max_rel_err":0.000000e0,"parity_scaled_abs_bound":0.000000e0,"parity_scaled_abs_rescued":0,"readout":"legacy"}
== bench-fandhe gemm metal size=1024 mode=fresh readout=borrowed ==
{"framework":"fandhe-ai","version":"0.8.0","task":"gemm","device":"metal","size":1024,"median_s":0.002665542,"q1_s":0.002062708,"q3_s":0.002770958,"gflops":805.646,"checksum":-1855.597736,"warmup":20,"iters":20,"mode":"fresh","parity_total":1048576,"parity_fail_count":0,"parity_max_abs_err":0.000000e0,"parity_max_rel_err":0.000000e0,"parity_scaled_abs_bound":0.000000e0,"parity_scaled_abs_rescued":0,"readout":"borrowed"}
== bench-fandhe gemm metal size=1024 mode=reuse readout=legacy ==
{"framework":"fandhe-ai","version":"0.8.0","task":"gemm","device":"metal","size":1024,"median_s":0.002627917,"q1_s":0.002183510,"q3_s":0.002971334,"gflops":817.181,"checksum":-1855.597736,"warmup":20,"iters":20,"mode":"reuse","init_s":0.042714083,"parity_total":1048576,"parity_fail_count":0,"parity_max_abs_err":0.000000e0,"parity_max_rel_err":0.000000e0,"parity_scaled_abs_bound":0.000000e0,"parity_scaled_abs_rescued":0,"readout":"legacy"}
== bench-fandhe gemm metal size=1024 mode=reuse readout=borrowed ==
{"framework":"fandhe-ai","version":"0.8.0","task":"gemm","device":"metal","size":1024,"median_s":0.002614000,"q1_s":0.002238625,"q3_s":0.002854396,"gflops":821.532,"checksum":-1855.597736,"warmup":20,"iters":20,"mode":"reuse","init_s":0.042877875,"parity_total":1048576,"parity_fail_count":0,"parity_max_abs_err":0.000000e0,"parity_max_rel_err":0.000000e0,"parity_scaled_abs_bound":0.000000e0,"parity_scaled_abs_rescued":0,"readout":"borrowed"}
== bench-fandhe gemm metal size=2048 mode=fresh readout=legacy ==
{"framework":"fandhe-ai","version":"0.8.0","task":"gemm","device":"metal","size":2048,"median_s":0.008186188,"q1_s":0.007632521,"q3_s":0.012151844,"gflops":2098.641,"checksum":-6016.774008,"warmup":20,"iters":20,"mode":"fresh","parity_total":4194304,"parity_fail_count":0,"parity_max_abs_err":0.000000e0,"parity_max_rel_err":0.000000e0,"parity_scaled_abs_bound":0.000000e0,"parity_scaled_abs_rescued":0,"readout":"legacy"}
== bench-fandhe gemm metal size=2048 mode=fresh readout=borrowed ==
{"framework":"fandhe-ai","version":"0.8.0","task":"gemm","device":"metal","size":2048,"median_s":0.007628875,"q1_s":0.007047563,"q3_s":0.008502364,"gflops":2251.953,"checksum":-6016.774008,"warmup":20,"iters":20,"mode":"fresh","parity_total":4194304,"parity_fail_count":0,"parity_max_abs_err":0.000000e0,"parity_max_rel_err":0.000000e0,"parity_scaled_abs_bound":0.000000e0,"parity_scaled_abs_rescued":0,"readout":"borrowed"}
== bench-fandhe gemm metal size=2048 mode=reuse readout=legacy ==
{"framework":"fandhe-ai","version":"0.8.0","task":"gemm","device":"metal","size":2048,"median_s":0.008734042,"q1_s":0.008010802,"q3_s":0.010700760,"gflops":1967.001,"checksum":-6016.774008,"warmup":20,"iters":20,"mode":"reuse","init_s":0.056114166,"parity_total":4194304,"parity_fail_count":0,"parity_max_abs_err":0.000000e0,"parity_max_rel_err":0.000000e0,"parity_scaled_abs_bound":0.000000e0,"parity_scaled_abs_rescued":0,"readout":"legacy"}
== bench-fandhe gemm metal size=2048 mode=reuse readout=borrowed ==
{"framework":"fandhe-ai","version":"0.8.0","task":"gemm","device":"metal","size":2048,"median_s":0.009394833,"q1_s":0.008812479,"q3_s":0.009715302,"gflops":1828.651,"checksum":-6016.774008,"warmup":20,"iters":20,"mode":"reuse","init_s":0.048915417,"parity_total":4194304,"parity_fail_count":0,"parity_max_abs_err":0.000000e0,"parity_max_rel_err":0.000000e0,"parity_scaled_abs_bound":0.000000e0,"parity_scaled_abs_rescued":0,"readout":"borrowed"}
== bench-fandhe gemm metal size=4096 mode=fresh readout=legacy ==
{"framework":"fandhe-ai","version":"0.8.0","task":"gemm","device":"metal","size":4096,"median_s":0.033353312,"q1_s":0.032955531,"q3_s":0.034081614,"gflops":4120.699,"checksum":-25768.747284,"warmup":20,"iters":20,"mode":"fresh","parity_total":16777216,"parity_fail_count":0,"parity_max_abs_err":0.000000e0,"parity_max_rel_err":0.000000e0,"parity_scaled_abs_bound":0.000000e0,"parity_scaled_abs_rescued":0,"readout":"legacy"}
== bench-fandhe gemm metal size=4096 mode=fresh readout=borrowed ==
{"framework":"fandhe-ai","version":"0.8.0","task":"gemm","device":"metal","size":4096,"median_s":0.033526062,"q1_s":0.033078708,"q3_s":0.035820917,"gflops":4099.466,"checksum":-25768.747284,"warmup":20,"iters":20,"mode":"fresh","parity_total":16777216,"parity_fail_count":0,"parity_max_abs_err":0.000000e0,"parity_max_rel_err":0.000000e0,"parity_scaled_abs_bound":0.000000e0,"parity_scaled_abs_rescued":0,"readout":"borrowed"}
== bench-fandhe gemm metal size=4096 mode=reuse readout=legacy ==
{"framework":"fandhe-ai","version":"0.8.0","task":"gemm","device":"metal","size":4096,"median_s":0.047378750,"q1_s":0.039697958,"q3_s":0.050795750,"gflops":2900.856,"checksum":-25768.747284,"warmup":20,"iters":20,"mode":"reuse","init_s":0.094296375,"parity_total":16777216,"parity_fail_count":0,"parity_max_abs_err":0.000000e0,"parity_max_rel_err":0.000000e0,"parity_scaled_abs_bound":0.000000e0,"parity_scaled_abs_rescued":0,"readout":"legacy"}
== bench-fandhe gemm metal size=4096 mode=reuse readout=borrowed ==
{"framework":"fandhe-ai","version":"0.8.0","task":"gemm","device":"metal","size":4096,"median_s":0.038164458,"q1_s":0.036447063,"q3_s":0.044928834,"gflops":3601.229,"checksum":-25768.747284,"warmup":20,"iters":20,"mode":"reuse","init_s":0.094462375,"parity_total":16777216,"parity_fail_count":0,"parity_max_abs_err":0.000000e0,"parity_max_rel_err":0.000000e0,"parity_scaled_abs_bound":0.000000e0,"parity_scaled_abs_rescued":0,"readout":"borrowed"}
== run 1/5 完了時点の status ==
Note: No thermal warning level has been recorded
Note: No performance warning level has been recorded
Note: No CPU power status has been recorded
22:09  up 23 days,  9:22, 20 users, load averages: 2.95 3.56 4.03
== bench-fandhe gemm metal size=1024 mode=fresh readout=borrowed ==
{"framework":"fandhe-ai","version":"0.8.0","task":"gemm","device":"metal","size":1024,"median_s":0.002569667,"q1_s":0.001933844,"q3_s":0.002664416,"gflops":835.705,"checksum":-1855.597736,"warmup":20,"iters":20,"mode":"fresh","parity_total":1048576,"parity_fail_count":0,"parity_max_abs_err":0.000000e0,"parity_max_rel_err":0.000000e0,"parity_scaled_abs_bound":0.000000e0,"parity_scaled_abs_rescued":0,"readout":"borrowed"}
== bench-fandhe gemm metal size=1024 mode=fresh readout=legacy ==
{"framework":"fandhe-ai","version":"0.8.0","task":"gemm","device":"metal","size":1024,"median_s":0.002122313,"q1_s":0.001992271,"q3_s":0.002708771,"gflops":1011.860,"checksum":-1855.597736,"warmup":20,"iters":20,"mode":"fresh","parity_total":1048576,"parity_fail_count":0,"parity_max_abs_err":0.000000e0,"parity_max_rel_err":0.000000e0,"parity_scaled_abs_bound":0.000000e0,"parity_scaled_abs_rescued":0,"readout":"legacy"}
== bench-fandhe gemm metal size=1024 mode=reuse readout=borrowed ==
{"framework":"fandhe-ai","version":"0.8.0","task":"gemm","device":"metal","size":1024,"median_s":0.002929333,"q1_s":0.002576021,"q3_s":0.003060302,"gflops":733.096,"checksum":-1855.597736,"warmup":20,"iters":20,"mode":"reuse","init_s":0.044282875,"parity_total":1048576,"parity_fail_count":0,"parity_max_abs_err":0.000000e0,"parity_max_rel_err":0.000000e0,"parity_scaled_abs_bound":0.000000e0,"parity_scaled_abs_rescued":0,"readout":"borrowed"}
== bench-fandhe gemm metal size=1024 mode=reuse readout=legacy ==
{"framework":"fandhe-ai","version":"0.8.0","task":"gemm","device":"metal","size":1024,"median_s":0.003063833,"q1_s":0.002819739,"q3_s":0.003107927,"gflops":700.914,"checksum":-1855.597736,"warmup":20,"iters":20,"mode":"reuse","init_s":0.045669708,"parity_total":1048576,"parity_fail_count":0,"parity_max_abs_err":0.000000e0,"parity_max_rel_err":0.000000e0,"parity_scaled_abs_bound":0.000000e0,"parity_scaled_abs_rescued":0,"readout":"legacy"}
== bench-fandhe gemm metal size=2048 mode=fresh readout=borrowed ==
{"framework":"fandhe-ai","version":"0.8.0","task":"gemm","device":"metal","size":2048,"median_s":0.008068500,"q1_s":0.007453052,"q3_s":0.011326833,"gflops":2129.252,"checksum":-6016.774008,"warmup":20,"iters":20,"mode":"fresh","parity_total":4194304,"parity_fail_count":0,"parity_max_abs_err":0.000000e0,"parity_max_rel_err":0.000000e0,"parity_scaled_abs_bound":0.000000e0,"parity_scaled_abs_rescued":0,"readout":"borrowed"}
== bench-fandhe gemm metal size=2048 mode=fresh readout=legacy ==
{"framework":"fandhe-ai","version":"0.8.0","task":"gemm","device":"metal","size":2048,"median_s":0.009049083,"q1_s":0.007483979,"q3_s":0.010181792,"gflops":1898.520,"checksum":-6016.774008,"warmup":20,"iters":20,"mode":"fresh","parity_total":4194304,"parity_fail_count":0,"parity_max_abs_err":0.000000e0,"parity_max_rel_err":0.000000e0,"parity_scaled_abs_bound":0.000000e0,"parity_scaled_abs_rescued":0,"readout":"legacy"}
== bench-fandhe gemm metal size=2048 mode=reuse readout=borrowed ==
{"framework":"fandhe-ai","version":"0.8.0","task":"gemm","device":"metal","size":2048,"median_s":0.010159542,"q1_s":0.008916104,"q3_s":0.011014042,"gflops":1691.008,"checksum":-6016.774008,"warmup":20,"iters":20,"mode":"reuse","init_s":0.057716333,"parity_total":4194304,"parity_fail_count":0,"parity_max_abs_err":0.000000e0,"parity_max_rel_err":0.000000e0,"parity_scaled_abs_bound":0.000000e0,"parity_scaled_abs_rescued":0,"readout":"borrowed"}
== bench-fandhe gemm metal size=2048 mode=reuse readout=legacy ==
{"framework":"fandhe-ai","version":"0.8.0","task":"gemm","device":"metal","size":2048,"median_s":0.009434708,"q1_s":0.008408146,"q3_s":0.013422282,"gflops":1820.922,"checksum":-6016.774008,"warmup":20,"iters":20,"mode":"reuse","init_s":0.057465750,"parity_total":4194304,"parity_fail_count":0,"parity_max_abs_err":0.000000e0,"parity_max_rel_err":0.000000e0,"parity_scaled_abs_bound":0.000000e0,"parity_scaled_abs_rescued":0,"readout":"legacy"}
== bench-fandhe gemm metal size=4096 mode=fresh readout=borrowed ==
{"framework":"fandhe-ai","version":"0.8.0","task":"gemm","device":"metal","size":4096,"median_s":0.033022604,"q1_s":0.032628406,"q3_s":0.034050032,"gflops":4161.966,"checksum":-25768.747284,"warmup":20,"iters":20,"mode":"fresh","parity_total":16777216,"parity_fail_count":0,"parity_max_abs_err":0.000000e0,"parity_max_rel_err":0.000000e0,"parity_scaled_abs_bound":0.000000e0,"parity_scaled_abs_rescued":0,"readout":"borrowed"}
== bench-fandhe gemm metal size=4096 mode=fresh readout=legacy ==
{"framework":"fandhe-ai","version":"0.8.0","task":"gemm","device":"metal","size":4096,"median_s":0.035508375,"q1_s":0.034456260,"q3_s":0.036153594,"gflops":3870.607,"checksum":-25768.747284,"warmup":20,"iters":20,"mode":"fresh","parity_total":16777216,"parity_fail_count":0,"parity_max_abs_err":0.000000e0,"parity_max_rel_err":0.000000e0,"parity_scaled_abs_bound":0.000000e0,"parity_scaled_abs_rescued":0,"readout":"legacy"}
== bench-fandhe gemm metal size=4096 mode=reuse readout=borrowed ==
{"framework":"fandhe-ai","version":"0.8.0","task":"gemm","device":"metal","size":4096,"median_s":0.037929375,"q1_s":0.036884282,"q3_s":0.041205584,"gflops":3623.549,"checksum":-25768.747284,"warmup":20,"iters":20,"mode":"reuse","init_s":0.095886166,"parity_total":16777216,"parity_fail_count":0,"parity_max_abs_err":0.000000e0,"parity_max_rel_err":0.000000e0,"parity_scaled_abs_bound":0.000000e0,"parity_scaled_abs_rescued":0,"readout":"borrowed"}
== bench-fandhe gemm metal size=4096 mode=reuse readout=legacy ==
{"framework":"fandhe-ai","version":"0.8.0","task":"gemm","device":"metal","size":4096,"median_s":0.040113416,"q1_s":0.039304593,"q3_s":0.042153114,"gflops":3426.259,"checksum":-25768.747284,"warmup":20,"iters":20,"mode":"reuse","init_s":0.094593458,"parity_total":16777216,"parity_fail_count":0,"parity_max_abs_err":0.000000e0,"parity_max_rel_err":0.000000e0,"parity_scaled_abs_bound":0.000000e0,"parity_scaled_abs_rescued":0,"readout":"legacy"}
== run 2/5 完了時点の status ==
Note: No thermal warning level has been recorded
Note: No performance warning level has been recorded
Note: No CPU power status has been recorded
22:10  up 23 days,  9:22, 20 users, load averages: 5.46 4.05 4.20
== bench-fandhe gemm metal size=1024 mode=fresh readout=legacy ==
{"framework":"fandhe-ai","version":"0.8.0","task":"gemm","device":"metal","size":1024,"median_s":0.002034313,"q1_s":0.001998979,"q3_s":0.002725928,"gflops":1055.631,"checksum":-1855.597736,"warmup":20,"iters":20,"mode":"fresh","parity_total":1048576,"parity_fail_count":0,"parity_max_abs_err":0.000000e0,"parity_max_rel_err":0.000000e0,"parity_scaled_abs_bound":0.000000e0,"parity_scaled_abs_rescued":0,"readout":"legacy"}
== bench-fandhe gemm metal size=1024 mode=fresh readout=borrowed ==
{"framework":"fandhe-ai","version":"0.8.0","task":"gemm","device":"metal","size":1024,"median_s":0.002275063,"q1_s":0.001990865,"q3_s":0.002699146,"gflops":943.923,"checksum":-1855.597736,"warmup":20,"iters":20,"mode":"fresh","parity_total":1048576,"parity_fail_count":0,"parity_max_abs_err":0.000000e0,"parity_max_rel_err":0.000000e0,"parity_scaled_abs_bound":0.000000e0,"parity_scaled_abs_rescued":0,"readout":"borrowed"}
== bench-fandhe gemm metal size=1024 mode=reuse readout=legacy ==
{"framework":"fandhe-ai","version":"0.8.0","task":"gemm","device":"metal","size":1024,"median_s":0.002997458,"q1_s":0.002300094,"q3_s":0.003084458,"gflops":716.435,"checksum":-1855.597736,"warmup":20,"iters":20,"mode":"reuse","init_s":0.041870250,"parity_total":1048576,"parity_fail_count":0,"parity_max_abs_err":0.000000e0,"parity_max_rel_err":0.000000e0,"parity_scaled_abs_bound":0.000000e0,"parity_scaled_abs_rescued":0,"readout":"legacy"}
== bench-fandhe gemm metal size=1024 mode=reuse readout=borrowed ==
{"framework":"fandhe-ai","version":"0.8.0","task":"gemm","device":"metal","size":1024,"median_s":0.002929750,"q1_s":0.002295865,"q3_s":0.002957782,"gflops":732.992,"checksum":-1855.597736,"warmup":20,"iters":20,"mode":"reuse","init_s":0.039263083,"parity_total":1048576,"parity_fail_count":0,"parity_max_abs_err":0.000000e0,"parity_max_rel_err":0.000000e0,"parity_scaled_abs_bound":0.000000e0,"parity_scaled_abs_rescued":0,"readout":"borrowed"}
== bench-fandhe gemm metal size=2048 mode=fresh readout=legacy ==
{"framework":"fandhe-ai","version":"0.8.0","task":"gemm","device":"metal","size":2048,"median_s":0.008479917,"q1_s":0.008005480,"q3_s":0.010403125,"gflops":2025.948,"checksum":-6016.774008,"warmup":20,"iters":20,"mode":"fresh","parity_total":4194304,"parity_fail_count":0,"parity_max_abs_err":0.000000e0,"parity_max_rel_err":0.000000e0,"parity_scaled_abs_bound":0.000000e0,"parity_scaled_abs_rescued":0,"readout":"legacy"}
== bench-fandhe gemm metal size=2048 mode=fresh readout=borrowed ==
{"framework":"fandhe-ai","version":"0.8.0","task":"gemm","device":"metal","size":2048,"median_s":0.008864521,"q1_s":0.008013084,"q3_s":0.011256396,"gflops":1938.048,"checksum":-6016.774008,"warmup":20,"iters":20,"mode":"fresh","parity_total":4194304,"parity_fail_count":0,"parity_max_abs_err":0.000000e0,"parity_max_rel_err":0.000000e0,"parity_scaled_abs_bound":0.000000e0,"parity_scaled_abs_rescued":0,"readout":"borrowed"}
== bench-fandhe gemm metal size=2048 mode=reuse readout=legacy ==
{"framework":"fandhe-ai","version":"0.8.0","task":"gemm","device":"metal","size":2048,"median_s":0.009559292,"q1_s":0.008637605,"q3_s":0.012274094,"gflops":1797.191,"checksum":-6016.774008,"warmup":20,"iters":20,"mode":"reuse","init_s":0.051145125,"parity_total":4194304,"parity_fail_count":0,"parity_max_abs_err":0.000000e0,"parity_max_rel_err":0.000000e0,"parity_scaled_abs_bound":0.000000e0,"parity_scaled_abs_rescued":0,"readout":"legacy"}
== bench-fandhe gemm metal size=2048 mode=reuse readout=borrowed ==
{"framework":"fandhe-ai","version":"0.8.0","task":"gemm","device":"metal","size":2048,"median_s":0.010280209,"q1_s":0.008147750,"q3_s":0.013502104,"gflops":1671.160,"checksum":-6016.774008,"warmup":20,"iters":20,"mode":"reuse","init_s":0.050639041,"parity_total":4194304,"parity_fail_count":0,"parity_max_abs_err":0.000000e0,"parity_max_rel_err":0.000000e0,"parity_scaled_abs_bound":0.000000e0,"parity_scaled_abs_rescued":0,"readout":"borrowed"}
== bench-fandhe gemm metal size=4096 mode=fresh readout=legacy ==
{"framework":"fandhe-ai","version":"0.8.0","task":"gemm","device":"metal","size":4096,"median_s":0.034228500,"q1_s":0.033955552,"q3_s":0.037007979,"gflops":4015.337,"checksum":-25768.747284,"warmup":20,"iters":20,"mode":"fresh","parity_total":16777216,"parity_fail_count":0,"parity_max_abs_err":0.000000e0,"parity_max_rel_err":0.000000e0,"parity_scaled_abs_bound":0.000000e0,"parity_scaled_abs_rescued":0,"readout":"legacy"}
== bench-fandhe gemm metal size=4096 mode=fresh readout=borrowed ==
{"framework":"fandhe-ai","version":"0.8.0","task":"gemm","device":"metal","size":4096,"median_s":0.035175604,"q1_s":0.033871541,"q3_s":0.036145771,"gflops":3907.224,"checksum":-25768.747284,"warmup":20,"iters":20,"mode":"fresh","parity_total":16777216,"parity_fail_count":0,"parity_max_abs_err":0.000000e0,"parity_max_rel_err":0.000000e0,"parity_scaled_abs_bound":0.000000e0,"parity_scaled_abs_rescued":0,"readout":"borrowed"}
== bench-fandhe gemm metal size=4096 mode=reuse readout=legacy ==
{"framework":"fandhe-ai","version":"0.8.0","task":"gemm","device":"metal","size":4096,"median_s":0.049079459,"q1_s":0.044466146,"q3_s":0.051763791,"gflops":2800.336,"checksum":-25768.747284,"warmup":20,"iters":20,"mode":"reuse","init_s":0.090307291,"parity_total":16777216,"parity_fail_count":0,"parity_max_abs_err":0.000000e0,"parity_max_rel_err":0.000000e0,"parity_scaled_abs_bound":0.000000e0,"parity_scaled_abs_rescued":0,"readout":"legacy"}
== bench-fandhe gemm metal size=4096 mode=reuse readout=borrowed ==
{"framework":"fandhe-ai","version":"0.8.0","task":"gemm","device":"metal","size":4096,"median_s":0.042912917,"q1_s":0.037759958,"q3_s":0.048317854,"gflops":3202.741,"checksum":-25768.747284,"warmup":20,"iters":20,"mode":"reuse","init_s":0.089941958,"parity_total":16777216,"parity_fail_count":0,"parity_max_abs_err":0.000000e0,"parity_max_rel_err":0.000000e0,"parity_scaled_abs_bound":0.000000e0,"parity_scaled_abs_rescued":0,"readout":"borrowed"}
== run 3/5 完了時点の status ==
Note: No thermal warning level has been recorded
Note: No performance warning level has been recorded
Note: No CPU power status has been recorded
22:10  up 23 days,  9:22, 20 users, load averages: 10.04 5.15 4.59
== bench-fandhe gemm metal size=1024 mode=fresh readout=borrowed ==
{"framework":"fandhe-ai","version":"0.8.0","task":"gemm","device":"metal","size":1024,"median_s":0.002712563,"q1_s":0.001998959,"q3_s":0.002754135,"gflops":791.681,"checksum":-1855.597736,"warmup":20,"iters":20,"mode":"fresh","parity_total":1048576,"parity_fail_count":0,"parity_max_abs_err":0.000000e0,"parity_max_rel_err":0.000000e0,"parity_scaled_abs_bound":0.000000e0,"parity_scaled_abs_rescued":0,"readout":"borrowed"}
== bench-fandhe gemm metal size=1024 mode=fresh readout=legacy ==
{"framework":"fandhe-ai","version":"0.8.0","task":"gemm","device":"metal","size":1024,"median_s":0.002484626,"q1_s":0.002062510,"q3_s":0.002793282,"gflops":864.309,"checksum":-1855.597736,"warmup":20,"iters":20,"mode":"fresh","parity_total":1048576,"parity_fail_count":0,"parity_max_abs_err":0.000000e0,"parity_max_rel_err":0.000000e0,"parity_scaled_abs_bound":0.000000e0,"parity_scaled_abs_rescued":0,"readout":"legacy"}
== bench-fandhe gemm metal size=1024 mode=reuse readout=borrowed ==
{"framework":"fandhe-ai","version":"0.8.0","task":"gemm","device":"metal","size":1024,"median_s":0.002920063,"q1_s":0.002220813,"q3_s":0.002976479,"gflops":735.424,"checksum":-1855.597736,"warmup":20,"iters":20,"mode":"reuse","init_s":0.039171958,"parity_total":1048576,"parity_fail_count":0,"parity_max_abs_err":0.000000e0,"parity_max_rel_err":0.000000e0,"parity_scaled_abs_bound":0.000000e0,"parity_scaled_abs_rescued":0,"readout":"borrowed"}
== bench-fandhe gemm metal size=1024 mode=reuse readout=legacy ==
{"framework":"fandhe-ai","version":"0.8.0","task":"gemm","device":"metal","size":1024,"median_s":0.002391438,"q1_s":0.002224573,"q3_s":0.002931479,"gflops":897.989,"checksum":-1855.597736,"warmup":20,"iters":20,"mode":"reuse","init_s":0.038556375,"parity_total":1048576,"parity_fail_count":0,"parity_max_abs_err":0.000000e0,"parity_max_rel_err":0.000000e0,"parity_scaled_abs_bound":0.000000e0,"parity_scaled_abs_rescued":0,"readout":"legacy"}
== bench-fandhe gemm metal size=2048 mode=fresh readout=borrowed ==
{"framework":"fandhe-ai","version":"0.8.0","task":"gemm","device":"metal","size":2048,"median_s":0.008060208,"q1_s":0.007398302,"q3_s":0.009253333,"gflops":2131.442,"checksum":-6016.774008,"warmup":20,"iters":20,"mode":"fresh","parity_total":4194304,"parity_fail_count":0,"parity_max_abs_err":0.000000e0,"parity_max_rel_err":0.000000e0,"parity_scaled_abs_bound":0.000000e0,"parity_scaled_abs_rescued":0,"readout":"borrowed"}
== bench-fandhe gemm metal size=2048 mode=fresh readout=legacy ==
{"framework":"fandhe-ai","version":"0.8.0","task":"gemm","device":"metal","size":2048,"median_s":0.007606145,"q1_s":0.006993802,"q3_s":0.009320323,"gflops":2258.683,"checksum":-6016.774008,"warmup":20,"iters":20,"mode":"fresh","parity_total":4194304,"parity_fail_count":0,"parity_max_abs_err":0.000000e0,"parity_max_rel_err":0.000000e0,"parity_scaled_abs_bound":0.000000e0,"parity_scaled_abs_rescued":0,"readout":"legacy"}
== bench-fandhe gemm metal size=2048 mode=reuse readout=borrowed ==
{"framework":"fandhe-ai","version":"0.8.0","task":"gemm","device":"metal","size":2048,"median_s":0.008870500,"q1_s":0.008402656,"q3_s":0.009699093,"gflops":1936.742,"checksum":-6016.774008,"warmup":20,"iters":20,"mode":"reuse","init_s":0.049865625,"parity_total":4194304,"parity_fail_count":0,"parity_max_abs_err":0.000000e0,"parity_max_rel_err":0.000000e0,"parity_scaled_abs_bound":0.000000e0,"parity_scaled_abs_rescued":0,"readout":"borrowed"}
== bench-fandhe gemm metal size=2048 mode=reuse readout=legacy ==
{"framework":"fandhe-ai","version":"0.8.0","task":"gemm","device":"metal","size":2048,"median_s":0.010654646,"q1_s":0.008060395,"q3_s":0.012023458,"gflops":1612.430,"checksum":-6016.774008,"warmup":20,"iters":20,"mode":"reuse","init_s":0.050481167,"parity_total":4194304,"parity_fail_count":0,"parity_max_abs_err":0.000000e0,"parity_max_rel_err":0.000000e0,"parity_scaled_abs_bound":0.000000e0,"parity_scaled_abs_rescued":0,"readout":"legacy"}
== bench-fandhe gemm metal size=4096 mode=fresh readout=borrowed ==
{"framework":"fandhe-ai","version":"0.8.0","task":"gemm","device":"metal","size":4096,"median_s":0.033862729,"q1_s":0.033334417,"q3_s":0.045139469,"gflops":4058.709,"checksum":-25768.747284,"warmup":20,"iters":20,"mode":"fresh","parity_total":16777216,"parity_fail_count":0,"parity_max_abs_err":0.000000e0,"parity_max_rel_err":0.000000e0,"parity_scaled_abs_bound":0.000000e0,"parity_scaled_abs_rescued":0,"readout":"borrowed"}
== bench-fandhe gemm metal size=4096 mode=fresh readout=legacy ==
{"framework":"fandhe-ai","version":"0.8.0","task":"gemm","device":"metal","size":4096,"median_s":0.034154166,"q1_s":0.033426166,"q3_s":0.039056167,"gflops":4024.076,"checksum":-25768.747284,"warmup":20,"iters":20,"mode":"fresh","parity_total":16777216,"parity_fail_count":0,"parity_max_abs_err":0.000000e0,"parity_max_rel_err":0.000000e0,"parity_scaled_abs_bound":0.000000e0,"parity_scaled_abs_rescued":0,"readout":"legacy"}
== bench-fandhe gemm metal size=4096 mode=reuse readout=borrowed ==
{"framework":"fandhe-ai","version":"0.8.0","task":"gemm","device":"metal","size":4096,"median_s":0.037877042,"q1_s":0.037146823,"q3_s":0.048281375,"gflops":3628.556,"checksum":-25768.747284,"warmup":20,"iters":20,"mode":"reuse","init_s":0.095692292,"parity_total":16777216,"parity_fail_count":0,"parity_max_abs_err":0.000000e0,"parity_max_rel_err":0.000000e0,"parity_scaled_abs_bound":0.000000e0,"parity_scaled_abs_rescued":0,"readout":"borrowed"}
== bench-fandhe gemm metal size=4096 mode=reuse readout=legacy ==
{"framework":"fandhe-ai","version":"0.8.0","task":"gemm","device":"metal","size":4096,"median_s":0.039847625,"q1_s":0.038514010,"q3_s":0.049325156,"gflops":3449.113,"checksum":-25768.747284,"warmup":20,"iters":20,"mode":"reuse","init_s":0.089909416,"parity_total":16777216,"parity_fail_count":0,"parity_max_abs_err":0.000000e0,"parity_max_rel_err":0.000000e0,"parity_scaled_abs_bound":0.000000e0,"parity_scaled_abs_rescued":0,"readout":"legacy"}
== run 4/5 完了時点の status ==
Note: No thermal warning level has been recorded
Note: No performance warning level has been recorded
Note: No CPU power status has been recorded
22:10  up 23 days,  9:23, 20 users, load averages: 11.53 5.85 4.85
== bench-fandhe gemm metal size=1024 mode=fresh readout=legacy ==
{"framework":"fandhe-ai","version":"0.8.0","task":"gemm","device":"metal","size":1024,"median_s":0.002058916,"q1_s":0.002017104,"q3_s":0.002707864,"gflops":1043.016,"checksum":-1855.597736,"warmup":20,"iters":20,"mode":"fresh","parity_total":1048576,"parity_fail_count":0,"parity_max_abs_err":0.000000e0,"parity_max_rel_err":0.000000e0,"parity_scaled_abs_bound":0.000000e0,"parity_scaled_abs_rescued":0,"readout":"legacy"}
== bench-fandhe gemm metal size=1024 mode=fresh readout=borrowed ==
{"framework":"fandhe-ai","version":"0.8.0","task":"gemm","device":"metal","size":1024,"median_s":0.002374187,"q1_s":0.001926646,"q3_s":0.002665823,"gflops":904.513,"checksum":-1855.597736,"warmup":20,"iters":20,"mode":"fresh","parity_total":1048576,"parity_fail_count":0,"parity_max_abs_err":0.000000e0,"parity_max_rel_err":0.000000e0,"parity_scaled_abs_bound":0.000000e0,"parity_scaled_abs_rescued":0,"readout":"borrowed"}
== bench-fandhe gemm metal size=1024 mode=reuse readout=legacy ==
{"framework":"fandhe-ai","version":"0.8.0","task":"gemm","device":"metal","size":1024,"median_s":0.002310250,"q1_s":0.002142417,"q3_s":0.002909334,"gflops":929.546,"checksum":-1855.597736,"warmup":20,"iters":20,"mode":"reuse","init_s":0.037961833,"parity_total":1048576,"parity_fail_count":0,"parity_max_abs_err":0.000000e0,"parity_max_rel_err":0.000000e0,"parity_scaled_abs_bound":0.000000e0,"parity_scaled_abs_rescued":0,"readout":"legacy"}
== bench-fandhe gemm metal size=1024 mode=reuse readout=borrowed ==
{"framework":"fandhe-ai","version":"0.8.0","task":"gemm","device":"metal","size":1024,"median_s":0.002800521,"q1_s":0.002155302,"q3_s":0.002984875,"gflops":766.816,"checksum":-1855.597736,"warmup":20,"iters":20,"mode":"reuse","init_s":0.037950209,"parity_total":1048576,"parity_fail_count":0,"parity_max_abs_err":0.000000e0,"parity_max_rel_err":0.000000e0,"parity_scaled_abs_bound":0.000000e0,"parity_scaled_abs_rescued":0,"readout":"borrowed"}
== bench-fandhe gemm metal size=2048 mode=fresh readout=legacy ==
{"framework":"fandhe-ai","version":"0.8.0","task":"gemm","device":"metal","size":2048,"median_s":0.008215458,"q1_s":0.007173500,"q3_s":0.010175875,"gflops":2091.164,"checksum":-6016.774008,"warmup":20,"iters":20,"mode":"fresh","parity_total":4194304,"parity_fail_count":0,"parity_max_abs_err":0.000000e0,"parity_max_rel_err":0.000000e0,"parity_scaled_abs_bound":0.000000e0,"parity_scaled_abs_rescued":0,"readout":"legacy"}
== bench-fandhe gemm metal size=2048 mode=fresh readout=borrowed ==
{"framework":"fandhe-ai","version":"0.8.0","task":"gemm","device":"metal","size":2048,"median_s":0.007131291,"q1_s":0.006963792,"q3_s":0.012239833,"gflops":2409.082,"checksum":-6016.774008,"warmup":20,"iters":20,"mode":"fresh","parity_total":4194304,"parity_fail_count":0,"parity_max_abs_err":0.000000e0,"parity_max_rel_err":0.000000e0,"parity_scaled_abs_bound":0.000000e0,"parity_scaled_abs_rescued":0,"readout":"borrowed"}
== bench-fandhe gemm metal size=2048 mode=reuse readout=legacy ==
{"framework":"fandhe-ai","version":"0.8.0","task":"gemm","device":"metal","size":2048,"median_s":0.009340125,"q1_s":0.008947875,"q3_s":0.010410812,"gflops":1839.362,"checksum":-6016.774008,"warmup":20,"iters":20,"mode":"reuse","init_s":0.051281458,"parity_total":4194304,"parity_fail_count":0,"parity_max_abs_err":0.000000e0,"parity_max_rel_err":0.000000e0,"parity_scaled_abs_bound":0.000000e0,"parity_scaled_abs_rescued":0,"readout":"legacy"}
== bench-fandhe gemm metal size=2048 mode=reuse readout=borrowed ==
{"framework":"fandhe-ai","version":"0.8.0","task":"gemm","device":"metal","size":2048,"median_s":0.009208937,"q1_s":0.008597260,"q3_s":0.010537781,"gflops":1865.565,"checksum":-6016.774008,"warmup":20,"iters":20,"mode":"reuse","init_s":0.049283708,"parity_total":4194304,"parity_fail_count":0,"parity_max_abs_err":0.000000e0,"parity_max_rel_err":0.000000e0,"parity_scaled_abs_bound":0.000000e0,"parity_scaled_abs_rescued":0,"readout":"borrowed"}
== bench-fandhe gemm metal size=4096 mode=fresh readout=legacy ==
{"framework":"fandhe-ai","version":"0.8.0","task":"gemm","device":"metal","size":4096,"median_s":0.034039417,"q1_s":0.033621250,"q3_s":0.045072375,"gflops":4037.641,"checksum":-25768.747284,"warmup":20,"iters":20,"mode":"fresh","parity_total":16777216,"parity_fail_count":0,"parity_max_abs_err":0.000000e0,"parity_max_rel_err":0.000000e0,"parity_scaled_abs_bound":0.000000e0,"parity_scaled_abs_rescued":0,"readout":"legacy"}
== bench-fandhe gemm metal size=4096 mode=fresh readout=borrowed ==
{"framework":"fandhe-ai","version":"0.8.0","task":"gemm","device":"metal","size":4096,"median_s":0.032564584,"q1_s":0.032428573,"q3_s":0.032697698,"gflops":4220.504,"checksum":-25768.747284,"warmup":20,"iters":20,"mode":"fresh","parity_total":16777216,"parity_fail_count":0,"parity_max_abs_err":0.000000e0,"parity_max_rel_err":0.000000e0,"parity_scaled_abs_bound":0.000000e0,"parity_scaled_abs_rescued":0,"readout":"borrowed"}
== bench-fandhe gemm metal size=4096 mode=reuse readout=legacy ==
{"framework":"fandhe-ai","version":"0.8.0","task":"gemm","device":"metal","size":4096,"median_s":0.042837437,"q1_s":0.038570343,"q3_s":0.050093802,"gflops":3208.384,"checksum":-25768.747284,"warmup":20,"iters":20,"mode":"reuse","init_s":0.092036792,"parity_total":16777216,"parity_fail_count":0,"parity_max_abs_err":0.000000e0,"parity_max_rel_err":0.000000e0,"parity_scaled_abs_bound":0.000000e0,"parity_scaled_abs_rescued":0,"readout":"legacy"}
== bench-fandhe gemm metal size=4096 mode=reuse readout=borrowed ==
{"framework":"fandhe-ai","version":"0.8.0","task":"gemm","device":"metal","size":4096,"median_s":0.042577292,"q1_s":0.037174896,"q3_s":0.049565646,"gflops":3227.987,"checksum":-25768.747284,"warmup":20,"iters":20,"mode":"reuse","init_s":0.086204417,"parity_total":16777216,"parity_fail_count":0,"parity_max_abs_err":0.000000e0,"parity_max_rel_err":0.000000e0,"parity_scaled_abs_bound":0.000000e0,"parity_scaled_abs_rescued":0,"readout":"borrowed"}
== run 5/5 完了時点の status ==
Note: No thermal warning level has been recorded
Note: No performance warning level has been recorded
Note: No CPU power status has been recorded
22:10  up 23 days,  9:23, 20 users, load averages: 11.23 6.06 4.94
== metal status (after loop) ==
Note: No thermal warning level has been recorded
Note: No performance warning level has been recorded
Note: No CPU power status has been recorded
22:10  up 23 days,  9:23, 20 users, load averages: 11.23 6.06 4.94
done. results in results/raw/results-m4max-readout-ab-head-cbf5488f-1520.jsonl ; failures (if any) in results/raw/skipped-m4max-readout-ab-head-cbf5488f-1520.log ; manifest in results/raw/manifest-m4max-readout-ab-head-cbf5488f-1520.json
