
running 1 test
bench[mul_contig][16384].median_s=0.000005875
grad[mul_contig][16384].fold_bits=0xcd971dfdaee57ea3
grad[mul_contig][16384][0].bits=0xbda0a620
grad[mul_contig][16384][1].bits=0xbef89f68
grad[mul_contig][16384][2].bits=0xbec8ba64
grad[mul_contig][16384][3].bits=0x3e726db8
grad[mul_contig][16384][4].bits=0x3f7557a2
grad[mul_contig][16384][5].bits=0x3f4f41e4
grad[mul_contig][16384][6].bits=0xbf1e0582
grad[mul_contig][16384][7].bits=0xbf274210
bench[mul_transpose_upstream][16384].median_s=0.000084666
grad[mul_transpose_upstream][16384].fold_bits=0x464d30390051e0c5
grad[mul_transpose_upstream][16384][0].bits=0x3f57d67a
grad[mul_transpose_upstream][16384][1].bits=0x3cec1340
grad[mul_transpose_upstream][16384][2].bits=0x3e5d1678
grad[mul_transpose_upstream][16384][3].bits=0xbd964920
grad[mul_transpose_upstream][16384][4].bits=0xbe208838
grad[mul_transpose_upstream][16384][5].bits=0x3f3a17fc
grad[mul_transpose_upstream][16384][6].bits=0xbdd63c10
grad[mul_transpose_upstream][16384][7].bits=0xbe2e9ed8
bench[mul_broadcast][16384].median_s=0.000048042
grad[mul_broadcast][16384].fold_bits=0x99d78bd1978d7b25
grad[mul_broadcast][16384][0].bits=0xbe70f920
grad[mul_broadcast][16384][1].bits=0xbf609598
grad[mul_broadcast][16384][2].bits=0xbf34ccc8
grad[mul_broadcast][16384][3].bits=0xbe115960
grad[mul_broadcast][16384][4].bits=0x3cc575c0
grad[mul_broadcast][16384][5].bits=0x3f400050
grad[mul_broadcast][16384][6].bits=0x3dde2dd0
grad[mul_broadcast][16384][7].bits=0x3f3398e6
bench[tanh][16384].median_s=0.000010708
grad[tanh][16384].fold_bits=0x9ba37214e940ad93
grad[tanh][16384][0].bits=0x3f13fc10
grad[tanh][16384][1].bits=0x3f7f40b0
grad[tanh][16384][2].bits=0x3f6acb42
grad[tanh][16384][3].bits=0x3f0806d8
grad[tanh][16384][4].bits=0x3f7b3ef9
grad[tanh][16384][5].bits=0x3f1a0593
grad[tanh][16384][6].bits=0x3f31a506
grad[tanh][16384][7].bits=0x3f59278c
bench[sigmoid][16384].median_s=0.000010625
grad[sigmoid][16384].fold_bits=0x2dbed2b850e3b280
grad[sigmoid][16384][0].bits=0x3e641404
grad[sigmoid][16384][1].bits=0x3e4ea0f9
grad[sigmoid][16384][2].bits=0x3e6c66be
grad[sigmoid][16384][3].bits=0x3e568737
grad[sigmoid][16384][4].bits=0x3e55e833
grad[sigmoid][16384][5].bits=0x3e7e3bc1
grad[sigmoid][16384][6].bits=0x3e58a0dc
grad[sigmoid][16384][7].bits=0x3e775e7e
bench[fan_out_accumulate][16384].median_s=0.000173833
grad[fan_out_accumulate][16384].fold_bits=0xe17809f59fe0bdc9
grad[fan_out_accumulate][16384][0].bits=0x3f1623f5
grad[fan_out_accumulate][16384][1].bits=0x3f88a06a
grad[fan_out_accumulate][16384][2].bits=0x3e661b58
grad[fan_out_accumulate][16384][3].bits=0x3f03fe35
grad[fan_out_accumulate][16384][4].bits=0x3f78640e
grad[fan_out_accumulate][16384][5].bits=0x3f9202bc
grad[fan_out_accumulate][16384][6].bits=0x3f0ebc01
grad[fan_out_accumulate][16384][7].bits=0x3d6498d0
bench[mul_contig][65536].median_s=0.000442333
grad[mul_contig][65536].fold_bits=0xb1b083f9e84618bd
grad[mul_contig][65536][0].bits=0xbda0a620
grad[mul_contig][65536][1].bits=0xbef89f68
grad[mul_contig][65536][2].bits=0xbec8ba64
grad[mul_contig][65536][3].bits=0x3e726db8
grad[mul_contig][65536][4].bits=0x3f7557a2
grad[mul_contig][65536][5].bits=0x3f4f41e4
grad[mul_contig][65536][6].bits=0xbf1e0582
grad[mul_contig][65536][7].bits=0xbf274210
bench[mul_transpose_upstream][65536].median_s=0.000312792
grad[mul_transpose_upstream][65536].fold_bits=0xecaba23dffc47937
grad[mul_transpose_upstream][65536][0].bits=0x3f57d67a
grad[mul_transpose_upstream][65536][1].bits=0x3cec1340
grad[mul_transpose_upstream][65536][2].bits=0x3e5d1678
grad[mul_transpose_upstream][65536][3].bits=0xbd964920
grad[mul_transpose_upstream][65536][4].bits=0xbe208838
grad[mul_transpose_upstream][65536][5].bits=0x3f3a17fc
grad[mul_transpose_upstream][65536][6].bits=0xbdd63c10
grad[mul_transpose_upstream][65536][7].bits=0xbe2e9ed8
bench[mul_broadcast][65536].median_s=0.000480416
grad[mul_broadcast][65536].fold_bits=0x761321f5b9e87b25
grad[mul_broadcast][65536][0].bits=0xbe70f920
grad[mul_broadcast][65536][1].bits=0xbf609598
grad[mul_broadcast][65536][2].bits=0xbf34ccc8
grad[mul_broadcast][65536][3].bits=0xbe115960
grad[mul_broadcast][65536][4].bits=0x3cc575c0
grad[mul_broadcast][65536][5].bits=0x3f400050
grad[mul_broadcast][65536][6].bits=0x3dde2dd0
grad[mul_broadcast][65536][7].bits=0x3f3398e6
bench[tanh][65536].median_s=0.000292292
grad[tanh][65536].fold_bits=0x443427b301340024
grad[tanh][65536][0].bits=0x3f13fc10
grad[tanh][65536][1].bits=0x3f7f40b0
grad[tanh][65536][2].bits=0x3f6acb42
grad[tanh][65536][3].bits=0x3f0806d8
grad[tanh][65536][4].bits=0x3f7b3ef9
grad[tanh][65536][5].bits=0x3f1a0593
grad[tanh][65536][6].bits=0x3f31a506
grad[tanh][65536][7].bits=0x3f59278c
bench[sigmoid][65536].median_s=0.000365291
grad[sigmoid][65536].fold_bits=0x69251b31f53c1a3e
grad[sigmoid][65536][0].bits=0x3e641404
grad[sigmoid][65536][1].bits=0x3e4ea0f9
grad[sigmoid][65536][2].bits=0x3e6c66be
grad[sigmoid][65536][3].bits=0x3e568737
grad[sigmoid][65536][4].bits=0x3e55e833
grad[sigmoid][65536][5].bits=0x3e7e3bc1
grad[sigmoid][65536][6].bits=0x3e58a0dc
grad[sigmoid][65536][7].bits=0x3e775e7e
bench[fan_out_accumulate][65536].median_s=0.001006750
grad[fan_out_accumulate][65536].fold_bits=0x35c73c8170ce11e2
grad[fan_out_accumulate][65536][0].bits=0x3f1623f5
grad[fan_out_accumulate][65536][1].bits=0x3f88a06a
grad[fan_out_accumulate][65536][2].bits=0x3e661b58
grad[fan_out_accumulate][65536][3].bits=0x3f03fe35
grad[fan_out_accumulate][65536][4].bits=0x3f78640e
grad[fan_out_accumulate][65536][5].bits=0x3f9202bc
grad[fan_out_accumulate][65536][6].bits=0x3f0ebc01
grad[fan_out_accumulate][65536][7].bits=0x3d6498d0
bench[mul_contig][1048576].median_s=0.000700000
grad[mul_contig][1048576].fold_bits=0x25a4d68547515bd1
grad[mul_contig][1048576][0].bits=0xbda0a620
grad[mul_contig][1048576][1].bits=0xbef89f68
grad[mul_contig][1048576][2].bits=0xbec8ba64
grad[mul_contig][1048576][3].bits=0x3e726db8
grad[mul_contig][1048576][4].bits=0x3f7557a2
grad[mul_contig][1048576][5].bits=0x3f4f41e4
grad[mul_contig][1048576][6].bits=0xbf1e0582
grad[mul_contig][1048576][7].bits=0xbf274210
bench[mul_transpose_upstream][1048576].median_s=0.005415625
grad[mul_transpose_upstream][1048576].fold_bits=0xfc12d172d606255d
grad[mul_transpose_upstream][1048576][0].bits=0x3f57d67a
grad[mul_transpose_upstream][1048576][1].bits=0x3cec1340
grad[mul_transpose_upstream][1048576][2].bits=0x3e5d1678
grad[mul_transpose_upstream][1048576][3].bits=0xbd964920
grad[mul_transpose_upstream][1048576][4].bits=0xbe208838
grad[mul_transpose_upstream][1048576][5].bits=0x3f3a17fc
grad[mul_transpose_upstream][1048576][6].bits=0xbdd63c10
grad[mul_transpose_upstream][1048576][7].bits=0xbe2e9ed8
bench[mul_broadcast][1048576].median_s=0.003166125
grad[mul_broadcast][1048576].fold_bits=0x8ce215b50d84a325
grad[mul_broadcast][1048576][0].bits=0xbe70f920
grad[mul_broadcast][1048576][1].bits=0xbf609598
grad[mul_broadcast][1048576][2].bits=0xbf34ccc8
grad[mul_broadcast][1048576][3].bits=0xbe115960
grad[mul_broadcast][1048576][4].bits=0x3cc575c0
grad[mul_broadcast][1048576][5].bits=0x3f400050
grad[mul_broadcast][1048576][6].bits=0x3dde2dd0
grad[mul_broadcast][1048576][7].bits=0x3f3398e6
bench[tanh][1048576].median_s=0.000836959
grad[tanh][1048576].fold_bits=0xc64c323447b2192f
grad[tanh][1048576][0].bits=0x3f13fc10
grad[tanh][1048576][1].bits=0x3f7f40b0
grad[tanh][1048576][2].bits=0x3f6acb42
grad[tanh][1048576][3].bits=0x3f0806d8
grad[tanh][1048576][4].bits=0x3f7b3ef9
grad[tanh][1048576][5].bits=0x3f1a0593
grad[tanh][1048576][6].bits=0x3f31a506
grad[tanh][1048576][7].bits=0x3f59278c
bench[sigmoid][1048576].median_s=0.000853667
grad[sigmoid][1048576].fold_bits=0x01167c4de06275b2
grad[sigmoid][1048576][0].bits=0x3e641404
grad[sigmoid][1048576][1].bits=0x3e4ea0f9
grad[sigmoid][1048576][2].bits=0x3e6c66be
grad[sigmoid][1048576][3].bits=0x3e568737
grad[sigmoid][1048576][4].bits=0x3e55e833
grad[sigmoid][1048576][5].bits=0x3e7e3bc1
grad[sigmoid][1048576][6].bits=0x3e58a0dc
grad[sigmoid][1048576][7].bits=0x3e775e7e
bench[fan_out_accumulate][1048576].median_s=0.003195167
grad[fan_out_accumulate][1048576].fold_bits=0x5b5f4d6e68847466
grad[fan_out_accumulate][1048576][0].bits=0x3f1623f5
grad[fan_out_accumulate][1048576][1].bits=0x3f88a06a
grad[fan_out_accumulate][1048576][2].bits=0x3e661b58
grad[fan_out_accumulate][1048576][3].bits=0x3f03fe35
grad[fan_out_accumulate][1048576][4].bits=0x3f78640e
grad[fan_out_accumulate][1048576][5].bits=0x3f9202bc
grad[fan_out_accumulate][1048576][6].bits=0x3f0ebc01
grad[fan_out_accumulate][1048576][7].bits=0x3d6498d0
test elementwise_vjp_backward_cases ... ok

test result: ok. 1 passed; 0 failed; 0 ignored; 0 measured; 0 filtered out; finished in 1.17s

