start 2026-10-10T08:50:53Z sha=624d0ee4
17:50  up  6:53, 13 users, load averages: 4.92 5.57 4.47
└── fandhe-ai v0.11.0
build-done 2026-10-10T08:50:53Z
17:50  up  6:53, 13 users, load averages: 4.92 5.57 4.47
== bench-fandhe gemm cpu 256 fresh ==
{"framework":"fandhe-ai","version":"0.11.0","task":"gemm","device":"cpu","size":256,"median_s":0.000249584,"q1_s":0.000235698,"q3_s":0.000267916,"gflops":134.442,"checksum":237.546660,"warmup":20,"iters":20,"mode":"fresh","parity_total":65536,"parity_fail_count":0,"parity_max_abs_err":0.000000e0,"parity_max_rel_err":0.000000e0,"parity_scaled_abs_bound":0.000000e0,"parity_scaled_abs_rescued":0}
== bench-fandhe gemm cpu 512 fresh ==
{"framework":"fandhe-ai","version":"0.11.0","task":"gemm","device":"cpu","size":512,"median_s":0.000639313,"q1_s":0.000616646,"q3_s":0.000665114,"gflops":419.881,"checksum":937.743233,"warmup":20,"iters":20,"mode":"fresh","parity_total":262144,"parity_fail_count":0,"parity_max_abs_err":0.000000e0,"parity_max_rel_err":0.000000e0,"parity_scaled_abs_bound":0.000000e0,"parity_scaled_abs_rescued":0}
== bench-fandhe gemm cpu 1024 fresh ==
{"framework":"fandhe-ai","version":"0.11.0","task":"gemm","device":"cpu","size":1024,"median_s":0.002918542,"q1_s":0.002876729,"q3_s":0.002939771,"gflops":735.807,"checksum":-1855.597736,"warmup":20,"iters":20,"mode":"fresh","parity_total":1048576,"parity_fail_count":0,"parity_max_abs_err":0.000000e0,"parity_max_rel_err":0.000000e0,"parity_scaled_abs_bound":0.000000e0,"parity_scaled_abs_rescued":0}
== bench-fandhe gemm cpu 2048 fresh ==
{"framework":"fandhe-ai","version":"0.11.0","task":"gemm","device":"cpu","size":2048,"median_s":0.017551645,"q1_s":0.017178396,"q3_s":0.018594802,"gflops":978.818,"checksum":-6016.774008,"warmup":20,"iters":20,"mode":"fresh","parity_total":4194304,"parity_fail_count":0,"parity_max_abs_err":0.000000e0,"parity_max_rel_err":0.000000e0,"parity_scaled_abs_bound":0.000000e0,"parity_scaled_abs_rescued":0}
== bench-fandhe gemm metal 256 fresh ==
{"framework":"fandhe-ai","version":"0.11.0","task":"gemm","device":"metal","size":256,"median_s":0.000315979,"q1_s":0.000313969,"q3_s":0.000320635,"gflops":106.192,"checksum":237.546660,"warmup":20,"iters":20,"mode":"fresh","parity_total":65536,"parity_fail_count":0,"parity_max_abs_err":0.000000e0,"parity_max_rel_err":0.000000e0,"parity_scaled_abs_bound":0.000000e0,"parity_scaled_abs_rescued":0}
== bench-fandhe gemm metal 512 fresh ==
{"framework":"fandhe-ai","version":"0.11.0","task":"gemm","device":"metal","size":512,"median_s":0.000580583,"q1_s":0.000567385,"q3_s":0.000684052,"gflops":462.355,"checksum":937.743233,"warmup":20,"iters":20,"mode":"fresh","parity_total":262144,"parity_fail_count":0,"parity_max_abs_err":0.000000e0,"parity_max_rel_err":0.000000e0,"parity_scaled_abs_bound":0.000000e0,"parity_scaled_abs_rescued":0}
== bench-fandhe gemm metal 1024 fresh ==
{"framework":"fandhe-ai","version":"0.11.0","task":"gemm","device":"metal","size":1024,"median_s":0.002085396,"q1_s":0.002011448,"q3_s":0.002120678,"gflops":1029.773,"checksum":-1855.597736,"warmup":20,"iters":20,"mode":"fresh","parity_total":1048576,"parity_fail_count":0,"parity_max_abs_err":0.000000e0,"parity_max_rel_err":0.000000e0,"parity_scaled_abs_bound":0.000000e0,"parity_scaled_abs_rescued":0}
== bench-fandhe gemm metal 2048 fresh ==
{"framework":"fandhe-ai","version":"0.11.0","task":"gemm","device":"metal","size":2048,"median_s":0.008357501,"q1_s":0.008068645,"q3_s":0.008728520,"gflops":2055.623,"checksum":-6016.774008,"warmup":20,"iters":20,"mode":"fresh","parity_total":4194304,"parity_fail_count":0,"parity_max_abs_err":0.000000e0,"parity_max_rel_err":0.000000e0,"parity_scaled_abs_bound":0.000000e0,"parity_scaled_abs_rescued":0}
== bench-fandhe gemm metal 4096 fresh ==
{"framework":"fandhe-ai","version":"0.11.0","task":"gemm","device":"metal","size":4096,"median_s":0.035102897,"q1_s":0.033799053,"q3_s":0.044012646,"gflops":3915.317,"checksum":-25768.747284,"warmup":20,"iters":20,"mode":"fresh","parity_total":16777216,"parity_fail_count":0,"parity_max_abs_err":0.000000e0,"parity_max_rel_err":0.000000e0,"parity_scaled_abs_bound":0.000000e0,"parity_scaled_abs_rescued":0}
== bench-fandhe train cpu 64 fresh ==
{"framework":"fandhe-ai","version":"0.11.0","task":"train","device":"cpu","size":64,"median_s":0.000678938,"q1_s":0.000638260,"q3_s":0.000734781,"checksum":0.080541,"warmup":20,"iters":80,"mode":"fresh"}
== bench-fandhe infer cpu 64 fresh ==
{"framework":"fandhe-ai","version":"0.11.0","task":"infer","device":"cpu","size":64,"median_s":0.000167874,"q1_s":0.000157667,"q3_s":0.000176448,"throughput_per_s":5956.831,"checksum":13.976574,"warmup":20,"iters":20,"mode":"fresh"}
== bench-fandhe train metal 64 fresh ==
{"framework":"fandhe-ai","version":"0.11.0","task":"train","device":"metal","size":64,"median_s":0.001650459,"q1_s":0.001400865,"q3_s":0.001682521,"checksum":0.080541,"warmup":20,"iters":80,"mode":"fresh"}
== bench-fandhe infer metal 64 fresh ==
{"framework":"fandhe-ai","version":"0.11.0","task":"infer","device":"metal","size":64,"median_s":0.000585354,"q1_s":0.000575198,"q3_s":0.000595927,"throughput_per_s":1708.366,"checksum":13.976574,"warmup":20,"iters":20,"mode":"fresh"}
== bench-candle gemm cpu 256 fresh ==
{"framework":"candle","version":"0.11.0","task":"gemm","device":"cpu","size":256,"median_s":0.000297271,"q1_s":0.000271500,"q3_s":0.000315865,"gflops":112.875,"checksum":237.546660,"warmup":20,"iters":20,"mode":"fresh","parity_total":65536,"parity_fail_count":0,"parity_max_abs_err":0.000000e0,"parity_max_rel_err":0.000000e0,"parity_scaled_abs_bound":1.907255e-6,"parity_scaled_abs_rescued":0}
== bench-candle gemm cpu 512 fresh ==
{"framework":"candle","version":"0.11.0","task":"gemm","device":"cpu","size":512,"median_s":0.000746167,"q1_s":0.000718635,"q3_s":0.000799354,"gflops":359.753,"checksum":937.743233,"warmup":20,"iters":20,"mode":"fresh","parity_total":262144,"parity_fail_count":0,"parity_max_abs_err":0.000000e0,"parity_max_rel_err":0.000000e0,"parity_scaled_abs_bound":3.814663e-6,"parity_scaled_abs_rescued":0}
== bench-candle gemm cpu 1024 fresh ==
{"framework":"candle","version":"0.11.0","task":"gemm","device":"cpu","size":1024,"median_s":0.002680312,"q1_s":0.002634365,"q3_s":0.002755208,"gflops":801.206,"checksum":-1855.597736,"warmup":20,"iters":20,"mode":"fresh","parity_total":1048576,"parity_fail_count":0,"parity_max_abs_err":0.000000e0,"parity_max_rel_err":0.000000e0,"parity_scaled_abs_bound":7.629375e-6,"parity_scaled_abs_rescued":0}
== bench-candle gemm cpu 2048 fresh ==
{"framework":"candle","version":"0.11.0","task":"gemm","device":"cpu","size":2048,"median_s":0.018398271,"q1_s":0.018021614,"q3_s":0.022642479,"gflops":933.776,"checksum":-6016.774008,"warmup":20,"iters":20,"mode":"fresh","parity_total":4194304,"parity_fail_count":0,"parity_max_abs_err":0.000000e0,"parity_max_rel_err":0.000000e0,"parity_scaled_abs_bound":1.525878e-5,"parity_scaled_abs_rescued":0}
== bench-candle gemm metal 256 fresh ==
{"framework":"candle","version":"0.11.0","task":"gemm","device":"metal","size":256,"median_s":0.000256854,"q1_s":0.000245541,"q3_s":0.000263729,"gflops":130.636,"checksum":237.546660,"warmup":20,"iters":20,"mode":"fresh","parity_total":65536,"parity_fail_count":0,"parity_max_abs_err":0.000000e0,"parity_max_rel_err":0.000000e0,"parity_scaled_abs_bound":1.907255e-6,"parity_scaled_abs_rescued":0}
== bench-candle gemm metal 512 fresh ==
{"framework":"candle","version":"0.11.0","task":"gemm","device":"metal","size":512,"median_s":0.000459478,"q1_s":0.000406417,"q3_s":0.000509917,"gflops":584.218,"checksum":937.743233,"warmup":20,"iters":20,"mode":"fresh","parity_total":262144,"parity_fail_count":0,"parity_max_abs_err":0.000000e0,"parity_max_rel_err":0.000000e0,"parity_scaled_abs_bound":3.814663e-6,"parity_scaled_abs_rescued":0}
== bench-candle gemm metal 1024 fresh ==
{"framework":"candle","version":"0.11.0","task":"gemm","device":"metal","size":1024,"median_s":0.001642438,"q1_s":0.001607104,"q3_s":0.001685282,"gflops":1307.498,"checksum":-1855.597736,"warmup":20,"iters":20,"mode":"fresh","parity_total":1048576,"parity_fail_count":0,"parity_max_abs_err":0.000000e0,"parity_max_rel_err":0.000000e0,"parity_scaled_abs_bound":7.629375e-6,"parity_scaled_abs_rescued":0}
== bench-candle gemm metal 2048 fresh ==
{"framework":"candle","version":"0.11.0","task":"gemm","device":"metal","size":2048,"median_s":0.006241625,"q1_s":0.005764063,"q3_s":0.006388677,"gflops":2752.467,"checksum":-6016.774008,"warmup":20,"iters":20,"mode":"fresh","parity_total":4194304,"parity_fail_count":0,"parity_max_abs_err":0.000000e0,"parity_max_rel_err":0.000000e0,"parity_scaled_abs_bound":1.525878e-5,"parity_scaled_abs_rescued":0}
== bench-candle gemm metal 4096 fresh ==
{"framework":"candle","version":"0.11.0","task":"gemm","device":"metal","size":4096,"median_s":0.028140854,"q1_s":0.022723855,"q3_s":0.034179812,"gflops":4883.965,"checksum":-25768.747284,"warmup":20,"iters":20,"mode":"fresh","parity_total":16777216,"parity_fail_count":0,"parity_max_abs_err":0.000000e0,"parity_max_rel_err":0.000000e0,"parity_scaled_abs_bound":3.051757e-5,"parity_scaled_abs_rescued":0}
== bench-candle train cpu 64 fresh ==
{"framework":"candle","version":"0.11.0","task":"train","device":"cpu","size":64,"median_s":0.000746000,"q1_s":0.000702708,"q3_s":0.000785145,"checksum":0.117550,"warmup":20,"iters":80,"mode":"fresh"}
== bench-candle infer cpu 64 fresh ==
{"framework":"candle","version":"0.11.0","task":"infer","device":"cpu","size":64,"median_s":0.000150125,"q1_s":0.000137146,"q3_s":0.000159406,"throughput_per_s":6661.094,"checksum":1381.708783,"warmup":20,"iters":20,"mode":"fresh"}
== bench-candle train metal 64 fresh ==
{"framework":"candle","version":"0.11.0","task":"train","device":"metal","size":64,"median_s":0.000618583,"q1_s":0.000613385,"q3_s":0.000626969,"checksum":0.117550,"warmup":20,"iters":80,"mode":"fresh"}
== bench-candle infer metal 64 fresh ==
{"framework":"candle","version":"0.11.0","task":"infer","device":"metal","size":64,"median_s":0.000410312,"q1_s":0.000390802,"q3_s":0.000415604,"throughput_per_s":2437.167,"checksum":1381.708809,"warmup":20,"iters":20,"mode":"fresh"}
== bench-burn gemm cpu 256 fresh ==
{"framework":"burn","version":"0.21.0","task":"gemm","device":"cpu","size":256,"median_s":0.000363438,"q1_s":0.000359271,"q3_s":0.000368990,"gflops":92.325,"checksum":237.546660,"warmup":20,"iters":20,"mode":"fresh","parity_total":65536,"parity_fail_count":0,"parity_max_abs_err":0.000000e0,"parity_max_rel_err":0.000000e0,"parity_scaled_abs_bound":1.907255e-6,"parity_scaled_abs_rescued":0}
== bench-burn gemm cpu 512 fresh ==
{"framework":"burn","version":"0.21.0","task":"gemm","device":"cpu","size":512,"median_s":0.002618937,"q1_s":0.002616083,"q3_s":0.002624885,"gflops":102.498,"checksum":937.743112,"warmup":20,"iters":20,"mode":"fresh","parity_total":262144,"parity_fail_count":0,"parity_max_abs_err":9.059906e-6,"parity_max_rel_err":8.316180e-3,"parity_scaled_abs_bound":3.814663e-6,"parity_scaled_abs_rescued":0}
== bench-burn gemm cpu 1024 fresh ==
{"framework":"burn","version":"0.21.0","task":"gemm","device":"cpu","size":1024,"median_s":0.020056208,"q1_s":0.020012999,"q3_s":0.020542740,"gflops":107.073,"checksum":-1855.595863,"warmup":20,"iters":20,"mode":"fresh","parity_total":1048576,"parity_fail_count":0,"parity_max_abs_err":2.050400e-5,"parity_max_rel_err":1.834505e-1,"parity_scaled_abs_bound":7.629375e-6,"parity_scaled_abs_rescued":0}
== bench-burn gemm cpu 2048 fresh ==
{"framework":"burn","version":"0.21.0","task":"gemm","device":"cpu","size":2048,"median_s":0.157747917,"q1_s":0.157356916,"q3_s":0.158435563,"gflops":108.907,"checksum":-6016.774966,"warmup":20,"iters":20,"mode":"fresh","parity_total":4194304,"parity_fail_count":0,"parity_max_abs_err":3.528595e-5,"parity_max_rel_err":3.051549e-1,"parity_scaled_abs_bound":1.525878e-5,"parity_scaled_abs_rescued":5}
== bench-burn gemm metal 256 fresh ==
{"framework":"burn","version":"0.21.0","task":"gemm","device":"metal","size":256,"median_s":0.001646188,"q1_s":0.001642438,"q3_s":0.001650105,"gflops":20.383,"checksum":237.546660,"warmup":20,"iters":20,"mode":"fresh","parity_total":65536,"parity_fail_count":0,"parity_max_abs_err":0.000000e0,"parity_max_rel_err":0.000000e0,"parity_scaled_abs_bound":1.907255e-6,"parity_scaled_abs_rescued":0}
== bench-burn gemm metal 512 fresh ==
== bench-burn gemm metal 1024 fresh ==
== bench-burn gemm metal 2048 fresh ==
== bench-burn gemm metal 4096 fresh ==
== bench-burn train cpu 64 fresh ==
{"framework":"burn","version":"0.21.0","task":"train","device":"cpu","size":64,"median_s":0.000633854,"q1_s":0.000628438,"q3_s":0.000637822,"checksum":0.117549,"warmup":20,"iters":80,"mode":"fresh"}
== bench-burn infer cpu 64 fresh ==
{"framework":"burn","version":"0.21.0","task":"infer","device":"cpu","size":64,"median_s":0.000282271,"q1_s":0.000282125,"q3_s":0.000285104,"throughput_per_s":3542.695,"checksum":1381.708825,"warmup":20,"iters":20,"mode":"fresh"}
== bench-burn train metal 64 fresh ==
{"framework":"burn","version":"0.21.0","task":"train","device":"metal","size":64,"median_s":0.001884062,"q1_s":0.001866750,"q3_s":0.001959719,"checksum":0.117550,"warmup":20,"iters":80,"mode":"fresh"}
== bench-burn infer metal 64 fresh ==
{"framework":"burn","version":"0.21.0","task":"infer","device":"metal","size":64,"median_s":0.001758375,"q1_s":0.001754916,"q3_s":0.001763291,"throughput_per_s":568.707,"checksum":1381.708783,"warmup":20,"iters":20,"mode":"fresh"}
== bench-fandhe gemm metal 256 reuse ==
{"framework":"fandhe-ai","version":"0.11.0","task":"gemm","device":"metal","size":256,"median_s":0.000270292,"q1_s":0.000267250,"q3_s":0.000276240,"gflops":124.141,"checksum":237.546660,"warmup":20,"iters":20,"mode":"reuse","init_s":0.028395375,"parity_total":65536,"parity_fail_count":0,"parity_max_abs_err":0.000000e0,"parity_max_rel_err":0.000000e0,"parity_scaled_abs_bound":0.000000e0,"parity_scaled_abs_rescued":0}
== bench-fandhe gemm metal 512 reuse ==
{"framework":"fandhe-ai","version":"0.11.0","task":"gemm","device":"metal","size":512,"median_s":0.000617229,"q1_s":0.000608157,"q3_s":0.000629187,"gflops":434.904,"checksum":937.743233,"warmup":20,"iters":20,"mode":"reuse","init_s":0.032784375,"parity_total":262144,"parity_fail_count":0,"parity_max_abs_err":0.000000e0,"parity_max_rel_err":0.000000e0,"parity_scaled_abs_bound":0.000000e0,"parity_scaled_abs_rescued":0}
== bench-fandhe gemm metal 1024 reuse ==
{"framework":"fandhe-ai","version":"0.11.0","task":"gemm","device":"metal","size":1024,"median_s":0.002423083,"q1_s":0.002361000,"q3_s":0.002449844,"gflops":886.261,"checksum":-1855.597736,"warmup":20,"iters":20,"mode":"reuse","init_s":0.032324625,"parity_total":1048576,"parity_fail_count":0,"parity_max_abs_err":0.000000e0,"parity_max_rel_err":0.000000e0,"parity_scaled_abs_bound":0.000000e0,"parity_scaled_abs_rescued":0}
== bench-fandhe gemm metal 2048 reuse ==
{"framework":"fandhe-ai","version":"0.11.0","task":"gemm","device":"metal","size":2048,"median_s":0.009219626,"q1_s":0.009029489,"q3_s":0.009457927,"gflops":1863.402,"checksum":-6016.774008,"warmup":20,"iters":20,"mode":"reuse","init_s":0.047655584,"parity_total":4194304,"parity_fail_count":0,"parity_max_abs_err":0.000000e0,"parity_max_rel_err":0.000000e0,"parity_scaled_abs_bound":0.000000e0,"parity_scaled_abs_rescued":0}
== bench-fandhe gemm metal 4096 reuse ==
{"framework":"fandhe-ai","version":"0.11.0","task":"gemm","device":"metal","size":4096,"median_s":0.048517229,"q1_s":0.047796480,"q3_s":0.050265885,"gflops":2832.787,"checksum":-25768.747284,"warmup":20,"iters":20,"mode":"reuse","init_s":0.087190208,"parity_total":16777216,"parity_fail_count":0,"parity_max_abs_err":0.000000e0,"parity_max_rel_err":0.000000e0,"parity_scaled_abs_bound":0.000000e0,"parity_scaled_abs_rescued":0}
== bench-fandhe gemm cpu 256 reuse ==
{"framework":"fandhe-ai","version":"0.11.0","task":"gemm","device":"cpu","size":256,"median_s":0.000220812,"q1_s":0.000213990,"q3_s":0.000226563,"gflops":151.959,"checksum":237.546660,"warmup":20,"iters":20,"mode":"reuse","init_s":0.002567125,"parity_total":65536,"parity_fail_count":0,"parity_max_abs_err":0.000000e0,"parity_max_rel_err":0.000000e0,"parity_scaled_abs_bound":0.000000e0,"parity_scaled_abs_rescued":0}
== bench-fandhe gemm cpu 512 reuse ==
{"framework":"fandhe-ai","version":"0.11.0","task":"gemm","device":"cpu","size":512,"median_s":0.000634521,"q1_s":0.000606812,"q3_s":0.000660563,"gflops":423.052,"checksum":937.743233,"warmup":20,"iters":20,"mode":"reuse","init_s":0.002650833,"parity_total":262144,"parity_fail_count":0,"parity_max_abs_err":0.000000e0,"parity_max_rel_err":0.000000e0,"parity_scaled_abs_bound":0.000000e0,"parity_scaled_abs_rescued":0}
== bench-fandhe gemm cpu 1024 reuse ==
{"framework":"fandhe-ai","version":"0.11.0","task":"gemm","device":"cpu","size":1024,"median_s":0.003145813,"q1_s":0.002956073,"q3_s":0.003207646,"gflops":682.648,"checksum":-1855.597736,"warmup":20,"iters":20,"mode":"reuse","init_s":0.005045500,"parity_total":1048576,"parity_fail_count":0,"parity_max_abs_err":0.000000e0,"parity_max_rel_err":0.000000e0,"parity_scaled_abs_bound":0.000000e0,"parity_scaled_abs_rescued":0}
== bench-fandhe gemm cpu 2048 reuse ==
{"framework":"fandhe-ai","version":"0.11.0","task":"gemm","device":"cpu","size":2048,"median_s":0.020011625,"q1_s":0.019764136,"q3_s":0.020407792,"gflops":858.494,"checksum":-6016.774008,"warmup":20,"iters":20,"mode":"reuse","init_s":0.023732833,"parity_total":4194304,"parity_fail_count":0,"parity_max_abs_err":0.000000e0,"parity_max_rel_err":0.000000e0,"parity_scaled_abs_bound":0.000000e0,"parity_scaled_abs_rescued":0}
== bench-fandhe train cpu 64 reuse ==
{"framework":"fandhe-ai","version":"0.11.0","task":"train","device":"cpu","size":64,"median_s":0.000855333,"q1_s":0.000819802,"q3_s":0.000888344,"checksum":0.080541,"warmup":20,"iters":80,"mode":"reuse","init_s":0.000204708}
== bench-fandhe infer cpu 64 reuse ==
{"framework":"fandhe-ai","version":"0.11.0","task":"infer","device":"cpu","size":64,"median_s":0.000151000,"q1_s":0.000146114,"q3_s":0.000160031,"throughput_per_s":6622.495,"checksum":13.976574,"warmup":20,"iters":20,"mode":"reuse","init_s":0.000193750}
== bench-fandhe train metal 64 reuse ==
{"framework":"fandhe-ai","version":"0.11.0","task":"train","device":"metal","size":64,"median_s":0.001127021,"q1_s":0.001105979,"q3_s":0.001204312,"checksum":0.080541,"warmup":20,"iters":80,"mode":"reuse","init_s":0.024997000}
== bench-fandhe infer metal 64 reuse ==
{"framework":"fandhe-ai","version":"0.11.0","task":"infer","device":"metal","size":64,"median_s":0.000266833,"q1_s":0.000251135,"q3_s":0.000269812,"throughput_per_s":3747.662,"checksum":13.976574,"warmup":20,"iters":20,"mode":"reuse","init_s":0.023130334}
rust-done 2026-10-10T08:51:21Z
== py --framework pytorch --task gemm --device cpu --size 256 ==
== py --framework pytorch --task gemm --device cpu --size 512 ==
== py --framework pytorch --task gemm --device cpu --size 1024 ==
== py --framework pytorch --task gemm --device cpu --size 2048 ==
== py --framework pytorch --task gemm --device metal --size 256 ==
== py --framework pytorch --task gemm --device metal --size 512 ==
== py --framework pytorch --task gemm --device metal --size 1024 ==
== py --framework pytorch --task gemm --device metal --size 2048 ==
== py --framework pytorch --task gemm --device metal --size 4096 ==
== py --framework pytorch --task train --device cpu --size 64 ==
== py --framework pytorch --task infer --device cpu --size 64 ==
== py --framework pytorch --task train --device metal --size 64 ==
== py --framework pytorch --task infer --device metal --size 64 ==
== py --framework tensorflow --task gemm --device cpu --size 256 ==
== py --framework tensorflow --task gemm --device cpu --size 512 ==
== py --framework tensorflow --task gemm --device cpu --size 1024 ==
== py --framework tensorflow --task gemm --device cpu --size 2048 ==
== py --framework tensorflow --task gemm --device metal --size 256 ==
== py --framework tensorflow --task gemm --device metal --size 512 ==
== py --framework tensorflow --task gemm --device metal --size 1024 ==
== py --framework tensorflow --task gemm --device metal --size 2048 ==
== py --framework tensorflow --task gemm --device metal --size 4096 ==
== py --framework tensorflow --task train --device cpu --size 64 ==
== py --framework tensorflow --task infer --device cpu --size 64 ==
== py --framework tensorflow --task train --device metal --size 64 ==
== py --framework tensorflow --task infer --device metal --size 64 ==
== py --framework scipy --task gemm --device cpu --size 256 ==
== py --framework scipy --task gemm --device cpu --size 512 ==
== py --framework scipy --task gemm --device cpu --size 1024 ==
== py --framework scipy --task gemm --device cpu --size 2048 ==
== py --framework scipy --task train --device cpu --size 64 ==
== py --framework scipy --task infer --device cpu --size 64 ==
17:52  up  6:54, 13 users, load averages: 4.75 5.53 4.55
done. rows=      48 pyrows=      32 skipped=       4 2026-10-10T08:52:03Z
