# before(2250dce相当・raw のみ) / after(HEAD・pooled 結線時点) の複数回計測
# 512/1024/2048 は安定（32 MiB 閾値未満）・4096 はバイナリ間差の影響で
# 大きくばらつく（後に同一バイナリ比較〈run_f16_same_binary_interleaved.log〉
# で再検証）
# --- before (raw, multi run, full 4 sizes) ---
size,median_ms,q1_ms,q3_ms,tflops
512,0.0655,0.0653,0.0656,4.0990
1024,0.1854,0.1852,0.1865,11.5824
2048,0.7935,0.7917,0.8012,21.6501
4096,312.2403,292.2213,316.0875,0.4402
---
512,0.0658,0.0654,0.0662,4.0820
1024,0.1853,0.1850,0.1854,11.5894
2048,0.7918,0.7906,0.7926,21.6978
4096,17.8241,17.7496,18.4419,7.7109
---
512,0.0662,0.0659,0.0666,4.0544
1024,0.1854,0.1850,0.1860,11.5825
2048,0.7969,0.7960,0.8000,21.5571
4096,265.7014,262.0495,267.4086,0.5173
---
512,0.0663,0.0658,0.0665,4.0515
1024,0.1855,0.1847,0.1858,11.5765
2048,0.7905,0.7896,0.7997,21.7316
4096,21.3918,19.3218,265.1129,6.4248
---
# --- after (pooled, multi run, full 4 sizes; pool.rs/gemm_mma.rs at the
#     intermediate commit where run_f16 called the pooled API) ---
512,0.0592,0.0589,0.0598,4.5356
1024,0.1782,0.1772,0.1791,12.0482
2048,0.7669,0.7658,0.7755,22.4031
4096,265.7741,259.3081,268.2345,0.5171
---
512,0.0599,0.0596,0.0602,4.4787
1024,0.1783,0.1774,0.1791,12.0439
2048,0.7654,0.7634,0.7664,22.4443
4096,268.7214,264.6245,269.7009,0.5115
---
512,0.0596,0.0588,0.0599,4.5064
1024,0.1792,0.1779,0.1795,11.9859
2048,0.7646,0.7626,0.7654,22.4702
4096,237.4631,17.0400,263.8359,0.5788
---
512,0.0598,0.0591,0.0599,4.4919
1024,0.1779,0.1773,0.1791,12.0688
2048,0.7643,0.7640,0.7657,22.4786
4096,269.5861,264.4998,275.0206,0.5098
---
