warning: use of deprecated method `std::sync::atomic::Atomic::<u64>::fetch_update`: renamed to `try_update` for consistency
   --> crates\tensor-core\src\pool_core.rs:496:43
    |
496 |         let _ = self.pending_return_bytes.fetch_update(
    |                                           ^^^^^^^^^^^^
    |
    = note: `#[warn(deprecated)]` on by default
help: replace the use of the deprecated method
    |
496 -         let _ = self.pending_return_bytes.fetch_update(
496 +         let _ = self.pending_return_bytes.try_update(
    |

warning: `fandhe-ai-tensor-core` (lib) generated 1 warning (run `cargo fix --lib -p fandhe-ai-tensor-core` to apply 1 suggestion)
    Finished `test` profile [unoptimized + debuginfo] target(s) in 0.13s
     Running unittests src\lib.rs (target\debug\deps\fandhe_ai_onnx_interop-52b45d2cb63ad012.exe)

running 344 tests
test onnx::export::alloc_tests::encode_le_reports_unallocatable_length ... ok
test onnx::external_data::alloc_tests::alloc_region_buf_rejects_lengths_beyond_isize_max_before_allocating ... ok
test onnx::external_data::alloc_tests::read_region_short_read_is_unexpected_eof ... ok
test onnx::external_data::alloc_tests::try_alloc_vec_reports_capacity_overflow_as_allocation_failed ... ok
test onnx::export::alloc_tests::encode_tensor_raw_data_matches_previous_serialization ... ok
test onnx::external_data::alloc_tests::try_decode_rejects_partial_element_as_internal ... ok
test onnx::external_data::alloc_tests::try_decode_matches_decode_tensor_for_all_dtypes ... ok
test onnx::external_data::overlap_tests::adjacent_regions_sharing_one_byte_overlap ... ok
test onnx::external_data::overlap_tests::adjacent_touching_regions_do_not_overlap ... ok
test onnx::external_data::overlap_tests::containing_region_is_detected ... ok
test onnx::external_data::overlap_tests::same_offset_regions_are_reported_deterministically ... ok
test onnx::external_data::overlap_tests::unsorted_input_is_judged_by_position ... ok
test onnx::export::alloc_tests::try_encode_model_matches_encode_model ... ok
test onnx::external_data::overlap_tests::zero_length_regions_are_excluded ... ok
test onnx::external_data::windows_lexical_tests::alternate_data_stream_is_rejected ... ok
test onnx::external_data::windows_lexical_tests::forbidden_characters_are_rejected ... ok
test onnx::external_data::windows_lexical_tests::reserved_device_names_are_rejected ... ok
test onnx::external_data::windows_lexical_tests::ordinary_names_are_accepted ... ok
test onnx::external_data::windows_lexical_tests::trailing_dot_or_space_is_rejected ... ok
test onnx::fallible_alloc::tests::attr_tensor_label_matches_loader_naming ... ok
test onnx::fallible_alloc::tests::try_alloc_vec_reports_unallocatable_request ... ok
test onnx::fallible_alloc::tests::try_clone_slice_matches_to_vec_with_exact_capacity ... ok
test onnx::fallible_alloc::tests::try_clone_nodes_equals_clone ... ok
test onnx::fallible_alloc::tests::try_decode_tensor_matches_decode_tensor ... ok
test onnx::interp::tests::attr_helpers_fall_back_to_default_when_absent ... ok
test onnx::external_data::alloc_tests::read_region_fills_exact_capacity_without_realloc ... ok
test onnx::interp::tests::compute_average_pool_i64_input_rejected ... ok
test onnx::interp::tests::compute_average_pool_missing_kernel_shape_rejected ... ok
test onnx::interp::tests::compute_batch_normalization_rejects_axis_style_output_arity ... ok
test onnx::interp::tests::compute_average_pool_default_count_include_pad_is_zero ... ok
test onnx::interp::tests::compute_batch_normalization_accepts_typed_attrs ... ok
test onnx::interp::tests::compute_batch_normalization_falls_back_to_defaults_when_attrs_omitted ... ok
test onnx::interp::tests::compute_batch_normalization_rejects_epsilon_wrong_type ... ok
test onnx::interp::tests::compute_batch_normalization_rejects_spatial_zero ... ok
test onnx::interp::tests::compute_batch_normalization_rejects_training_mode_nonzero ... ok
test onnx::interp::tests::compute_batch_normalization_rejects_wrong_input_arity ... ok
test onnx::interp::tests::compute_conv_accepts_auto_pad_omitted_as_notset ... ok
test onnx::interp::tests::compute_conv_falls_back_to_defaults_when_attrs_omitted ... ok
test onnx::interp::tests::compute_conv_rejects_auto_pad_with_mismatched_attribute_type ... ok
test onnx::interp::tests::compute_conv_rejects_dilations_with_mismatched_attribute_type ... ok
test onnx::interp::tests::compute_conv_rejects_duplicate_attribute ... ok
test onnx::interp::tests::compute_conv_rejects_group_with_mismatched_attribute_type ... ok
test onnx::interp::tests::compute_conv_rejects_four_inputs ... ok
test onnx::interp::tests::compute_conv_rejects_kernel_shape_with_mismatched_attribute_type ... ok
test onnx::interp::tests::compute_conv_rejects_pads_with_mismatched_attribute_type ... ok
test onnx::interp::tests::compute_conv_rejects_present_but_empty_auto_pad ... ok
test onnx::interp::tests::compute_conv_rejects_present_but_empty_ints_attribute ... ok
test onnx::interp::tests::compute_conv_rejects_strides_with_mismatched_attribute_type ... ok
test onnx::interp::tests::compute_conv_rejects_zero_inputs ... ok
test onnx::interp::tests::compute_conv_third_input_empty_placeholder_treated_as_no_bias ... ok
test onnx::interp::tests::compute_flatten_axis_default_and_explicit ... ok
test onnx::interp::tests::compute_flatten_rejects_axis_out_of_range ... ok
test onnx::interp::tests::compute_flatten_rejects_wrong_input_arity ... ok
test onnx::interp::tests::compute_global_average_pool_averages_spatial_axes ... ok
test onnx::interp::tests::compute_global_average_pool_rejects_wrong_input_arity ... ok
test onnx::interp::tests::compute_max_pool_basic ... ok
test onnx::interp::tests::compute_gather_i64_accepts_consistent_indices_shape ... ok
test onnx::interp::tests::compute_max_pool_ceil_mode_and_storage_order_accepted ... ok
test onnx::interp::tests::compute_max_pool_missing_kernel_shape_rejected ... ok
test onnx::interp::tests::compute_max_pool_rejects_duplicate_attribute ... ok
test onnx::interp::tests::compute_max_pool_rejects_kernel_shape_type_mismatch ... ok
test onnx::interp::tests::compute_max_pool_rejects_two_inputs ... ok
test onnx::interp::tests::dispatch_max_pool_and_average_pool_via_run ... ok
test onnx::interp::tests::raw_to_value_converts_all_dtypes ... ok
test onnx::interp::tests::run_end_to_end_add ... ok
test onnx::interp::tests::run_end_to_end_add_i64 ... ok
test onnx::interp::tests::run_end_to_end_batch_normalization_matches_ops_directly ... ok
test onnx::interp::tests::run_end_to_end_cast_f32_to_i64 ... ok
test onnx::interp::tests::run_end_to_end_constant_tensor_attribute ... ok
test onnx::interp::tests::run_end_to_end_constant_value_int ... ok
test onnx::interp::tests::run_end_to_end_constant_value_ints ... ok
test onnx::interp::tests::run_end_to_end_conv_accepts_correctly_typed_attrs ... ok
test onnx::interp::tests::run_end_to_end_div_i64 ... ok
test onnx::interp::tests::run_end_to_end_global_average_pool_and_flatten_chain ... ok
test onnx::interp::tests::run_end_to_end_mod_i64 ... ok
test onnx::interp::tests::run_end_to_end_matmul ... ok
test onnx::interp::tests::run_end_to_end_mul_i64 ... ok
test onnx::interp::tests::run_end_to_end_relu ... ok
test onnx::interp::tests::run_end_to_end_reshape ... ok
test onnx::interp::tests::run_end_to_end_softmax ... ok
test onnx::interp::tests::run_end_to_end_transpose_default_reverses_axes ... ok
test onnx::interp::tests::run_end_to_end_layer_normalization ... ok
test onnx::interp::tests::run_layer_normalization_multi_output_rejected ... ok
test onnx::interp::tests::run_gather_multidim_i64_shape_no_longer_restricted ... ok
test onnx::interp::tests::run_rejects_i64_div_by_zero ... ok
test onnx::interp::tests::run_rejects_missing_feed ... ok
test onnx::interp::tests::run_rejects_mixed_f32_i64_div ... ok
test onnx::interp::tests::run_rejects_unknown_feed ... ok
test onnx::interp::tests::run_rejects_unsupported_cast_combination ... ok
test onnx::interp::tests::run_rejects_unsupported_op ... ok
test onnx::interp::tests::unsqueeze_i64_with_scalar_gather_shim_delegates_multi_element_to_generic_unsqueeze ... ok
test onnx::interp::tests::unsqueeze_i64_with_scalar_gather_shim_keeps_flat_shape_for_single_element ... ok
test onnx::interp_ext::tests::pad_rejects_output_exceeding_materialize_limit ... ok
test onnx::interp_ext::tests::reduce_mean_empty_axes_attr_with_noop_one_is_identity ... ok
test onnx::proto::tests::decode_rejects_garbage_bytes ... ok
test onnx::proto::tests::encode_then_decode_roundtrips ... ok
test onnx::interp_ext::tests::where_rejects_broadcast_output_exceeding_materialize_limit ... ok
test onnx::interp_ext::tests::reduce_mean_empty_axes_attr_with_noop_zero_reduces_all_axes ... ok
test ops::activation::tests::erf_is_odd_function ... ok
test ops::activation::tests::erf_asymptotic_values_converge_to_one ... ok
test ops::activation::tests::erf_known_values ... ok
test ops::activation::tests::erf_on_non_contiguous_view ... ok
test ops::activation::tests::relu_clamps_negative_to_zero ... ok
test ops::activation::tests::relu_on_non_contiguous_view ... ok
test ops::activation::tests::relu_propagates_nan ... ok
test ops::activation::tests::sigmoid_known_values ... ok
test ops::activation::tests::sigmoid_near_boundary_does_not_collapse_to_exact_zero_or_one ... ok
test ops::arith::tests::add_broadcast_incompatible_rejected ... ok
test ops::arith::tests::add_broadcast_row_and_column ... ok
test ops::arith::tests::add_i64_broadcast_incompatible_rejected ... ok
test ops::arith::tests::add_i64_known_values ... ok
test ops::arith::tests::add_i64_overflow_rejected ... ok
test ops::arith::tests::add_same_shape ... ok
test ops::arith::tests::div_by_zero_follows_ieee754 ... ok
test ops::arith::tests::div_i64_by_zero_rejected ... ok
test ops::activation::tests::sigmoid_saturates_to_correctly_rounded_extremes ... ok
test ops::arith::tests::div_i64_min_by_neg_one_rejected ... ok
test ops::arith::tests::div_i64_truncates_toward_zero ... ok
test ops::arith::tests::div_known_values ... ok
test ops::arith::tests::mod_i64_by_zero_rejected ... ok
test ops::arith::tests::mod_i64_fmod_false_sign_follows_divisor ... ok
test ops::arith::tests::mod_i64_fmod_true_sign_follows_dividend ... ok
test ops::arith::tests::modulo_fmod_matches_c_fmod_semantics ... ok
test ops::arith::tests::modulo_python_style_rejected_for_float_input ... ok
test ops::arith::tests::mul_broadcast_scalar ... ok
test ops::arith::tests::mul_i64_known_values ... ok
test ops::arith::tests::mul_i64_overflow_rejected ... ok
test ops::arith::tests::sqrt_known_values ... ok
test ops::arith::tests::sqrt_negative_is_nan ... ok
test ops::batch_norm::tests::empty_dim_yields_empty_output ... ok
test ops::batch_norm::tests::infinite_variance_rejected ... ok
test ops::batch_norm::tests::nan_propagates ... ok
test ops::batch_norm::tests::nan_variance_rejected ... ok
test ops::batch_norm::tests::negative_eps_rejected ... ok
test ops::batch_norm::tests::negative_variance_rejected ... ok
test ops::batch_norm::tests::non_finite_eps_rejected ... ok
test ops::batch_norm::tests::param_length_mismatch_rejected ... ok
test ops::batch_norm::tests::param_rank_mismatch_rejected ... ok
test ops::batch_norm::tests::rank3_and_rank2_supported ... ok
test ops::batch_norm::tests::rank4_matches_reference ... ok
test ops::batch_norm::tests::rank_mismatch_rejected ... ok
test ops::batch_norm::tests::variance_rescued_by_epsilon_accepted ... ok
test ops::batch_norm::tests::variance_still_negative_after_epsilon_rejected ... ok
test ops::batch_norm::tests::zero_batch_with_large_spatial_dims_returns_empty_without_overflow ... ok
test ops::batch_norm::tests::zero_sum_variance_plus_epsilon_rejected ... ok
test ops::cast::tests::bool_to_f32_converts ... ok
test ops::cast::tests::f32_to_bool_nonzero_is_true ... ok
test ops::cast::tests::f32_to_f16_and_back_round_trips_representable_values ... ok
test ops::cast::tests::f32_to_i64_truncates_toward_zero ... ok
test ops::cast::tests::i64_to_f32_converts ... ok
test ops::cast::tests::supported_targets_accepted ... ok
test ops::cast::tests::unsupported_target_rejected ... ok
test ops::concat::tests::concat_axis0 ... ok
test ops::concat::tests::concat_axis1_negative ... ok
test ops::concat::tests::concat_empty_inputs_rejected ... ok
test ops::concat::tests::concat_rank_mismatch_rejected ... ok
test ops::concat::tests::concat_shape_mismatch_rejected ... ok
test ops::concat::tests::concat_single_input_is_identity ... ok
test ops::concat::tests::concat_three_inputs ... ok
test ops::constant::tests::constant_float_variant_is_rank0 ... ok
test ops::constant::tests::constant_floats_variant_is_rank1 ... ok
test ops::constant::tests::constant_tensor_shape_mismatch_rejected ... ok
test ops::constant::tests::constant_tensor_variant ... ok
test ops::conv::tests::asymmetric_kernel_catches_transposed_pads ... ok
test ops::conv::tests::asymmetric_pads_rejected ... ok
test ops::conv::tests::bias_is_added_per_out_channel ... ok
test ops::conv::tests::bias_length_mismatch_rejected ... ok
test ops::conv::tests::cin_group_mismatch_rejected_via_conv2d_out_shape ... ok
test ops::conv::tests::conv1d_asymmetric_pads_rejected ... ok
test ops::conv::tests::conv1d_bias_stride_dilation_group ... ok
test ops::conv::tests::conv1d_identity_kernel_no_padding ... ok
test ops::conv::tests::conv1d_kernel_shape_length_mismatch_rejected ... ok
test ops::conv::tests::conv1d_weight_rank_mismatch_rejected ... ok
test ops::conv::tests::conv1d_matches_2d_lift_with_same_weights ... ok
test ops::conv::tests::conv_out_buffer_len_normal_shape_ok ... ok
test ops::conv::tests::conv_out_buffer_len_overflow_detected_even_when_trailing_dim_is_zero ... ok
test ops::conv::tests::ensure_conv_out_bound_accepts_at_cap_and_rejects_over_cap ... ok
test ops::conv::tests::groups_split_channels ... ok
test ops::conv::tests::huge_pads_and_strides_no_longer_panic_and_yield_zero_output ... ok
test ops::conv::tests::identity_1x1_kernel_no_padding ... ok
test ops::conv::tests::kernel_shape_mismatch_rejected ... ok
test ops::conv::tests::known_value_3x3_input_2x2_kernel ... ok
test ops::conv::tests::negative_pads_rejected ... ok
test ops::conv::tests::non_notset_auto_pad_rejected ... ok
test ops::conv::tests::rank5_input_rejected_via_2d_path ... ok
test ops::conv::tests::rank_mismatch_rejected ... ok
test ops::conv::tests::small_spatial_but_large_cout_and_pads_rejected ... ok
test ops::gather::tests::gather_axis1_with_negative_index ... ok
test ops::gather::tests::gather_index_out_of_range_rejected ... ok
test ops::gather::tests::gather_indices_length_mismatch_rejected ... ok
test ops::gather::tests::gather_negative_axis ... ok
test ops::gather::tests::gather_rows_axis0 ... ok
test ops::gemm::tests::alpha_beta_and_bias_broadcast ... ok
test ops::gemm::tests::c_broadcast_from_scalar_shape ... ok
test ops::gemm::tests::inner_dim_mismatch_rejected ... ok
test ops::gemm::tests::plain_matmul_no_bias ... ok
test ops::gemm::tests::rank_mismatch_rejected ... ok
test ops::gemm::tests::trans_a_and_trans_b ... ok
test ops::gemm::tests::trans_a_only ... ok
test ops::gemm::tests::trans_b_only ... ok
test ops::global_average_pool::tests::rank2_rejected ... ok
test ops::global_average_pool::tests::rank3_averages_single_spatial_axis ... ok
test ops::global_average_pool::tests::rank4_averages_spatial_axes ... ok
test ops::global_average_pool::tests::rank5_supported ... ok
test ops::global_average_pool::tests::zero_batch_yields_empty_output ... ok
test ops::global_average_pool::tests::zero_spatial_rejected ... ok
test ops::layer_norm::tests::axis_out_of_range_rejected ... ok
test ops::layer_norm::tests::basic_2d_axis_minus_one ... ok
test ops::layer_norm::tests::bias_none_means_zero ... ok
test ops::layer_norm::tests::empty_normalized_set_rejected ... ok
test ops::layer_norm::tests::epsilon_default_matches_onnx_spec ... ok
test ops::layer_norm::tests::non_finite_epsilon_rejected ... ok
test ops::layer_norm::tests::outer_size_zero_produces_empty_output ... ok
test ops::layer_norm::tests::positive_and_negative_axis_are_equivalent ... ok
test ops::layer_norm::tests::rank3_multi_dim_normalized_set_axis1 ... ok
test ops::layer_norm::tests::scale_and_bias_are_applied ... ok
test ops::layer_norm::tests::scale_bias_degenerate_shape_broadcasts_across_outer_normalized_dim ... ok
test ops::layer_norm::tests::scale_shape_mismatch_rejected ... ok
test ops::matmul::tests::batch_incompatible_rejected ... ok
test ops::matmul::tests::element_count_overflow_rejected_via_a_realization_size ... ok
test ops::matmul::tests::element_count_overflow_rejected_via_b_realization_size ... ok
test ops::matmul::tests::element_count_overflow_rejected_via_batch_product ... ok
test ops::matmul::tests::element_count_overflow_rejected_via_empty_batch_stride ... ok
test ops::matmul::tests::element_count_overflow_rejected_via_out_len ... ok
test ops::matmul::tests::element_count_within_bounds_accepted ... ok
test ops::matmul::tests::inner_dim_mismatch_rejected ... ok
test ops::matmul::tests::matmul_1d_dot_1d_yields_scalar ... ok
test ops::matmul::tests::matmul_1d_vector_times_matrix ... ok
test ops::matmul::tests::matmul_1d_vector_times_matrix_accepts_non_contiguous_broadcast_input ... ok
test ops::matmul::tests::matmul_2d_matches_gemm_known_values ... ok
test ops::matmul::tests::matmul_3d_same_batch ... ok
test ops::matmul::tests::matmul_batch_broadcast_lhs_no_batch ... ok
test ops::matmul::tests::matmul_batch_broadcast_size_one ... ok
test ops::matmul::tests::matmul_empty_batch_with_huge_batch_dim_does_not_hang ... ok
test ops::matmul::tests::matmul_end_to_end_rejects_empty_batch_with_huge_matrix_dims ... ok
test ops::matmul::tests::matmul_matrix_times_1d_vector ... ok
test ops::matmul::tests::rank_zero_rejected ... ok
test ops::normalize_axis_tests::negative_wraps_from_end ... ok
test ops::normalize_axis_tests::out_of_range_returns_none ... ok
test ops::normalize_axis_tests::positive_within_range ... ok
test ops::output_elements_within_bound_tests::accepts_at_cap_and_rejects_over_cap ... ok
test ops::output_elements_within_bound_tests::checks_the_product_of_all_axes_not_just_a_subset ... ok
test ops::output_elements_within_bound_tests::overflow_is_rejected ... ok
test ops::pool::tests::average_pool_1d_matches_2d_lift ... ok
test ops::pool::tests::average_pool_ceil_mode_accepts_partial_window_when_kernel_exceeds_padded ... ok
test ops::pool::tests::average_pool_count_include_pad_false ... ok
test ops::pool::tests::average_pool_count_include_pad_true ... ok
test ops::pool::tests::average_pool_dilation_not_one_rejected ... ok
test ops::pool::tests::average_pool_empty_window_count_include_pad_false_rejected ... ok
test ops::pool::tests::average_pool_empty_window_count_include_pad_true_accepted ... ok
test ops::pool::tests::average_pool_f64_accumulation_order ... ok
test ops::pool::tests::average_pool_huge_pads_producing_huge_out_len_rejected_fast ... ok
test ops::pool::tests::average_pool_small_spatial_but_large_channel_count_rejected ... ok
test ops::pool::tests::average_pool_zero_batch_with_huge_pads_rejected_fast_count_include_pad_false ... ok
test ops::pool::tests::average_pool_zero_batch_with_huge_pads_rejected_fast_count_include_pad_true ... ok
test ops::pool::tests::ceil_mode_out_of_range_rejected ... ok
test ops::pool::tests::empty_window_rejected ... ok
test ops::pool::tests::ensure_pool_out_bound_accepts_at_cap_and_rejects_over_cap ... ok
test ops::pool::tests::ensure_pool_out_bound_rejects_huge_axis_even_when_n_or_c_is_zero ... ok
test ops::pool::tests::huge_pads_and_strides_no_panic ... ok
test ops::pool::tests::kernel_shape_length_mismatch_rejected ... ok
test ops::pool::tests::kernel_shape_missing_rejected ... ok
test ops::pool::tests::max_pool_1d_matches_2d_lift ... ok
test ops::pool::tests::max_pool_2x2_stride2_no_padding ... ok
test ops::pool::tests::max_pool_asymmetric_pads_accepted ... ok
test ops::pool::tests::max_pool_ceil_mode_accepts_partial_window_when_kernel_exceeds_padded ... ok
test ops::pool::tests::max_pool_ceil_mode_adjusts_output_length ... ok
test ops::pool::tests::max_pool_ceil_mode_rejects_when_deficit_reaches_stride ... ok
test ops::pool::tests::max_pool_floor_mode_rejects_kernel_exceeding_padded ... ok
test ops::pool::tests::max_pool_huge_kernel_shape_with_single_valid_tap_completes_fast ... ok
test ops::pool::tests::max_pool_huge_pads_producing_huge_out_len_rejected_fast ... ok
test ops::pool::tests::max_pool_nan_propagates ... ok
test ops::pool::tests::max_pool_small_spatial_but_large_channel_count_rejected ... ok
test ops::pool::tests::max_pool_tie_first_match_wins ... ok
test ops::pool::tests::max_pool_overlapping_windows ... ok
test ops::pool::tests::max_pool_zero_batch_with_huge_pads_rejected_fast ... ok
test ops::pool::tests::max_pool_zero_channel_with_huge_pads_rejected_fast ... ok
test ops::pool::tests::negative_kernel_rejected ... ok
test ops::pool::tests::rank5_rejected ... ok
test ops::pool::tests::same_upper_auto_pad_rejected ... ok
test ops::pool::tests::zero_kernel_rejected ... ok
test ops::pool::tests::zero_stride_rejected ... ok
test ops::shape_ops::tests::shape_of_rank_one ... ok
test ops::shape_ops::tests::shape_of_rank_zero_is_empty ... ok
test ops::shape_ops::tests::shape_returns_dims_as_i64 ... ok
test ops::shape_ops::tests::unsqueeze_axis_out_of_range_rejected ... ok
test ops::shape_ops::tests::unsqueeze_duplicate_axis_rejected ... ok
test ops::shape_ops::tests::unsqueeze_inserts_axis_at_position ... ok
test ops::shape_ops::tests::unsqueeze_multiple_axes ... ok
test ops::shape_ops::tests::unsqueeze_negative_axis ... ok
test ops::shape_ops::tests::unsqueeze_negative_axis_out_of_range_rejected ... ok
test ops::shape_transform::tests::flatten_axis_0_yields_row_vector ... ok
test ops::shape_transform::tests::flatten_axis_1_merges_trailing_dims ... ok
test ops::shape_transform::tests::flatten_axis_equal_rank_yields_column_vector ... ok
test ops::shape_transform::tests::flatten_axis_out_of_range_rejected ... ok
test ops::shape_transform::tests::flatten_i64_and_bool_dtypes ... ok
test ops::shape_transform::tests::flatten_negative_axis_equivalent_to_positive ... ok
test ops::shape_transform::tests::flatten_rank0_axis0_yields_1x1 ... ok
test ops::shape_transform::tests::flatten_zero_dim_shape ... ok
test ops::shape_transform::tests::reshape_basic ... ok
test ops::shape_transform::tests::reshape_element_count_mismatch_rejected ... ok
test ops::shape_transform::tests::reshape_infers_minus_one ... ok
test ops::shape_transform::tests::reshape_multiple_minus_one_rejected ... ok
test ops::shape_transform::tests::reshape_zero_copies_input_dim ... ok
test ops::shape_transform::tests::squeeze_explicit_empty_axes_drops_all_size_one ... ok
test ops::shape_transform::tests::squeeze_negative_axis ... ok
test ops::shape_transform::tests::squeeze_non_size_one_axis_rejected ... ok
test ops::shape_transform::tests::squeeze_with_axes ... ok
test ops::shape_transform::tests::squeeze_without_axes_drops_all_size_one ... ok
test ops::shape_transform::tests::transpose_default_reverses_axes ... ok
test ops::shape_transform::tests::transpose_explicit_perm_rank3 ... ok
test ops::shape_transform::tests::transpose_perm_duplicate_rejected ... ok
test ops::shape_transform::tests::transpose_perm_length_mismatch_rejected ... ok
test ops::shape_transform::tests::transpose_perm_negative_axis_rejected ... ok
test ops::shape_transform::tests::transpose_perm_out_of_range_rejected ... ok
test ops::slice::tests::duplicate_axis_rejected ... ok
test ops::slice::tests::basic_positive_step ... ok
test ops::slice::tests::empty_range_yields_zero_length_axis ... ok
test ops::slice::tests::int_max_sentinel_end_clamps ... ok
test ops::slice::tests::lengths_mismatch_rejected ... ok
test ops::slice::tests::multi_axis_2d ... ok
test ops::slice::tests::negative_indices_and_axes ... ok
test ops::slice::tests::negative_step_reverses ... ok
test ops::slice::tests::step_two_positive_dim ... ok
test ops::slice::tests::step_zero_rejected ... ok
test ops::softmax::tests::axis_out_of_range_rejected ... ok
test ops::softmax::tests::softmax_1d_known_values ... ok
test ops::softmax::tests::softmax_2d_axis1_rows_sum_to_one ... ok
test ops::softmax::tests::softmax_3d_middle_axis ... ok
test ops::softmax::tests::softmax_empty_axis_with_huge_sibling_dim_does_not_hang ... ok
test ops::softmax::tests::softmax_negative_axis_matches_last_axis ... ok
test ops::softmax::tests::softmax_numerically_stable_for_large_values ... ok
test require_keys::tests::all_keys_present_is_ok ... ok
test require_keys::tests::duplicate_expected_keys_do_not_duplicate_missing_report ... ok
test require_keys::tests::empty_expected_keys_is_ok_even_for_empty_map ... ok
test require_keys::tests::missing_key_is_reported_not_skipped ... ok
test require_keys::tests::multiple_missing_keys_are_reported_in_deterministic_order ... ok
test st_load::tests::require_keys_ok_when_all_present ... ok
test st_load::tests::require_keys_reports_all_missing_not_just_the_first ... ok
test st_save::tests::empty_map_round_trips ... ok
test st_save::tests::output_is_deterministic_across_calls ... ok
test st_save::tests::single_tensor_round_trips_with_bit_exact_values ... ok
test st_save::tests::save_with_bare_relative_filename_writes_into_current_dir ... ok
test onnx::external_data::overlap_tests::many_non_overlapping_unit_regions_are_accepted ... ok

test result: ok. 344 passed; 0 failed; 0 ignored; 0 measured; 0 filtered out; finished in 0.30s
