warning: use of deprecated method `std::sync::atomic::Atomic::<u64>::fetch_update`: renamed to `try_update` for consistency
   --> crates\tensor-core\src\pool_core.rs:496:43
    |
496 |         let _ = self.pending_return_bytes.fetch_update(
    |                                           ^^^^^^^^^^^^
    |
    = note: `#[warn(deprecated)]` on by default
help: replace the use of the deprecated method
    |
496 -         let _ = self.pending_return_bytes.fetch_update(
496 +         let _ = self.pending_return_bytes.try_update(
    |

warning: `fandhe-ai-tensor-core` (lib) generated 1 warning (run `cargo fix --lib -p fandhe-ai-tensor-core` to apply 1 suggestion)
    Finished `test` profile [unoptimized + debuginfo] target(s) in 0.10s
     Running tests\onnx_external_data.rs (target\debug\deps\onnx_external_data-bd43f320775f74cd.exe)

running 3 tests
test unc_base_dir_is_rejected ... ok
test symlink_final_component_is_rejected_on_windows ... FAILED
test symlink_intermediate_component_is_rejected_on_windows ... FAILED

failures:

---- symlink_final_component_is_rejected_on_windows stdout ----

thread 'symlink_final_component_is_rejected_on_windows' (3156) panicked at crates\onnx-interop\tests\onnx_external_data.rs:2571:54:
symlink_file の作成に失敗した: Os { code: 1, kind: Uncategorized, message: "Incorrect function." }

---- symlink_intermediate_component_is_rejected_on_windows stdout ----

thread 'symlink_intermediate_component_is_rejected_on_windows' (6448) panicked at crates\onnx-interop\tests\onnx_external_data.rs:2606:61:
symlink_dir の作成に失敗した: Os { code: 1, kind: Uncategorized, message: "Incorrect function." }
note: run with `RUST_BACKTRACE=1` environment variable to display a backtrace


failures:
    symlink_final_component_is_rejected_on_windows
    symlink_intermediate_component_is_rejected_on_windows

test result: FAILED. 1 passed; 2 failed; 0 ignored; 0 measured; 51 filtered out; finished in 0.01s

error: test failed, to rerun pass `-p fandhe-ai-onnx-interop --test onnx_external_data`
