warning: use of deprecated method `std::sync::atomic::Atomic::<u64>::fetch_update`: renamed to `try_update` for consistency
   --> crates\tensor-core\src\pool_core.rs:496:43
    |
496 |         let _ = self.pending_return_bytes.fetch_update(
    |                                           ^^^^^^^^^^^^
    |
    = note: `#[warn(deprecated)]` on by default
help: replace the use of the deprecated method
    |
496 -         let _ = self.pending_return_bytes.fetch_update(
496 +         let _ = self.pending_return_bytes.try_update(
    |

warning: `fandhe-ai-tensor-core` (lib) generated 1 warning (run `cargo fix --lib -p fandhe-ai-tensor-core` to apply 1 suggestion)
    Finished `test` profile [unoptimized + debuginfo] target(s) in 0.10s
     Running tests\onnx_external_data.rs (target\debug\deps\onnx_external_data-bd43f320775f74cd.exe)

running 3 tests
test symlink_final_component_is_rejected_on_windows ... ok
test symlink_intermediate_component_is_rejected_on_windows ... ok
test unc_base_dir_is_rejected ... ok

test result: ok. 3 passed; 0 failed; 0 ignored; 0 measured; 51 filtered out; finished in 0.01s
