== build bench-fandhe  ==
== build bench-candle --no-default-features --features cuda ==
== build bench-burn --no-default-features --features cuda ==
== bench-fandhe gemm cuda size=256 mode=fresh extra=none ==
{"framework":"fandhe-ai","version":"0.10.0","task":"gemm","device":"cuda","size":256,"median_s":0.000088048,"q1_s":0.000087776,"q3_s":0.000088460,"gflops":381.092,"checksum":237.546660,"warmup":20,"iters":20,"mode":"fresh","parity_total":65536,"parity_fail_count":0,"parity_max_abs_err":0.000000e0,"parity_max_rel_err":0.000000e0,"parity_scaled_abs_bound":0.000000e0,"parity_scaled_abs_rescued":0}
== bench-fandhe gemm cuda size=512 mode=fresh extra=none ==
{"framework":"fandhe-ai","version":"0.10.0","task":"gemm","device":"cuda","size":512,"median_s":0.000267080,"q1_s":0.000266008,"q3_s":0.000268628,"gflops":1005.075,"checksum":937.743233,"warmup":20,"iters":20,"mode":"fresh","parity_total":262144,"parity_fail_count":0,"parity_max_abs_err":0.000000e0,"parity_max_rel_err":0.000000e0,"parity_scaled_abs_bound":0.000000e0,"parity_scaled_abs_rescued":0}
== bench-fandhe gemm cuda size=1024 mode=fresh extra=none ==
{"framework":"fandhe-ai","version":"0.10.0","task":"gemm","device":"cuda","size":1024,"median_s":0.000967465,"q1_s":0.000963737,"q3_s":0.000970093,"gflops":2219.702,"checksum":-1855.597736,"warmup":20,"iters":20,"mode":"fresh","parity_total":1048576,"parity_fail_count":0,"parity_max_abs_err":0.000000e0,"parity_max_rel_err":0.000000e0,"parity_scaled_abs_bound":0.000000e0,"parity_scaled_abs_rescued":0}
== bench-fandhe gemm cuda size=2048 mode=fresh extra=none ==
{"framework":"fandhe-ai","version":"0.10.0","task":"gemm","device":"cuda","size":2048,"median_s":0.004192162,"q1_s":0.004187354,"q3_s":0.004214157,"gflops":4098.093,"checksum":-6016.774008,"warmup":20,"iters":20,"mode":"fresh","parity_total":4194304,"parity_fail_count":0,"parity_max_abs_err":0.000000e0,"parity_max_rel_err":0.000000e0,"parity_scaled_abs_bound":0.000000e0,"parity_scaled_abs_rescued":0}
== bench-fandhe gemm cuda size=4096 mode=fresh extra=none ==
{"framework":"fandhe-ai","version":"0.10.0","task":"gemm","device":"cuda","size":4096,"median_s":0.039465577,"q1_s":0.039255429,"q3_s":0.039711989,"gflops":3482.502,"checksum":-25768.747284,"warmup":20,"iters":20,"mode":"fresh","parity_total":16777216,"parity_fail_count":0,"parity_max_abs_err":0.000000e0,"parity_max_rel_err":0.000000e0,"parity_scaled_abs_bound":0.000000e0,"parity_scaled_abs_rescued":0}
== bench-fandhe gemm cpu size=256 mode=fresh extra=none ==
{"framework":"fandhe-ai","version":"0.10.0","task":"gemm","device":"cpu","size":256,"median_s":0.000218368,"q1_s":0.000210068,"q3_s":0.000222732,"gflops":153.660,"checksum":237.546660,"warmup":20,"iters":20,"mode":"fresh","parity_total":65536,"parity_fail_count":0,"parity_max_abs_err":0.000000e0,"parity_max_rel_err":0.000000e0,"parity_scaled_abs_bound":0.000000e0,"parity_scaled_abs_rescued":0}
== bench-fandhe gemm cpu size=512 mode=fresh extra=none ==
{"framework":"fandhe-ai","version":"0.10.0","task":"gemm","device":"cpu","size":512,"median_s":0.001066441,"q1_s":0.000930216,"q3_s":0.001175937,"gflops":251.711,"checksum":937.743233,"warmup":20,"iters":20,"mode":"fresh","parity_total":262144,"parity_fail_count":0,"parity_max_abs_err":0.000000e0,"parity_max_rel_err":0.000000e0,"parity_scaled_abs_bound":0.000000e0,"parity_scaled_abs_rescued":0}
== bench-fandhe gemm cpu size=1024 mode=fresh extra=none ==
{"framework":"fandhe-ai","version":"0.10.0","task":"gemm","device":"cpu","size":1024,"median_s":0.004418842,"q1_s":0.004284402,"q3_s":0.004648046,"gflops":485.983,"checksum":-1855.597736,"warmup":20,"iters":20,"mode":"fresh","parity_total":1048576,"parity_fail_count":0,"parity_max_abs_err":0.000000e0,"parity_max_rel_err":0.000000e0,"parity_scaled_abs_bound":0.000000e0,"parity_scaled_abs_rescued":0}
== bench-fandhe gemm cpu size=2048 mode=fresh extra=none ==
{"framework":"fandhe-ai","version":"0.10.0","task":"gemm","device":"cpu","size":2048,"median_s":0.025148571,"q1_s":0.022485134,"q3_s":0.025961231,"gflops":683.135,"checksum":-6016.774008,"warmup":20,"iters":20,"mode":"fresh","parity_total":4194304,"parity_fail_count":0,"parity_max_abs_err":0.000000e0,"parity_max_rel_err":0.000000e0,"parity_scaled_abs_bound":0.000000e0,"parity_scaled_abs_rescued":0}
== bench-fandhe train cuda size=64 mode=fresh extra=none ==
{"framework":"fandhe-ai","version":"0.10.0","task":"train","device":"cuda","size":64,"median_s":0.000533944,"q1_s":0.000525156,"q3_s":0.000540592,"checksum":0.080541,"warmup":20,"iters":80,"mode":"fresh"}
== bench-fandhe infer cuda size=64 mode=fresh extra=none ==
{"framework":"fandhe-ai","version":"0.10.0","task":"infer","device":"cuda","size":64,"median_s":0.000152968,"q1_s":0.000152196,"q3_s":0.000159476,"throughput_per_s":6537.315,"checksum":13.976574,"warmup":20,"iters":20,"mode":"fresh"}
== bench-fandhe train cpu size=64 mode=fresh extra=none ==
{"framework":"fandhe-ai","version":"0.10.0","task":"train","device":"cpu","size":64,"median_s":0.001049136,"q1_s":0.000920480,"q3_s":0.001255965,"checksum":0.080541,"warmup":20,"iters":80,"mode":"fresh"}
== bench-fandhe infer cpu size=64 mode=fresh extra=none ==
{"framework":"fandhe-ai","version":"0.10.0","task":"infer","device":"cpu","size":64,"median_s":0.000169152,"q1_s":0.000154932,"q3_s":0.000191212,"throughput_per_s":5911.843,"checksum":13.976574,"warmup":20,"iters":20,"mode":"fresh"}
== bench-candle gemm cuda size=256 mode=fresh extra=none ==
{"framework":"candle","version":"0.11.0","task":"gemm","device":"cuda","size":256,"median_s":0.000076816,"q1_s":0.000076396,"q3_s":0.000077400,"gflops":436.816,"checksum":237.546670,"warmup":20,"iters":20,"mode":"fresh","parity_total":65536,"parity_fail_count":0,"parity_max_abs_err":4.053116e-6,"parity_max_rel_err":2.549727e-2,"parity_scaled_abs_bound":1.907255e-6,"parity_scaled_abs_rescued":0}
== bench-candle gemm cuda size=512 mode=fresh extra=none ==
{"framework":"candle","version":"0.11.0","task":"gemm","device":"cuda","size":512,"median_s":0.000239096,"q1_s":0.000238208,"q3_s":0.000240328,"gflops":1122.710,"checksum":937.743128,"warmup":20,"iters":20,"mode":"fresh","parity_total":262144,"parity_fail_count":0,"parity_max_abs_err":9.536743e-6,"parity_max_rel_err":8.516808e-3,"parity_scaled_abs_bound":3.814663e-6,"parity_scaled_abs_rescued":0}
== bench-candle gemm cuda size=1024 mode=fresh extra=none ==
{"framework":"candle","version":"0.11.0","task":"gemm","device":"cuda","size":1024,"median_s":0.000936305,"q1_s":0.000934477,"q3_s":0.000942624,"gflops":2293.573,"checksum":-1855.594967,"warmup":20,"iters":20,"mode":"fresh","parity_total":1048576,"parity_fail_count":0,"parity_max_abs_err":1.811981e-5,"parity_max_rel_err":3.398111e-1,"parity_scaled_abs_bound":7.629375e-6,"parity_scaled_abs_rescued":0}
== bench-candle gemm cuda size=2048 mode=fresh extra=none ==
{"framework":"candle","version":"0.11.0","task":"gemm","device":"cuda","size":2048,"median_s":0.004271746,"q1_s":0.004249654,"q3_s":0.004285762,"gflops":4021.744,"checksum":-6016.775802,"warmup":20,"iters":20,"mode":"fresh","parity_total":4194304,"parity_fail_count":0,"parity_max_abs_err":3.623962e-5,"parity_max_rel_err":2.811288e-1,"parity_scaled_abs_bound":1.525878e-5,"parity_scaled_abs_rescued":2}
== bench-candle gemm cuda size=4096 mode=fresh extra=none ==
{"framework":"candle","version":"0.11.0","task":"gemm","device":"cuda","size":4096,"median_s":0.058614028,"q1_s":0.057995668,"q3_s":0.067232777,"gflops":2344.813,"checksum":-25768.747284,"warmup":20,"iters":20,"mode":"fresh","parity_total":16777216,"parity_fail_count":0,"parity_max_abs_err":0.000000e0,"parity_max_rel_err":0.000000e0,"parity_scaled_abs_bound":3.051757e-5,"parity_scaled_abs_rescued":0}
== bench-candle gemm cpu size=256 mode=fresh extra=none ==
{"framework":"candle","version":"0.11.0","task":"gemm","device":"cpu","size":256,"median_s":0.000326552,"q1_s":0.000305044,"q3_s":0.000362684,"gflops":102.754,"checksum":237.546660,"warmup":20,"iters":20,"mode":"fresh","parity_total":65536,"parity_fail_count":0,"parity_max_abs_err":0.000000e0,"parity_max_rel_err":0.000000e0,"parity_scaled_abs_bound":1.907255e-6,"parity_scaled_abs_rescued":0}
== bench-candle gemm cpu size=512 mode=fresh extra=none ==
{"framework":"candle","version":"0.11.0","task":"gemm","device":"cpu","size":512,"median_s":0.001681449,"q1_s":0.001470121,"q3_s":0.001932553,"gflops":159.645,"checksum":937.743233,"warmup":20,"iters":20,"mode":"fresh","parity_total":262144,"parity_fail_count":0,"parity_max_abs_err":0.000000e0,"parity_max_rel_err":0.000000e0,"parity_scaled_abs_bound":3.814663e-6,"parity_scaled_abs_rescued":0}
== bench-candle gemm cpu size=1024 mode=fresh extra=none ==
{"framework":"candle","version":"0.11.0","task":"gemm","device":"cpu","size":1024,"median_s":0.004767515,"q1_s":0.004632738,"q3_s":0.004936766,"gflops":450.441,"checksum":-1855.597736,"warmup":20,"iters":20,"mode":"fresh","parity_total":1048576,"parity_fail_count":0,"parity_max_abs_err":0.000000e0,"parity_max_rel_err":0.000000e0,"parity_scaled_abs_bound":7.629375e-6,"parity_scaled_abs_rescued":0}
== bench-candle gemm cpu size=2048 mode=fresh extra=none ==
{"framework":"candle","version":"0.11.0","task":"gemm","device":"cpu","size":2048,"median_s":0.031356048,"q1_s":0.031053511,"q3_s":0.032070968,"gflops":547.897,"checksum":-6016.773874,"warmup":20,"iters":20,"mode":"fresh","parity_total":4194304,"parity_fail_count":0,"parity_max_abs_err":3.814697e-5,"parity_max_rel_err":3.944416e-1,"parity_scaled_abs_bound":1.525878e-5,"parity_scaled_abs_rescued":2}
== bench-candle train cuda size=64 mode=fresh extra=none ==
{"framework":"candle","version":"0.11.0","task":"train","device":"cuda","size":64,"median_s":0.000271880,"q1_s":0.000270225,"q3_s":0.000273184,"checksum":0.117549,"warmup":20,"iters":80,"mode":"fresh"}
== bench-candle infer cuda size=64 mode=fresh extra=none ==
{"framework":"candle","version":"0.11.0","task":"infer","device":"cuda","size":64,"median_s":0.000041080,"q1_s":0.000040568,"q3_s":0.000041909,"throughput_per_s":24342.746,"checksum":1381.708740,"warmup":20,"iters":20,"mode":"fresh"}
== bench-candle train cpu size=64 mode=fresh extra=none ==
{"framework":"candle","version":"0.11.0","task":"train","device":"cpu","size":64,"median_s":0.002005473,"q1_s":0.001886625,"q3_s":0.002223529,"checksum":0.117550,"warmup":20,"iters":80,"mode":"fresh"}
== bench-candle infer cpu size=64 mode=fresh extra=none ==
{"framework":"candle","version":"0.11.0","task":"infer","device":"cpu","size":64,"median_s":0.000342440,"q1_s":0.000267172,"q3_s":0.000406316,"throughput_per_s":2920.220,"checksum":1381.708783,"warmup":20,"iters":20,"mode":"fresh"}
== bench-burn gemm cuda size=256 mode=fresh extra=none ==
{"framework":"burn","version":"0.21.0","task":"gemm","device":"cuda","size":256,"median_s":0.000168768,"q1_s":0.000168168,"q3_s":0.000169864,"gflops":198.820,"checksum":237.580621,"warmup":20,"iters":20,"mode":"fresh","parity_total":65536,"parity_fail_count":0,"parity_max_abs_err":1.581430e-3,"parity_max_rel_err":1.553981e0,"parity_scaled_abs_bound":1.562424e-2,"parity_scaled_abs_rescued":10538,"tf32":true}
== bench-burn gemm cuda size=512 mode=fresh extra=none ==
{"framework":"burn","version":"0.21.0","task":"gemm","device":"cuda","size":512,"median_s":0.000354472,"q1_s":0.000309696,"q3_s":0.000439349,"gflops":757.281,"checksum":937.360224,"warmup":20,"iters":20,"mode":"fresh","parity_total":262144,"parity_fail_count":0,"parity_max_abs_err":2.342582e-3,"parity_max_rel_err":1.972325e0,"parity_scaled_abs_bound":3.124972e-2,"parity_scaled_abs_rescued":42361,"tf32":true}
== bench-burn gemm cuda size=1024 mode=fresh extra=none ==
{"framework":"burn","version":"0.21.0","task":"gemm","device":"cuda","size":1024,"median_s":0.000989480,"q1_s":0.000982208,"q3_s":0.000997028,"gflops":2170.315,"checksum":-1855.919764,"warmup":20,"iters":20,"mode":"fresh","parity_total":1048576,"parity_fail_count":0,"parity_max_abs_err":3.642797e-3,"parity_max_rel_err":1.964783e0,"parity_scaled_abs_bound":6.249984e-2,"parity_scaled_abs_rescued":169929,"tf32":true}
== bench-burn gemm cuda size=2048 mode=fresh extra=none ==
{"framework":"burn","version":"0.21.0","task":"gemm","device":"cuda","size":2048,"median_s":0.004247818,"q1_s":0.004138370,"q3_s":0.004318454,"gflops":4044.399,"checksum":-6017.744475,"warmup":20,"iters":20,"mode":"fresh","parity_total":4194304,"parity_fail_count":0,"parity_max_abs_err":4.941225e-3,"parity_max_rel_err":1.986745e0,"parity_scaled_abs_bound":1.249999e-1,"parity_scaled_abs_rescued":681454,"tf32":true}
== bench-burn gemm cuda size=4096 mode=fresh extra=none ==
{"framework":"burn","version":"0.21.0","task":"gemm","device":"cuda","size":4096,"median_s":0.039752693,"q1_s":0.039659329,"q3_s":0.040027037,"gflops":3457.350,"checksum":-25774.003763,"warmup":20,"iters":20,"mode":"fresh","parity_total":16777216,"parity_fail_count":0,"parity_max_abs_err":7.116556e-3,"parity_max_rel_err":1.997358e0,"parity_scaled_abs_bound":2.500000e-1,"parity_scaled_abs_rescued":2729050,"tf32":true}
== bench-burn gemm cpu size=256 mode=fresh extra=none ==
{"framework":"burn","version":"0.21.0","task":"gemm","device":"cpu","size":256,"median_s":0.000598712,"q1_s":0.000585196,"q3_s":0.000600420,"gflops":56.044,"checksum":237.546660,"warmup":20,"iters":20,"mode":"fresh","parity_total":65536,"parity_fail_count":0,"parity_max_abs_err":0.000000e0,"parity_max_rel_err":0.000000e0,"parity_scaled_abs_bound":1.907255e-6,"parity_scaled_abs_rescued":0}
== bench-burn gemm cpu size=512 mode=fresh extra=none ==
{"framework":"burn","version":"0.21.0","task":"gemm","device":"cpu","size":512,"median_s":0.003426762,"q1_s":0.003420102,"q3_s":0.003429726,"gflops":78.335,"checksum":937.743112,"warmup":20,"iters":20,"mode":"fresh","parity_total":262144,"parity_fail_count":0,"parity_max_abs_err":9.059906e-6,"parity_max_rel_err":8.316180e-3,"parity_scaled_abs_bound":3.814663e-6,"parity_scaled_abs_rescued":0}
== bench-burn gemm cpu size=1024 mode=fresh extra=none ==
{"framework":"burn","version":"0.21.0","task":"gemm","device":"cpu","size":1024,"median_s":0.023388253,"q1_s":0.023379501,"q3_s":0.023401557,"gflops":91.819,"checksum":-1855.595863,"warmup":20,"iters":20,"mode":"fresh","parity_total":1048576,"parity_fail_count":0,"parity_max_abs_err":2.050400e-5,"parity_max_rel_err":1.834505e-1,"parity_scaled_abs_bound":7.629375e-6,"parity_scaled_abs_rescued":0}
== bench-burn gemm cpu size=2048 mode=fresh extra=none ==
{"framework":"burn","version":"0.21.0","task":"gemm","device":"cpu","size":2048,"median_s":0.165168661,"q1_s":0.164931369,"q3_s":0.165436245,"gflops":104.014,"checksum":-6016.774966,"warmup":20,"iters":20,"mode":"fresh","parity_total":4194304,"parity_fail_count":0,"parity_max_abs_err":3.528595e-5,"parity_max_rel_err":3.051549e-1,"parity_scaled_abs_bound":1.525878e-5,"parity_scaled_abs_rescued":5}
== bench-burn train cuda size=64 mode=fresh extra=none ==
{"framework":"burn","version":"0.21.0","task":"train","device":"cuda","size":64,"median_s":0.000451152,"q1_s":0.000440976,"q3_s":0.000623100,"checksum":0.117643,"warmup":20,"iters":80,"mode":"fresh","tf32":true}
== bench-burn infer cuda size=64 mode=fresh extra=none ==
{"framework":"burn","version":"0.21.0","task":"infer","device":"cuda","size":64,"median_s":0.000509305,"q1_s":0.000203420,"q3_s":0.000517324,"throughput_per_s":1963.462,"checksum":1381.643178,"warmup":20,"iters":20,"mode":"fresh","tf32":true}
== bench-burn train cpu size=64 mode=fresh extra=none ==
{"framework":"burn","version":"0.21.0","task":"train","device":"cpu","size":64,"median_s":0.000994057,"q1_s":0.000987933,"q3_s":0.000998761,"checksum":0.117549,"warmup":20,"iters":80,"mode":"fresh"}
== bench-burn infer cpu size=64 mode=fresh extra=none ==
{"framework":"burn","version":"0.21.0","task":"infer","device":"cpu","size":64,"median_s":0.000241520,"q1_s":0.000241328,"q3_s":0.000243052,"throughput_per_s":4140.444,"checksum":1381.708825,"warmup":20,"iters":20,"mode":"fresh"}
== bench-fandhe gemm cuda size=256 mode=reuse extra=none ==
{"framework":"fandhe-ai","version":"0.10.0","task":"gemm","device":"cuda","size":256,"median_s":0.000090680,"q1_s":0.000090340,"q3_s":0.000091752,"gflops":370.031,"checksum":237.546660,"warmup":20,"iters":20,"mode":"reuse","init_s":0.485982342,"parity_total":65536,"parity_fail_count":0,"parity_max_abs_err":0.000000e0,"parity_max_rel_err":0.000000e0,"parity_scaled_abs_bound":0.000000e0,"parity_scaled_abs_rescued":0}
== bench-fandhe gemm cuda size=512 mode=reuse extra=none ==
{"framework":"fandhe-ai","version":"0.10.0","task":"gemm","device":"cuda","size":512,"median_s":0.000524065,"q1_s":0.000511220,"q3_s":0.000528237,"gflops":512.218,"checksum":937.743233,"warmup":20,"iters":20,"mode":"reuse","init_s":0.420202065,"parity_total":262144,"parity_fail_count":0,"parity_max_abs_err":0.000000e0,"parity_max_rel_err":0.000000e0,"parity_scaled_abs_bound":0.000000e0,"parity_scaled_abs_rescued":0}
== bench-fandhe gemm cuda size=1024 mode=reuse extra=none ==
{"framework":"fandhe-ai","version":"0.10.0","task":"gemm","device":"cuda","size":1024,"median_s":0.002292985,"q1_s":0.002166341,"q3_s":0.002417378,"gflops":936.545,"checksum":-1855.597736,"warmup":20,"iters":20,"mode":"reuse","init_s":0.448516690,"parity_total":1048576,"parity_fail_count":0,"parity_max_abs_err":0.000000e0,"parity_max_rel_err":0.000000e0,"parity_scaled_abs_bound":0.000000e0,"parity_scaled_abs_rescued":0}
== bench-fandhe gemm cuda size=2048 mode=reuse extra=none ==
{"framework":"fandhe-ai","version":"0.10.0","task":"gemm","device":"cuda","size":2048,"median_s":0.008678949,"q1_s":0.008638633,"q3_s":0.008734809,"gflops":1979.487,"checksum":-6016.774008,"warmup":20,"iters":20,"mode":"reuse","init_s":0.439319518,"parity_total":4194304,"parity_fail_count":0,"parity_max_abs_err":0.000000e0,"parity_max_rel_err":0.000000e0,"parity_scaled_abs_bound":0.000000e0,"parity_scaled_abs_rescued":0}
== bench-fandhe gemm cuda size=4096 mode=reuse extra=none ==
{"framework":"fandhe-ai","version":"0.10.0","task":"gemm","device":"cuda","size":4096,"median_s":0.039284448,"q1_s":0.038938067,"q3_s":0.039391559,"gflops":3498.559,"checksum":-25768.747284,"warmup":20,"iters":20,"mode":"reuse","init_s":0.453873051,"parity_total":16777216,"parity_fail_count":0,"parity_max_abs_err":0.000000e0,"parity_max_rel_err":0.000000e0,"parity_scaled_abs_bound":0.000000e0,"parity_scaled_abs_rescued":0}
== bench-fandhe train cuda size=64 mode=reuse extra=none ==
{"framework":"fandhe-ai","version":"0.10.0","task":"train","device":"cuda","size":64,"median_s":0.000330752,"q1_s":0.000329240,"q3_s":0.000332056,"checksum":0.080541,"warmup":20,"iters":80,"mode":"reuse","init_s":0.216944546}
== bench-fandhe train cpu size=64 mode=reuse extra=none ==
{"framework":"fandhe-ai","version":"0.10.0","task":"train","device":"cpu","size":64,"median_s":0.001116457,"q1_s":0.000951952,"q3_s":0.001355101,"checksum":0.080541,"warmup":20,"iters":80,"mode":"reuse","init_s":0.000877088}
== bench-fandhe train cuda size=64 mode=fresh extra=--phases ==
{"framework":"fandhe-ai","version":"0.10.0","task":"train_phases","device":"cuda","size":64,"median_s":0.000003056,"q1_s":0.000002988,"q3_s":0.000003204,"checksum":0.080541,"warmup":20,"iters":80,"mode":"fresh","phase":"tape_build","phase_index":0}
{"framework":"fandhe-ai","version":"0.10.0","task":"train_phases","device":"cuda","size":64,"median_s":0.000001544,"q1_s":0.000001024,"q3_s":0.000001632,"checksum":0.080541,"warmup":20,"iters":80,"mode":"fresh","phase":"leaf_register","phase_index":1}
{"framework":"fandhe-ai","version":"0.10.0","task":"train_phases","device":"cuda","size":64,"median_s":0.000176840,"q1_s":0.000175304,"q3_s":0.000178536,"checksum":0.080541,"warmup":20,"iters":80,"mode":"fresh","phase":"forward","phase_index":2}
{"framework":"fandhe-ai","version":"0.10.0","task":"train_phases","device":"cuda","size":64,"median_s":0.000000032,"q1_s":0.000000032,"q3_s":0.000000048,"checksum":0.080541,"warmup":20,"iters":80,"mode":"fresh","phase":"loss_readout","phase_index":3}
{"framework":"fandhe-ai","version":"0.10.0","task":"train_phases","device":"cuda","size":64,"median_s":0.000202888,"q1_s":0.000190944,"q3_s":0.000207064,"checksum":0.080541,"warmup":20,"iters":80,"mode":"fresh","phase":"backward","phase_index":4}
{"framework":"fandhe-ai","version":"0.10.0","task":"train_phases","device":"cuda","size":64,"median_s":0.000065776,"q1_s":0.000065584,"q3_s":0.000065952,"checksum":0.080541,"warmup":20,"iters":80,"mode":"fresh","phase":"param_readout","phase_index":5}
{"framework":"fandhe-ai","version":"0.10.0","task":"train_phases","device":"cuda","size":64,"median_s":0.000063552,"q1_s":0.000055212,"q3_s":0.000069332,"checksum":0.080541,"warmup":20,"iters":80,"mode":"fresh","phase":"host_sgd","phase_index":6}
{"framework":"fandhe-ai","version":"0.10.0","task":"train_phases","device":"cuda","size":64,"median_s":0.000000304,"q1_s":0.000000288,"q3_s":0.000000304,"checksum":0.080541,"warmup":20,"iters":80,"mode":"fresh","phase":"apply_params","phase_index":7}
{"framework":"fandhe-ai","version":"0.10.0","task":"train_phases","device":"cuda","size":64,"median_s":0.000002224,"q1_s":0.000002080,"q3_s":0.000002420,"checksum":0.080541,"warmup":20,"iters":80,"mode":"fresh","phase":"tape_drop","phase_index":8}
{"framework":"fandhe-ai","version":"0.10.0","task":"train_phases","device":"cuda","size":64,"median_s":0.000515368,"q1_s":0.000495788,"q3_s":0.000526908,"checksum":0.080541,"warmup":20,"iters":80,"mode":"fresh","phase":"step_total","phase_index":9}
== bench-fandhe train cuda size=64 mode=reuse extra=--phases ==
{"framework":"fandhe-ai","version":"0.10.0","task":"train_phases","device":"cuda","size":64,"median_s":0.000002384,"q1_s":0.000002332,"q3_s":0.000002452,"checksum":0.080541,"warmup":20,"iters":80,"mode":"reuse","init_s":0.218094244,"phase":"tape_build","phase_index":0}
{"framework":"fandhe-ai","version":"0.10.0","task":"train_phases","device":"cuda","size":64,"median_s":0.000000272,"q1_s":0.000000256,"q3_s":0.000000288,"checksum":0.080541,"warmup":20,"iters":80,"mode":"reuse","init_s":0.218094244,"phase":"leaf_register","phase_index":1}
{"framework":"fandhe-ai","version":"0.10.0","task":"train_phases","device":"cuda","size":64,"median_s":0.000155168,"q1_s":0.000154024,"q3_s":0.000156221,"checksum":0.080541,"warmup":20,"iters":80,"mode":"reuse","init_s":0.218094244,"phase":"forward_resident","phase_index":2}
{"framework":"fandhe-ai","version":"0.10.0","task":"train_phases","device":"cuda","size":64,"median_s":0.000000032,"q1_s":0.000000032,"q3_s":0.000000048,"checksum":0.080541,"warmup":20,"iters":80,"mode":"reuse","init_s":0.218094244,"phase":"loss_readout","phase_index":3}
{"framework":"fandhe-ai","version":"0.10.0","task":"train_phases","device":"cuda","size":64,"median_s":0.000169888,"q1_s":0.000164472,"q3_s":0.000170936,"checksum":0.080541,"warmup":20,"iters":80,"mode":"reuse","init_s":0.218094244,"phase":"backward","phase_index":4}
{"framework":"fandhe-ai","version":"0.10.0","task":"train_phases","device":"cuda","size":64,"median_s":0.000008048,"q1_s":0.000007968,"q3_s":0.000008132,"checksum":0.080541,"warmup":20,"iters":80,"mode":"reuse","init_s":0.218094244,"phase":"device_update","phase_index":5}
{"framework":"fandhe-ai","version":"0.10.0","task":"train_phases","device":"cuda","size":64,"median_s":0.000000856,"q1_s":0.000000848,"q3_s":0.000000880,"checksum":0.080541,"warmup":20,"iters":80,"mode":"reuse","init_s":0.218094244,"phase":"tape_drop","phase_index":6}
{"framework":"fandhe-ai","version":"0.10.0","task":"train_phases","device":"cuda","size":64,"median_s":0.000336840,"q1_s":0.000332276,"q3_s":0.000339104,"checksum":0.080541,"warmup":20,"iters":80,"mode":"reuse","init_s":0.218094244,"phase":"step_total","phase_index":7}
== bench-fandhe train cpu size=64 mode=fresh extra=--phases ==
{"framework":"fandhe-ai","version":"0.10.0","task":"train_phases","device":"cpu","size":64,"median_s":0.000000256,"q1_s":0.000000208,"q3_s":0.000000320,"checksum":0.080541,"warmup":20,"iters":80,"mode":"fresh","phase":"tape_build","phase_index":0}
{"framework":"fandhe-ai","version":"0.10.0","task":"train_phases","device":"cpu","size":64,"median_s":0.000001704,"q1_s":0.000001424,"q3_s":0.000002180,"checksum":0.080541,"warmup":20,"iters":80,"mode":"fresh","phase":"leaf_register","phase_index":1}
{"framework":"fandhe-ai","version":"0.10.0","task":"train_phases","device":"cpu","size":64,"median_s":0.000232385,"q1_s":0.000210880,"q3_s":0.000265380,"checksum":0.080541,"warmup":20,"iters":80,"mode":"fresh","phase":"forward","phase_index":2}
{"framework":"fandhe-ai","version":"0.10.0","task":"train_phases","device":"cpu","size":64,"median_s":0.000000136,"q1_s":0.000000080,"q3_s":0.000000196,"checksum":0.080541,"warmup":20,"iters":80,"mode":"fresh","phase":"loss_readout","phase_index":3}
{"framework":"fandhe-ai","version":"0.10.0","task":"train_phases","device":"cpu","size":64,"median_s":0.000449640,"q1_s":0.000402733,"q3_s":0.000557048,"checksum":0.080541,"warmup":20,"iters":80,"mode":"fresh","phase":"backward","phase_index":4}
{"framework":"fandhe-ai","version":"0.10.0","task":"train_phases","device":"cpu","size":64,"median_s":0.000041504,"q1_s":0.000037896,"q3_s":0.000049300,"checksum":0.080541,"warmup":20,"iters":80,"mode":"fresh","phase":"param_readout","phase_index":5}
{"framework":"fandhe-ai","version":"0.10.0","task":"train_phases","device":"cpu","size":64,"median_s":0.000052568,"q1_s":0.000049124,"q3_s":0.000074888,"checksum":0.080541,"warmup":20,"iters":80,"mode":"fresh","phase":"host_sgd","phase_index":6}
{"framework":"fandhe-ai","version":"0.10.0","task":"train_phases","device":"cpu","size":64,"median_s":0.000000968,"q1_s":0.000000768,"q3_s":0.000001304,"checksum":0.080541,"warmup":20,"iters":80,"mode":"fresh","phase":"apply_params","phase_index":7}
{"framework":"fandhe-ai","version":"0.10.0","task":"train_phases","device":"cpu","size":64,"median_s":0.000004016,"q1_s":0.000003436,"q3_s":0.000004628,"checksum":0.080541,"warmup":20,"iters":80,"mode":"fresh","phase":"tape_drop","phase_index":8}
{"framework":"fandhe-ai","version":"0.10.0","task":"train_phases","device":"cpu","size":64,"median_s":0.000891440,"q1_s":0.000746772,"q3_s":0.001108496,"checksum":0.080541,"warmup":20,"iters":80,"mode":"fresh","phase":"step_total","phase_index":9}
== bench-fandhe train cpu size=64 mode=reuse extra=--phases ==
{"framework":"fandhe-ai","version":"0.10.0","task":"train_phases","device":"cpu","size":64,"median_s":0.000000240,"q1_s":0.000000172,"q3_s":0.000000320,"checksum":0.080541,"warmup":20,"iters":80,"mode":"reuse","init_s":0.001060256,"phase":"tape_build","phase_index":0}
{"framework":"fandhe-ai","version":"0.10.0","task":"train_phases","device":"cpu","size":64,"median_s":0.000000832,"q1_s":0.000000588,"q3_s":0.000001184,"checksum":0.080541,"warmup":20,"iters":80,"mode":"reuse","init_s":0.001060256,"phase":"leaf_register","phase_index":1}
{"framework":"fandhe-ai","version":"0.10.0","task":"train_phases","device":"cpu","size":64,"median_s":0.000243136,"q1_s":0.000215313,"q3_s":0.000302397,"checksum":0.080541,"warmup":20,"iters":80,"mode":"reuse","init_s":0.001060256,"phase":"forward_resident","phase_index":2}
{"framework":"fandhe-ai","version":"0.10.0","task":"train_phases","device":"cpu","size":64,"median_s":0.000000136,"q1_s":0.000000080,"q3_s":0.000000176,"checksum":0.080541,"warmup":20,"iters":80,"mode":"reuse","init_s":0.001060256,"phase":"loss_readout","phase_index":3}
{"framework":"fandhe-ai","version":"0.10.0","task":"train_phases","device":"cpu","size":64,"median_s":0.000497488,"q1_s":0.000432972,"q3_s":0.000598725,"checksum":0.080541,"warmup":20,"iters":80,"mode":"reuse","init_s":0.001060256,"phase":"backward","phase_index":4}
{"framework":"fandhe-ai","version":"0.10.0","task":"train_phases","device":"cpu","size":64,"median_s":0.000290584,"q1_s":0.000266568,"q3_s":0.000310864,"checksum":0.080541,"warmup":20,"iters":80,"mode":"reuse","init_s":0.001060256,"phase":"device_update","phase_index":5}
{"framework":"fandhe-ai","version":"0.10.0","task":"train_phases","device":"cpu","size":64,"median_s":0.000001912,"q1_s":0.000001600,"q3_s":0.000002216,"checksum":0.080541,"warmup":20,"iters":80,"mode":"reuse","init_s":0.001060256,"phase":"tape_drop","phase_index":6}
{"framework":"fandhe-ai","version":"0.10.0","task":"train_phases","device":"cpu","size":64,"median_s":0.001052417,"q1_s":0.000952217,"q3_s":0.001213744,"checksum":0.080541,"warmup":20,"iters":80,"mode":"reuse","init_s":0.001060256,"phase":"step_total","phase_index":7}
== bench-fandhe infer cuda size=64 mode=reuse extra=none ==
{"framework":"fandhe-ai","version":"0.10.0","task":"infer","device":"cuda","size":64,"median_s":0.000099008,"q1_s":0.000098940,"q3_s":0.000099093,"throughput_per_s":10100.194,"checksum":13.976574,"warmup":20,"iters":20,"mode":"reuse","init_s":0.215197810}
== bench-fandhe infer cpu size=64 mode=reuse extra=none ==
{"framework":"fandhe-ai","version":"0.10.0","task":"infer","device":"cpu","size":64,"median_s":0.000177704,"q1_s":0.000161220,"q3_s":0.000190080,"throughput_per_s":5627.335,"checksum":13.976574,"warmup":20,"iters":20,"mode":"reuse","init_s":0.000922496}
== bench-fandhe infer cuda size=64 mode=fresh extra=--phases ==
{"framework":"fandhe-ai","version":"0.10.0","task":"infer_phases","device":"cuda","size":64,"median_s":0.000000208,"q1_s":0.000000192,"q3_s":0.000000228,"checksum":13.976574,"warmup":20,"iters":20,"mode":"fresh","phase":"leaf_register","phase_index":0}
{"framework":"fandhe-ai","version":"0.10.0","task":"infer_phases","device":"cuda","size":64,"median_s":0.000136816,"q1_s":0.000131036,"q3_s":0.000138032,"checksum":13.976574,"warmup":20,"iters":20,"mode":"fresh","phase":"forward","phase_index":1}
{"framework":"fandhe-ai","version":"0.10.0","task":"infer_phases","device":"cuda","size":64,"median_s":0.000019168,"q1_s":0.000018928,"q3_s":0.000019360,"checksum":13.976574,"warmup":20,"iters":20,"mode":"fresh","phase":"to_tensor","phase_index":2}
{"framework":"fandhe-ai","version":"0.10.0","task":"infer_phases","device":"cuda","size":64,"median_s":0.000000080,"q1_s":0.000000080,"q3_s":0.000000080,"checksum":13.976574,"warmup":20,"iters":20,"mode":"fresh","phase":"host_copy","phase_index":3}
{"framework":"fandhe-ai","version":"0.10.0","task":"infer_phases","device":"cuda","size":64,"median_s":0.000000688,"q1_s":0.000000588,"q3_s":0.000000772,"checksum":13.976574,"warmup":20,"iters":20,"mode":"fresh","phase":"checksum","phase_index":4}
{"framework":"fandhe-ai","version":"0.10.0","task":"infer_phases","device":"cuda","size":64,"median_s":0.000157016,"q1_s":0.000151708,"q3_s":0.000158688,"checksum":13.976574,"warmup":20,"iters":20,"mode":"fresh","phase":"iter_total","phase_index":5}
== bench-fandhe infer cuda size=64 mode=reuse extra=--phases ==
{"framework":"fandhe-ai","version":"0.10.0","task":"infer_phases","device":"cuda","size":64,"median_s":0.000099024,"q1_s":0.000098937,"q3_s":0.000099124,"checksum":13.976574,"warmup":20,"iters":20,"mode":"reuse","init_s":0.216527940,"phase":"predict_resident","phase_index":0}
{"framework":"fandhe-ai","version":"0.10.0","task":"infer_phases","device":"cuda","size":64,"median_s":0.000000064,"q1_s":0.000000060,"q3_s":0.000000064,"checksum":13.976574,"warmup":20,"iters":20,"mode":"reuse","init_s":0.216527940,"phase":"host_copy","phase_index":1}
{"framework":"fandhe-ai","version":"0.10.0","task":"infer_phases","device":"cuda","size":64,"median_s":0.000000776,"q1_s":0.000000752,"q3_s":0.000000848,"checksum":13.976574,"warmup":20,"iters":20,"mode":"reuse","init_s":0.216527940,"phase":"checksum","phase_index":2}
{"framework":"fandhe-ai","version":"0.10.0","task":"infer_phases","device":"cuda","size":64,"median_s":0.000100056,"q1_s":0.000099980,"q3_s":0.000100212,"checksum":13.976574,"warmup":20,"iters":20,"mode":"reuse","init_s":0.216527940,"phase":"iter_total","phase_index":3}
== bench-fandhe infer cpu size=64 mode=fresh extra=--phases ==
{"framework":"fandhe-ai","version":"0.10.0","task":"infer_phases","device":"cpu","size":64,"median_s":0.000177465,"q1_s":0.000160196,"q3_s":0.000189064,"checksum":13.976574,"warmup":20,"iters":20,"mode":"fresh","phase":"predict","phase_index":0}
{"framework":"fandhe-ai","version":"0.10.0","task":"infer_phases","device":"cpu","size":64,"median_s":0.000000192,"q1_s":0.000000124,"q3_s":0.000000228,"checksum":13.976574,"warmup":20,"iters":20,"mode":"fresh","phase":"host_copy","phase_index":1}
{"framework":"fandhe-ai","version":"0.10.0","task":"infer_phases","device":"cpu","size":64,"median_s":0.000000336,"q1_s":0.000000320,"q3_s":0.000000464,"checksum":13.976574,"warmup":20,"iters":20,"mode":"fresh","phase":"checksum","phase_index":2}
{"framework":"fandhe-ai","version":"0.10.0","task":"infer_phases","device":"cpu","size":64,"median_s":0.000178129,"q1_s":0.000161328,"q3_s":0.000190436,"checksum":13.976574,"warmup":20,"iters":20,"mode":"fresh","phase":"iter_total","phase_index":3}
== bench-fandhe infer cpu size=64 mode=reuse extra=--phases ==
{"framework":"fandhe-ai","version":"0.10.0","task":"infer_phases","device":"cpu","size":64,"median_s":0.000178880,"q1_s":0.000164189,"q3_s":0.000202328,"checksum":13.976574,"warmup":20,"iters":20,"mode":"reuse","init_s":0.000926657,"phase":"predict_resident","phase_index":0}
{"framework":"fandhe-ai","version":"0.10.0","task":"infer_phases","device":"cpu","size":64,"median_s":0.000000160,"q1_s":0.000000140,"q3_s":0.000000240,"checksum":13.976574,"warmup":20,"iters":20,"mode":"reuse","init_s":0.000926657,"phase":"host_copy","phase_index":1}
{"framework":"fandhe-ai","version":"0.10.0","task":"infer_phases","device":"cpu","size":64,"median_s":0.000000320,"q1_s":0.000000316,"q3_s":0.000000464,"checksum":13.976574,"warmup":20,"iters":20,"mode":"reuse","init_s":0.000926657,"phase":"checksum","phase_index":2}
{"framework":"fandhe-ai","version":"0.10.0","task":"infer_phases","device":"cpu","size":64,"median_s":0.000179600,"q1_s":0.000164809,"q3_s":0.000204260,"checksum":13.976574,"warmup":20,"iters":20,"mode":"reuse","init_s":0.000926657,"phase":"iter_total","phase_index":3}
== bench-fandhe gemm cuda size=256 mode=fresh extra=--tf32 ==
{"framework":"fandhe-ai","version":"0.10.0","task":"gemm","device":"cuda","size":256,"median_s":0.000093120,"q1_s":0.000092704,"q3_s":0.000093372,"gflops":360.335,"checksum":237.580621,"warmup":20,"iters":20,"mode":"fresh","parity_total":65536,"parity_fail_count":10538,"parity_max_abs_err":1.581430e-3,"parity_max_rel_err":1.553981e0,"parity_scaled_abs_bound":0.000000e0,"parity_scaled_abs_rescued":0,"tf32":true}
== bench-fandhe gemm cuda size=512 mode=fresh extra=--tf32 ==
{"framework":"fandhe-ai","version":"0.10.0","task":"gemm","device":"cuda","size":512,"median_s":0.000267376,"q1_s":0.000267068,"q3_s":0.000267856,"gflops":1003.962,"checksum":937.360224,"warmup":20,"iters":20,"mode":"fresh","parity_total":262144,"parity_fail_count":42361,"parity_max_abs_err":2.342582e-3,"parity_max_rel_err":1.972325e0,"parity_scaled_abs_bound":0.000000e0,"parity_scaled_abs_rescued":0,"tf32":true}
== bench-fandhe gemm cuda size=1024 mode=fresh extra=--tf32 ==
{"framework":"fandhe-ai","version":"0.10.0","task":"gemm","device":"cuda","size":1024,"median_s":0.000955088,"q1_s":0.000954124,"q3_s":0.000956433,"gflops":2248.466,"checksum":-1855.919764,"warmup":20,"iters":20,"mode":"fresh","parity_total":1048576,"parity_fail_count":169929,"parity_max_abs_err":3.642797e-3,"parity_max_rel_err":1.964783e0,"parity_scaled_abs_bound":0.000000e0,"parity_scaled_abs_rescued":0,"tf32":true}
== bench-fandhe gemm cuda size=2048 mode=fresh extra=--tf32 ==
{"framework":"fandhe-ai","version":"0.10.0","task":"gemm","device":"cuda","size":2048,"median_s":0.004376315,"q1_s":0.004373875,"q3_s":0.004385255,"gflops":3925.647,"checksum":-6017.744475,"warmup":20,"iters":20,"mode":"fresh","parity_total":4194304,"parity_fail_count":681454,"parity_max_abs_err":4.941225e-3,"parity_max_rel_err":1.986745e0,"parity_scaled_abs_bound":0.000000e0,"parity_scaled_abs_rescued":0,"tf32":true}
== bench-fandhe gemm cuda size=4096 mode=fresh extra=--tf32 ==
{"framework":"fandhe-ai","version":"0.10.0","task":"gemm","device":"cuda","size":4096,"median_s":0.033741405,"q1_s":0.033701305,"q3_s":0.033910465,"gflops":4073.303,"checksum":-25774.003763,"warmup":20,"iters":20,"mode":"fresh","parity_total":16777216,"parity_fail_count":2729050,"parity_max_abs_err":7.116556e-3,"parity_max_rel_err":1.997358e0,"parity_scaled_abs_bound":0.000000e0,"parity_scaled_abs_rescued":0,"tf32":true}
== bench-candle gemm cuda size=256 mode=fresh extra=--tf32 ==
{"framework":"candle","version":"0.11.0","task":"gemm","device":"cuda","size":256,"median_s":0.000065825,"q1_s":0.000065388,"q3_s":0.000066100,"gflops":509.756,"checksum":237.576196,"warmup":20,"iters":20,"mode":"fresh","parity_total":65536,"parity_fail_count":10522,"parity_max_abs_err":1.581907e-3,"parity_max_rel_err":1.553996e0,"parity_scaled_abs_bound":1.907255e-6,"parity_scaled_abs_rescued":0,"tf32":true}
== bench-candle gemm cuda size=512 mode=fresh extra=--tf32 ==
{"framework":"candle","version":"0.11.0","task":"gemm","device":"cuda","size":512,"median_s":0.000220520,"q1_s":0.000220165,"q3_s":0.000221260,"gflops":1217.281,"checksum":937.356025,"warmup":20,"iters":20,"mode":"fresh","parity_total":262144,"parity_fail_count":42387,"parity_max_abs_err":2.340317e-3,"parity_max_rel_err":1.969541e0,"parity_scaled_abs_bound":3.814663e-6,"parity_scaled_abs_rescued":0,"tf32":true}
== bench-candle gemm cuda size=1024 mode=fresh extra=--tf32 ==
{"framework":"candle","version":"0.11.0","task":"gemm","device":"cuda","size":1024,"median_s":0.000865033,"q1_s":0.000863561,"q3_s":0.000871468,"gflops":2482.547,"checksum":-1855.914004,"warmup":20,"iters":20,"mode":"fresh","parity_total":1048576,"parity_fail_count":169971,"parity_max_abs_err":3.649950e-3,"parity_max_rel_err":1.951418e0,"parity_scaled_abs_bound":7.629375e-6,"parity_scaled_abs_rescued":0,"tf32":true}
== bench-candle gemm cuda size=2048 mode=fresh extra=--tf32 ==
{"framework":"candle","version":"0.11.0","task":"gemm","device":"cuda","size":2048,"median_s":0.003682834,"q1_s":0.003677747,"q3_s":0.003686538,"gflops":4664.850,"checksum":-6017.991603,"warmup":20,"iters":20,"mode":"fresh","parity_total":4194304,"parity_fail_count":681418,"parity_max_abs_err":4.930019e-3,"parity_max_rel_err":1.984422e0,"parity_scaled_abs_bound":1.525878e-5,"parity_scaled_abs_rescued":33,"tf32":true}
== bench-candle gemm cuda size=4096 mode=fresh extra=--tf32 ==
{"framework":"candle","version":"0.11.0","task":"gemm","device":"cuda","size":4096,"median_s":0.059391239,"q1_s":0.059109091,"q3_s":0.059748779,"gflops":2314.128,"checksum":-25774.377339,"warmup":20,"iters":20,"mode":"fresh","parity_total":16777216,"parity_fail_count":2726683,"parity_max_abs_err":7.167101e-3,"parity_max_rel_err":1.999795e0,"parity_scaled_abs_bound":3.051757e-5,"parity_scaled_abs_rescued":646,"tf32":true}
done. results in results/raw/results-cuda.jsonl ; failures (if any) in results/raw/skipped-cuda.log
