start 2026-10-03T09:41:37Z sha=c8bb4132
run_all rc=0
stage1-done 2026-10-03T09:43:03Z rows=112 skipped=0
{"framework":"fandhe-ai","version":"0.10.0","task":"gemm","device":"cpu","size":256,"median_s":0.000430688,"q1_s":0.000413909,"q3_s":0.000466464,"gflops":77.909,"checksum":237.546660,"warmup":20,"iters":20,"mode":"reuse","init_s":0.000994178,"parity_total":65536,"parity_fail_count":0,"parity_max_abs_err":0.000000e0,"parity_max_rel_err":0.000000e0,"parity_scaled_abs_bound":0.000000e0,"parity_scaled_abs_rescued":0}
{"framework":"fandhe-ai","version":"0.10.0","task":"gemm","device":"cpu","size":512,"median_s":0.002418020,"q1_s":0.002263663,"q3_s":0.002520796,"gflops":111.015,"checksum":937.743233,"warmup":20,"iters":20,"mode":"reuse","init_s":0.001683426,"parity_total":262144,"parity_fail_count":0,"parity_max_abs_err":0.000000e0,"parity_max_rel_err":0.000000e0,"parity_scaled_abs_bound":0.000000e0,"parity_scaled_abs_rescued":0}
{"framework":"fandhe-ai","version":"0.10.0","task":"gemm","device":"cpu","size":1024,"median_s":0.005594936,"q1_s":0.005395628,"q3_s":0.005781473,"gflops":383.826,"checksum":-1855.597736,"warmup":20,"iters":20,"mode":"reuse","init_s":0.006697706,"parity_total":1048576,"parity_fail_count":0,"parity_max_abs_err":0.000000e0,"parity_max_rel_err":0.000000e0,"parity_scaled_abs_bound":0.000000e0,"parity_scaled_abs_rescued":0}
{"framework":"fandhe-ai","version":"0.10.0","task":"gemm","device":"cpu","size":2048,"median_s":0.027749643,"q1_s":0.027335830,"q3_s":0.028459971,"gflops":619.102,"checksum":-6016.774008,"warmup":20,"iters":20,"mode":"reuse","init_s":0.021402001,"parity_total":4194304,"parity_fail_count":0,"parity_max_abs_err":0.000000e0,"parity_max_rel_err":0.000000e0,"parity_scaled_abs_bound":0.000000e0,"parity_scaled_abs_rescued":0}
{"framework":"fandhe-ai","version":"0.10.0","task":"gemm","device":"cpu","size":4096,"median_s":0.124351654,"q1_s":0.123234617,"q3_s":0.129351598,"gflops":1105.244,"checksum":-25768.747284,"warmup":20,"iters":20,"mode":"reuse","init_s":0.126125680,"parity_total":16777216,"parity_fail_count":0,"parity_max_abs_err":0.000000e0,"parity_max_rel_err":0.000000e0,"parity_scaled_abs_bound":0.000000e0,"parity_scaled_abs_rescued":0}
{"framework":"fandhe-ai","version":"0.10.0","task":"gemm","device":"cpu","size":4096,"median_s":0.124693057,"q1_s":0.123496438,"q3_s":0.127493497,"gflops":1102.218,"checksum":-25768.747284,"warmup":20,"iters":20,"mode":"fresh","parity_total":16777216,"parity_fail_count":0,"parity_max_abs_err":0.000000e0,"parity_max_rel_err":0.000000e0,"parity_scaled_abs_bound":0.000000e0,"parity_scaled_abs_rescued":0}
{"framework":"candle","version":"0.11.0","task":"gemm","device":"cpu","size":4096,"median_s":0.220603319,"q1_s":0.218701919,"q3_s":0.222519127,"gflops":623.014,"checksum":-25768.736638,"warmup":20,"iters":20,"mode":"fresh","parity_total":16777216,"parity_fail_count":0,"parity_max_abs_err":8.964539e-5,"parity_max_rel_err":1.691077e0,"parity_scaled_abs_bound":3.051757e-5,"parity_scaled_abs_rescued":672}
{"framework":"burn","version":"0.21.0","task":"gemm","device":"cpu","size":4096,"median_s":1.214030450,"q1_s":1.212820221,"q3_s":1.215723677,"gflops":113.209,"checksum":-25768.726554,"warmup":20,"iters":20,"mode":"fresh","parity_total":16777216,"parity_fail_count":0,"parity_max_abs_err":8.964539e-5,"parity_max_rel_err":1.950224e0,"parity_scaled_abs_bound":3.051757e-5,"parity_scaled_abs_rescued":582}
stage2-done 2026-10-03T09:44:30Z rows=8
WARN: registry 0.10.0 line not found in log
== --framework pytorch --task gemm --device cpu --size 256 ==
== --framework pytorch --task gemm --device cpu --size 512 ==
== --framework pytorch --task gemm --device cpu --size 1024 ==
== --framework pytorch --task gemm --device cpu --size 2048 ==
== --framework pytorch --task gemm --device cpu --size 4096 ==
== --framework pytorch --task train --device cpu --size 64 ==
== --framework pytorch --task infer --device cpu --size 64 ==
== --framework tensorflow --task gemm --device cpu --size 256 ==
== --framework tensorflow --task gemm --device cpu --size 512 ==
== --framework tensorflow --task gemm --device cpu --size 1024 ==
== --framework tensorflow --task gemm --device cpu --size 2048 ==
== --framework tensorflow --task gemm --device cpu --size 4096 ==
== --framework tensorflow --task train --device cpu --size 64 ==
== --framework tensorflow --task infer --device cpu --size 64 ==
== --framework scipy --task gemm --device cpu --size 256 ==
== --framework scipy --task gemm --device cpu --size 512 ==
== --framework scipy --task gemm --device cpu --size 1024 ==
== --framework scipy --task gemm --device cpu --size 2048 ==
== --framework scipy --task gemm --device cpu --size 4096 ==
== --framework scipy --task train --device cpu --size 64 ==
== --framework scipy --task infer --device cpu --size 64 ==
== --framework pytorch --task gemm --device cuda --size 256 ==
== --framework pytorch --task gemm --device cuda --size 512 ==
== --framework pytorch --task gemm --device cuda --size 1024 ==
== --framework pytorch --task gemm --device cuda --size 2048 ==
== --framework pytorch --task gemm --device cuda --size 4096 ==
== --framework pytorch --task train --device cuda --size 64 ==
== --framework pytorch --task infer --device cuda --size 64 ==
stage3-done 2026-10-03T09:45:41Z pyrows=28
done. 2026-10-03T09:45:41Z
