	Command being timed: "cargo test -p fandhe-ai-backend-cpu --release --lib -- --ignored gemm_reuse_phase_diag_cpu --nocapture --test-threads=1"
	User time (seconds): 77.18
	System time (seconds): 8.42
	Percent of CPU this job got: 686%
	Elapsed (wall clock) time (h:mm:ss or m:ss): 0:12.47
	Average shared text size (kbytes): 0
	Average unshared data size (kbytes): 0
	Average stack size (kbytes): 0
	Average total size (kbytes): 0
	Maximum resident set size (kbytes): 2082224
	Average resident set size (kbytes): 0
	Major (requiring I/O) page faults: 24
	Minor (reclaiming a frame) page faults: 2917545
	Voluntary context switches: 33049
	Involuntary context switches: 3179
	Swaps: 0
	File system inputs: 0
	File system outputs: 519544
	Socket messages sent: 0
	Socket messages received: 0
	Signals delivered: 0
	Page size (bytes): 4096
	Exit status: 0
