	Command being timed: "cargo test -p fandhe-ai-backend-cpu --release --lib -- --ignored gemm_reuse_phase_diag_cpu --nocapture --test-threads=1"
	User time (seconds): 32.98
	System time (seconds): 3.20
	Percent of CPU this job got: 1065%
	Elapsed (wall clock) time (h:mm:ss or m:ss): 0:03.39
	Average shared text size (kbytes): 0
	Average unshared data size (kbytes): 0
	Average stack size (kbytes): 0
	Average total size (kbytes): 0
	Maximum resident set size (kbytes): 2082068
	Average resident set size (kbytes): 0
	Major (requiring I/O) page faults: 0
	Minor (reclaiming a frame) page faults: 745104
	Voluntary context switches: 29308
	Involuntary context switches: 3287
	Swaps: 0
	File system inputs: 0
	File system outputs: 40
	Socket messages sent: 0
	Socket messages received: 0
	Signals delivered: 0
	Page size (bytes): 4096
	Exit status: 0
