M4 Max  gemm Metal N=256       僅差   vs candle     0.95x  run別 [0.79 1.01 0.95 0.86 0.97]  0.9.0 比 0.86×  [ノイズ帯: 対照 2 位 0.85x]
M4 Max  gemm Metal N=512       2 位  vs candle     0.72x  run別 [0.56 0.73 0.66 0.72 0.77]  0.9.0 比 0.89×
M4 Max  gemm Metal N=1024      2 位  vs candle     0.69x  run別 [0.38 0.73 0.66 0.72 0.69]  0.9.0 比 0.73×
M4 Max  gemm Metal N=2048      2 位  vs candle     0.68x  run別 [0.67 0.71 0.65 0.68 0.69]  0.9.0 比 0.91×
M4 Max  gemm Metal N=4096      2 位  vs candle     0.58x  run別 [0.51 0.74 0.50 0.58 0.59]  0.9.0 比 0.91×
M4 Max  gemm CPU N=256         2 位  vs pytorch    0.70x  run別 [0.09 0.76 0.69 0.72 0.70]  0.9.0 比 0.99×
M4 Max  gemm CPU N=512         1 位  vs pytorch    1.05x  run別 [0.19 1.00 1.13 1.10 1.05]  0.9.0 比 1.05×  [ノイズ帯: 対照 2 位 0.86x]
M4 Max  gemm CPU N=1024        僅差   vs pytorch    0.96x  run別 [1.03 0.87 0.96 1.02 0.90]  0.9.0 比 1.01×  [ノイズ帯: 対照 4 位 0.61x]
M4 Max  gemm CPU N=2048        2 位  vs pytorch    0.80x  run別 [0.76 0.82 0.80 0.83 0.76]  0.9.0 比 1.03×
M4 Max  train Metal            3 位  vs pytorch    0.41x  run別 [0.41 0.38 0.61 0.42 0.41]  0.9.0 比 0.96×
M4 Max  infer Metal            1 位  vs pytorch    1.35x  run別 [1.36 1.35 1.09 1.30 1.63]  0.9.0 比 1.76×  [ノイズ帯: 対照 2 位 0.87x]
M4 Max  train CPU              5 位  vs pytorch    0.26x  run別 [0.28 0.24 0.26 0.23 0.26]  0.9.0 比 0.87×
M4 Max  infer CPU              4 位  vs pytorch    0.20x  run別 [0.22 0.22 0.17 0.20 0.18]  0.9.0 比 1.09×
GB10    gemm CUDA N=256        2 位  vs candle     0.83x  run別 [1.71 0.85 0.83 0.83 0.83]  0.9.0 比 0.98×
GB10    gemm CUDA N=512        3 位  vs candle     0.45x  run別 [0.64 0.46 0.45 0.42 0.43]  0.9.0 比 0.96×
GB10    gemm CUDA N=1024       3 位  vs candle     0.41x  run別 [0.47 0.41 0.39 0.41 0.41]  0.9.0 比 1.01×
GB10    gemm CUDA N=2048       3 位  vs burn       0.48x  run別 [0.48 0.49 0.48 0.48 0.50]  0.9.0 比 1.01×
GB10    gemm CUDA N=4096       1 位  vs burn       1.02x  run別 [1.04 1.01 1.01 1.02 1.02]  0.9.0 比 1.02×
GB10    gemm CPU N=256         3 位  vs pytorch    0.64x  run別 [0.95 0.68 0.64 0.63 0.64]  0.9.0 比 1.03×
GB10    gemm CPU N=512         2 位  vs candle     0.73x  run別 [0.82 0.70 0.78 0.72 0.73]  0.9.0 比 1.00×
GB10    gemm CPU N=1024        僅差   vs candle     0.99x  run別 [1.01 0.87 0.97 0.99 1.01]  0.9.0 比 0.98×  [中央値同士比 1.01x で区分が 1 位]
GB10    gemm CPU N=2048        1 位  vs tensorflow 1.04x  run別 [1.07 1.04 1.06 1.04 1.03]  0.9.0 比 1.01×
GB10    gemm CPU N=4096        1 位  vs tensorflow 1.19x  run別 [1.20 1.17 1.20 1.19 1.19]  0.9.0 比 1.01×
GB10    train CUDA             2 位  vs candle     0.82x  run別 [0.90 0.82 0.82 0.81 0.81]  0.9.0 比 1.05×
GB10    infer CUDA             3 位  vs pytorch    0.41x  run別 [1.84 0.41 0.41 0.41 0.41]  0.9.0 比 1.00×
GB10    train CPU              3 位  vs pytorch    0.32x  run別 [0.35 0.32 0.36 0.30 0.32]  0.9.0 比 1.01×
GB10    infer CPU              2 位  vs pytorch    0.66x  run別 [0.66 0.67 0.69 0.66 0.65]  0.9.0 比 1.03×
tally 5 3 19 invalid 1 noise 4 total 27
