start 2026-10-10T08:47:22Z sha=624d0ee4
17:47  up  6:49, 13 users, load averages: 5.40 5.71 4.18
└── fandhe-ai v0.11.0
build-done 2026-10-10T08:47:22Z
17:47  up  6:49, 13 users, load averages: 5.40 5.71 4.18
== bench-fandhe gemm cpu 256 fresh ==
{"framework":"fandhe-ai","version":"0.11.0","task":"gemm","device":"cpu","size":256,"median_s":0.000254500,"q1_s":0.000247188,"q3_s":0.000267406,"gflops":131.845,"checksum":237.546660,"warmup":20,"iters":20,"mode":"fresh","parity_total":65536,"parity_fail_count":0,"parity_max_abs_err":0.000000e0,"parity_max_rel_err":0.000000e0,"parity_scaled_abs_bound":0.000000e0,"parity_scaled_abs_rescued":0}
== bench-fandhe gemm cpu 512 fresh ==
{"framework":"fandhe-ai","version":"0.11.0","task":"gemm","device":"cpu","size":512,"median_s":0.000656916,"q1_s":0.000638708,"q3_s":0.000672562,"gflops":408.629,"checksum":937.743233,"warmup":20,"iters":20,"mode":"fresh","parity_total":262144,"parity_fail_count":0,"parity_max_abs_err":0.000000e0,"parity_max_rel_err":0.000000e0,"parity_scaled_abs_bound":0.000000e0,"parity_scaled_abs_rescued":0}
== bench-fandhe gemm cpu 1024 fresh ==
{"framework":"fandhe-ai","version":"0.11.0","task":"gemm","device":"cpu","size":1024,"median_s":0.002825854,"q1_s":0.002789959,"q3_s":0.002852417,"gflops":759.941,"checksum":-1855.597736,"warmup":20,"iters":20,"mode":"fresh","parity_total":1048576,"parity_fail_count":0,"parity_max_abs_err":0.000000e0,"parity_max_rel_err":0.000000e0,"parity_scaled_abs_bound":0.000000e0,"parity_scaled_abs_rescued":0}
== bench-fandhe gemm cpu 2048 fresh ==
{"framework":"fandhe-ai","version":"0.11.0","task":"gemm","device":"cpu","size":2048,"median_s":0.017734541,"q1_s":0.017100146,"q3_s":0.018836948,"gflops":968.724,"checksum":-6016.774008,"warmup":20,"iters":20,"mode":"fresh","parity_total":4194304,"parity_fail_count":0,"parity_max_abs_err":0.000000e0,"parity_max_rel_err":0.000000e0,"parity_scaled_abs_bound":0.000000e0,"parity_scaled_abs_rescued":0}
== bench-fandhe gemm metal 256 fresh ==
{"framework":"fandhe-ai","version":"0.11.0","task":"gemm","device":"metal","size":256,"median_s":0.000316458,"q1_s":0.000311895,"q3_s":0.000320761,"gflops":106.031,"checksum":237.546660,"warmup":20,"iters":20,"mode":"fresh","parity_total":65536,"parity_fail_count":0,"parity_max_abs_err":0.000000e0,"parity_max_rel_err":0.000000e0,"parity_scaled_abs_bound":0.000000e0,"parity_scaled_abs_rescued":0}
== bench-fandhe gemm metal 512 fresh ==
{"framework":"fandhe-ai","version":"0.11.0","task":"gemm","device":"metal","size":512,"median_s":0.000573292,"q1_s":0.000566510,"q3_s":0.000579031,"gflops":468.236,"checksum":937.743233,"warmup":20,"iters":20,"mode":"fresh","parity_total":262144,"parity_fail_count":0,"parity_max_abs_err":0.000000e0,"parity_max_rel_err":0.000000e0,"parity_scaled_abs_bound":0.000000e0,"parity_scaled_abs_rescued":0}
== bench-fandhe gemm metal 1024 fresh ==
{"framework":"fandhe-ai","version":"0.11.0","task":"gemm","device":"metal","size":1024,"median_s":0.002727604,"q1_s":0.002140240,"q3_s":0.002838709,"gflops":787.315,"checksum":-1855.597736,"warmup":20,"iters":20,"mode":"fresh","parity_total":1048576,"parity_fail_count":0,"parity_max_abs_err":0.000000e0,"parity_max_rel_err":0.000000e0,"parity_scaled_abs_bound":0.000000e0,"parity_scaled_abs_rescued":0}
== bench-fandhe gemm metal 2048 fresh ==
{"framework":"fandhe-ai","version":"0.11.0","task":"gemm","device":"metal","size":2048,"median_s":0.008720250,"q1_s":0.008436250,"q3_s":0.009022156,"gflops":1970.112,"checksum":-6016.774008,"warmup":20,"iters":20,"mode":"fresh","parity_total":4194304,"parity_fail_count":0,"parity_max_abs_err":0.000000e0,"parity_max_rel_err":0.000000e0,"parity_scaled_abs_bound":0.000000e0,"parity_scaled_abs_rescued":0}
== bench-fandhe gemm metal 4096 fresh ==
{"framework":"fandhe-ai","version":"0.11.0","task":"gemm","device":"metal","size":4096,"median_s":0.035793126,"q1_s":0.034525572,"q3_s":0.045474604,"gflops":3839.814,"checksum":-25768.747284,"warmup":20,"iters":20,"mode":"fresh","parity_total":16777216,"parity_fail_count":0,"parity_max_abs_err":0.000000e0,"parity_max_rel_err":0.000000e0,"parity_scaled_abs_bound":0.000000e0,"parity_scaled_abs_rescued":0}
== bench-fandhe train cpu 64 fresh ==
{"framework":"fandhe-ai","version":"0.11.0","task":"train","device":"cpu","size":64,"median_s":0.000695479,"q1_s":0.000647646,"q3_s":0.000757395,"checksum":0.080541,"warmup":20,"iters":80,"mode":"fresh"}
== bench-fandhe infer cpu 64 fresh ==
{"framework":"fandhe-ai","version":"0.11.0","task":"infer","device":"cpu","size":64,"median_s":0.000158708,"q1_s":0.000148218,"q3_s":0.000172719,"throughput_per_s":6300.880,"checksum":13.976574,"warmup":20,"iters":20,"mode":"fresh"}
== bench-fandhe train metal 64 fresh ==
{"framework":"fandhe-ai","version":"0.11.0","task":"train","device":"metal","size":64,"median_s":0.001533604,"q1_s":0.001410511,"q3_s":0.001644646,"checksum":0.080541,"warmup":20,"iters":80,"mode":"fresh"}
== bench-fandhe infer metal 64 fresh ==
{"framework":"fandhe-ai","version":"0.11.0","task":"infer","device":"metal","size":64,"median_s":0.000506313,"q1_s":0.000469177,"q3_s":0.000522354,"throughput_per_s":1975.065,"checksum":13.976574,"warmup":20,"iters":20,"mode":"fresh"}
== bench-candle gemm cpu 256 fresh ==
{"framework":"candle","version":"0.11.0","task":"gemm","device":"cpu","size":256,"median_s":0.000263105,"q1_s":0.000244052,"q3_s":0.000305447,"gflops":127.533,"checksum":237.546660,"warmup":20,"iters":20,"mode":"fresh","parity_total":65536,"parity_fail_count":0,"parity_max_abs_err":0.000000e0,"parity_max_rel_err":0.000000e0,"parity_scaled_abs_bound":1.907255e-6,"parity_scaled_abs_rescued":0}
== bench-candle gemm cpu 512 fresh ==
{"framework":"candle","version":"0.11.0","task":"gemm","device":"cpu","size":512,"median_s":0.000604292,"q1_s":0.000590250,"q3_s":0.000631208,"gflops":444.215,"checksum":937.743233,"warmup":20,"iters":20,"mode":"fresh","parity_total":262144,"parity_fail_count":0,"parity_max_abs_err":0.000000e0,"parity_max_rel_err":0.000000e0,"parity_scaled_abs_bound":3.814663e-6,"parity_scaled_abs_rescued":0}
== bench-candle gemm cpu 1024 fresh ==
{"framework":"candle","version":"0.11.0","task":"gemm","device":"cpu","size":1024,"median_s":0.002673458,"q1_s":0.002627697,"q3_s":0.002703792,"gflops":803.261,"checksum":-1855.597736,"warmup":20,"iters":20,"mode":"fresh","parity_total":1048576,"parity_fail_count":0,"parity_max_abs_err":0.000000e0,"parity_max_rel_err":0.000000e0,"parity_scaled_abs_bound":7.629375e-6,"parity_scaled_abs_rescued":0}
== bench-candle gemm cpu 2048 fresh ==
{"framework":"candle","version":"0.11.0","task":"gemm","device":"cpu","size":2048,"median_s":0.017369729,"q1_s":0.017011844,"q3_s":0.017721448,"gflops":989.070,"checksum":-6016.774008,"warmup":20,"iters":20,"mode":"fresh","parity_total":4194304,"parity_fail_count":0,"parity_max_abs_err":0.000000e0,"parity_max_rel_err":0.000000e0,"parity_scaled_abs_bound":1.525878e-5,"parity_scaled_abs_rescued":0}
== bench-candle gemm metal 256 fresh ==
{"framework":"candle","version":"0.11.0","task":"gemm","device":"metal","size":256,"median_s":0.000261375,"q1_s":0.000258074,"q3_s":0.000265396,"gflops":128.377,"checksum":237.546660,"warmup":20,"iters":20,"mode":"fresh","parity_total":65536,"parity_fail_count":0,"parity_max_abs_err":0.000000e0,"parity_max_rel_err":0.000000e0,"parity_scaled_abs_bound":1.907255e-6,"parity_scaled_abs_rescued":0}
== bench-candle gemm metal 512 fresh ==
{"framework":"candle","version":"0.11.0","task":"gemm","device":"metal","size":512,"median_s":0.000510209,"q1_s":0.000442771,"q3_s":0.000515219,"gflops":526.129,"checksum":937.743233,"warmup":20,"iters":20,"mode":"fresh","parity_total":262144,"parity_fail_count":0,"parity_max_abs_err":0.000000e0,"parity_max_rel_err":0.000000e0,"parity_scaled_abs_bound":3.814663e-6,"parity_scaled_abs_rescued":0}
== bench-candle gemm metal 1024 fresh ==
{"framework":"candle","version":"0.11.0","task":"gemm","device":"metal","size":1024,"median_s":0.001645812,"q1_s":0.001615094,"q3_s":0.001679729,"gflops":1304.817,"checksum":-1855.597736,"warmup":20,"iters":20,"mode":"fresh","parity_total":1048576,"parity_fail_count":0,"parity_max_abs_err":0.000000e0,"parity_max_rel_err":0.000000e0,"parity_scaled_abs_bound":7.629375e-6,"parity_scaled_abs_rescued":0}
== bench-candle gemm metal 2048 fresh ==
{"framework":"candle","version":"0.11.0","task":"gemm","device":"metal","size":2048,"median_s":0.006337187,"q1_s":0.006134834,"q3_s":0.006406937,"gflops":2710.961,"checksum":-6016.774008,"warmup":20,"iters":20,"mode":"fresh","parity_total":4194304,"parity_fail_count":0,"parity_max_abs_err":0.000000e0,"parity_max_rel_err":0.000000e0,"parity_scaled_abs_bound":1.525878e-5,"parity_scaled_abs_rescued":0}
== bench-candle gemm metal 4096 fresh ==
{"framework":"candle","version":"0.11.0","task":"gemm","device":"metal","size":4096,"median_s":0.031954708,"q1_s":0.029820865,"q3_s":0.033363907,"gflops":4301.055,"checksum":-25768.747284,"warmup":20,"iters":20,"mode":"fresh","parity_total":16777216,"parity_fail_count":0,"parity_max_abs_err":0.000000e0,"parity_max_rel_err":0.000000e0,"parity_scaled_abs_bound":3.051757e-5,"parity_scaled_abs_rescued":0}
== bench-candle train cpu 64 fresh ==
{"framework":"candle","version":"0.11.0","task":"train","device":"cpu","size":64,"median_s":0.000708520,"q1_s":0.000671646,"q3_s":0.000763625,"checksum":0.117550,"warmup":20,"iters":80,"mode":"fresh"}
== bench-candle infer cpu 64 fresh ==
{"framework":"candle","version":"0.11.0","task":"infer","device":"cpu","size":64,"median_s":0.000158917,"q1_s":0.000142729,"q3_s":0.000172729,"throughput_per_s":6292.593,"checksum":1381.708783,"warmup":20,"iters":20,"mode":"fresh"}
== bench-candle train metal 64 fresh ==
{"framework":"candle","version":"0.11.0","task":"train","device":"metal","size":64,"median_s":0.000618896,"q1_s":0.000610333,"q3_s":0.000625896,"checksum":0.117550,"warmup":20,"iters":80,"mode":"fresh"}
== bench-candle infer metal 64 fresh ==
{"framework":"candle","version":"0.11.0","task":"infer","device":"metal","size":64,"median_s":0.000415291,"q1_s":0.000411635,"q3_s":0.000418104,"throughput_per_s":2407.947,"checksum":1381.708809,"warmup":20,"iters":20,"mode":"fresh"}
== bench-burn gemm cpu 256 fresh ==
{"framework":"burn","version":"0.21.0","task":"gemm","device":"cpu","size":256,"median_s":0.000359313,"q1_s":0.000359209,"q3_s":0.000363042,"gflops":93.385,"checksum":237.546660,"warmup":20,"iters":20,"mode":"fresh","parity_total":65536,"parity_fail_count":0,"parity_max_abs_err":0.000000e0,"parity_max_rel_err":0.000000e0,"parity_scaled_abs_bound":1.907255e-6,"parity_scaled_abs_rescued":0}
== bench-burn gemm cpu 512 fresh ==
{"framework":"burn","version":"0.21.0","task":"gemm","device":"cpu","size":512,"median_s":0.002619666,"q1_s":0.002612073,"q3_s":0.002631229,"gflops":102.469,"checksum":937.743112,"warmup":20,"iters":20,"mode":"fresh","parity_total":262144,"parity_fail_count":0,"parity_max_abs_err":9.059906e-6,"parity_max_rel_err":8.316180e-3,"parity_scaled_abs_bound":3.814663e-6,"parity_scaled_abs_rescued":0}
== bench-burn gemm cpu 1024 fresh ==
{"framework":"burn","version":"0.21.0","task":"gemm","device":"cpu","size":1024,"median_s":0.019973625,"q1_s":0.019962896,"q3_s":0.020157302,"gflops":107.516,"checksum":-1855.595863,"warmup":20,"iters":20,"mode":"fresh","parity_total":1048576,"parity_fail_count":0,"parity_max_abs_err":2.050400e-5,"parity_max_rel_err":1.834505e-1,"parity_scaled_abs_bound":7.629375e-6,"parity_scaled_abs_rescued":0}
== bench-burn gemm cpu 2048 fresh ==
{"framework":"burn","version":"0.21.0","task":"gemm","device":"cpu","size":2048,"median_s":0.158290667,"q1_s":0.157366927,"q3_s":0.160952593,"gflops":108.534,"checksum":-6016.774966,"warmup":20,"iters":20,"mode":"fresh","parity_total":4194304,"parity_fail_count":0,"parity_max_abs_err":3.528595e-5,"parity_max_rel_err":3.051549e-1,"parity_scaled_abs_bound":1.525878e-5,"parity_scaled_abs_rescued":5}
== bench-burn gemm metal 256 fresh ==
{"framework":"burn","version":"0.21.0","task":"gemm","device":"metal","size":256,"median_s":0.001650083,"q1_s":0.001639042,"q3_s":0.001657875,"gflops":20.335,"checksum":237.546660,"warmup":20,"iters":20,"mode":"fresh","parity_total":65536,"parity_fail_count":0,"parity_max_abs_err":0.000000e0,"parity_max_rel_err":0.000000e0,"parity_scaled_abs_bound":1.907255e-6,"parity_scaled_abs_rescued":0}
== bench-burn gemm metal 512 fresh ==
== bench-burn gemm metal 1024 fresh ==
== bench-burn gemm metal 2048 fresh ==
== bench-burn gemm metal 4096 fresh ==
== bench-burn train cpu 64 fresh ==
{"framework":"burn","version":"0.21.0","task":"train","device":"cpu","size":64,"median_s":0.000628834,"q1_s":0.000626094,"q3_s":0.000633802,"checksum":0.117549,"warmup":20,"iters":80,"mode":"fresh"}
== bench-burn infer cpu 64 fresh ==
{"framework":"burn","version":"0.21.0","task":"infer","device":"cpu","size":64,"median_s":0.000282104,"q1_s":0.000282000,"q3_s":0.000284521,"throughput_per_s":3544.792,"checksum":1381.708825,"warmup":20,"iters":20,"mode":"fresh"}
== bench-burn train metal 64 fresh ==
{"framework":"burn","version":"0.21.0","task":"train","device":"metal","size":64,"median_s":0.001866854,"q1_s":0.001862344,"q3_s":0.001873115,"checksum":0.117550,"warmup":20,"iters":80,"mode":"fresh"}
== bench-burn infer metal 64 fresh ==
{"framework":"burn","version":"0.21.0","task":"infer","device":"metal","size":64,"median_s":0.001767375,"q1_s":0.001761261,"q3_s":0.001775219,"throughput_per_s":565.811,"checksum":1381.708783,"warmup":20,"iters":20,"mode":"fresh"}
== bench-fandhe gemm metal 256 reuse ==
{"framework":"fandhe-ai","version":"0.11.0","task":"gemm","device":"metal","size":256,"median_s":0.000264145,"q1_s":0.000260521,"q3_s":0.000274042,"gflops":127.030,"checksum":237.546660,"warmup":20,"iters":20,"mode":"reuse","init_s":0.032560500,"parity_total":65536,"parity_fail_count":0,"parity_max_abs_err":0.000000e0,"parity_max_rel_err":0.000000e0,"parity_scaled_abs_bound":0.000000e0,"parity_scaled_abs_rescued":0}
== bench-fandhe gemm metal 512 reuse ==
{"framework":"fandhe-ai","version":"0.11.0","task":"gemm","device":"metal","size":512,"median_s":0.000612771,"q1_s":0.000600229,"q3_s":0.000617698,"gflops":438.069,"checksum":937.743233,"warmup":20,"iters":20,"mode":"reuse","init_s":0.030311292,"parity_total":262144,"parity_fail_count":0,"parity_max_abs_err":0.000000e0,"parity_max_rel_err":0.000000e0,"parity_scaled_abs_bound":0.000000e0,"parity_scaled_abs_rescued":0}
== bench-fandhe gemm metal 1024 reuse ==
{"framework":"fandhe-ai","version":"0.11.0","task":"gemm","device":"metal","size":1024,"median_s":0.002528021,"q1_s":0.002494687,"q3_s":0.002578563,"gflops":849.472,"checksum":-1855.597736,"warmup":20,"iters":20,"mode":"reuse","init_s":0.033413167,"parity_total":1048576,"parity_fail_count":0,"parity_max_abs_err":0.000000e0,"parity_max_rel_err":0.000000e0,"parity_scaled_abs_bound":0.000000e0,"parity_scaled_abs_rescued":0}
== bench-fandhe gemm metal 2048 reuse ==
{"framework":"fandhe-ai","version":"0.11.0","task":"gemm","device":"metal","size":2048,"median_s":0.009690917,"q1_s":0.009512385,"q3_s":0.010002198,"gflops":1772.781,"checksum":-6016.774008,"warmup":20,"iters":20,"mode":"reuse","init_s":0.046132709,"parity_total":4194304,"parity_fail_count":0,"parity_max_abs_err":0.000000e0,"parity_max_rel_err":0.000000e0,"parity_scaled_abs_bound":0.000000e0,"parity_scaled_abs_rescued":0}
== bench-fandhe gemm metal 4096 reuse ==
{"framework":"fandhe-ai","version":"0.11.0","task":"gemm","device":"metal","size":4096,"median_s":0.049359813,"q1_s":0.047344355,"q3_s":0.049896969,"gflops":2784.430,"checksum":-25768.747284,"warmup":20,"iters":20,"mode":"reuse","init_s":0.089008500,"parity_total":16777216,"parity_fail_count":0,"parity_max_abs_err":0.000000e0,"parity_max_rel_err":0.000000e0,"parity_scaled_abs_bound":0.000000e0,"parity_scaled_abs_rescued":0}
== bench-fandhe gemm cpu 256 reuse ==
{"framework":"fandhe-ai","version":"0.11.0","task":"gemm","device":"cpu","size":256,"median_s":0.000256875,"q1_s":0.000247250,"q3_s":0.000270730,"gflops":130.626,"checksum":237.546660,"warmup":20,"iters":20,"mode":"reuse","init_s":0.002895584,"parity_total":65536,"parity_fail_count":0,"parity_max_abs_err":0.000000e0,"parity_max_rel_err":0.000000e0,"parity_scaled_abs_bound":0.000000e0,"parity_scaled_abs_rescued":0}
== bench-fandhe gemm cpu 512 reuse ==
{"framework":"fandhe-ai","version":"0.11.0","task":"gemm","device":"cpu","size":512,"median_s":0.000641271,"q1_s":0.000625604,"q3_s":0.000667875,"gflops":418.599,"checksum":937.743233,"warmup":20,"iters":20,"mode":"reuse","init_s":0.003206917,"parity_total":262144,"parity_fail_count":0,"parity_max_abs_err":0.000000e0,"parity_max_rel_err":0.000000e0,"parity_scaled_abs_bound":0.000000e0,"parity_scaled_abs_rescued":0}
== bench-fandhe gemm cpu 1024 reuse ==
{"framework":"fandhe-ai","version":"0.11.0","task":"gemm","device":"cpu","size":1024,"median_s":0.002996583,"q1_s":0.002902156,"q3_s":0.003100479,"gflops":716.644,"checksum":-1855.597736,"warmup":20,"iters":20,"mode":"reuse","init_s":0.005916000,"parity_total":1048576,"parity_fail_count":0,"parity_max_abs_err":0.000000e0,"parity_max_rel_err":0.000000e0,"parity_scaled_abs_bound":0.000000e0,"parity_scaled_abs_rescued":0}
== bench-fandhe gemm cpu 2048 reuse ==
{"framework":"fandhe-ai","version":"0.11.0","task":"gemm","device":"cpu","size":2048,"median_s":0.020897063,"q1_s":0.020257052,"q3_s":0.021660677,"gflops":822.119,"checksum":-6016.774008,"warmup":20,"iters":20,"mode":"reuse","init_s":0.022634167,"parity_total":4194304,"parity_fail_count":0,"parity_max_abs_err":0.000000e0,"parity_max_rel_err":0.000000e0,"parity_scaled_abs_bound":0.000000e0,"parity_scaled_abs_rescued":0}
== bench-fandhe train cpu 64 reuse ==
{"framework":"fandhe-ai","version":"0.11.0","task":"train","device":"cpu","size":64,"median_s":0.000863687,"q1_s":0.000813511,"q3_s":0.000893010,"checksum":0.080541,"warmup":20,"iters":80,"mode":"reuse","init_s":0.000177125}
== bench-fandhe infer cpu 64 reuse ==
{"framework":"fandhe-ai","version":"0.11.0","task":"infer","device":"cpu","size":64,"median_s":0.000171312,"q1_s":0.000151844,"q3_s":0.000196791,"throughput_per_s":5837.286,"checksum":13.976574,"warmup":20,"iters":20,"mode":"reuse","init_s":0.000169750}
== bench-fandhe train metal 64 reuse ==
{"framework":"fandhe-ai","version":"0.11.0","task":"train","device":"metal","size":64,"median_s":0.001118958,"q1_s":0.001077469,"q3_s":0.001257927,"checksum":0.080541,"warmup":20,"iters":80,"mode":"reuse","init_s":0.023140667}
== bench-fandhe infer metal 64 reuse ==
{"framework":"fandhe-ai","version":"0.11.0","task":"infer","device":"metal","size":64,"median_s":0.000212541,"q1_s":0.000208416,"q3_s":0.000216802,"throughput_per_s":4704.964,"checksum":13.976574,"warmup":20,"iters":20,"mode":"reuse","init_s":0.023188833}
rust-done 2026-10-10T08:47:51Z
== py --framework pytorch --task gemm --device cpu --size 256 ==
== py --framework pytorch --task gemm --device cpu --size 512 ==
== py --framework pytorch --task gemm --device cpu --size 1024 ==
== py --framework pytorch --task gemm --device cpu --size 2048 ==
== py --framework pytorch --task gemm --device metal --size 256 ==
== py --framework pytorch --task gemm --device metal --size 512 ==
== py --framework pytorch --task gemm --device metal --size 1024 ==
== py --framework pytorch --task gemm --device metal --size 2048 ==
== py --framework pytorch --task gemm --device metal --size 4096 ==
== py --framework pytorch --task train --device cpu --size 64 ==
== py --framework pytorch --task infer --device cpu --size 64 ==
== py --framework pytorch --task train --device metal --size 64 ==
== py --framework pytorch --task infer --device metal --size 64 ==
== py --framework tensorflow --task gemm --device cpu --size 256 ==
== py --framework tensorflow --task gemm --device cpu --size 512 ==
== py --framework tensorflow --task gemm --device cpu --size 1024 ==
== py --framework tensorflow --task gemm --device cpu --size 2048 ==
== py --framework tensorflow --task gemm --device metal --size 256 ==
== py --framework tensorflow --task gemm --device metal --size 512 ==
== py --framework tensorflow --task gemm --device metal --size 1024 ==
== py --framework tensorflow --task gemm --device metal --size 2048 ==
== py --framework tensorflow --task gemm --device metal --size 4096 ==
== py --framework tensorflow --task train --device cpu --size 64 ==
== py --framework tensorflow --task infer --device cpu --size 64 ==
== py --framework tensorflow --task train --device metal --size 64 ==
== py --framework tensorflow --task infer --device metal --size 64 ==
== py --framework scipy --task gemm --device cpu --size 256 ==
== py --framework scipy --task gemm --device cpu --size 512 ==
== py --framework scipy --task gemm --device cpu --size 1024 ==
== py --framework scipy --task gemm --device cpu --size 2048 ==
== py --framework scipy --task train --device cpu --size 64 ==
== py --framework scipy --task infer --device cpu --size 64 ==
17:48  up  6:50, 13 users, load averages: 4.39 5.51 4.24
done. rows=      48 pyrows=      32 skipped=       4 2026-10-10T08:48:32Z
