start 2026-10-10T08:53:30Z sha=624d0ee4
run_all rc=0
stage1-done 2026-10-10T08:54:57Z rows=112 skipped=0
{"framework":"fandhe-ai","version":"0.11.0","task":"gemm","device":"cpu","size":256,"median_s":0.000362826,"q1_s":0.000350845,"q3_s":0.000368426,"gflops":92.481,"checksum":237.546660,"warmup":20,"iters":20,"mode":"reuse","init_s":0.001270501,"parity_total":65536,"parity_fail_count":0,"parity_max_abs_err":0.000000e0,"parity_max_rel_err":0.000000e0,"parity_scaled_abs_bound":0.000000e0,"parity_scaled_abs_rescued":0}
{"framework":"fandhe-ai","version":"0.11.0","task":"gemm","device":"cpu","size":512,"median_s":0.002410881,"q1_s":0.002147517,"q3_s":0.002643602,"gflops":111.343,"checksum":937.743233,"warmup":20,"iters":20,"mode":"reuse","init_s":0.001941399,"parity_total":262144,"parity_fail_count":0,"parity_max_abs_err":0.000000e0,"parity_max_rel_err":0.000000e0,"parity_scaled_abs_bound":0.000000e0,"parity_scaled_abs_rescued":0}
{"framework":"fandhe-ai","version":"0.11.0","task":"gemm","device":"cpu","size":1024,"median_s":0.005650518,"q1_s":0.005228248,"q3_s":0.005924907,"gflops":380.051,"checksum":-1855.597736,"warmup":20,"iters":20,"mode":"reuse","init_s":0.006668042,"parity_total":1048576,"parity_fail_count":0,"parity_max_abs_err":0.000000e0,"parity_max_rel_err":0.000000e0,"parity_scaled_abs_bound":0.000000e0,"parity_scaled_abs_rescued":0}
{"framework":"fandhe-ai","version":"0.11.0","task":"gemm","device":"cpu","size":2048,"median_s":0.026146469,"q1_s":0.020122589,"q3_s":0.027661778,"gflops":657.063,"checksum":-6016.774008,"warmup":20,"iters":20,"mode":"reuse","init_s":0.028100028,"parity_total":4194304,"parity_fail_count":0,"parity_max_abs_err":0.000000e0,"parity_max_rel_err":0.000000e0,"parity_scaled_abs_bound":0.000000e0,"parity_scaled_abs_rescued":0}
{"framework":"fandhe-ai","version":"0.11.0","task":"gemm","device":"cpu","size":4096,"median_s":0.120418511,"q1_s":0.119346707,"q3_s":0.122709387,"gflops":1141.344,"checksum":-25768.747284,"warmup":20,"iters":20,"mode":"reuse","init_s":0.134713351,"parity_total":16777216,"parity_fail_count":0,"parity_max_abs_err":0.000000e0,"parity_max_rel_err":0.000000e0,"parity_scaled_abs_bound":0.000000e0,"parity_scaled_abs_rescued":0}
{"framework":"fandhe-ai","version":"0.11.0","task":"gemm","device":"cpu","size":4096,"median_s":0.123941507,"q1_s":0.120601391,"q3_s":0.126506913,"gflops":1108.902,"checksum":-25768.747284,"warmup":20,"iters":20,"mode":"fresh","parity_total":16777216,"parity_fail_count":0,"parity_max_abs_err":0.000000e0,"parity_max_rel_err":0.000000e0,"parity_scaled_abs_bound":0.000000e0,"parity_scaled_abs_rescued":0}
{"framework":"candle","version":"0.11.0","task":"gemm","device":"cpu","size":4096,"median_s":0.219119149,"q1_s":0.216276267,"q3_s":0.220976132,"gflops":627.234,"checksum":-25768.736638,"warmup":20,"iters":20,"mode":"fresh","parity_total":16777216,"parity_fail_count":0,"parity_max_abs_err":8.964539e-5,"parity_max_rel_err":1.691077e0,"parity_scaled_abs_bound":3.051757e-5,"parity_scaled_abs_rescued":672}
{"framework":"burn","version":"0.21.0","task":"gemm","device":"cpu","size":4096,"median_s":1.231478623,"q1_s":1.230987262,"q3_s":1.232390290,"gflops":111.605,"checksum":-25768.726554,"warmup":20,"iters":20,"mode":"fresh","parity_total":16777216,"parity_fail_count":0,"parity_max_abs_err":8.964539e-5,"parity_max_rel_err":1.950224e0,"parity_scaled_abs_bound":3.051757e-5,"parity_scaled_abs_rescued":582}
stage2-done 2026-10-10T08:56:25Z rows=8
WARN: registry 0.11.0 line not found in log
== --framework pytorch --task gemm --device cpu --size 256 ==
== --framework pytorch --task gemm --device cpu --size 512 ==
== --framework pytorch --task gemm --device cpu --size 1024 ==
== --framework pytorch --task gemm --device cpu --size 2048 ==
== --framework pytorch --task gemm --device cpu --size 4096 ==
== --framework pytorch --task train --device cpu --size 64 ==
== --framework pytorch --task infer --device cpu --size 64 ==
== --framework tensorflow --task gemm --device cpu --size 256 ==
== --framework tensorflow --task gemm --device cpu --size 512 ==
== --framework tensorflow --task gemm --device cpu --size 1024 ==
== --framework tensorflow --task gemm --device cpu --size 2048 ==
== --framework tensorflow --task gemm --device cpu --size 4096 ==
== --framework tensorflow --task train --device cpu --size 64 ==
== --framework tensorflow --task infer --device cpu --size 64 ==
== --framework scipy --task gemm --device cpu --size 256 ==
== --framework scipy --task gemm --device cpu --size 512 ==
== --framework scipy --task gemm --device cpu --size 1024 ==
== --framework scipy --task gemm --device cpu --size 2048 ==
== --framework scipy --task gemm --device cpu --size 4096 ==
== --framework scipy --task train --device cpu --size 64 ==
== --framework scipy --task infer --device cpu --size 64 ==
== --framework pytorch --task gemm --device cuda --size 256 ==
== --framework pytorch --task gemm --device cuda --size 512 ==
== --framework pytorch --task gemm --device cuda --size 1024 ==
== --framework pytorch --task gemm --device cuda --size 2048 ==
== --framework pytorch --task gemm --device cuda --size 4096 ==
== --framework pytorch --task train --device cuda --size 64 ==
== --framework pytorch --task infer --device cuda --size 64 ==
stage3-done 2026-10-10T08:57:37Z pyrows=28
done. 2026-10-10T08:57:37Z
