== build bench-fandhe  ==
== build bench-candle --no-default-features --features cuda ==
== build bench-burn --no-default-features --features cuda ==
== bench-fandhe gemm cuda size=256 mode=fresh extra=none ==
{"framework":"fandhe-ai","version":"0.11.0","task":"gemm","device":"cuda","size":256,"median_s":0.000087936,"q1_s":0.000087708,"q3_s":0.000088169,"gflops":381.578,"checksum":237.546660,"warmup":20,"iters":20,"mode":"fresh","parity_total":65536,"parity_fail_count":0,"parity_max_abs_err":0.000000e0,"parity_max_rel_err":0.000000e0,"parity_scaled_abs_bound":0.000000e0,"parity_scaled_abs_rescued":0}
== bench-fandhe gemm cuda size=512 mode=fresh extra=none ==
{"framework":"fandhe-ai","version":"0.11.0","task":"gemm","device":"cuda","size":512,"median_s":0.000258930,"q1_s":0.000258633,"q3_s":0.000259361,"gflops":1036.713,"checksum":937.743233,"warmup":20,"iters":20,"mode":"fresh","parity_total":262144,"parity_fail_count":0,"parity_max_abs_err":0.000000e0,"parity_max_rel_err":0.000000e0,"parity_scaled_abs_bound":0.000000e0,"parity_scaled_abs_rescued":0}
== bench-fandhe gemm cuda size=1024 mode=fresh extra=none ==
{"framework":"fandhe-ai","version":"0.11.0","task":"gemm","device":"cuda","size":1024,"median_s":0.000956332,"q1_s":0.000955784,"q3_s":0.000957328,"gflops":2245.542,"checksum":-1855.597736,"warmup":20,"iters":20,"mode":"fresh","parity_total":1048576,"parity_fail_count":0,"parity_max_abs_err":0.000000e0,"parity_max_rel_err":0.000000e0,"parity_scaled_abs_bound":0.000000e0,"parity_scaled_abs_rescued":0}
== bench-fandhe gemm cuda size=2048 mode=fresh extra=none ==
{"framework":"fandhe-ai","version":"0.11.0","task":"gemm","device":"cuda","size":2048,"median_s":0.004187544,"q1_s":0.004184897,"q3_s":0.004203816,"gflops":4102.612,"checksum":-6016.774008,"warmup":20,"iters":20,"mode":"fresh","parity_total":4194304,"parity_fail_count":0,"parity_max_abs_err":0.000000e0,"parity_max_rel_err":0.000000e0,"parity_scaled_abs_bound":0.000000e0,"parity_scaled_abs_rescued":0}
== bench-fandhe gemm cuda size=4096 mode=fresh extra=none ==
{"framework":"fandhe-ai","version":"0.11.0","task":"gemm","device":"cuda","size":4096,"median_s":0.039168403,"q1_s":0.038902154,"q3_s":0.039325188,"gflops":3508.924,"checksum":-25768.747284,"warmup":20,"iters":20,"mode":"fresh","parity_total":16777216,"parity_fail_count":0,"parity_max_abs_err":0.000000e0,"parity_max_rel_err":0.000000e0,"parity_scaled_abs_bound":0.000000e0,"parity_scaled_abs_rescued":0}
== bench-fandhe gemm cpu size=256 mode=fresh extra=none ==
{"framework":"fandhe-ai","version":"0.11.0","task":"gemm","device":"cpu","size":256,"median_s":0.000226385,"q1_s":0.000211664,"q3_s":0.000241101,"gflops":148.219,"checksum":237.546660,"warmup":20,"iters":20,"mode":"fresh","parity_total":65536,"parity_fail_count":0,"parity_max_abs_err":0.000000e0,"parity_max_rel_err":0.000000e0,"parity_scaled_abs_bound":0.000000e0,"parity_scaled_abs_rescued":0}
== bench-fandhe gemm cpu size=512 mode=fresh extra=none ==
{"framework":"fandhe-ai","version":"0.11.0","task":"gemm","device":"cpu","size":512,"median_s":0.001742575,"q1_s":0.001610475,"q3_s":0.001897879,"gflops":154.045,"checksum":937.743233,"warmup":20,"iters":20,"mode":"fresh","parity_total":262144,"parity_fail_count":0,"parity_max_abs_err":0.000000e0,"parity_max_rel_err":0.000000e0,"parity_scaled_abs_bound":0.000000e0,"parity_scaled_abs_rescued":0}
== bench-fandhe gemm cpu size=1024 mode=fresh extra=none ==
{"framework":"fandhe-ai","version":"0.11.0","task":"gemm","device":"cpu","size":1024,"median_s":0.004028352,"q1_s":0.003596262,"q3_s":0.004453233,"gflops":533.092,"checksum":-1855.597736,"warmup":20,"iters":20,"mode":"fresh","parity_total":1048576,"parity_fail_count":0,"parity_max_abs_err":0.000000e0,"parity_max_rel_err":0.000000e0,"parity_scaled_abs_bound":0.000000e0,"parity_scaled_abs_rescued":0}
== bench-fandhe gemm cpu size=2048 mode=fresh extra=none ==
{"framework":"fandhe-ai","version":"0.11.0","task":"gemm","device":"cpu","size":2048,"median_s":0.016719674,"q1_s":0.016530022,"q3_s":0.016885631,"gflops":1027.524,"checksum":-6016.774008,"warmup":20,"iters":20,"mode":"fresh","parity_total":4194304,"parity_fail_count":0,"parity_max_abs_err":0.000000e0,"parity_max_rel_err":0.000000e0,"parity_scaled_abs_bound":0.000000e0,"parity_scaled_abs_rescued":0}
== bench-fandhe train cuda size=64 mode=fresh extra=none ==
{"framework":"fandhe-ai","version":"0.11.0","task":"train","device":"cuda","size":64,"median_s":0.000547250,"q1_s":0.000529506,"q3_s":0.000571987,"checksum":0.080541,"warmup":20,"iters":80,"mode":"fresh"}
== bench-fandhe infer cuda size=64 mode=fresh extra=none ==
{"framework":"fandhe-ai","version":"0.11.0","task":"infer","device":"cuda","size":64,"median_s":0.000151057,"q1_s":0.000150333,"q3_s":0.000153340,"throughput_per_s":6620.018,"checksum":13.976574,"warmup":20,"iters":20,"mode":"fresh"}
== bench-fandhe train cpu size=64 mode=fresh extra=none ==
{"framework":"fandhe-ai","version":"0.11.0","task":"train","device":"cpu","size":64,"median_s":0.000988956,"q1_s":0.000833160,"q3_s":0.001222069,"checksum":0.080541,"warmup":20,"iters":80,"mode":"fresh"}
== bench-fandhe infer cpu size=64 mode=fresh extra=none ==
{"framework":"fandhe-ai","version":"0.11.0","task":"infer","device":"cpu","size":64,"median_s":0.000166377,"q1_s":0.000154992,"q3_s":0.000177816,"throughput_per_s":6010.446,"checksum":13.976574,"warmup":20,"iters":20,"mode":"fresh"}
== bench-candle gemm cuda size=256 mode=fresh extra=none ==
{"framework":"candle","version":"0.11.0","task":"gemm","device":"cuda","size":256,"median_s":0.000076656,"q1_s":0.000076341,"q3_s":0.000077120,"gflops":437.727,"checksum":237.546670,"warmup":20,"iters":20,"mode":"fresh","parity_total":65536,"parity_fail_count":0,"parity_max_abs_err":4.053116e-6,"parity_max_rel_err":2.549727e-2,"parity_scaled_abs_bound":1.907255e-6,"parity_scaled_abs_rescued":0}
== bench-candle gemm cuda size=512 mode=fresh extra=none ==
{"framework":"candle","version":"0.11.0","task":"gemm","device":"cuda","size":512,"median_s":0.000240977,"q1_s":0.000240693,"q3_s":0.000242189,"gflops":1113.946,"checksum":937.743128,"warmup":20,"iters":20,"mode":"fresh","parity_total":262144,"parity_fail_count":0,"parity_max_abs_err":9.536743e-6,"parity_max_rel_err":8.516808e-3,"parity_scaled_abs_bound":3.814663e-6,"parity_scaled_abs_rescued":0}
== bench-candle gemm cuda size=1024 mode=fresh extra=none ==
{"framework":"candle","version":"0.11.0","task":"gemm","device":"cuda","size":1024,"median_s":0.000926676,"q1_s":0.000924911,"q3_s":0.000927624,"gflops":2317.406,"checksum":-1855.594967,"warmup":20,"iters":20,"mode":"fresh","parity_total":1048576,"parity_fail_count":0,"parity_max_abs_err":1.811981e-5,"parity_max_rel_err":3.398111e-1,"parity_scaled_abs_bound":7.629375e-6,"parity_scaled_abs_rescued":0}
== bench-candle gemm cuda size=2048 mode=fresh extra=none ==
{"framework":"candle","version":"0.11.0","task":"gemm","device":"cuda","size":2048,"median_s":0.004246401,"q1_s":0.004218036,"q3_s":0.004304629,"gflops":4045.748,"checksum":-6016.775802,"warmup":20,"iters":20,"mode":"fresh","parity_total":4194304,"parity_fail_count":0,"parity_max_abs_err":3.623962e-5,"parity_max_rel_err":2.811288e-1,"parity_scaled_abs_bound":1.525878e-5,"parity_scaled_abs_rescued":2}
== bench-candle gemm cuda size=4096 mode=fresh extra=none ==
{"framework":"candle","version":"0.11.0","task":"gemm","device":"cuda","size":4096,"median_s":0.060124693,"q1_s":0.059934456,"q3_s":0.060659782,"gflops":2285.899,"checksum":-25768.747284,"warmup":20,"iters":20,"mode":"fresh","parity_total":16777216,"parity_fail_count":0,"parity_max_abs_err":0.000000e0,"parity_max_rel_err":0.000000e0,"parity_scaled_abs_bound":3.051757e-5,"parity_scaled_abs_rescued":0}
== bench-candle gemm cpu size=256 mode=fresh extra=none ==
{"framework":"candle","version":"0.11.0","task":"gemm","device":"cpu","size":256,"median_s":0.000316113,"q1_s":0.000283041,"q3_s":0.000347133,"gflops":106.147,"checksum":237.546660,"warmup":20,"iters":20,"mode":"fresh","parity_total":65536,"parity_fail_count":0,"parity_max_abs_err":0.000000e0,"parity_max_rel_err":0.000000e0,"parity_scaled_abs_bound":1.907255e-6,"parity_scaled_abs_rescued":0}
== bench-candle gemm cpu size=512 mode=fresh extra=none ==
{"framework":"candle","version":"0.11.0","task":"gemm","device":"cpu","size":512,"median_s":0.001892288,"q1_s":0.001681683,"q3_s":0.002200661,"gflops":141.858,"checksum":937.743233,"warmup":20,"iters":20,"mode":"fresh","parity_total":262144,"parity_fail_count":0,"parity_max_abs_err":0.000000e0,"parity_max_rel_err":0.000000e0,"parity_scaled_abs_bound":3.814663e-6,"parity_scaled_abs_rescued":0}
== bench-candle gemm cpu size=1024 mode=fresh extra=none ==
{"framework":"candle","version":"0.11.0","task":"gemm","device":"cpu","size":1024,"median_s":0.005627398,"q1_s":0.005437761,"q3_s":0.005812935,"gflops":381.612,"checksum":-1855.597736,"warmup":20,"iters":20,"mode":"fresh","parity_total":1048576,"parity_fail_count":0,"parity_max_abs_err":0.000000e0,"parity_max_rel_err":0.000000e0,"parity_scaled_abs_bound":7.629375e-6,"parity_scaled_abs_rescued":0}
== bench-candle gemm cpu size=2048 mode=fresh extra=none ==
{"framework":"candle","version":"0.11.0","task":"gemm","device":"cpu","size":2048,"median_s":0.033987117,"q1_s":0.033080826,"q3_s":0.034836225,"gflops":505.482,"checksum":-6016.773874,"warmup":20,"iters":20,"mode":"fresh","parity_total":4194304,"parity_fail_count":0,"parity_max_abs_err":3.814697e-5,"parity_max_rel_err":3.944416e-1,"parity_scaled_abs_bound":1.525878e-5,"parity_scaled_abs_rescued":2}
== bench-candle train cuda size=64 mode=fresh extra=none ==
{"framework":"candle","version":"0.11.0","task":"train","device":"cuda","size":64,"median_s":0.000274609,"q1_s":0.000272593,"q3_s":0.000276817,"checksum":0.117549,"warmup":20,"iters":80,"mode":"fresh"}
== bench-candle infer cuda size=64 mode=fresh extra=none ==
{"framework":"candle","version":"0.11.0","task":"infer","device":"cuda","size":64,"median_s":0.000041896,"q1_s":0.000040932,"q3_s":0.000043320,"throughput_per_s":23868.627,"checksum":1381.708740,"warmup":20,"iters":20,"mode":"fresh"}
== bench-candle train cpu size=64 mode=fresh extra=none ==
{"framework":"candle","version":"0.11.0","task":"train","device":"cpu","size":64,"median_s":0.002504730,"q1_s":0.002222557,"q3_s":0.002917640,"checksum":0.117550,"warmup":20,"iters":80,"mode":"fresh"}
== bench-candle infer cpu size=64 mode=fresh extra=none ==
{"framework":"candle","version":"0.11.0","task":"infer","device":"cpu","size":64,"median_s":0.000247521,"q1_s":0.000212741,"q3_s":0.000324681,"throughput_per_s":4040.061,"checksum":1381.708783,"warmup":20,"iters":20,"mode":"fresh"}
== bench-burn gemm cuda size=256 mode=fresh extra=none ==
{"framework":"burn","version":"0.21.0","task":"gemm","device":"cuda","size":256,"median_s":0.000171152,"q1_s":0.000158125,"q3_s":0.000458330,"gflops":196.050,"checksum":237.580621,"warmup":20,"iters":20,"mode":"fresh","parity_total":65536,"parity_fail_count":0,"parity_max_abs_err":1.581430e-3,"parity_max_rel_err":1.553981e0,"parity_scaled_abs_bound":1.562424e-2,"parity_scaled_abs_rescued":10538,"tf32":true}
== bench-burn gemm cuda size=512 mode=fresh extra=none ==
{"framework":"burn","version":"0.21.0","task":"gemm","device":"cuda","size":512,"median_s":0.000451730,"q1_s":0.000432505,"q3_s":0.000506678,"gflops":594.239,"checksum":937.360224,"warmup":20,"iters":20,"mode":"fresh","parity_total":262144,"parity_fail_count":0,"parity_max_abs_err":2.342582e-3,"parity_max_rel_err":1.972325e0,"parity_scaled_abs_bound":3.124972e-2,"parity_scaled_abs_rescued":42361,"tf32":true}
== bench-burn gemm cuda size=1024 mode=fresh extra=none ==
{"framework":"burn","version":"0.21.0","task":"gemm","device":"cuda","size":1024,"median_s":0.001150021,"q1_s":0.001021132,"q3_s":0.001178449,"gflops":1867.344,"checksum":-1855.919764,"warmup":20,"iters":20,"mode":"fresh","parity_total":1048576,"parity_fail_count":0,"parity_max_abs_err":3.642797e-3,"parity_max_rel_err":1.964783e0,"parity_scaled_abs_bound":6.249984e-2,"parity_scaled_abs_rescued":169929,"tf32":true}
== bench-burn gemm cuda size=2048 mode=fresh extra=none ==
{"framework":"burn","version":"0.21.0","task":"gemm","device":"cuda","size":2048,"median_s":0.004250217,"q1_s":0.004142993,"q3_s":0.004308257,"gflops":4042.116,"checksum":-6017.744475,"warmup":20,"iters":20,"mode":"fresh","parity_total":4194304,"parity_fail_count":0,"parity_max_abs_err":4.941225e-3,"parity_max_rel_err":1.986745e0,"parity_scaled_abs_bound":1.249999e-1,"parity_scaled_abs_rescued":681454,"tf32":true}
== bench-burn gemm cuda size=4096 mode=fresh extra=none ==
{"framework":"burn","version":"0.21.0","task":"gemm","device":"cuda","size":4096,"median_s":0.039634380,"q1_s":0.039569907,"q3_s":0.039714164,"gflops":3467.670,"checksum":-25774.003763,"warmup":20,"iters":20,"mode":"fresh","parity_total":16777216,"parity_fail_count":0,"parity_max_abs_err":7.116556e-3,"parity_max_rel_err":1.997358e0,"parity_scaled_abs_bound":2.500000e-1,"parity_scaled_abs_rescued":2729050,"tf32":true}
== bench-burn gemm cpu size=256 mode=fresh extra=none ==
{"framework":"burn","version":"0.21.0","task":"gemm","device":"cpu","size":256,"median_s":0.000508954,"q1_s":0.000506342,"q3_s":0.001087968,"gflops":65.928,"checksum":237.546660,"warmup":20,"iters":20,"mode":"fresh","parity_total":65536,"parity_fail_count":0,"parity_max_abs_err":0.000000e0,"parity_max_rel_err":0.000000e0,"parity_scaled_abs_bound":1.907255e-6,"parity_scaled_abs_rescued":0}
== bench-burn gemm cpu size=512 mode=fresh extra=none ==
{"framework":"burn","version":"0.21.0","task":"gemm","device":"cpu","size":512,"median_s":0.003328205,"q1_s":0.003322597,"q3_s":0.003334729,"gflops":80.655,"checksum":937.743112,"warmup":20,"iters":20,"mode":"fresh","parity_total":262144,"parity_fail_count":0,"parity_max_abs_err":9.059906e-6,"parity_max_rel_err":8.316180e-3,"parity_scaled_abs_bound":3.814663e-6,"parity_scaled_abs_rescued":0}
== bench-burn gemm cpu size=1024 mode=fresh extra=none ==
{"framework":"burn","version":"0.21.0","task":"gemm","device":"cpu","size":1024,"median_s":0.022560192,"q1_s":0.022545416,"q3_s":0.022589872,"gflops":95.189,"checksum":-1855.595863,"warmup":20,"iters":20,"mode":"fresh","parity_total":1048576,"parity_fail_count":0,"parity_max_abs_err":2.050400e-5,"parity_max_rel_err":1.834505e-1,"parity_scaled_abs_bound":7.629375e-6,"parity_scaled_abs_rescued":0}
== bench-burn gemm cpu size=2048 mode=fresh extra=none ==
{"framework":"burn","version":"0.21.0","task":"gemm","device":"cpu","size":2048,"median_s":0.159873560,"q1_s":0.159752368,"q3_s":0.160043404,"gflops":107.459,"checksum":-6016.774966,"warmup":20,"iters":20,"mode":"fresh","parity_total":4194304,"parity_fail_count":0,"parity_max_abs_err":3.528595e-5,"parity_max_rel_err":3.051549e-1,"parity_scaled_abs_bound":1.525878e-5,"parity_scaled_abs_rescued":5}
== bench-burn train cuda size=64 mode=fresh extra=none ==
{"framework":"burn","version":"0.21.0","task":"train","device":"cuda","size":64,"median_s":0.000517930,"q1_s":0.000512166,"q3_s":0.000892412,"checksum":0.117643,"warmup":20,"iters":80,"mode":"fresh","tf32":true}
== bench-burn infer cuda size=64 mode=fresh extra=none ==
{"framework":"burn","version":"0.21.0","task":"infer","device":"cuda","size":64,"median_s":0.000442354,"q1_s":0.000262337,"q3_s":0.000523870,"throughput_per_s":2260.633,"checksum":1381.643178,"warmup":20,"iters":20,"mode":"fresh","tf32":true}
== bench-burn train cpu size=64 mode=fresh extra=none ==
{"framework":"burn","version":"0.21.0","task":"train","device":"cpu","size":64,"median_s":0.000993124,"q1_s":0.000987603,"q3_s":0.000996104,"checksum":0.117549,"warmup":20,"iters":80,"mode":"fresh"}
== bench-burn infer cpu size=64 mode=fresh extra=none ==
{"framework":"burn","version":"0.21.0","task":"infer","device":"cpu","size":64,"median_s":0.000242209,"q1_s":0.000242084,"q3_s":0.000243465,"throughput_per_s":4128.666,"checksum":1381.708825,"warmup":20,"iters":20,"mode":"fresh"}
== bench-fandhe gemm cuda size=256 mode=reuse extra=none ==
{"framework":"fandhe-ai","version":"0.11.0","task":"gemm","device":"cuda","size":256,"median_s":0.000092081,"q1_s":0.000091765,"q3_s":0.000092768,"gflops":364.401,"checksum":237.546660,"warmup":20,"iters":20,"mode":"reuse","init_s":0.429768284,"parity_total":65536,"parity_fail_count":0,"parity_max_abs_err":0.000000e0,"parity_max_rel_err":0.000000e0,"parity_scaled_abs_bound":0.000000e0,"parity_scaled_abs_rescued":0}
== bench-fandhe gemm cuda size=512 mode=reuse extra=none ==
{"framework":"fandhe-ai","version":"0.11.0","task":"gemm","device":"cuda","size":512,"median_s":0.000567826,"q1_s":0.000552034,"q3_s":0.000571994,"gflops":472.742,"checksum":937.743233,"warmup":20,"iters":20,"mode":"reuse","init_s":0.420046005,"parity_total":262144,"parity_fail_count":0,"parity_max_abs_err":0.000000e0,"parity_max_rel_err":0.000000e0,"parity_scaled_abs_bound":0.000000e0,"parity_scaled_abs_rescued":0}
== bench-fandhe gemm cuda size=1024 mode=reuse extra=none ==
{"framework":"fandhe-ai","version":"0.11.0","task":"gemm","device":"cuda","size":1024,"median_s":0.002347913,"q1_s":0.002220141,"q3_s":0.002473141,"gflops":914.635,"checksum":-1855.597736,"warmup":20,"iters":20,"mode":"reuse","init_s":0.432450966,"parity_total":1048576,"parity_fail_count":0,"parity_max_abs_err":0.000000e0,"parity_max_rel_err":0.000000e0,"parity_scaled_abs_bound":0.000000e0,"parity_scaled_abs_rescued":0}
== bench-fandhe gemm cuda size=2048 mode=reuse extra=none ==
{"framework":"fandhe-ai","version":"0.11.0","task":"gemm","device":"cuda","size":2048,"median_s":0.008594705,"q1_s":0.008581477,"q3_s":0.008601042,"gflops":1998.890,"checksum":-6016.774008,"warmup":20,"iters":20,"mode":"reuse","init_s":0.427142993,"parity_total":4194304,"parity_fail_count":0,"parity_max_abs_err":0.000000e0,"parity_max_rel_err":0.000000e0,"parity_scaled_abs_bound":0.000000e0,"parity_scaled_abs_rescued":0}
== bench-fandhe gemm cuda size=4096 mode=reuse extra=none ==
{"framework":"fandhe-ai","version":"0.11.0","task":"gemm","device":"cuda","size":4096,"median_s":0.039055544,"q1_s":0.038881255,"q3_s":0.039145992,"gflops":3519.064,"checksum":-25768.747284,"warmup":20,"iters":20,"mode":"reuse","init_s":0.454870139,"parity_total":16777216,"parity_fail_count":0,"parity_max_abs_err":0.000000e0,"parity_max_rel_err":0.000000e0,"parity_scaled_abs_bound":0.000000e0,"parity_scaled_abs_rescued":0}
== bench-fandhe train cuda size=64 mode=reuse extra=none ==
{"framework":"fandhe-ai","version":"0.11.0","task":"train","device":"cuda","size":64,"median_s":0.000332698,"q1_s":0.000328769,"q3_s":0.000334378,"checksum":0.080541,"warmup":20,"iters":80,"mode":"reuse","init_s":0.219581654}
== bench-fandhe train cpu size=64 mode=reuse extra=none ==
{"framework":"fandhe-ai","version":"0.11.0","task":"train","device":"cpu","size":64,"median_s":0.000955348,"q1_s":0.000904664,"q3_s":0.001149768,"checksum":0.080541,"warmup":20,"iters":80,"mode":"reuse","init_s":0.001014356}
== bench-fandhe train cuda size=64 mode=fresh extra=--phases ==
{"framework":"fandhe-ai","version":"0.11.0","task":"train_phases","device":"cuda","size":64,"median_s":0.000003784,"q1_s":0.000003628,"q3_s":0.000003888,"checksum":0.080541,"warmup":20,"iters":80,"mode":"fresh","phase":"tape_build","phase_index":0}
{"framework":"fandhe-ai","version":"0.11.0","task":"train_phases","device":"cuda","size":64,"median_s":0.000002128,"q1_s":0.000001936,"q3_s":0.000002280,"checksum":0.080541,"warmup":20,"iters":80,"mode":"fresh","phase":"leaf_register","phase_index":1}
{"framework":"fandhe-ai","version":"0.11.0","task":"train_phases","device":"cuda","size":64,"median_s":0.000178296,"q1_s":0.000176109,"q3_s":0.000182509,"checksum":0.080541,"warmup":20,"iters":80,"mode":"fresh","phase":"forward","phase_index":2}
{"framework":"fandhe-ai","version":"0.11.0","task":"train_phases","device":"cuda","size":64,"median_s":0.000000048,"q1_s":0.000000048,"q3_s":0.000000064,"checksum":0.080541,"warmup":20,"iters":80,"mode":"fresh","phase":"loss_readout","phase_index":3}
{"framework":"fandhe-ai","version":"0.11.0","task":"train_phases","device":"cuda","size":64,"median_s":0.000218296,"q1_s":0.000209061,"q3_s":0.000221264,"checksum":0.080541,"warmup":20,"iters":80,"mode":"fresh","phase":"backward","phase_index":4}
{"framework":"fandhe-ai","version":"0.11.0","task":"train_phases","device":"cuda","size":64,"median_s":0.000091840,"q1_s":0.000075177,"q3_s":0.000100677,"checksum":0.080541,"warmup":20,"iters":80,"mode":"fresh","phase":"param_readout","phase_index":5}
{"framework":"fandhe-ai","version":"0.11.0","task":"train_phases","device":"cuda","size":64,"median_s":0.000055560,"q1_s":0.000047945,"q3_s":0.000066636,"checksum":0.080541,"warmup":20,"iters":80,"mode":"fresh","phase":"host_sgd","phase_index":6}
{"framework":"fandhe-ai","version":"0.11.0","task":"train_phases","device":"cuda","size":64,"median_s":0.000000320,"q1_s":0.000000304,"q3_s":0.000000336,"checksum":0.080541,"warmup":20,"iters":80,"mode":"fresh","phase":"apply_params","phase_index":7}
{"framework":"fandhe-ai","version":"0.11.0","task":"train_phases","device":"cuda","size":64,"median_s":0.000002400,"q1_s":0.000002240,"q3_s":0.000002544,"checksum":0.080541,"warmup":20,"iters":80,"mode":"fresh","phase":"tape_drop","phase_index":8}
{"framework":"fandhe-ai","version":"0.11.0","task":"train_phases","device":"cuda","size":64,"median_s":0.000548747,"q1_s":0.000527378,"q3_s":0.000568354,"checksum":0.080541,"warmup":20,"iters":80,"mode":"fresh","phase":"step_total","phase_index":9}
== bench-fandhe train cuda size=64 mode=reuse extra=--phases ==
{"framework":"fandhe-ai","version":"0.11.0","task":"train_phases","device":"cuda","size":64,"median_s":0.000002544,"q1_s":0.000002496,"q3_s":0.000002608,"checksum":0.080541,"warmup":20,"iters":80,"mode":"reuse","init_s":0.224097447,"phase":"tape_build","phase_index":0}
{"framework":"fandhe-ai","version":"0.11.0","task":"train_phases","device":"cuda","size":64,"median_s":0.000000288,"q1_s":0.000000272,"q3_s":0.000000304,"checksum":0.080541,"warmup":20,"iters":80,"mode":"reuse","init_s":0.224097447,"phase":"leaf_register","phase_index":1}
{"framework":"fandhe-ai","version":"0.11.0","task":"train_phases","device":"cuda","size":64,"median_s":0.000157001,"q1_s":0.000155824,"q3_s":0.000158168,"checksum":0.080541,"warmup":20,"iters":80,"mode":"reuse","init_s":0.224097447,"phase":"forward_resident","phase_index":2}
{"framework":"fandhe-ai","version":"0.11.0","task":"train_phases","device":"cuda","size":64,"median_s":0.000000032,"q1_s":0.000000032,"q3_s":0.000000048,"checksum":0.080541,"warmup":20,"iters":80,"mode":"reuse","init_s":0.224097447,"phase":"loss_readout","phase_index":3}
{"framework":"fandhe-ai","version":"0.11.0","task":"train_phases","device":"cuda","size":64,"median_s":0.000168568,"q1_s":0.000167044,"q3_s":0.000169952,"checksum":0.080541,"warmup":20,"iters":80,"mode":"reuse","init_s":0.224097447,"phase":"backward","phase_index":4}
{"framework":"fandhe-ai","version":"0.11.0","task":"train_phases","device":"cuda","size":64,"median_s":0.000008168,"q1_s":0.000008092,"q3_s":0.000008228,"checksum":0.080541,"warmup":20,"iters":80,"mode":"reuse","init_s":0.224097447,"phase":"device_update","phase_index":5}
{"framework":"fandhe-ai","version":"0.11.0","task":"train_phases","device":"cuda","size":64,"median_s":0.000000848,"q1_s":0.000000832,"q3_s":0.000000864,"checksum":0.080541,"warmup":20,"iters":80,"mode":"reuse","init_s":0.224097447,"phase":"tape_drop","phase_index":6}
{"framework":"fandhe-ai","version":"0.11.0","task":"train_phases","device":"cuda","size":64,"median_s":0.000338225,"q1_s":0.000335902,"q3_s":0.000340385,"checksum":0.080541,"warmup":20,"iters":80,"mode":"reuse","init_s":0.224097447,"phase":"step_total","phase_index":7}
== bench-fandhe train cpu size=64 mode=fresh extra=--phases ==
{"framework":"fandhe-ai","version":"0.11.0","task":"train_phases","device":"cpu","size":64,"median_s":0.000000272,"q1_s":0.000000208,"q3_s":0.000000320,"checksum":0.080541,"warmup":20,"iters":80,"mode":"fresh","phase":"tape_build","phase_index":0}
{"framework":"fandhe-ai","version":"0.11.0","task":"train_phases","device":"cpu","size":64,"median_s":0.000002008,"q1_s":0.000001704,"q3_s":0.000002320,"checksum":0.080541,"warmup":20,"iters":80,"mode":"fresh","phase":"leaf_register","phase_index":1}
{"framework":"fandhe-ai","version":"0.11.0","task":"train_phases","device":"cpu","size":64,"median_s":0.000227929,"q1_s":0.000213097,"q3_s":0.000263726,"checksum":0.080541,"warmup":20,"iters":80,"mode":"fresh","phase":"forward","phase_index":2}
{"framework":"fandhe-ai","version":"0.11.0","task":"train_phases","device":"cpu","size":64,"median_s":0.000000144,"q1_s":0.000000096,"q3_s":0.000000176,"checksum":0.080541,"warmup":20,"iters":80,"mode":"fresh","phase":"loss_readout","phase_index":3}
{"framework":"fandhe-ai","version":"0.11.0","task":"train_phases","device":"cpu","size":64,"median_s":0.000456241,"q1_s":0.000399061,"q3_s":0.000541635,"checksum":0.080541,"warmup":20,"iters":80,"mode":"fresh","phase":"backward","phase_index":4}
{"framework":"fandhe-ai","version":"0.11.0","task":"train_phases","device":"cpu","size":64,"median_s":0.000040792,"q1_s":0.000035340,"q3_s":0.000050069,"checksum":0.080541,"warmup":20,"iters":80,"mode":"fresh","phase":"param_readout","phase_index":5}
{"framework":"fandhe-ai","version":"0.11.0","task":"train_phases","device":"cpu","size":64,"median_s":0.000050840,"q1_s":0.000042548,"q3_s":0.000071392,"checksum":0.080541,"warmup":20,"iters":80,"mode":"fresh","phase":"host_sgd","phase_index":6}
{"framework":"fandhe-ai","version":"0.11.0","task":"train_phases","device":"cpu","size":64,"median_s":0.000000880,"q1_s":0.000000728,"q3_s":0.000001188,"checksum":0.080541,"warmup":20,"iters":80,"mode":"fresh","phase":"apply_params","phase_index":7}
{"framework":"fandhe-ai","version":"0.11.0","task":"train_phases","device":"cpu","size":64,"median_s":0.000003896,"q1_s":0.000003272,"q3_s":0.000004724,"checksum":0.080541,"warmup":20,"iters":80,"mode":"fresh","phase":"tape_drop","phase_index":8}
{"framework":"fandhe-ai","version":"0.11.0","task":"train_phases","device":"cpu","size":64,"median_s":0.000911036,"q1_s":0.000713447,"q3_s":0.001136689,"checksum":0.080541,"warmup":20,"iters":80,"mode":"fresh","phase":"step_total","phase_index":9}
== bench-fandhe train cpu size=64 mode=reuse extra=--phases ==
{"framework":"fandhe-ai","version":"0.11.0","task":"train_phases","device":"cpu","size":64,"median_s":0.000000192,"q1_s":0.000000144,"q3_s":0.000000272,"checksum":0.080541,"warmup":20,"iters":80,"mode":"reuse","init_s":0.001166868,"phase":"tape_build","phase_index":0}
{"framework":"fandhe-ai","version":"0.11.0","task":"train_phases","device":"cpu","size":64,"median_s":0.000000656,"q1_s":0.000000528,"q3_s":0.000000944,"checksum":0.080541,"warmup":20,"iters":80,"mode":"reuse","init_s":0.001166868,"phase":"leaf_register","phase_index":1}
{"framework":"fandhe-ai","version":"0.11.0","task":"train_phases","device":"cpu","size":64,"median_s":0.000220793,"q1_s":0.000188405,"q3_s":0.000290953,"checksum":0.080541,"warmup":20,"iters":80,"mode":"reuse","init_s":0.001166868,"phase":"forward_resident","phase_index":2}
{"framework":"fandhe-ai","version":"0.11.0","task":"train_phases","device":"cpu","size":64,"median_s":0.000000160,"q1_s":0.000000096,"q3_s":0.000000176,"checksum":0.080541,"warmup":20,"iters":80,"mode":"reuse","init_s":0.001166868,"phase":"loss_readout","phase_index":3}
{"framework":"fandhe-ai","version":"0.11.0","task":"train_phases","device":"cpu","size":64,"median_s":0.000454009,"q1_s":0.000407270,"q3_s":0.000632607,"checksum":0.080541,"warmup":20,"iters":80,"mode":"reuse","init_s":0.001166868,"phase":"backward","phase_index":4}
{"framework":"fandhe-ai","version":"0.11.0","task":"train_phases","device":"cpu","size":64,"median_s":0.000261073,"q1_s":0.000244329,"q3_s":0.000285377,"checksum":0.080541,"warmup":20,"iters":80,"mode":"reuse","init_s":0.001166868,"phase":"device_update","phase_index":5}
{"framework":"fandhe-ai","version":"0.11.0","task":"train_phases","device":"cpu","size":64,"median_s":0.000001760,"q1_s":0.000001468,"q3_s":0.000002056,"checksum":0.080541,"warmup":20,"iters":80,"mode":"reuse","init_s":0.001166868,"phase":"tape_drop","phase_index":6}
{"framework":"fandhe-ai","version":"0.11.0","task":"train_phases","device":"cpu","size":64,"median_s":0.000946012,"q1_s":0.000874292,"q3_s":0.001276549,"checksum":0.080541,"warmup":20,"iters":80,"mode":"reuse","init_s":0.001166868,"phase":"step_total","phase_index":7}
== bench-fandhe infer cuda size=64 mode=reuse extra=none ==
{"framework":"fandhe-ai","version":"0.11.0","task":"infer","device":"cuda","size":64,"median_s":0.000098993,"q1_s":0.000098884,"q3_s":0.000099060,"throughput_per_s":10101.775,"checksum":13.976574,"warmup":20,"iters":20,"mode":"reuse","init_s":0.219867223}
== bench-fandhe infer cpu size=64 mode=reuse extra=none ==
{"framework":"fandhe-ai","version":"0.11.0","task":"infer","device":"cpu","size":64,"median_s":0.000204769,"q1_s":0.000186937,"q3_s":0.000338078,"throughput_per_s":4883.552,"checksum":13.976574,"warmup":20,"iters":20,"mode":"reuse","init_s":0.001191445}
== bench-fandhe infer cuda size=64 mode=fresh extra=--phases ==
{"framework":"fandhe-ai","version":"0.11.0","task":"infer_phases","device":"cuda","size":64,"median_s":0.000000216,"q1_s":0.000000208,"q3_s":0.000000356,"checksum":13.976574,"warmup":20,"iters":20,"mode":"fresh","phase":"leaf_register","phase_index":0}
{"framework":"fandhe-ai","version":"0.11.0","task":"infer_phases","device":"cuda","size":64,"median_s":0.000136624,"q1_s":0.000132956,"q3_s":0.000139652,"checksum":13.976574,"warmup":20,"iters":20,"mode":"fresh","phase":"forward","phase_index":1}
{"framework":"fandhe-ai","version":"0.11.0","task":"infer_phases","device":"cuda","size":64,"median_s":0.000019200,"q1_s":0.000018996,"q3_s":0.000019368,"checksum":13.976574,"warmup":20,"iters":20,"mode":"fresh","phase":"to_tensor","phase_index":2}
{"framework":"fandhe-ai","version":"0.11.0","task":"infer_phases","device":"cuda","size":64,"median_s":0.000000080,"q1_s":0.000000080,"q3_s":0.000000080,"checksum":13.976574,"warmup":20,"iters":20,"mode":"fresh","phase":"host_copy","phase_index":3}
{"framework":"fandhe-ai","version":"0.11.0","task":"infer_phases","device":"cuda","size":64,"median_s":0.000000544,"q1_s":0.000000512,"q3_s":0.000000576,"checksum":13.976574,"warmup":20,"iters":20,"mode":"fresh","phase":"checksum","phase_index":4}
{"framework":"fandhe-ai","version":"0.11.0","task":"infer_phases","device":"cuda","size":64,"median_s":0.000159145,"q1_s":0.000153425,"q3_s":0.000160148,"checksum":13.976574,"warmup":20,"iters":20,"mode":"fresh","phase":"iter_total","phase_index":5}
== bench-fandhe infer cuda size=64 mode=reuse extra=--phases ==
{"framework":"fandhe-ai","version":"0.11.0","task":"infer_phases","device":"cuda","size":64,"median_s":0.000098624,"q1_s":0.000097836,"q3_s":0.000098828,"checksum":13.976574,"warmup":20,"iters":20,"mode":"reuse","init_s":0.216336616,"phase":"predict_resident","phase_index":0}
{"framework":"fandhe-ai","version":"0.11.0","task":"infer_phases","device":"cuda","size":64,"median_s":0.000000064,"q1_s":0.000000048,"q3_s":0.000000064,"checksum":13.976574,"warmup":20,"iters":20,"mode":"reuse","init_s":0.216336616,"phase":"host_copy","phase_index":1}
{"framework":"fandhe-ai","version":"0.11.0","task":"infer_phases","device":"cuda","size":64,"median_s":0.000001000,"q1_s":0.000000972,"q3_s":0.000001088,"checksum":13.976574,"warmup":20,"iters":20,"mode":"reuse","init_s":0.216336616,"phase":"checksum","phase_index":2}
{"framework":"fandhe-ai","version":"0.11.0","task":"infer_phases","device":"cuda","size":64,"median_s":0.000099848,"q1_s":0.000099180,"q3_s":0.000100072,"checksum":13.976574,"warmup":20,"iters":20,"mode":"reuse","init_s":0.216336616,"phase":"iter_total","phase_index":3}
== bench-fandhe infer cpu size=64 mode=fresh extra=--phases ==
{"framework":"fandhe-ai","version":"0.11.0","task":"infer_phases","device":"cpu","size":64,"median_s":0.000181185,"q1_s":0.000173681,"q3_s":0.000195761,"checksum":13.976574,"warmup":20,"iters":20,"mode":"fresh","phase":"predict","phase_index":0}
{"framework":"fandhe-ai","version":"0.11.0","task":"infer_phases","device":"cpu","size":64,"median_s":0.000000136,"q1_s":0.000000112,"q3_s":0.000000160,"checksum":13.976574,"warmup":20,"iters":20,"mode":"fresh","phase":"host_copy","phase_index":1}
{"framework":"fandhe-ai","version":"0.11.0","task":"infer_phases","device":"cpu","size":64,"median_s":0.000000344,"q1_s":0.000000320,"q3_s":0.000000464,"checksum":13.976574,"warmup":20,"iters":20,"mode":"fresh","phase":"checksum","phase_index":2}
{"framework":"fandhe-ai","version":"0.11.0","task":"infer_phases","device":"cpu","size":64,"median_s":0.000182496,"q1_s":0.000174337,"q3_s":0.000196593,"checksum":13.976574,"warmup":20,"iters":20,"mode":"fresh","phase":"iter_total","phase_index":3}
== bench-fandhe infer cpu size=64 mode=reuse extra=--phases ==
{"framework":"fandhe-ai","version":"0.11.0","task":"infer_phases","device":"cpu","size":64,"median_s":0.000174217,"q1_s":0.000162233,"q3_s":0.000194213,"checksum":13.976574,"warmup":20,"iters":20,"mode":"reuse","init_s":0.001103157,"phase":"predict_resident","phase_index":0}
{"framework":"fandhe-ai","version":"0.11.0","task":"infer_phases","device":"cpu","size":64,"median_s":0.000000152,"q1_s":0.000000108,"q3_s":0.000000184,"checksum":13.976574,"warmup":20,"iters":20,"mode":"reuse","init_s":0.001103157,"phase":"host_copy","phase_index":1}
{"framework":"fandhe-ai","version":"0.11.0","task":"infer_phases","device":"cpu","size":64,"median_s":0.000000320,"q1_s":0.000000320,"q3_s":0.000000336,"checksum":13.976574,"warmup":20,"iters":20,"mode":"reuse","init_s":0.001103157,"phase":"checksum","phase_index":2}
{"framework":"fandhe-ai","version":"0.11.0","task":"infer_phases","device":"cpu","size":64,"median_s":0.000175032,"q1_s":0.000162805,"q3_s":0.000195017,"checksum":13.976574,"warmup":20,"iters":20,"mode":"reuse","init_s":0.001103157,"phase":"iter_total","phase_index":3}
== bench-fandhe gemm cuda size=256 mode=fresh extra=--tf32 ==
{"framework":"fandhe-ai","version":"0.11.0","task":"gemm","device":"cuda","size":256,"median_s":0.000091344,"q1_s":0.000091184,"q3_s":0.000091636,"gflops":367.341,"checksum":237.580621,"warmup":20,"iters":20,"mode":"fresh","parity_total":65536,"parity_fail_count":10538,"parity_max_abs_err":1.581430e-3,"parity_max_rel_err":1.553981e0,"parity_scaled_abs_bound":0.000000e0,"parity_scaled_abs_rescued":0,"tf32":true}
== bench-fandhe gemm cuda size=512 mode=fresh extra=--tf32 ==
{"framework":"fandhe-ai","version":"0.11.0","task":"gemm","device":"cuda","size":512,"median_s":0.000268849,"q1_s":0.000268349,"q3_s":0.000269373,"gflops":998.462,"checksum":937.360224,"warmup":20,"iters":20,"mode":"fresh","parity_total":262144,"parity_fail_count":42361,"parity_max_abs_err":2.342582e-3,"parity_max_rel_err":1.972325e0,"parity_scaled_abs_bound":0.000000e0,"parity_scaled_abs_rescued":0,"tf32":true}
== bench-fandhe gemm cuda size=1024 mode=fresh extra=--tf32 ==
{"framework":"fandhe-ai","version":"0.11.0","task":"gemm","device":"cuda","size":1024,"median_s":0.000945923,"q1_s":0.000945632,"q3_s":0.000946888,"gflops":2270.252,"checksum":-1855.919764,"warmup":20,"iters":20,"mode":"fresh","parity_total":1048576,"parity_fail_count":169929,"parity_max_abs_err":3.642797e-3,"parity_max_rel_err":1.964783e0,"parity_scaled_abs_bound":0.000000e0,"parity_scaled_abs_rescued":0,"tf32":true}
== bench-fandhe gemm cuda size=2048 mode=fresh extra=--tf32 ==
{"framework":"fandhe-ai","version":"0.11.0","task":"gemm","device":"cuda","size":2048,"median_s":0.004370041,"q1_s":0.004366813,"q3_s":0.004376825,"gflops":3931.283,"checksum":-6017.744475,"warmup":20,"iters":20,"mode":"fresh","parity_total":4194304,"parity_fail_count":681454,"parity_max_abs_err":4.941225e-3,"parity_max_rel_err":1.986745e0,"parity_scaled_abs_bound":0.000000e0,"parity_scaled_abs_rescued":0,"tf32":true}
== bench-fandhe gemm cuda size=4096 mode=fresh extra=--tf32 ==
{"framework":"fandhe-ai","version":"0.11.0","task":"gemm","device":"cuda","size":4096,"median_s":0.034276605,"q1_s":0.034241757,"q3_s":0.034333673,"gflops":4009.702,"checksum":-25774.003763,"warmup":20,"iters":20,"mode":"fresh","parity_total":16777216,"parity_fail_count":2729050,"parity_max_abs_err":7.116556e-3,"parity_max_rel_err":1.997358e0,"parity_scaled_abs_bound":0.000000e0,"parity_scaled_abs_rescued":0,"tf32":true}
== bench-candle gemm cuda size=256 mode=fresh extra=--tf32 ==
{"framework":"candle","version":"0.11.0","task":"gemm","device":"cuda","size":256,"median_s":0.000065240,"q1_s":0.000064964,"q3_s":0.000065596,"gflops":514.323,"checksum":237.576196,"warmup":20,"iters":20,"mode":"fresh","parity_total":65536,"parity_fail_count":10522,"parity_max_abs_err":1.581907e-3,"parity_max_rel_err":1.553996e0,"parity_scaled_abs_bound":1.907255e-6,"parity_scaled_abs_rescued":0,"tf32":true}
== bench-candle gemm cuda size=512 mode=fresh extra=--tf32 ==
{"framework":"candle","version":"0.11.0","task":"gemm","device":"cuda","size":512,"median_s":0.000228873,"q1_s":0.000228621,"q3_s":0.000229336,"gflops":1172.858,"checksum":937.356025,"warmup":20,"iters":20,"mode":"fresh","parity_total":262144,"parity_fail_count":42387,"parity_max_abs_err":2.340317e-3,"parity_max_rel_err":1.969541e0,"parity_scaled_abs_bound":3.814663e-6,"parity_scaled_abs_rescued":0,"tf32":true}
== bench-candle gemm cuda size=1024 mode=fresh extra=--tf32 ==
{"framework":"candle","version":"0.11.0","task":"gemm","device":"cuda","size":1024,"median_s":0.000867283,"q1_s":0.000866699,"q3_s":0.000867728,"gflops":2476.105,"checksum":-1855.914004,"warmup":20,"iters":20,"mode":"fresh","parity_total":1048576,"parity_fail_count":169971,"parity_max_abs_err":3.649950e-3,"parity_max_rel_err":1.951418e0,"parity_scaled_abs_bound":7.629375e-6,"parity_scaled_abs_rescued":0,"tf32":true}
== bench-candle gemm cuda size=2048 mode=fresh extra=--tf32 ==
{"framework":"candle","version":"0.11.0","task":"gemm","device":"cuda","size":2048,"median_s":0.003703270,"q1_s":0.003700174,"q3_s":0.003717194,"gflops":4639.108,"checksum":-6017.991603,"warmup":20,"iters":20,"mode":"fresh","parity_total":4194304,"parity_fail_count":681418,"parity_max_abs_err":4.930019e-3,"parity_max_rel_err":1.984422e0,"parity_scaled_abs_bound":1.525878e-5,"parity_scaled_abs_rescued":33,"tf32":true}
== bench-candle gemm cuda size=4096 mode=fresh extra=--tf32 ==
{"framework":"candle","version":"0.11.0","task":"gemm","device":"cuda","size":4096,"median_s":0.057500438,"q1_s":0.056661815,"q3_s":0.059017084,"gflops":2390.224,"checksum":-25774.377339,"warmup":20,"iters":20,"mode":"fresh","parity_total":16777216,"parity_fail_count":2726683,"parity_max_abs_err":7.167101e-3,"parity_max_rel_err":1.999795e0,"parity_scaled_abs_bound":3.051757e-5,"parity_scaled_abs_rescued":646,"tf32":true}
done. results in results/raw/results-cuda.jsonl ; failures (if any) in results/raw/skipped-cuda.log
