   Compiling proc-macro2 v1.0.107
   Compiling unicode-ident v1.0.24
   Compiling quote v1.0.47
   Compiling libc v0.2.189
   Compiling getrandom v0.3.4
   Compiling cfg-if v1.0.4
   Compiling zerocopy v0.8.56
   Compiling autocfg v1.5.1
   Compiling libm v0.2.16
   Compiling objc2 v0.6.4
   Compiling crossbeam-utils v0.8.22
   Compiling objc2-encode v4.1.0
   Compiling crossbeam-epoch v0.9.20
   Compiling bitflags v2.13.1
   Compiling crossbeam-deque v0.8.7
   Compiling serde_core v1.0.229
   Compiling rayon-core v1.13.0
   Compiling zmij v1.0.23
   Compiling num-traits v0.2.19
   Compiling cudarc v0.19.8
   Compiling libloading v0.9.0
   Compiling serde v1.0.229
   Compiling serde_json v1.0.151
   Compiling either v1.17.0
   Compiling fandhe-ai-backend-cpu v0.6.0 (<worktree>/crates/backend-cpu)
   Compiling block2 v0.6.2
   Compiling objc2-core-foundation v0.3.2
   Compiling dispatch2 v0.3.1
   Compiling itoa v1.0.18
   Compiling memchr v2.8.3
   Compiling rayon v1.12.0
   Compiling syn v2.0.119
   Compiling syn v3.0.3
   Compiling serde_derive v1.0.229
   Compiling zerocopy-derive v0.8.56
   Compiling objc2-foundation v0.3.2
   Compiling rand_core v0.9.5
   Compiling ppv-lite86 v0.2.21
   Compiling rand_chacha v0.9.0
   Compiling rand v0.9.5
   Compiling rand_distr v0.5.1
   Compiling half v2.7.1
   Compiling fandhe-ai-tensor-core v0.6.0 (<worktree>/crates/tensor-core)
   Compiling fandhe-ai-backend-cuda v0.6.0 (<worktree>/crates/backend-cuda)
warning: unused import: `crate::context_cache`
  --> crates/backend-cuda/src/gemm_mma.rs:21:5
   |
21 | use crate::context_cache;
   |     ^^^^^^^^^^^^^^^^^^^^
   |
   = note: `#[warn(unused_imports)]` (part of `#[warn(unused)]`) on by default

   Compiling objc2-metal v0.3.2
warning: field `1` is never read
   --> crates/backend-cuda/src/gemm.rs:768:48
    |
768 | pub struct TiledPipelineFunction(CudaFunction, usize);
    |            ---------------------               ^^^^^
    |            |
    |            field in this struct
    |
    = help: consider removing this field
    = note: `#[warn(dead_code)]` (part of `#[warn(unused)]`) on by default

warning: method `context_ptr` is never used
   --> crates/backend-cuda/src/gemm.rs:781:8
    |
770 | impl TiledPipelineFunction {
    | -------------------------- method in this implementation
...
781 |     fn context_ptr(&self) -> usize {
    |        ^^^^^^^^^^^

warning: enum `GemmVariantKind` is never used
  --> crates/backend-cuda/src/gemm_variant.rs:89:10
   |
89 | pub enum GemmVariantKind {
   |          ^^^^^^^^^^^^^^^

warning: constant `SPLITK_MIN_K` is never used
   --> crates/backend-cuda/src/gemm_variant.rs:113:11
    |
113 | pub const SPLITK_MIN_K: u32 = 1024;
    |           ^^^^^^^^^^^^

warning: constant `SPLITK_MIN_K_PER_SPLIT` is never used
   --> crates/backend-cuda/src/gemm_variant.rs:118:11
    |
118 | pub const SPLITK_MIN_K_PER_SPLIT: u32 = 32;
    |           ^^^^^^^^^^^^^^^^^^^^^^

warning: constant `SPLITK_MAX_SPLITS` is never used
   --> crates/backend-cuda/src/gemm_variant.rs:124:11
    |
124 | pub const SPLITK_MAX_SPLITS: u32 = 32;
    |           ^^^^^^^^^^^^^^^^^

warning: constant `SPLITK_PARTIAL_MAX_BYTES` is never used
   --> crates/backend-cuda/src/gemm_variant.rs:130:11
    |
130 | pub const SPLITK_PARTIAL_MAX_BYTES: u64 = 256 * 1024 * 1024;
    |           ^^^^^^^^^^^^^^^^^^^^^^^^

warning: constant `DOUBLE_BUFFER_MIN_K` is never used
   --> crates/backend-cuda/src/gemm_variant.rs:134:11
    |
134 | pub const DOUBLE_BUFFER_MIN_K: u32 = 2 * 32;
    |           ^^^^^^^^^^^^^^^^^^^

warning: constant `VARIANT_TILE` is never used
   --> crates/backend-cuda/src/gemm_variant.rs:141:7
    |
141 | const VARIANT_TILE: u32 = 32;
    |       ^^^^^^^^^^^^

warning: function `num_blocks` is never used
   --> crates/backend-cuda/src/gemm_variant.rs:147:4
    |
147 | fn num_blocks(m: u32, n: u32) -> u64 {
    |    ^^^^^^^^^^

warning: function `derive_split_count` is never used
   --> crates/backend-cuda/src/gemm_variant.rs:159:4
    |
159 | fn derive_split_count(num_blocks: u64, num_sms: u32, k: u32) -> u32 {
    |    ^^^^^^^^^^^^^^^^^^

warning: function `recommend_split_count` is never used
   --> crates/backend-cuda/src/gemm_variant.rs:206:15
    |
206 | pub(crate) fn recommend_split_count(m: u32, n: u32, k: u32, num_sms: u32) -> Option<u32> {
    |               ^^^^^^^^^^^^^^^^^^^^^

warning: function `split_k_partial_bytes` is never used
   --> crates/backend-cuda/src/gemm_variant.rs:221:4
    |
221 | fn split_k_partial_bytes(num_splits: u32, m: u32, n: u32) -> Option<u64> {
    |    ^^^^^^^^^^^^^^^^^^^^^

warning: function `select_f32_gemm_variant` is never used
   --> crates/backend-cuda/src/gemm_variant.rs:264:8
    |
264 | pub fn select_f32_gemm_variant(
    |        ^^^^^^^^^^^^^^^^^^^^^^^

warning: function `validate_split_k_launch` is never used
   --> crates/backend-cuda/src/gemm_variant.rs:301:8
    |
301 | pub fn validate_split_k_launch(m: u32, n: u32, num_splits: u32) -> Result<(), CudaError> {
    |        ^^^^^^^^^^^^^^^^^^^^^^^

warning: constant `TILED_DB_TILE` is never used
  --> crates/backend-cuda/src/kernels_gemm_variants.rs:26:11
   |
26 | pub const TILED_DB_TILE: u32 = 32;
   |           ^^^^^^^^^^^^^

warning: constant `TILED_DB_F32` is never used
  --> crates/backend-cuda/src/kernels_gemm_variants.rs:55:11
   |
55 | pub const TILED_DB_F32: &str = r#"
   |           ^^^^^^^^^^^^

warning: constant `SPLITK_PARTIAL_F32` is never used
   --> crates/backend-cuda/src/kernels_gemm_variants.rs:144:11
    |
144 | pub const SPLITK_PARTIAL_F32: &str = r#"
    |           ^^^^^^^^^^^^^^^^^^

warning: constant `SPLITK_REDUCE_BLOCK_DIM` is never used
   --> crates/backend-cuda/src/kernels_gemm_variants.rs:212:11
    |
212 | pub const SPLITK_REDUCE_BLOCK_DIM: u32 = 256;
    |           ^^^^^^^^^^^^^^^^^^^^^^^

warning: constant `SPLITK_REDUCE_F32` is never used
   --> crates/backend-cuda/src/kernels_gemm_variants.rs:228:11
    |
228 | pub const SPLITK_REDUCE_F32: &str = r#"
    |           ^^^^^^^^^^^^^^^^^

warning: function `tiled_f32_source_with_swizzle` is never used
   --> crates/backend-cuda/src/kernels.rs:731:8
    |
731 | pub fn tiled_f32_source_with_swizzle(group_width: u32) -> Result<String, crate::error::CudaError> {
    |        ^^^^^^^^^^^^^^^^^^^^^^^^^^^^^

warning: function `tiled_pipeline_f32_source_with_stages` is never used
   --> crates/backend-cuda/src/kernels_tiled_pipeline.rs:226:8
    |
226 | pub fn tiled_pipeline_f32_source_with_stages(stages: u32) -> Result<String, CudaError> {
    |        ^^^^^^^^^^^^^^^^^^^^^^^^^^^^^^^^^^^^^

warning: method `context` is never used
   --> crates/backend-cuda/src/pool.rs:259:19
    |
239 | impl<T: PoolDtype> PooledCudaHandle<T> {
    | -------------------------------------- method in this implementation
...
259 |     pub(crate) fn context(&self) -> &Arc<CudaContext> {
    |                   ^^^^^^^

warning: methods `alloc_uninit_f16` and `upload_f16` are never used
   --> crates/backend-cuda/src/pool.rs:651:19
    |
457 | impl CudaAllocator {
    | ------------------ methods in this implementation
...
651 |     pub(crate) fn alloc_uninit_f16(
    |                   ^^^^^^^^^^^^^^^^
...
666 |     pub(crate) fn upload_f16(&self, src: &[f16]) -> Result<PooledCudaHandle<f16>, CudaError> {
    |                   ^^^^^^^^^^

warning: `fandhe-ai-backend-cuda` (lib) generated 25 warnings (run `cargo fix --lib -p fandhe-ai-backend-cuda` to apply 1 suggestion)
   Compiling fandhe-ai-backend-metal v0.6.0 (<worktree>/crates/backend-metal)
   Compiling bench-harness v0.6.0 (<worktree>/crates/bench-harness)
    Finished `release` profile [optimized] target(s) in 12.11s
     Running `target/release/examples/gemm_transpose_route_ab_bench`
--- フェーズ 1: 安定性セルフチェック（対照カーネル: dispatch_auto）---
size=256 spread=0.2877 (NG: gate 超過) round_tflops=[0.1807, 0.1822, 0.1905, 0.2014, 0.1756, 0.1763, 0.1543, 0.1800, 0.1727, 0.1516]
size=512 spread=0.5298 (NG: gate 超過) round_tflops=[0.4733, 0.7312, 0.7003, 0.4803, 0.6664, 0.6934, 0.6873, 0.7066, 0.4643, 0.6740]
size=1024 spread=2.3028 (NG: gate 超過) round_tflops=[1.7522, 0.9524, 1.7762, 0.3572, 1.6818, 1.6382, 1.0113, 1.0358, 1.0296, 0.3767]
size=2048 spread=1.6631 (NG: gate 超過) round_tflops=[2.1397, 1.8358, 2.4263, 1.8646, 0.7668, 1.6272, 2.3954, 1.5666, 1.8878, 2.4064]
size=4096 spread=0.9392 (NG: gate 超過) round_tflops=[4.3721, 4.5846, 4.6724, 3.0582, 4.4339, 2.4202, 2.8194, 2.5191, 2.6248, 1.8277]
--- フェーズ 1 判定: 一部サイズが spread ≤0.05 相当を満たさなかった。フェーズ 2（A/B 判定）はスキップする（安全側判断: 判定不可のまま採否を確定しない）。
verdict=undetermined (フェーズ 1 の安定性セルフチェックで spread ≤gate 相当を満たさないサイズが残ったため、フェーズ 2（A/B 判定）を実行せず判定不可のまま終了する)
EXIT_CODE=0
