== build bench-fandhe  ==
== build bench-candle --no-default-features --features cuda ==
== build bench-burn --no-default-features --features cuda ==
== bench-fandhe gemm cuda size=256 mode=fresh extra=none ==
{"framework":"fandhe-ai","version":"0.8.0","task":"gemm","device":"cuda","size":256,"median_s":0.000087208,"q1_s":0.000086960,"q3_s":0.000087516,"gflops":384.763,"checksum":237.546660,"warmup":20,"iters":20,"mode":"fresh","parity_total":65536,"parity_fail_count":0,"parity_max_abs_err":0.000000e0,"parity_max_rel_err":0.000000e0,"parity_scaled_abs_bound":0.000000e0,"parity_scaled_abs_rescued":0}
== bench-fandhe gemm cuda size=512 mode=fresh extra=none ==
{"framework":"fandhe-ai","version":"0.8.0","task":"gemm","device":"cuda","size":512,"median_s":0.000257848,"q1_s":0.000257588,"q3_s":0.000258317,"gflops":1041.061,"checksum":937.743233,"warmup":20,"iters":20,"mode":"fresh","parity_total":262144,"parity_fail_count":0,"parity_max_abs_err":0.000000e0,"parity_max_rel_err":0.000000e0,"parity_scaled_abs_bound":0.000000e0,"parity_scaled_abs_rescued":0}
== bench-fandhe gemm cuda size=1024 mode=fresh extra=none ==
{"framework":"fandhe-ai","version":"0.8.0","task":"gemm","device":"cuda","size":1024,"median_s":0.000947408,"q1_s":0.000945996,"q3_s":0.000948845,"gflops":2266.694,"checksum":-1855.597736,"warmup":20,"iters":20,"mode":"fresh","parity_total":1048576,"parity_fail_count":0,"parity_max_abs_err":0.000000e0,"parity_max_rel_err":0.000000e0,"parity_scaled_abs_bound":0.000000e0,"parity_scaled_abs_rescued":0}
== bench-fandhe gemm cuda size=2048 mode=fresh extra=none ==
{"framework":"fandhe-ai","version":"0.8.0","task":"gemm","device":"cuda","size":2048,"median_s":0.004226267,"q1_s":0.004215227,"q3_s":0.004241035,"gflops":4065.022,"checksum":-6016.774008,"warmup":20,"iters":20,"mode":"fresh","parity_total":4194304,"parity_fail_count":0,"parity_max_abs_err":0.000000e0,"parity_max_rel_err":0.000000e0,"parity_scaled_abs_bound":0.000000e0,"parity_scaled_abs_rescued":0}
== bench-fandhe gemm cuda size=4096 mode=fresh extra=none ==
{"framework":"fandhe-ai","version":"0.8.0","task":"gemm","device":"cuda","size":4096,"median_s":0.038394750,"q1_s":0.038218314,"q3_s":0.038554750,"gflops":3579.629,"checksum":-25768.747284,"warmup":20,"iters":20,"mode":"fresh","parity_total":16777216,"parity_fail_count":0,"parity_max_abs_err":0.000000e0,"parity_max_rel_err":0.000000e0,"parity_scaled_abs_bound":0.000000e0,"parity_scaled_abs_rescued":0}
== bench-fandhe gemm cpu size=256 mode=fresh extra=none ==
{"framework":"fandhe-ai","version":"0.8.0","task":"gemm","device":"cpu","size":256,"median_s":0.000229985,"q1_s":0.000224936,"q3_s":0.000236680,"gflops":145.899,"checksum":237.546660,"warmup":20,"iters":20,"mode":"fresh","parity_total":65536,"parity_fail_count":0,"parity_max_abs_err":0.000000e0,"parity_max_rel_err":0.000000e0,"parity_scaled_abs_bound":0.000000e0,"parity_scaled_abs_rescued":0}
== bench-fandhe gemm cpu size=512 mode=fresh extra=none ==
{"framework":"fandhe-ai","version":"0.8.0","task":"gemm","device":"cpu","size":512,"median_s":0.001489801,"q1_s":0.001388197,"q3_s":0.001695713,"gflops":180.182,"checksum":937.743233,"warmup":20,"iters":20,"mode":"fresh","parity_total":262144,"parity_fail_count":0,"parity_max_abs_err":0.000000e0,"parity_max_rel_err":0.000000e0,"parity_scaled_abs_bound":0.000000e0,"parity_scaled_abs_rescued":0}
== bench-fandhe gemm cpu size=1024 mode=fresh extra=none ==
{"framework":"fandhe-ai","version":"0.8.0","task":"gemm","device":"cpu","size":1024,"median_s":0.004084771,"q1_s":0.003659147,"q3_s":0.004665536,"gflops":525.729,"checksum":-1855.597736,"warmup":20,"iters":20,"mode":"fresh","parity_total":1048576,"parity_fail_count":0,"parity_max_abs_err":0.000000e0,"parity_max_rel_err":0.000000e0,"parity_scaled_abs_bound":0.000000e0,"parity_scaled_abs_rescued":0}
== bench-fandhe gemm cpu size=2048 mode=fresh extra=none ==
{"framework":"fandhe-ai","version":"0.8.0","task":"gemm","device":"cpu","size":2048,"median_s":0.016827902,"q1_s":0.016450661,"q3_s":0.018353130,"gflops":1020.916,"checksum":-6016.774008,"warmup":20,"iters":20,"mode":"fresh","parity_total":4194304,"parity_fail_count":0,"parity_max_abs_err":0.000000e0,"parity_max_rel_err":0.000000e0,"parity_scaled_abs_bound":0.000000e0,"parity_scaled_abs_rescued":0}
== bench-fandhe train cuda size=64 mode=fresh extra=none ==
{"framework":"fandhe-ai","version":"0.8.0","task":"train","device":"cuda","size":64,"median_s":0.000545897,"q1_s":0.000522105,"q3_s":0.000571109,"checksum":0.080541,"warmup":20,"iters":80,"mode":"fresh"}
== bench-fandhe infer cuda size=64 mode=fresh extra=none ==
{"framework":"fandhe-ai","version":"0.8.0","task":"infer","device":"cuda","size":64,"median_s":0.000151712,"q1_s":0.000149612,"q3_s":0.000157848,"throughput_per_s":6591.436,"checksum":13.976574,"warmup":20,"iters":20,"mode":"fresh"}
== bench-fandhe train cpu size=64 mode=fresh extra=none ==
{"framework":"fandhe-ai","version":"0.8.0","task":"train","device":"cpu","size":64,"median_s":0.000891593,"q1_s":0.000755321,"q3_s":0.001075805,"checksum":0.080541,"warmup":20,"iters":80,"mode":"fresh"}
== bench-fandhe infer cpu size=64 mode=fresh extra=none ==
{"framework":"fandhe-ai","version":"0.8.0","task":"infer","device":"cpu","size":64,"median_s":0.000177504,"q1_s":0.000163624,"q3_s":0.000184016,"throughput_per_s":5633.676,"checksum":13.976574,"warmup":20,"iters":20,"mode":"fresh"}
== bench-candle gemm cuda size=256 mode=fresh extra=none ==
{"framework":"candle","version":"0.11.0","task":"gemm","device":"cuda","size":256,"median_s":0.000075736,"q1_s":0.000075585,"q3_s":0.000076152,"gflops":443.045,"checksum":237.546670,"warmup":20,"iters":20,"mode":"fresh","parity_total":65536,"parity_fail_count":0,"parity_max_abs_err":4.053116e-6,"parity_max_rel_err":2.549727e-2,"parity_scaled_abs_bound":1.907255e-6,"parity_scaled_abs_rescued":0}
== bench-candle gemm cuda size=512 mode=fresh extra=none ==
{"framework":"candle","version":"0.11.0","task":"gemm","device":"cuda","size":512,"median_s":0.000241920,"q1_s":0.000241316,"q3_s":0.000242460,"gflops":1109.604,"checksum":937.743128,"warmup":20,"iters":20,"mode":"fresh","parity_total":262144,"parity_fail_count":0,"parity_max_abs_err":9.536743e-6,"parity_max_rel_err":8.516808e-3,"parity_scaled_abs_bound":3.814663e-6,"parity_scaled_abs_rescued":0}
== bench-candle gemm cuda size=1024 mode=fresh extra=none ==
{"framework":"candle","version":"0.11.0","task":"gemm","device":"cuda","size":1024,"median_s":0.000928793,"q1_s":0.000923416,"q3_s":0.000931697,"gflops":2312.123,"checksum":-1855.594967,"warmup":20,"iters":20,"mode":"fresh","parity_total":1048576,"parity_fail_count":0,"parity_max_abs_err":1.811981e-5,"parity_max_rel_err":3.398111e-1,"parity_scaled_abs_bound":7.629375e-6,"parity_scaled_abs_rescued":0}
== bench-candle gemm cuda size=2048 mode=fresh extra=none ==
{"framework":"candle","version":"0.11.0","task":"gemm","device":"cuda","size":2048,"median_s":0.004222651,"q1_s":0.004220363,"q3_s":0.004229176,"gflops":4068.503,"checksum":-6016.775802,"warmup":20,"iters":20,"mode":"fresh","parity_total":4194304,"parity_fail_count":0,"parity_max_abs_err":3.623962e-5,"parity_max_rel_err":2.811288e-1,"parity_scaled_abs_bound":1.525878e-5,"parity_scaled_abs_rescued":2}
== bench-candle gemm cuda size=4096 mode=fresh extra=none ==
{"framework":"candle","version":"0.11.0","task":"gemm","device":"cuda","size":4096,"median_s":0.055336727,"q1_s":0.055111867,"q3_s":0.055588391,"gflops":2483.684,"checksum":-25768.747284,"warmup":20,"iters":20,"mode":"fresh","parity_total":16777216,"parity_fail_count":0,"parity_max_abs_err":0.000000e0,"parity_max_rel_err":0.000000e0,"parity_scaled_abs_bound":3.051757e-5,"parity_scaled_abs_rescued":0}
== bench-candle gemm cpu size=256 mode=fresh extra=none ==
{"framework":"candle","version":"0.11.0","task":"gemm","device":"cpu","size":256,"median_s":0.000402888,"q1_s":0.000336376,"q3_s":0.000446341,"gflops":83.285,"checksum":237.546660,"warmup":20,"iters":20,"mode":"fresh","parity_total":65536,"parity_fail_count":0,"parity_max_abs_err":0.000000e0,"parity_max_rel_err":0.000000e0,"parity_scaled_abs_bound":1.907255e-6,"parity_scaled_abs_rescued":0}
== bench-candle gemm cpu size=512 mode=fresh extra=none ==
{"framework":"candle","version":"0.11.0","task":"gemm","device":"cpu","size":512,"median_s":0.001951426,"q1_s":0.001659126,"q3_s":0.002142045,"gflops":137.559,"checksum":937.743233,"warmup":20,"iters":20,"mode":"fresh","parity_total":262144,"parity_fail_count":0,"parity_max_abs_err":0.000000e0,"parity_max_rel_err":0.000000e0,"parity_scaled_abs_bound":3.814663e-6,"parity_scaled_abs_rescued":0}
== bench-candle gemm cpu size=1024 mode=fresh extra=none ==
{"framework":"candle","version":"0.11.0","task":"gemm","device":"cpu","size":1024,"median_s":0.005527932,"q1_s":0.005303584,"q3_s":0.005795865,"gflops":388.479,"checksum":-1855.597736,"warmup":20,"iters":20,"mode":"fresh","parity_total":1048576,"parity_fail_count":0,"parity_max_abs_err":0.000000e0,"parity_max_rel_err":0.000000e0,"parity_scaled_abs_bound":7.629375e-6,"parity_scaled_abs_rescued":0}
== bench-candle gemm cpu size=2048 mode=fresh extra=none ==
{"framework":"candle","version":"0.11.0","task":"gemm","device":"cpu","size":2048,"median_s":0.033338941,"q1_s":0.032761061,"q3_s":0.034609602,"gflops":515.309,"checksum":-6016.773874,"warmup":20,"iters":20,"mode":"fresh","parity_total":4194304,"parity_fail_count":0,"parity_max_abs_err":3.814697e-5,"parity_max_rel_err":3.944416e-1,"parity_scaled_abs_bound":1.525878e-5,"parity_scaled_abs_rescued":2}
== bench-candle train cuda size=64 mode=fresh extra=none ==
{"framework":"candle","version":"0.11.0","task":"train","device":"cuda","size":64,"median_s":0.000275272,"q1_s":0.000271776,"q3_s":0.000278328,"checksum":0.117549,"warmup":20,"iters":80,"mode":"fresh"}
== bench-candle infer cuda size=64 mode=fresh extra=none ==
{"framework":"candle","version":"0.11.0","task":"infer","device":"cuda","size":64,"median_s":0.000042504,"q1_s":0.000041088,"q3_s":0.000043200,"throughput_per_s":23527.197,"checksum":1381.708740,"warmup":20,"iters":20,"mode":"fresh"}
== bench-candle train cpu size=64 mode=fresh extra=none ==
{"framework":"candle","version":"0.11.0","task":"train","device":"cpu","size":64,"median_s":0.002411107,"q1_s":0.002181406,"q3_s":0.002815195,"checksum":0.117550,"warmup":20,"iters":80,"mode":"fresh"}
== bench-candle infer cpu size=64 mode=fresh extra=none ==
{"framework":"candle","version":"0.11.0","task":"infer","device":"cpu","size":64,"median_s":0.000239768,"q1_s":0.000221637,"q3_s":0.000279437,"throughput_per_s":4170.698,"checksum":1381.708783,"warmup":20,"iters":20,"mode":"fresh"}
== bench-burn gemm cuda size=256 mode=fresh extra=none ==
{"framework":"burn","version":"0.21.0","task":"gemm","device":"cuda","size":256,"median_s":0.000570393,"q1_s":0.000301060,"q3_s":0.000709028,"gflops":58.827,"checksum":237.580621,"warmup":20,"iters":20,"mode":"fresh","parity_total":65536,"parity_fail_count":10538,"parity_max_abs_err":1.581430e-3,"parity_max_rel_err":1.553981e0,"parity_scaled_abs_bound":1.907255e-6,"parity_scaled_abs_rescued":0,"tf32":true}
== bench-burn gemm cuda size=512 mode=fresh extra=none ==
{"framework":"burn","version":"0.21.0","task":"gemm","device":"cuda","size":512,"median_s":0.000367729,"q1_s":0.000364961,"q3_s":0.000369753,"gflops":729.982,"checksum":937.360224,"warmup":20,"iters":20,"mode":"fresh","parity_total":262144,"parity_fail_count":42361,"parity_max_abs_err":2.342582e-3,"parity_max_rel_err":1.972325e0,"parity_scaled_abs_bound":3.814663e-6,"parity_scaled_abs_rescued":0,"tf32":true}
== bench-burn gemm cuda size=1024 mode=fresh extra=none ==
{"framework":"burn","version":"0.21.0","task":"gemm","device":"cuda","size":1024,"median_s":0.001128505,"q1_s":0.001003601,"q3_s":0.001171069,"gflops":1902.946,"checksum":-1855.919764,"warmup":20,"iters":20,"mode":"fresh","parity_total":1048576,"parity_fail_count":169929,"parity_max_abs_err":3.642797e-3,"parity_max_rel_err":1.964783e0,"parity_scaled_abs_bound":7.629375e-6,"parity_scaled_abs_rescued":0,"tf32":true}
== bench-burn gemm cuda size=2048 mode=fresh extra=none ==
{"framework":"burn","version":"0.21.0","task":"gemm","device":"cuda","size":2048,"median_s":0.004182868,"q1_s":0.004096231,"q3_s":0.004248636,"gflops":4107.199,"checksum":-6017.744475,"warmup":20,"iters":20,"mode":"fresh","parity_total":4194304,"parity_fail_count":681407,"parity_max_abs_err":4.941225e-3,"parity_max_rel_err":1.986745e0,"parity_scaled_abs_bound":1.525878e-5,"parity_scaled_abs_rescued":47,"tf32":true}
== bench-burn gemm cuda size=4096 mode=fresh extra=none ==
{"framework":"burn","version":"0.21.0","task":"gemm","device":"cuda","size":4096,"median_s":0.039067444,"q1_s":0.039017128,"q3_s":0.039154952,"gflops":3517.992,"checksum":-25774.003763,"warmup":20,"iters":20,"mode":"fresh","parity_total":16777216,"parity_fail_count":2728488,"parity_max_abs_err":7.116556e-3,"parity_max_rel_err":1.997358e0,"parity_scaled_abs_bound":3.051757e-5,"parity_scaled_abs_rescued":562,"tf32":true}
== bench-burn gemm cpu size=256 mode=fresh extra=none ==
{"framework":"burn","version":"0.21.0","task":"gemm","device":"cpu","size":256,"median_s":0.000587200,"q1_s":0.000572308,"q3_s":0.000590152,"gflops":57.143,"checksum":237.546660,"warmup":20,"iters":20,"mode":"fresh","parity_total":65536,"parity_fail_count":0,"parity_max_abs_err":0.000000e0,"parity_max_rel_err":0.000000e0,"parity_scaled_abs_bound":1.907255e-6,"parity_scaled_abs_rescued":0}
== bench-burn gemm cpu size=512 mode=fresh extra=none ==
{"framework":"burn","version":"0.21.0","task":"gemm","device":"cpu","size":512,"median_s":0.003352923,"q1_s":0.003331167,"q3_s":0.003364396,"gflops":80.060,"checksum":937.743112,"warmup":20,"iters":20,"mode":"fresh","parity_total":262144,"parity_fail_count":0,"parity_max_abs_err":9.059906e-6,"parity_max_rel_err":8.316180e-3,"parity_scaled_abs_bound":3.814663e-6,"parity_scaled_abs_rescued":0}
== bench-burn gemm cpu size=1024 mode=fresh extra=none ==
{"framework":"burn","version":"0.21.0","task":"gemm","device":"cpu","size":1024,"median_s":0.022492077,"q1_s":0.022481117,"q3_s":0.022504745,"gflops":95.477,"checksum":-1855.595863,"warmup":20,"iters":20,"mode":"fresh","parity_total":1048576,"parity_fail_count":0,"parity_max_abs_err":2.050400e-5,"parity_max_rel_err":1.834505e-1,"parity_scaled_abs_bound":7.629375e-6,"parity_scaled_abs_rescued":0}
== bench-burn gemm cpu size=2048 mode=fresh extra=none ==
{"framework":"burn","version":"0.21.0","task":"gemm","device":"cpu","size":2048,"median_s":0.154865325,"q1_s":0.154799891,"q3_s":0.154901641,"gflops":110.934,"checksum":-6016.774966,"warmup":20,"iters":20,"mode":"fresh","parity_total":4194304,"parity_fail_count":0,"parity_max_abs_err":3.528595e-5,"parity_max_rel_err":3.051549e-1,"parity_scaled_abs_bound":1.525878e-5,"parity_scaled_abs_rescued":5}
== bench-burn train cuda size=64 mode=fresh extra=none ==
{"framework":"burn","version":"0.21.0","task":"train","device":"cuda","size":64,"median_s":0.000784305,"q1_s":0.000519120,"q3_s":0.000910825,"checksum":0.117643,"warmup":20,"iters":80,"mode":"fresh","tf32":true}
== bench-burn infer cuda size=64 mode=fresh extra=none ==
{"framework":"burn","version":"0.21.0","task":"infer","device":"cuda","size":64,"median_s":0.000104176,"q1_s":0.000103428,"q3_s":0.000105436,"throughput_per_s":9599.140,"checksum":1381.643178,"warmup":20,"iters":20,"mode":"fresh","tf32":true}
== bench-burn train cpu size=64 mode=fresh extra=none ==
{"framework":"burn","version":"0.21.0","task":"train","device":"cpu","size":64,"median_s":0.000977105,"q1_s":0.000968069,"q3_s":0.000981017,"checksum":0.117549,"warmup":20,"iters":80,"mode":"fresh"}
== bench-burn infer cpu size=64 mode=fresh extra=none ==
{"framework":"burn","version":"0.21.0","task":"infer","device":"cpu","size":64,"median_s":0.000234480,"q1_s":0.000234049,"q3_s":0.000234796,"throughput_per_s":4264.756,"checksum":1381.708825,"warmup":20,"iters":20,"mode":"fresh"}
== bench-fandhe gemm cuda size=256 mode=reuse extra=none ==
{"framework":"fandhe-ai","version":"0.8.0","task":"gemm","device":"cuda","size":256,"median_s":0.000090024,"q1_s":0.000089688,"q3_s":0.000091080,"gflops":372.728,"checksum":237.546660,"warmup":20,"iters":20,"mode":"reuse","init_s":0.403283367,"parity_total":65536,"parity_fail_count":0,"parity_max_abs_err":0.000000e0,"parity_max_rel_err":0.000000e0,"parity_scaled_abs_bound":0.000000e0,"parity_scaled_abs_rescued":0}
== bench-fandhe gemm cuda size=512 mode=reuse extra=none ==
{"framework":"fandhe-ai","version":"0.8.0","task":"gemm","device":"cuda","size":512,"median_s":0.000547688,"q1_s":0.000532940,"q3_s":0.000554308,"gflops":490.125,"checksum":937.743233,"warmup":20,"iters":20,"mode":"reuse","init_s":0.407527004,"parity_total":262144,"parity_fail_count":0,"parity_max_abs_err":0.000000e0,"parity_max_rel_err":0.000000e0,"parity_scaled_abs_bound":0.000000e0,"parity_scaled_abs_rescued":0}
== bench-fandhe gemm cuda size=1024 mode=reuse extra=none ==
{"framework":"fandhe-ai","version":"0.8.0","task":"gemm","device":"cuda","size":1024,"median_s":0.002154218,"q1_s":0.002087374,"q3_s":0.002216998,"gflops":996.874,"checksum":-1855.597736,"warmup":20,"iters":20,"mode":"reuse","init_s":0.412562034,"parity_total":1048576,"parity_fail_count":0,"parity_max_abs_err":0.000000e0,"parity_max_rel_err":0.000000e0,"parity_scaled_abs_bound":0.000000e0,"parity_scaled_abs_rescued":0}
== bench-fandhe gemm cuda size=2048 mode=reuse extra=none ==
{"framework":"fandhe-ai","version":"0.8.0","task":"gemm","device":"cuda","size":2048,"median_s":0.008151616,"q1_s":0.008115960,"q3_s":0.008192756,"gflops":2107.542,"checksum":-6016.774008,"warmup":20,"iters":20,"mode":"reuse","init_s":0.423383934,"parity_total":4194304,"parity_fail_count":0,"parity_max_abs_err":0.000000e0,"parity_max_rel_err":0.000000e0,"parity_scaled_abs_bound":0.000000e0,"parity_scaled_abs_rescued":0}
== bench-fandhe gemm cuda size=4096 mode=reuse extra=none ==
{"framework":"fandhe-ai","version":"0.8.0","task":"gemm","device":"cuda","size":4096,"median_s":0.038574255,"q1_s":0.038386646,"q3_s":0.038811287,"gflops":3562.971,"checksum":-25768.747284,"warmup":20,"iters":20,"mode":"reuse","init_s":0.452362609,"parity_total":16777216,"parity_fail_count":0,"parity_max_abs_err":0.000000e0,"parity_max_rel_err":0.000000e0,"parity_scaled_abs_bound":0.000000e0,"parity_scaled_abs_rescued":0}
== bench-fandhe train cuda size=64 mode=reuse extra=none ==
{"framework":"fandhe-ai","version":"0.8.0","task":"train","device":"cuda","size":64,"median_s":0.000469192,"q1_s":0.000464360,"q3_s":0.000472512,"checksum":0.080541,"warmup":20,"iters":80,"mode":"reuse","init_s":0.214612696}
== bench-fandhe train cpu size=64 mode=reuse extra=none ==
{"framework":"fandhe-ai","version":"0.8.0","task":"train","device":"cpu","size":64,"median_s":0.001174529,"q1_s":0.000972049,"q3_s":0.001512306,"checksum":0.080541,"warmup":20,"iters":80,"mode":"reuse","init_s":0.000982833}
== bench-fandhe train cuda size=64 mode=fresh extra=--phases ==
{"framework":"fandhe-ai","version":"0.8.0","task":"train_phases","device":"cuda","size":64,"median_s":0.000003488,"q1_s":0.000003388,"q3_s":0.000003588,"checksum":0.080541,"warmup":20,"iters":80,"mode":"fresh","phase":"tape_build","phase_index":0}
{"framework":"fandhe-ai","version":"0.8.0","task":"train_phases","device":"cuda","size":64,"median_s":0.000000896,"q1_s":0.000000828,"q3_s":0.000001200,"checksum":0.080541,"warmup":20,"iters":80,"mode":"fresh","phase":"leaf_register","phase_index":1}
{"framework":"fandhe-ai","version":"0.8.0","task":"train_phases","device":"cuda","size":64,"median_s":0.000176960,"q1_s":0.000175524,"q3_s":0.000182140,"checksum":0.080541,"warmup":20,"iters":80,"mode":"fresh","phase":"forward","phase_index":2}
{"framework":"fandhe-ai","version":"0.8.0","task":"train_phases","device":"cuda","size":64,"median_s":0.000000048,"q1_s":0.000000044,"q3_s":0.000000064,"checksum":0.080541,"warmup":20,"iters":80,"mode":"fresh","phase":"loss_readout","phase_index":3}
{"framework":"fandhe-ai","version":"0.8.0","task":"train_phases","device":"cuda","size":64,"median_s":0.000220064,"q1_s":0.000217920,"q3_s":0.000221357,"checksum":0.080541,"warmup":20,"iters":80,"mode":"fresh","phase":"backward","phase_index":4}
{"framework":"fandhe-ai","version":"0.8.0","task":"train_phases","device":"cuda","size":64,"median_s":0.000075424,"q1_s":0.000074652,"q3_s":0.000075796,"checksum":0.080541,"warmup":20,"iters":80,"mode":"fresh","phase":"param_readout","phase_index":5}
{"framework":"fandhe-ai","version":"0.8.0","task":"train_phases","device":"cuda","size":64,"median_s":0.000066080,"q1_s":0.000065004,"q3_s":0.000066420,"checksum":0.080541,"warmup":20,"iters":80,"mode":"fresh","phase":"host_sgd","phase_index":6}
{"framework":"fandhe-ai","version":"0.8.0","task":"train_phases","device":"cuda","size":64,"median_s":0.000000272,"q1_s":0.000000240,"q3_s":0.000000320,"checksum":0.080541,"warmup":20,"iters":80,"mode":"fresh","phase":"apply_params","phase_index":7}
{"framework":"fandhe-ai","version":"0.8.0","task":"train_phases","device":"cuda","size":64,"median_s":0.000002304,"q1_s":0.000002060,"q3_s":0.000002508,"checksum":0.080541,"warmup":20,"iters":80,"mode":"fresh","phase":"tape_drop","phase_index":8}
{"framework":"fandhe-ai","version":"0.8.0","task":"train_phases","device":"cuda","size":64,"median_s":0.000546864,"q1_s":0.000543813,"q3_s":0.000550973,"checksum":0.080541,"warmup":20,"iters":80,"mode":"fresh","phase":"step_total","phase_index":9}
== bench-fandhe train cuda size=64 mode=reuse extra=--phases ==
{"framework":"fandhe-ai","version":"0.8.0","task":"train_phases","device":"cuda","size":64,"median_s":0.000002672,"q1_s":0.000002592,"q3_s":0.000002740,"checksum":0.080541,"warmup":20,"iters":80,"mode":"reuse","init_s":0.215158794,"phase":"tape_build","phase_index":0}
{"framework":"fandhe-ai","version":"0.8.0","task":"train_phases","device":"cuda","size":64,"median_s":0.000000096,"q1_s":0.000000096,"q3_s":0.000000112,"checksum":0.080541,"warmup":20,"iters":80,"mode":"reuse","init_s":0.215158794,"phase":"leaf_register","phase_index":1}
{"framework":"fandhe-ai","version":"0.8.0","task":"train_phases","device":"cuda","size":64,"median_s":0.000151392,"q1_s":0.000150465,"q3_s":0.000158340,"checksum":0.080541,"warmup":20,"iters":80,"mode":"reuse","init_s":0.215158794,"phase":"forward_resident","phase_index":2}
{"framework":"fandhe-ai","version":"0.8.0","task":"train_phases","device":"cuda","size":64,"median_s":0.000000048,"q1_s":0.000000032,"q3_s":0.000000048,"checksum":0.080541,"warmup":20,"iters":80,"mode":"reuse","init_s":0.215158794,"phase":"loss_readout","phase_index":3}
{"framework":"fandhe-ai","version":"0.8.0","task":"train_phases","device":"cuda","size":64,"median_s":0.000230889,"q1_s":0.000229164,"q3_s":0.000232252,"checksum":0.080541,"warmup":20,"iters":80,"mode":"reuse","init_s":0.215158794,"phase":"backward","phase_index":4}
{"framework":"fandhe-ai","version":"0.8.0","task":"train_phases","device":"cuda","size":64,"median_s":0.000090865,"q1_s":0.000090480,"q3_s":0.000091472,"checksum":0.080541,"warmup":20,"iters":80,"mode":"reuse","init_s":0.215158794,"phase":"device_update","phase_index":5}
{"framework":"fandhe-ai","version":"0.8.0","task":"train_phases","device":"cuda","size":64,"median_s":0.000000960,"q1_s":0.000000928,"q3_s":0.000001008,"checksum":0.080541,"warmup":20,"iters":80,"mode":"reuse","init_s":0.215158794,"phase":"tape_drop","phase_index":6}
{"framework":"fandhe-ai","version":"0.8.0","task":"train_phases","device":"cuda","size":64,"median_s":0.000478560,"q1_s":0.000476296,"q3_s":0.000484576,"checksum":0.080541,"warmup":20,"iters":80,"mode":"reuse","init_s":0.215158794,"phase":"step_total","phase_index":7}
== bench-fandhe train cpu size=64 mode=fresh extra=--phases ==
{"framework":"fandhe-ai","version":"0.8.0","task":"train_phases","device":"cpu","size":64,"median_s":0.000000192,"q1_s":0.000000144,"q3_s":0.000000224,"checksum":0.080541,"warmup":20,"iters":80,"mode":"fresh","phase":"tape_build","phase_index":0}
{"framework":"fandhe-ai","version":"0.8.0","task":"train_phases","device":"cpu","size":64,"median_s":0.000001216,"q1_s":0.000001056,"q3_s":0.000001748,"checksum":0.080541,"warmup":20,"iters":80,"mode":"fresh","phase":"leaf_register","phase_index":1}
{"framework":"fandhe-ai","version":"0.8.0","task":"train_phases","device":"cpu","size":64,"median_s":0.000230057,"q1_s":0.000207561,"q3_s":0.000257084,"checksum":0.080541,"warmup":20,"iters":80,"mode":"fresh","phase":"forward","phase_index":2}
{"framework":"fandhe-ai","version":"0.8.0","task":"train_phases","device":"cpu","size":64,"median_s":0.000000112,"q1_s":0.000000080,"q3_s":0.000000176,"checksum":0.080541,"warmup":20,"iters":80,"mode":"fresh","phase":"loss_readout","phase_index":3}
{"framework":"fandhe-ai","version":"0.8.0","task":"train_phases","device":"cpu","size":64,"median_s":0.000443337,"q1_s":0.000410016,"q3_s":0.000554312,"checksum":0.080541,"warmup":20,"iters":80,"mode":"fresh","phase":"backward","phase_index":4}
{"framework":"fandhe-ai","version":"0.8.0","task":"train_phases","device":"cpu","size":64,"median_s":0.000039064,"q1_s":0.000033908,"q3_s":0.000046684,"checksum":0.080541,"warmup":20,"iters":80,"mode":"fresh","phase":"param_readout","phase_index":5}
{"framework":"fandhe-ai","version":"0.8.0","task":"train_phases","device":"cpu","size":64,"median_s":0.000056873,"q1_s":0.000042372,"q3_s":0.000253593,"checksum":0.080541,"warmup":20,"iters":80,"mode":"fresh","phase":"host_sgd","phase_index":6}
{"framework":"fandhe-ai","version":"0.8.0","task":"train_phases","device":"cpu","size":64,"median_s":0.000000736,"q1_s":0.000000572,"q3_s":0.000000944,"checksum":0.080541,"warmup":20,"iters":80,"mode":"fresh","phase":"apply_params","phase_index":7}
{"framework":"fandhe-ai","version":"0.8.0","task":"train_phases","device":"cpu","size":64,"median_s":0.000003808,"q1_s":0.000003276,"q3_s":0.000004600,"checksum":0.080541,"warmup":20,"iters":80,"mode":"fresh","phase":"tape_drop","phase_index":8}
{"framework":"fandhe-ai","version":"0.8.0","task":"train_phases","device":"cpu","size":64,"median_s":0.000971297,"q1_s":0.000794257,"q3_s":0.001117637,"checksum":0.080541,"warmup":20,"iters":80,"mode":"fresh","phase":"step_total","phase_index":9}
== bench-fandhe train cpu size=64 mode=reuse extra=--phases ==
{"framework":"fandhe-ai","version":"0.8.0","task":"train_phases","device":"cpu","size":64,"median_s":0.000000224,"q1_s":0.000000144,"q3_s":0.000000272,"checksum":0.080541,"warmup":20,"iters":80,"mode":"reuse","init_s":0.000881649,"phase":"tape_build","phase_index":0}
{"framework":"fandhe-ai","version":"0.8.0","task":"train_phases","device":"cpu","size":64,"median_s":0.000000264,"q1_s":0.000000128,"q3_s":0.000000404,"checksum":0.080541,"warmup":20,"iters":80,"mode":"reuse","init_s":0.000881649,"phase":"leaf_register","phase_index":1}
{"framework":"fandhe-ai","version":"0.8.0","task":"train_phases","device":"cpu","size":64,"median_s":0.000269128,"q1_s":0.000220280,"q3_s":0.000426988,"checksum":0.080541,"warmup":20,"iters":80,"mode":"reuse","init_s":0.000881649,"phase":"forward_resident","phase_index":2}
{"framework":"fandhe-ai","version":"0.8.0","task":"train_phases","device":"cpu","size":64,"median_s":0.000000128,"q1_s":0.000000064,"q3_s":0.000000160,"checksum":0.080541,"warmup":20,"iters":80,"mode":"reuse","init_s":0.000881649,"phase":"loss_readout","phase_index":3}
{"framework":"fandhe-ai","version":"0.8.0","task":"train_phases","device":"cpu","size":64,"median_s":0.000567712,"q1_s":0.000471521,"q3_s":0.000845933,"checksum":0.080541,"warmup":20,"iters":80,"mode":"reuse","init_s":0.000881649,"phase":"backward","phase_index":4}
{"framework":"fandhe-ai","version":"0.8.0","task":"train_phases","device":"cpu","size":64,"median_s":0.000271000,"q1_s":0.000238976,"q3_s":0.000306280,"checksum":0.080541,"warmup":20,"iters":80,"mode":"reuse","init_s":0.000881649,"phase":"device_update","phase_index":5}
{"framework":"fandhe-ai","version":"0.8.0","task":"train_phases","device":"cpu","size":64,"median_s":0.000001792,"q1_s":0.000001484,"q3_s":0.000002072,"checksum":0.080541,"warmup":20,"iters":80,"mode":"reuse","init_s":0.000881649,"phase":"tape_drop","phase_index":6}
{"framework":"fandhe-ai","version":"0.8.0","task":"train_phases","device":"cpu","size":64,"median_s":0.001183185,"q1_s":0.000957388,"q3_s":0.001689614,"checksum":0.080541,"warmup":20,"iters":80,"mode":"reuse","init_s":0.000881649,"phase":"step_total","phase_index":7}
== bench-fandhe infer cuda size=64 mode=reuse extra=none ==
{"framework":"fandhe-ai","version":"0.8.0","task":"infer","device":"cuda","size":64,"median_s":0.000140696,"q1_s":0.000139945,"q3_s":0.000144789,"throughput_per_s":7107.523,"checksum":13.976574,"warmup":20,"iters":20,"mode":"reuse","init_s":0.209698053}
== bench-fandhe infer cpu size=64 mode=reuse extra=none ==
{"framework":"fandhe-ai","version":"0.8.0","task":"infer","device":"cpu","size":64,"median_s":0.000177616,"q1_s":0.000173932,"q3_s":0.000207096,"throughput_per_s":5630.123,"checksum":13.976574,"warmup":20,"iters":20,"mode":"reuse","init_s":0.001024898}
== bench-fandhe infer cuda size=64 mode=fresh extra=--phases ==
{"framework":"fandhe-ai","version":"0.8.0","task":"infer_phases","device":"cuda","size":64,"median_s":0.000000048,"q1_s":0.000000048,"q3_s":0.000000048,"checksum":13.976574,"warmup":20,"iters":20,"mode":"fresh","phase":"leaf_register","phase_index":0}
{"framework":"fandhe-ai","version":"0.8.0","task":"infer_phases","device":"cuda","size":64,"median_s":0.000131600,"q1_s":0.000130904,"q3_s":0.000139421,"checksum":13.976574,"warmup":20,"iters":20,"mode":"fresh","phase":"forward","phase_index":1}
{"framework":"fandhe-ai","version":"0.8.0","task":"infer_phases","device":"cuda","size":64,"median_s":0.000018656,"q1_s":0.000018456,"q3_s":0.000019008,"checksum":13.976574,"warmup":20,"iters":20,"mode":"fresh","phase":"to_tensor","phase_index":2}
{"framework":"fandhe-ai","version":"0.8.0","task":"infer_phases","device":"cuda","size":64,"median_s":0.000000064,"q1_s":0.000000064,"q3_s":0.000000080,"checksum":13.976574,"warmup":20,"iters":20,"mode":"fresh","phase":"host_copy","phase_index":3}
{"framework":"fandhe-ai","version":"0.8.0","task":"infer_phases","device":"cuda","size":64,"median_s":0.000000664,"q1_s":0.000000576,"q3_s":0.000000764,"checksum":13.976574,"warmup":20,"iters":20,"mode":"fresh","phase":"checksum","phase_index":4}
{"framework":"fandhe-ai","version":"0.8.0","task":"infer_phases","device":"cuda","size":64,"median_s":0.000151640,"q1_s":0.000150644,"q3_s":0.000159020,"checksum":13.976574,"warmup":20,"iters":20,"mode":"fresh","phase":"iter_total","phase_index":5}
== bench-fandhe infer cuda size=64 mode=reuse extra=--phases ==
{"framework":"fandhe-ai","version":"0.8.0","task":"infer_phases","device":"cuda","size":64,"median_s":0.000141384,"q1_s":0.000139272,"q3_s":0.000146080,"checksum":13.976574,"warmup":20,"iters":20,"mode":"reuse","init_s":0.216311341,"phase":"predict_resident","phase_index":0}
{"framework":"fandhe-ai","version":"0.8.0","task":"infer_phases","device":"cuda","size":64,"median_s":0.000000064,"q1_s":0.000000064,"q3_s":0.000000064,"checksum":13.976574,"warmup":20,"iters":20,"mode":"reuse","init_s":0.216311341,"phase":"host_copy","phase_index":1}
{"framework":"fandhe-ai","version":"0.8.0","task":"infer_phases","device":"cuda","size":64,"median_s":0.000000704,"q1_s":0.000000652,"q3_s":0.000000768,"checksum":13.976574,"warmup":20,"iters":20,"mode":"reuse","init_s":0.216311341,"phase":"checksum","phase_index":2}
{"framework":"fandhe-ai","version":"0.8.0","task":"infer_phases","device":"cuda","size":64,"median_s":0.000142280,"q1_s":0.000140224,"q3_s":0.000146964,"checksum":13.976574,"warmup":20,"iters":20,"mode":"reuse","init_s":0.216311341,"phase":"iter_total","phase_index":3}
== bench-fandhe infer cpu size=64 mode=fresh extra=--phases ==
{"framework":"fandhe-ai","version":"0.8.0","task":"infer_phases","device":"cpu","size":64,"median_s":0.000227592,"q1_s":0.000198124,"q3_s":0.000272260,"checksum":13.976574,"warmup":20,"iters":20,"mode":"fresh","phase":"predict","phase_index":0}
{"framework":"fandhe-ai","version":"0.8.0","task":"infer_phases","device":"cpu","size":64,"median_s":0.000000144,"q1_s":0.000000108,"q3_s":0.000000184,"checksum":13.976574,"warmup":20,"iters":20,"mode":"fresh","phase":"host_copy","phase_index":1}
{"framework":"fandhe-ai","version":"0.8.0","task":"infer_phases","device":"cpu","size":64,"median_s":0.000000336,"q1_s":0.000000304,"q3_s":0.000000452,"checksum":13.976574,"warmup":20,"iters":20,"mode":"fresh","phase":"checksum","phase_index":2}
{"framework":"fandhe-ai","version":"0.8.0","task":"infer_phases","device":"cpu","size":64,"median_s":0.000228792,"q1_s":0.000198692,"q3_s":0.000273616,"checksum":13.976574,"warmup":20,"iters":20,"mode":"fresh","phase":"iter_total","phase_index":3}
== bench-fandhe infer cpu size=64 mode=reuse extra=--phases ==
{"framework":"fandhe-ai","version":"0.8.0","task":"infer_phases","device":"cpu","size":64,"median_s":0.000225064,"q1_s":0.000204560,"q3_s":0.000249556,"checksum":13.976574,"warmup":20,"iters":20,"mode":"reuse","init_s":0.000791809,"phase":"predict_resident","phase_index":0}
{"framework":"fandhe-ai","version":"0.8.0","task":"infer_phases","device":"cpu","size":64,"median_s":0.000000216,"q1_s":0.000000176,"q3_s":0.000000292,"checksum":13.976574,"warmup":20,"iters":20,"mode":"reuse","init_s":0.000791809,"phase":"host_copy","phase_index":1}
{"framework":"fandhe-ai","version":"0.8.0","task":"infer_phases","device":"cpu","size":64,"median_s":0.000000464,"q1_s":0.000000352,"q3_s":0.000000500,"checksum":13.976574,"warmup":20,"iters":20,"mode":"reuse","init_s":0.000791809,"phase":"checksum","phase_index":2}
{"framework":"fandhe-ai","version":"0.8.0","task":"infer_phases","device":"cpu","size":64,"median_s":0.000226248,"q1_s":0.000206144,"q3_s":0.000251228,"checksum":13.976574,"warmup":20,"iters":20,"mode":"reuse","init_s":0.000791809,"phase":"iter_total","phase_index":3}
done. results in results/raw/results-cuda.jsonl ; failures (if any) in results/raw/skipped-cuda.log
