== build before ==(facade=/Users/<user>/work/wt-1691-before/crates/facade)
== build after  ==(facade=/Users/<user>/work/wt-after-main/crates/facade)
bench-fandhe v0.1.0 (/Users/<user>/work/wt-after-main/scripts/bench/framework-compare/bench-fandhe)
├── bench-common v0.1.0 (/Users/<user>/work/wt-after-main/scripts/bench/framework-compare/bench-common)
└── fandhe-ai v0.8.0 (/Users/<user>/work/wt-after-main/crates/facade)
bench-fandhe v0.1.0 (/Users/<user>/work/wt-after-main/scripts/bench/framework-compare/bench-fandhe)
├── bench-common v0.1.0 (/Users/<user>/work/wt-after-main/scripts/bench/framework-compare/bench-common)
└── fandhe-ai v0.8.0 (/Users/<user>/work/wt-1691-before/crates/facade)
== train metal mode=fresh arm=before  ==
{"framework":"fandhe-ai","version":"0.8.0","task":"train","device":"metal","size":64,"median_s":0.001943375,"q1_s":0.001580584,"q3_s":0.002104615,"checksum":0.080541,"warmup":20,"iters":80,"mode":"fresh"}
== train metal mode=fresh arm=after  ==
{"framework":"fandhe-ai","version":"0.8.0","task":"train","device":"metal","size":64,"median_s":0.001920333,"q1_s":0.001875156,"q3_s":0.002040291,"checksum":0.080541,"warmup":20,"iters":80,"mode":"fresh"}
== train metal mode=reuse arm=before  ==
{"framework":"fandhe-ai","version":"0.8.0","task":"train","device":"metal","size":64,"median_s":0.002009500,"q1_s":0.001953343,"q3_s":0.002146188,"checksum":0.080541,"warmup":20,"iters":80,"mode":"reuse","init_s":0.039074916}
== train metal mode=reuse arm=after  ==
{"framework":"fandhe-ai","version":"0.8.0","task":"train","device":"metal","size":64,"median_s":0.001929125,"q1_s":0.001858052,"q3_s":0.002009281,"checksum":0.080541,"warmup":20,"iters":80,"mode":"reuse","init_s":0.040671875}
run 1: 10:43  up 27 days, 21:55, 24 users, load averages: 12.33 15.31 13.83
== train metal mode=fresh arm=after  ==
{"framework":"fandhe-ai","version":"0.8.0","task":"train","device":"metal","size":64,"median_s":0.002046333,"q1_s":0.001963469,"q3_s":0.002170459,"checksum":0.080541,"warmup":20,"iters":80,"mode":"fresh"}
== train metal mode=fresh arm=before  ==
{"framework":"fandhe-ai","version":"0.8.0","task":"train","device":"metal","size":64,"median_s":0.002078187,"q1_s":0.001986437,"q3_s":0.002174739,"checksum":0.080541,"warmup":20,"iters":80,"mode":"fresh"}
== train metal mode=reuse arm=after  ==
{"framework":"fandhe-ai","version":"0.8.0","task":"train","device":"metal","size":64,"median_s":0.001897042,"q1_s":0.001829562,"q3_s":0.001980073,"checksum":0.080541,"warmup":20,"iters":80,"mode":"reuse","init_s":0.038735458}
== train metal mode=reuse arm=before  ==
{"framework":"fandhe-ai","version":"0.8.0","task":"train","device":"metal","size":64,"median_s":0.002024042,"q1_s":0.001938948,"q3_s":0.002151042,"checksum":0.080541,"warmup":20,"iters":80,"mode":"reuse","init_s":0.039476792}
run 2: 10:43  up 27 days, 21:56, 24 users, load averages: 12.33 15.31 13.83
== train metal mode=fresh arm=before  ==
{"framework":"fandhe-ai","version":"0.8.0","task":"train","device":"metal","size":64,"median_s":0.001920812,"q1_s":0.001471021,"q3_s":0.002224605,"checksum":0.080541,"warmup":20,"iters":80,"mode":"fresh"}
== train metal mode=fresh arm=after  ==
{"framework":"fandhe-ai","version":"0.8.0","task":"train","device":"metal","size":64,"median_s":0.001751166,"q1_s":0.001546156,"q3_s":0.002096386,"checksum":0.080541,"warmup":20,"iters":80,"mode":"fresh"}
== train metal mode=reuse arm=before  ==
{"framework":"fandhe-ai","version":"0.8.0","task":"train","device":"metal","size":64,"median_s":0.001778667,"q1_s":0.001439417,"q3_s":0.002249229,"checksum":0.080541,"warmup":20,"iters":80,"mode":"reuse","init_s":0.041830333}
== train metal mode=reuse arm=after  ==
{"framework":"fandhe-ai","version":"0.8.0","task":"train","device":"metal","size":64,"median_s":0.001713437,"q1_s":0.001394062,"q3_s":0.002115364,"checksum":0.080541,"warmup":20,"iters":80,"mode":"reuse","init_s":0.043083500}
run 3: 10:43  up 27 days, 21:56, 24 users, load averages: 11.82 15.15 13.78
== train metal mode=fresh arm=after  ==
{"framework":"fandhe-ai","version":"0.8.0","task":"train","device":"metal","size":64,"median_s":0.001773125,"q1_s":0.001344073,"q3_s":0.002089292,"checksum":0.080541,"warmup":20,"iters":80,"mode":"fresh"}
== train metal mode=fresh arm=before  ==
{"framework":"fandhe-ai","version":"0.8.0","task":"train","device":"metal","size":64,"median_s":0.001930917,"q1_s":0.001511427,"q3_s":0.002213688,"checksum":0.080541,"warmup":20,"iters":80,"mode":"fresh"}
== train metal mode=reuse arm=after  ==
{"framework":"fandhe-ai","version":"0.8.0","task":"train","device":"metal","size":64,"median_s":0.002002271,"q1_s":0.001542177,"q3_s":0.002117906,"checksum":0.080541,"warmup":20,"iters":80,"mode":"reuse","init_s":0.050352792}
== train metal mode=reuse arm=before  ==
{"framework":"fandhe-ai","version":"0.8.0","task":"train","device":"metal","size":64,"median_s":0.002005833,"q1_s":0.001909562,"q3_s":0.002083395,"checksum":0.080541,"warmup":20,"iters":80,"mode":"reuse","init_s":0.046040292}
run 4: 10:43  up 27 days, 21:56, 24 users, load averages: 11.82 15.15 13.78
== train metal mode=fresh arm=before  ==
{"framework":"fandhe-ai","version":"0.8.0","task":"train","device":"metal","size":64,"median_s":0.001934812,"q1_s":0.001879437,"q3_s":0.002033719,"checksum":0.080541,"warmup":20,"iters":80,"mode":"fresh"}
== train metal mode=fresh arm=after  ==
{"framework":"fandhe-ai","version":"0.8.0","task":"train","device":"metal","size":64,"median_s":0.001894958,"q1_s":0.001823781,"q3_s":0.001979104,"checksum":0.080541,"warmup":20,"iters":80,"mode":"fresh"}
== train metal mode=reuse arm=before  ==
{"framework":"fandhe-ai","version":"0.8.0","task":"train","device":"metal","size":64,"median_s":0.001993771,"q1_s":0.001901646,"q3_s":0.002109438,"checksum":0.080541,"warmup":20,"iters":80,"mode":"reuse","init_s":0.034691541}
== train metal mode=reuse arm=after  ==
{"framework":"fandhe-ai","version":"0.8.0","task":"train","device":"metal","size":64,"median_s":0.002659250,"q1_s":0.002043917,"q3_s":0.003328323,"checksum":0.080541,"warmup":20,"iters":80,"mode":"reuse","init_s":0.045300000}
run 5: 10:43  up 27 days, 21:56, 24 users, load averages: 13.36 15.41 13.88
== train metal mode=fresh arm=before --phases ==
{"framework":"fandhe-ai","version":"0.8.0","task":"train_phases","device":"metal","size":64,"median_s":0.000026000,"q1_s":0.000021396,"q3_s":0.000030625,"checksum":0.080541,"warmup":20,"iters":80,"mode":"fresh","phase":"tape_build","phase_index":0}
{"framework":"fandhe-ai","version":"0.8.0","task":"train_phases","device":"metal","size":64,"median_s":0.000000709,"q1_s":0.000000625,"q3_s":0.000000833,"checksum":0.080541,"warmup":20,"iters":80,"mode":"fresh","phase":"leaf_register","phase_index":1}
{"framework":"fandhe-ai","version":"0.8.0","task":"train_phases","device":"metal","size":64,"median_s":0.000890896,"q1_s":0.000809656,"q3_s":0.000965666,"checksum":0.080541,"warmup":20,"iters":80,"mode":"fresh","phase":"forward","phase_index":2}
{"framework":"fandhe-ai","version":"0.8.0","task":"train_phases","device":"metal","size":64,"median_s":0.000000042,"q1_s":0.000000041,"q3_s":0.000000083,"checksum":0.080541,"warmup":20,"iters":80,"mode":"fresh","phase":"loss_readout","phase_index":3}
{"framework":"fandhe-ai","version":"0.8.0","task":"train_phases","device":"metal","size":64,"median_s":0.000937187,"q1_s":0.000895678,"q3_s":0.001009249,"checksum":0.080541,"warmup":20,"iters":80,"mode":"fresh","phase":"backward","phase_index":4}
{"framework":"fandhe-ai","version":"0.8.0","task":"train_phases","device":"metal","size":64,"median_s":0.000023792,"q1_s":0.000023072,"q3_s":0.000024688,"checksum":0.080541,"warmup":20,"iters":80,"mode":"fresh","phase":"param_readout","phase_index":5}
{"framework":"fandhe-ai","version":"0.8.0","task":"train_phases","device":"metal","size":64,"median_s":0.000036354,"q1_s":0.000035635,"q3_s":0.000037625,"checksum":0.080541,"warmup":20,"iters":80,"mode":"fresh","phase":"host_sgd","phase_index":6}
{"framework":"fandhe-ai","version":"0.8.0","task":"train_phases","device":"metal","size":64,"median_s":0.000000333,"q1_s":0.000000250,"q3_s":0.000000417,"checksum":0.080541,"warmup":20,"iters":80,"mode":"fresh","phase":"apply_params","phase_index":7}
{"framework":"fandhe-ai","version":"0.8.0","task":"train_phases","device":"metal","size":64,"median_s":0.000000875,"q1_s":0.000000792,"q3_s":0.000001083,"checksum":0.080541,"warmup":20,"iters":80,"mode":"fresh","phase":"tape_drop","phase_index":8}
{"framework":"fandhe-ai","version":"0.8.0","task":"train_phases","device":"metal","size":64,"median_s":0.001958500,"q1_s":0.001813573,"q3_s":0.002084114,"checksum":0.080541,"warmup":20,"iters":80,"mode":"fresh","phase":"step_total","phase_index":9}
== train metal mode=fresh arm=after --phases ==
{"framework":"fandhe-ai","version":"0.8.0","task":"train_phases","device":"metal","size":64,"median_s":0.000024104,"q1_s":0.000020198,"q3_s":0.000028885,"checksum":0.080541,"warmup":20,"iters":80,"mode":"fresh","phase":"tape_build","phase_index":0}
{"framework":"fandhe-ai","version":"0.8.0","task":"train_phases","device":"metal","size":64,"median_s":0.000000917,"q1_s":0.000000750,"q3_s":0.000001135,"checksum":0.080541,"warmup":20,"iters":80,"mode":"fresh","phase":"leaf_register","phase_index":1}
{"framework":"fandhe-ai","version":"0.8.0","task":"train_phases","device":"metal","size":64,"median_s":0.000808542,"q1_s":0.000603261,"q3_s":0.000859458,"checksum":0.080541,"warmup":20,"iters":80,"mode":"fresh","phase":"forward","phase_index":2}
{"framework":"fandhe-ai","version":"0.8.0","task":"train_phases","device":"metal","size":64,"median_s":0.000000042,"q1_s":0.000000042,"q3_s":0.000000083,"checksum":0.080541,"warmup":20,"iters":80,"mode":"fresh","phase":"loss_readout","phase_index":3}
{"framework":"fandhe-ai","version":"0.8.0","task":"train_phases","device":"metal","size":64,"median_s":0.000961833,"q1_s":0.000741938,"q3_s":0.001070313,"checksum":0.080541,"warmup":20,"iters":80,"mode":"fresh","phase":"backward","phase_index":4}
{"framework":"fandhe-ai","version":"0.8.0","task":"train_phases","device":"metal","size":64,"median_s":0.000026542,"q1_s":0.000024166,"q3_s":0.000027885,"checksum":0.080541,"warmup":20,"iters":80,"mode":"fresh","phase":"param_readout","phase_index":5}
{"framework":"fandhe-ai","version":"0.8.0","task":"train_phases","device":"metal","size":64,"median_s":0.000038583,"q1_s":0.000035771,"q3_s":0.000041458,"checksum":0.080541,"warmup":20,"iters":80,"mode":"fresh","phase":"host_sgd","phase_index":6}
{"framework":"fandhe-ai","version":"0.8.0","task":"train_phases","device":"metal","size":64,"median_s":0.000000396,"q1_s":0.000000292,"q3_s":0.000000541,"checksum":0.080541,"warmup":20,"iters":80,"mode":"fresh","phase":"apply_params","phase_index":7}
{"framework":"fandhe-ai","version":"0.8.0","task":"train_phases","device":"metal","size":64,"median_s":0.000000875,"q1_s":0.000000750,"q3_s":0.000001010,"checksum":0.080541,"warmup":20,"iters":80,"mode":"fresh","phase":"tape_drop","phase_index":8}
{"framework":"fandhe-ai","version":"0.8.0","task":"train_phases","device":"metal","size":64,"median_s":0.001865730,"q1_s":0.001432677,"q3_s":0.002033177,"checksum":0.080541,"warmup":20,"iters":80,"mode":"fresh","phase":"step_total","phase_index":9}
== train metal mode=reuse arm=before --phases ==
{"framework":"fandhe-ai","version":"0.8.0","task":"train_phases","device":"metal","size":64,"median_s":0.000028291,"q1_s":0.000024187,"q3_s":0.000035730,"checksum":0.080541,"warmup":20,"iters":80,"mode":"reuse","init_s":0.044732833,"phase":"tape_build","phase_index":0}
{"framework":"fandhe-ai","version":"0.8.0","task":"train_phases","device":"metal","size":64,"median_s":0.000000250,"q1_s":0.000000208,"q3_s":0.000000333,"checksum":0.080541,"warmup":20,"iters":80,"mode":"reuse","init_s":0.044732833,"phase":"leaf_register","phase_index":1}
{"framework":"fandhe-ai","version":"0.8.0","task":"train_phases","device":"metal","size":64,"median_s":0.000991083,"q1_s":0.000840385,"q3_s":0.001073229,"checksum":0.080541,"warmup":20,"iters":80,"mode":"reuse","init_s":0.044732833,"phase":"forward_resident","phase_index":2}
{"framework":"fandhe-ai","version":"0.8.0","task":"train_phases","device":"metal","size":64,"median_s":0.000000042,"q1_s":0.000000041,"q3_s":0.000000042,"checksum":0.080541,"warmup":20,"iters":80,"mode":"reuse","init_s":0.044732833,"phase":"loss_readout","phase_index":3}
{"framework":"fandhe-ai","version":"0.8.0","task":"train_phases","device":"metal","size":64,"median_s":0.001048687,"q1_s":0.000783042,"q3_s":0.001137646,"checksum":0.080541,"warmup":20,"iters":80,"mode":"reuse","init_s":0.044732833,"phase":"backward","phase_index":4}
{"framework":"fandhe-ai","version":"0.8.0","task":"train_phases","device":"metal","size":64,"median_s":0.000004979,"q1_s":0.000004312,"q3_s":0.000006125,"checksum":0.080541,"warmup":20,"iters":80,"mode":"reuse","init_s":0.044732833,"phase":"device_update","phase_index":5}
{"framework":"fandhe-ai","version":"0.8.0","task":"train_phases","device":"metal","size":64,"median_s":0.000000541,"q1_s":0.000000448,"q3_s":0.000000719,"checksum":0.080541,"warmup":20,"iters":80,"mode":"reuse","init_s":0.044732833,"phase":"tape_drop","phase_index":6}
{"framework":"fandhe-ai","version":"0.8.0","task":"train_phases","device":"metal","size":64,"median_s":0.002094083,"q1_s":0.001671823,"q3_s":0.002255854,"checksum":0.080541,"warmup":20,"iters":80,"mode":"reuse","init_s":0.044732833,"phase":"step_total","phase_index":7}
== train metal mode=reuse arm=after --phases ==
{"framework":"fandhe-ai","version":"0.8.0","task":"train_phases","device":"metal","size":64,"median_s":0.000027979,"q1_s":0.000025167,"q3_s":0.000033646,"checksum":0.080541,"warmup":20,"iters":80,"mode":"reuse","init_s":0.043680291,"phase":"tape_build","phase_index":0}
{"framework":"fandhe-ai","version":"0.8.0","task":"train_phases","device":"metal","size":64,"median_s":0.000000292,"q1_s":0.000000250,"q3_s":0.000000334,"checksum":0.080541,"warmup":20,"iters":80,"mode":"reuse","init_s":0.043680291,"phase":"leaf_register","phase_index":1}
{"framework":"fandhe-ai","version":"0.8.0","task":"train_phases","device":"metal","size":64,"median_s":0.000879417,"q1_s":0.000737990,"q3_s":0.000957511,"checksum":0.080541,"warmup":20,"iters":80,"mode":"reuse","init_s":0.043680291,"phase":"forward_resident","phase_index":2}
{"framework":"fandhe-ai","version":"0.8.0","task":"train_phases","device":"metal","size":64,"median_s":0.000000042,"q1_s":0.000000041,"q3_s":0.000000052,"checksum":0.080541,"warmup":20,"iters":80,"mode":"reuse","init_s":0.043680291,"phase":"loss_readout","phase_index":3}
{"framework":"fandhe-ai","version":"0.8.0","task":"train_phases","device":"metal","size":64,"median_s":0.001064688,"q1_s":0.000781698,"q3_s":0.001159438,"checksum":0.080541,"warmup":20,"iters":80,"mode":"reuse","init_s":0.043680291,"phase":"backward","phase_index":4}
{"framework":"fandhe-ai","version":"0.8.0","task":"train_phases","device":"metal","size":64,"median_s":0.000005146,"q1_s":0.000004573,"q3_s":0.000006167,"checksum":0.080541,"warmup":20,"iters":80,"mode":"reuse","init_s":0.043680291,"phase":"device_update","phase_index":5}
{"framework":"fandhe-ai","version":"0.8.0","task":"train_phases","device":"metal","size":64,"median_s":0.000000583,"q1_s":0.000000500,"q3_s":0.000000750,"checksum":0.080541,"warmup":20,"iters":80,"mode":"reuse","init_s":0.043680291,"phase":"tape_drop","phase_index":6}
{"framework":"fandhe-ai","version":"0.8.0","task":"train_phases","device":"metal","size":64,"median_s":0.001993000,"q1_s":0.001562542,"q3_s":0.002156667,"checksum":0.080541,"warmup":20,"iters":80,"mode":"reuse","init_s":0.043680291,"phase":"step_total","phase_index":7}
phases: 10:43  up 27 days, 21:56, 24 users, load averages: 13.36 15.41 13.88
done. results in results/raw ; failures (if any) in results/raw/skipped-metal-mse-encode-ab-1691.log
