start 2026-10-03T09:15:33Z sha=c8bb4132
run_all rc=0
stage1-done 2026-10-03T09:18:57Z rows=112 skipped=0
{"framework":"fandhe-ai","version":"0.10.0","task":"gemm","device":"cpu","size":256,"median_s":0.000356733,"q1_s":0.000343574,"q3_s":0.000363018,"gflops":94.060,"checksum":237.546660,"warmup":20,"iters":20,"mode":"reuse","init_s":0.001378967,"parity_total":65536,"parity_fail_count":0,"parity_max_abs_err":0.000000e0,"parity_max_rel_err":0.000000e0,"parity_scaled_abs_bound":0.000000e0,"parity_scaled_abs_rescued":0}
{"framework":"fandhe-ai","version":"0.10.0","task":"gemm","device":"cpu","size":512,"median_s":0.002457415,"q1_s":0.002344479,"q3_s":0.002579118,"gflops":109.235,"checksum":937.743233,"warmup":20,"iters":20,"mode":"reuse","init_s":0.002050194,"parity_total":262144,"parity_fail_count":0,"parity_max_abs_err":0.000000e0,"parity_max_rel_err":0.000000e0,"parity_scaled_abs_bound":0.000000e0,"parity_scaled_abs_rescued":0}
{"framework":"fandhe-ai","version":"0.10.0","task":"gemm","device":"cpu","size":1024,"median_s":0.005480275,"q1_s":0.005300720,"q3_s":0.005725197,"gflops":391.857,"checksum":-1855.597736,"warmup":20,"iters":20,"mode":"reuse","init_s":0.006440308,"parity_total":1048576,"parity_fail_count":0,"parity_max_abs_err":0.000000e0,"parity_max_rel_err":0.000000e0,"parity_scaled_abs_bound":0.000000e0,"parity_scaled_abs_rescued":0}
{"framework":"fandhe-ai","version":"0.10.0","task":"gemm","device":"cpu","size":2048,"median_s":0.026614268,"q1_s":0.026370257,"q3_s":0.027159261,"gflops":645.513,"checksum":-6016.774008,"warmup":20,"iters":20,"mode":"reuse","init_s":0.029819622,"parity_total":4194304,"parity_fail_count":0,"parity_max_abs_err":0.000000e0,"parity_max_rel_err":0.000000e0,"parity_scaled_abs_bound":0.000000e0,"parity_scaled_abs_rescued":0}
{"framework":"fandhe-ai","version":"0.10.0","task":"gemm","device":"cpu","size":4096,"median_s":0.124532272,"q1_s":0.122462228,"q3_s":0.128689715,"gflops":1103.641,"checksum":-25768.747284,"warmup":20,"iters":20,"mode":"reuse","init_s":0.131338703,"parity_total":16777216,"parity_fail_count":0,"parity_max_abs_err":0.000000e0,"parity_max_rel_err":0.000000e0,"parity_scaled_abs_bound":0.000000e0,"parity_scaled_abs_rescued":0}
{"framework":"fandhe-ai","version":"0.10.0","task":"gemm","device":"cpu","size":4096,"median_s":0.128833419,"q1_s":0.124718892,"q3_s":0.131375252,"gflops":1066.796,"checksum":-25768.747284,"warmup":20,"iters":20,"mode":"fresh","parity_total":16777216,"parity_fail_count":0,"parity_max_abs_err":0.000000e0,"parity_max_rel_err":0.000000e0,"parity_scaled_abs_bound":0.000000e0,"parity_scaled_abs_rescued":0}
{"framework":"candle","version":"0.11.0","task":"gemm","device":"cpu","size":4096,"median_s":0.220631307,"q1_s":0.216284415,"q3_s":0.224848592,"gflops":622.935,"checksum":-25768.736638,"warmup":20,"iters":20,"mode":"fresh","parity_total":16777216,"parity_fail_count":0,"parity_max_abs_err":8.964539e-5,"parity_max_rel_err":1.691077e0,"parity_scaled_abs_bound":3.051757e-5,"parity_scaled_abs_rescued":672}
{"framework":"burn","version":"0.21.0","task":"gemm","device":"cpu","size":4096,"median_s":1.242053034,"q1_s":1.236735182,"q3_s":1.242738644,"gflops":110.655,"checksum":-25768.726554,"warmup":20,"iters":20,"mode":"fresh","parity_total":16777216,"parity_fail_count":0,"parity_max_abs_err":8.964539e-5,"parity_max_rel_err":1.950224e0,"parity_scaled_abs_bound":3.051757e-5,"parity_scaled_abs_rescued":582}
stage2-done 2026-10-03T09:20:27Z rows=8
WARN: registry 0.10.0 line not found in log
== --framework pytorch --task gemm --device cpu --size 256 ==
== --framework pytorch --task gemm --device cpu --size 512 ==
== --framework pytorch --task gemm --device cpu --size 1024 ==
== --framework pytorch --task gemm --device cpu --size 2048 ==
== --framework pytorch --task gemm --device cpu --size 4096 ==
== --framework pytorch --task train --device cpu --size 64 ==
== --framework pytorch --task infer --device cpu --size 64 ==
== --framework tensorflow --task gemm --device cpu --size 256 ==
== --framework tensorflow --task gemm --device cpu --size 512 ==
== --framework tensorflow --task gemm --device cpu --size 1024 ==
== --framework tensorflow --task gemm --device cpu --size 2048 ==
== --framework tensorflow --task gemm --device cpu --size 4096 ==
== --framework tensorflow --task train --device cpu --size 64 ==
== --framework tensorflow --task infer --device cpu --size 64 ==
== --framework scipy --task gemm --device cpu --size 256 ==
== --framework scipy --task gemm --device cpu --size 512 ==
== --framework scipy --task gemm --device cpu --size 1024 ==
== --framework scipy --task gemm --device cpu --size 2048 ==
== --framework scipy --task gemm --device cpu --size 4096 ==
== --framework scipy --task train --device cpu --size 64 ==
== --framework scipy --task infer --device cpu --size 64 ==
== --framework pytorch --task gemm --device cuda --size 256 ==
== --framework pytorch --task gemm --device cuda --size 512 ==
== --framework pytorch --task gemm --device cuda --size 1024 ==
== --framework pytorch --task gemm --device cuda --size 2048 ==
== --framework pytorch --task gemm --device cuda --size 4096 ==
== --framework pytorch --task train --device cuda --size 64 ==
== --framework pytorch --task infer --device cuda --size 64 ==
stage3-done 2026-10-03T09:21:56Z pyrows=28
done. 2026-10-03T09:21:56Z
