== build bench-fandhe  ==
== build bench-candle --no-default-features --features cuda ==
== build bench-burn --no-default-features --features cuda ==
== bench-fandhe gemm cuda size=256 mode=fresh extra=none ==
{"framework":"fandhe-ai","version":"0.10.0","task":"gemm","device":"cuda","size":256,"median_s":0.000087536,"q1_s":0.000086207,"q3_s":0.000097371,"gflops":383.324,"checksum":237.546660,"warmup":20,"iters":20,"mode":"fresh","parity_total":65536,"parity_fail_count":0,"parity_max_abs_err":0.000000e0,"parity_max_rel_err":0.000000e0,"parity_scaled_abs_bound":0.000000e0,"parity_scaled_abs_rescued":0}
== bench-fandhe gemm cuda size=512 mode=fresh extra=none ==
{"framework":"fandhe-ai","version":"0.10.0","task":"gemm","device":"cuda","size":512,"median_s":0.000271998,"q1_s":0.000266822,"q3_s":0.000277714,"gflops":986.902,"checksum":937.743233,"warmup":20,"iters":20,"mode":"fresh","parity_total":262144,"parity_fail_count":0,"parity_max_abs_err":0.000000e0,"parity_max_rel_err":0.000000e0,"parity_scaled_abs_bound":0.000000e0,"parity_scaled_abs_rescued":0}
== bench-fandhe gemm cuda size=1024 mode=fresh extra=none ==
{"framework":"fandhe-ai","version":"0.10.0","task":"gemm","device":"cuda","size":1024,"median_s":0.001099942,"q1_s":0.001059307,"q3_s":0.001136547,"gflops":1952.360,"checksum":-1855.597736,"warmup":20,"iters":20,"mode":"fresh","parity_total":1048576,"parity_fail_count":0,"parity_max_abs_err":0.000000e0,"parity_max_rel_err":0.000000e0,"parity_scaled_abs_bound":0.000000e0,"parity_scaled_abs_rescued":0}
== bench-fandhe gemm cuda size=2048 mode=fresh extra=none ==
{"framework":"fandhe-ai","version":"0.10.0","task":"gemm","device":"cuda","size":2048,"median_s":0.004189884,"q1_s":0.004178817,"q3_s":0.004413199,"gflops":4100.320,"checksum":-6016.774008,"warmup":20,"iters":20,"mode":"fresh","parity_total":4194304,"parity_fail_count":0,"parity_max_abs_err":0.000000e0,"parity_max_rel_err":0.000000e0,"parity_scaled_abs_bound":0.000000e0,"parity_scaled_abs_rescued":0}
== bench-fandhe gemm cuda size=4096 mode=fresh extra=none ==
{"framework":"fandhe-ai","version":"0.10.0","task":"gemm","device":"cuda","size":4096,"median_s":0.040461961,"q1_s":0.040258454,"q3_s":0.040572328,"gflops":3396.745,"checksum":-25768.747284,"warmup":20,"iters":20,"mode":"fresh","parity_total":16777216,"parity_fail_count":0,"parity_max_abs_err":0.000000e0,"parity_max_rel_err":0.000000e0,"parity_scaled_abs_bound":0.000000e0,"parity_scaled_abs_rescued":0}
== bench-fandhe gemm cpu size=256 mode=fresh extra=none ==
{"framework":"fandhe-ai","version":"0.10.0","task":"gemm","device":"cpu","size":256,"median_s":0.000233494,"q1_s":0.000220379,"q3_s":0.000284069,"gflops":143.706,"checksum":237.546660,"warmup":20,"iters":20,"mode":"fresh","parity_total":65536,"parity_fail_count":0,"parity_max_abs_err":0.000000e0,"parity_max_rel_err":0.000000e0,"parity_scaled_abs_bound":0.000000e0,"parity_scaled_abs_rescued":0}
== bench-fandhe gemm cpu size=512 mode=fresh extra=none ==
{"framework":"fandhe-ai","version":"0.10.0","task":"gemm","device":"cpu","size":512,"median_s":0.001736921,"q1_s":0.001600475,"q3_s":0.001950252,"gflops":154.547,"checksum":937.743233,"warmup":20,"iters":20,"mode":"fresh","parity_total":262144,"parity_fail_count":0,"parity_max_abs_err":0.000000e0,"parity_max_rel_err":0.000000e0,"parity_scaled_abs_bound":0.000000e0,"parity_scaled_abs_rescued":0}
== bench-fandhe gemm cpu size=1024 mode=fresh extra=none ==
{"framework":"fandhe-ai","version":"0.10.0","task":"gemm","device":"cpu","size":1024,"median_s":0.004546459,"q1_s":0.004244289,"q3_s":0.004843688,"gflops":472.342,"checksum":-1855.597736,"warmup":20,"iters":20,"mode":"fresh","parity_total":1048576,"parity_fail_count":0,"parity_max_abs_err":0.000000e0,"parity_max_rel_err":0.000000e0,"parity_scaled_abs_bound":0.000000e0,"parity_scaled_abs_rescued":0}
== bench-fandhe gemm cpu size=2048 mode=fresh extra=none ==
{"framework":"fandhe-ai","version":"0.10.0","task":"gemm","device":"cpu","size":2048,"median_s":0.026631206,"q1_s":0.026184537,"q3_s":0.027084833,"gflops":645.103,"checksum":-6016.774008,"warmup":20,"iters":20,"mode":"fresh","parity_total":4194304,"parity_fail_count":0,"parity_max_abs_err":0.000000e0,"parity_max_rel_err":0.000000e0,"parity_scaled_abs_bound":0.000000e0,"parity_scaled_abs_rescued":0}
== bench-fandhe train cuda size=64 mode=fresh extra=none ==
{"framework":"fandhe-ai","version":"0.10.0","task":"train","device":"cuda","size":64,"median_s":0.000725306,"q1_s":0.000644578,"q3_s":0.000783762,"checksum":0.080541,"warmup":20,"iters":80,"mode":"fresh"}
== bench-fandhe infer cuda size=64 mode=fresh extra=none ==
{"framework":"fandhe-ai","version":"0.10.0","task":"infer","device":"cuda","size":64,"median_s":0.000227158,"q1_s":0.000161063,"q3_s":0.000323173,"throughput_per_s":4402.222,"checksum":13.976574,"warmup":20,"iters":20,"mode":"fresh"}
== bench-fandhe train cpu size=64 mode=fresh extra=none ==
{"framework":"fandhe-ai","version":"0.10.0","task":"train","device":"cpu","size":64,"median_s":0.001074511,"q1_s":0.000814209,"q3_s":0.001310357,"checksum":0.080541,"warmup":20,"iters":80,"mode":"fresh"}
== bench-fandhe infer cpu size=64 mode=fresh extra=none ==
{"framework":"fandhe-ai","version":"0.10.0","task":"infer","device":"cpu","size":64,"median_s":0.000199695,"q1_s":0.000172215,"q3_s":0.000219626,"throughput_per_s":5007.637,"checksum":13.976574,"warmup":20,"iters":20,"mode":"fresh"}
== bench-candle gemm cuda size=256 mode=fresh extra=none ==
{"framework":"candle","version":"0.11.0","task":"gemm","device":"cuda","size":256,"median_s":0.000153663,"q1_s":0.000134074,"q3_s":0.000168663,"gflops":218.364,"checksum":237.546670,"warmup":20,"iters":20,"mode":"fresh","parity_total":65536,"parity_fail_count":0,"parity_max_abs_err":4.053116e-6,"parity_max_rel_err":2.549727e-2,"parity_scaled_abs_bound":1.907255e-6,"parity_scaled_abs_rescued":0}
== bench-candle gemm cuda size=512 mode=fresh extra=none ==
{"framework":"candle","version":"0.11.0","task":"gemm","device":"cuda","size":512,"median_s":0.000338021,"q1_s":0.000332689,"q3_s":0.000341049,"gflops":794.137,"checksum":937.743128,"warmup":20,"iters":20,"mode":"fresh","parity_total":262144,"parity_fail_count":0,"parity_max_abs_err":9.536743e-6,"parity_max_rel_err":8.516808e-3,"parity_scaled_abs_bound":3.814663e-6,"parity_scaled_abs_rescued":0}
== bench-candle gemm cuda size=1024 mode=fresh extra=none ==
{"framework":"candle","version":"0.11.0","task":"gemm","device":"cuda","size":1024,"median_s":0.001036016,"q1_s":0.001033763,"q3_s":0.001039520,"gflops":2072.830,"checksum":-1855.594967,"warmup":20,"iters":20,"mode":"fresh","parity_total":1048576,"parity_fail_count":0,"parity_max_abs_err":1.811981e-5,"parity_max_rel_err":3.398111e-1,"parity_scaled_abs_bound":7.629375e-6,"parity_scaled_abs_rescued":0}
== bench-candle gemm cuda size=2048 mode=fresh extra=none ==
{"framework":"candle","version":"0.11.0","task":"gemm","device":"cuda","size":2048,"median_s":0.004375917,"q1_s":0.004370921,"q3_s":0.004383868,"gflops":3926.005,"checksum":-6016.775802,"warmup":20,"iters":20,"mode":"fresh","parity_total":4194304,"parity_fail_count":0,"parity_max_abs_err":3.623962e-5,"parity_max_rel_err":2.811288e-1,"parity_scaled_abs_bound":1.525878e-5,"parity_scaled_abs_rescued":2}
== bench-candle gemm cuda size=4096 mode=fresh extra=none ==
{"framework":"candle","version":"0.11.0","task":"gemm","device":"cuda","size":4096,"median_s":0.058587572,"q1_s":0.058305132,"q3_s":0.058759944,"gflops":2345.872,"checksum":-25768.747284,"warmup":20,"iters":20,"mode":"fresh","parity_total":16777216,"parity_fail_count":0,"parity_max_abs_err":0.000000e0,"parity_max_rel_err":0.000000e0,"parity_scaled_abs_bound":3.051757e-5,"parity_scaled_abs_rescued":0}
== bench-candle gemm cpu size=256 mode=fresh extra=none ==
{"framework":"candle","version":"0.11.0","task":"gemm","device":"cpu","size":256,"median_s":0.000339686,"q1_s":0.000319150,"q3_s":0.000381733,"gflops":98.781,"checksum":237.546660,"warmup":20,"iters":20,"mode":"fresh","parity_total":65536,"parity_fail_count":0,"parity_max_abs_err":0.000000e0,"parity_max_rel_err":0.000000e0,"parity_scaled_abs_bound":1.907255e-6,"parity_scaled_abs_rescued":0}
== bench-candle gemm cpu size=512 mode=fresh extra=none ==
{"framework":"candle","version":"0.11.0","task":"gemm","device":"cpu","size":512,"median_s":0.002017369,"q1_s":0.001876221,"q3_s":0.002145399,"gflops":133.062,"checksum":937.743233,"warmup":20,"iters":20,"mode":"fresh","parity_total":262144,"parity_fail_count":0,"parity_max_abs_err":0.000000e0,"parity_max_rel_err":0.000000e0,"parity_scaled_abs_bound":3.814663e-6,"parity_scaled_abs_rescued":0}
== bench-candle gemm cpu size=1024 mode=fresh extra=none ==
{"framework":"candle","version":"0.11.0","task":"gemm","device":"cpu","size":1024,"median_s":0.005513052,"q1_s":0.005391053,"q3_s":0.005735911,"gflops":389.527,"checksum":-1855.597736,"warmup":20,"iters":20,"mode":"fresh","parity_total":1048576,"parity_fail_count":0,"parity_max_abs_err":0.000000e0,"parity_max_rel_err":0.000000e0,"parity_scaled_abs_bound":7.629375e-6,"parity_scaled_abs_rescued":0}
== bench-candle gemm cpu size=2048 mode=fresh extra=none ==
{"framework":"candle","version":"0.11.0","task":"gemm","device":"cpu","size":2048,"median_s":0.032458328,"q1_s":0.032209702,"q3_s":0.033646762,"gflops":529.290,"checksum":-6016.773874,"warmup":20,"iters":20,"mode":"fresh","parity_total":4194304,"parity_fail_count":0,"parity_max_abs_err":3.814697e-5,"parity_max_rel_err":3.944416e-1,"parity_scaled_abs_bound":1.525878e-5,"parity_scaled_abs_rescued":2}
== bench-candle train cuda size=64 mode=fresh extra=none ==
{"framework":"candle","version":"0.11.0","task":"train","device":"cuda","size":64,"median_s":0.000297902,"q1_s":0.000276962,"q3_s":0.000365297,"checksum":0.117549,"warmup":20,"iters":80,"mode":"fresh"}
== bench-candle infer cuda size=64 mode=fresh extra=none ==
{"framework":"candle","version":"0.11.0","task":"infer","device":"cuda","size":64,"median_s":0.000182247,"q1_s":0.000178427,"q3_s":0.000185043,"throughput_per_s":5487.074,"checksum":1381.708740,"warmup":20,"iters":20,"mode":"fresh"}
== bench-candle train cpu size=64 mode=fresh extra=none ==
{"framework":"candle","version":"0.11.0","task":"train","device":"cpu","size":64,"median_s":0.002503109,"q1_s":0.002182802,"q3_s":0.002795122,"checksum":0.117550,"warmup":20,"iters":80,"mode":"fresh"}
== bench-candle infer cpu size=64 mode=fresh extra=none ==
{"framework":"candle","version":"0.11.0","task":"infer","device":"cpu","size":64,"median_s":0.000250158,"q1_s":0.000208770,"q3_s":0.000322057,"throughput_per_s":3997.474,"checksum":1381.708783,"warmup":20,"iters":20,"mode":"fresh"}
== bench-burn gemm cuda size=256 mode=fresh extra=none ==
{"framework":"burn","version":"0.21.0","task":"gemm","device":"cuda","size":256,"median_s":0.000266486,"q1_s":0.000236106,"q3_s":0.000546072,"gflops":125.914,"checksum":237.580621,"warmup":20,"iters":20,"mode":"fresh","parity_total":65536,"parity_fail_count":0,"parity_max_abs_err":1.581430e-3,"parity_max_rel_err":1.553981e0,"parity_scaled_abs_bound":1.562424e-2,"parity_scaled_abs_rescued":10538,"tf32":true}
== bench-burn gemm cuda size=512 mode=fresh extra=none ==
{"framework":"burn","version":"0.21.0","task":"gemm","device":"cuda","size":512,"median_s":0.000690139,"q1_s":0.000394353,"q3_s":0.000774210,"gflops":388.959,"checksum":937.360224,"warmup":20,"iters":20,"mode":"fresh","parity_total":262144,"parity_fail_count":0,"parity_max_abs_err":2.342582e-3,"parity_max_rel_err":1.972325e0,"parity_scaled_abs_bound":3.124972e-2,"parity_scaled_abs_rescued":42361,"tf32":true}
== bench-burn gemm cuda size=1024 mode=fresh extra=none ==
{"framework":"burn","version":"0.21.0","task":"gemm","device":"cuda","size":1024,"median_s":0.001081168,"q1_s":0.001025156,"q3_s":0.001134828,"gflops":1986.263,"checksum":-1855.919764,"warmup":20,"iters":20,"mode":"fresh","parity_total":1048576,"parity_fail_count":0,"parity_max_abs_err":3.642797e-3,"parity_max_rel_err":1.964783e0,"parity_scaled_abs_bound":6.249984e-2,"parity_scaled_abs_rescued":169929,"tf32":true}
== bench-burn gemm cuda size=2048 mode=fresh extra=none ==
{"framework":"burn","version":"0.21.0","task":"gemm","device":"cuda","size":2048,"median_s":0.004135712,"q1_s":0.004097524,"q3_s":0.004186423,"gflops":4154.029,"checksum":-6017.744475,"warmup":20,"iters":20,"mode":"fresh","parity_total":4194304,"parity_fail_count":0,"parity_max_abs_err":4.941225e-3,"parity_max_rel_err":1.986745e0,"parity_scaled_abs_bound":1.249999e-1,"parity_scaled_abs_rescued":681454,"tf32":true}
== bench-burn gemm cuda size=4096 mode=fresh extra=none ==
{"framework":"burn","version":"0.21.0","task":"gemm","device":"cuda","size":4096,"median_s":0.039606593,"q1_s":0.039556594,"q3_s":0.040043590,"gflops":3470.103,"checksum":-25774.003763,"warmup":20,"iters":20,"mode":"fresh","parity_total":16777216,"parity_fail_count":0,"parity_max_abs_err":7.116556e-3,"parity_max_rel_err":1.997358e0,"parity_scaled_abs_bound":2.500000e-1,"parity_scaled_abs_rescued":2729050,"tf32":true}
== bench-burn gemm cpu size=256 mode=fresh extra=none ==
{"framework":"burn","version":"0.21.0","task":"gemm","device":"cpu","size":256,"median_s":0.000518420,"q1_s":0.000509016,"q3_s":0.000520048,"gflops":64.724,"checksum":237.546660,"warmup":20,"iters":20,"mode":"fresh","parity_total":65536,"parity_fail_count":0,"parity_max_abs_err":0.000000e0,"parity_max_rel_err":0.000000e0,"parity_scaled_abs_bound":1.907255e-6,"parity_scaled_abs_rescued":0}
== bench-burn gemm cpu size=512 mode=fresh extra=none ==
{"framework":"burn","version":"0.21.0","task":"gemm","device":"cpu","size":512,"median_s":0.003184240,"q1_s":0.003174920,"q3_s":0.003193331,"gflops":84.301,"checksum":937.743112,"warmup":20,"iters":20,"mode":"fresh","parity_total":262144,"parity_fail_count":0,"parity_max_abs_err":9.059906e-6,"parity_max_rel_err":8.316180e-3,"parity_scaled_abs_bound":3.814663e-6,"parity_scaled_abs_rescued":0}
== bench-burn gemm cpu size=1024 mode=fresh extra=none ==
{"framework":"burn","version":"0.21.0","task":"gemm","device":"cpu","size":1024,"median_s":0.023217152,"q1_s":0.023179100,"q3_s":0.023289152,"gflops":92.496,"checksum":-1855.595863,"warmup":20,"iters":20,"mode":"fresh","parity_total":1048576,"parity_fail_count":0,"parity_max_abs_err":2.050400e-5,"parity_max_rel_err":1.834505e-1,"parity_scaled_abs_bound":7.629375e-6,"parity_scaled_abs_rescued":0}
== bench-burn gemm cpu size=2048 mode=fresh extra=none ==
{"framework":"burn","version":"0.21.0","task":"gemm","device":"cpu","size":2048,"median_s":0.159815650,"q1_s":0.159669497,"q3_s":0.160020581,"gflops":107.498,"checksum":-6016.774966,"warmup":20,"iters":20,"mode":"fresh","parity_total":4194304,"parity_fail_count":0,"parity_max_abs_err":3.528595e-5,"parity_max_rel_err":3.051549e-1,"parity_scaled_abs_bound":1.525878e-5,"parity_scaled_abs_rescued":5}
== bench-burn train cuda size=64 mode=fresh extra=none ==
{"framework":"burn","version":"0.21.0","task":"train","device":"cuda","size":64,"median_s":0.000575260,"q1_s":0.000517660,"q3_s":0.000947929,"checksum":0.117643,"warmup":20,"iters":80,"mode":"fresh","tf32":true}
== bench-burn infer cuda size=64 mode=fresh extra=none ==
{"framework":"burn","version":"0.21.0","task":"infer","device":"cuda","size":64,"median_s":0.000323197,"q1_s":0.000243370,"q3_s":0.000324877,"throughput_per_s":3094.083,"checksum":1381.643178,"warmup":20,"iters":20,"mode":"fresh","tf32":true}
== bench-burn train cpu size=64 mode=fresh extra=none ==
{"framework":"burn","version":"0.21.0","task":"train","device":"cpu","size":64,"median_s":0.000982817,"q1_s":0.000977152,"q3_s":0.000998620,"checksum":0.117549,"warmup":20,"iters":80,"mode":"fresh"}
== bench-burn infer cpu size=64 mode=fresh extra=none ==
{"framework":"burn","version":"0.21.0","task":"infer","device":"cpu","size":64,"median_s":0.000241486,"q1_s":0.000241170,"q3_s":0.000242447,"throughput_per_s":4141.027,"checksum":1381.708825,"warmup":20,"iters":20,"mode":"fresh"}
== bench-fandhe gemm cuda size=256 mode=reuse extra=none ==
{"framework":"fandhe-ai","version":"0.10.0","task":"gemm","device":"cuda","size":256,"median_s":0.000089807,"q1_s":0.000089455,"q3_s":0.000090471,"gflops":373.626,"checksum":237.546660,"warmup":20,"iters":20,"mode":"reuse","init_s":0.413820656,"parity_total":65536,"parity_fail_count":0,"parity_max_abs_err":0.000000e0,"parity_max_rel_err":0.000000e0,"parity_scaled_abs_bound":0.000000e0,"parity_scaled_abs_rescued":0}
== bench-fandhe gemm cuda size=512 mode=reuse extra=none ==
{"framework":"fandhe-ai","version":"0.10.0","task":"gemm","device":"cuda","size":512,"median_s":0.000527132,"q1_s":0.000507300,"q3_s":0.000531940,"gflops":509.238,"checksum":937.743233,"warmup":20,"iters":20,"mode":"reuse","init_s":0.414286467,"parity_total":262144,"parity_fail_count":0,"parity_max_abs_err":0.000000e0,"parity_max_rel_err":0.000000e0,"parity_scaled_abs_bound":0.000000e0,"parity_scaled_abs_rescued":0}
== bench-fandhe gemm cuda size=1024 mode=reuse extra=none ==
{"framework":"fandhe-ai","version":"0.10.0","task":"gemm","device":"cuda","size":1024,"median_s":0.002182408,"q1_s":0.002018549,"q3_s":0.002256167,"gflops":983.997,"checksum":-1855.597736,"warmup":20,"iters":20,"mode":"reuse","init_s":0.417300494,"parity_total":1048576,"parity_fail_count":0,"parity_max_abs_err":0.000000e0,"parity_max_rel_err":0.000000e0,"parity_scaled_abs_bound":0.000000e0,"parity_scaled_abs_rescued":0}
== bench-fandhe gemm cuda size=2048 mode=reuse extra=none ==
{"framework":"fandhe-ai","version":"0.10.0","task":"gemm","device":"cuda","size":2048,"median_s":0.008619440,"q1_s":0.008603477,"q3_s":0.008632373,"gflops":1993.154,"checksum":-6016.774008,"warmup":20,"iters":20,"mode":"reuse","init_s":0.423191770,"parity_total":4194304,"parity_fail_count":0,"parity_max_abs_err":0.000000e0,"parity_max_rel_err":0.000000e0,"parity_scaled_abs_bound":0.000000e0,"parity_scaled_abs_rescued":0}
== bench-fandhe gemm cuda size=4096 mode=reuse extra=none ==
{"framework":"fandhe-ai","version":"0.10.0","task":"gemm","device":"cuda","size":4096,"median_s":0.037958924,"q1_s":0.037109862,"q3_s":0.038676939,"gflops":3620.728,"checksum":-25768.747284,"warmup":20,"iters":20,"mode":"reuse","init_s":0.461938715,"parity_total":16777216,"parity_fail_count":0,"parity_max_abs_err":0.000000e0,"parity_max_rel_err":0.000000e0,"parity_scaled_abs_bound":0.000000e0,"parity_scaled_abs_rescued":0}
== bench-fandhe train cuda size=64 mode=reuse extra=none ==
{"framework":"fandhe-ai","version":"0.10.0","task":"train","device":"cuda","size":64,"median_s":0.000331341,"q1_s":0.000329358,"q3_s":0.000335802,"checksum":0.080541,"warmup":20,"iters":80,"mode":"reuse","init_s":0.218480350}
== bench-fandhe train cpu size=64 mode=reuse extra=none ==
{"framework":"fandhe-ai","version":"0.10.0","task":"train","device":"cpu","size":64,"median_s":0.001083952,"q1_s":0.000913553,"q3_s":0.001329266,"checksum":0.080541,"warmup":20,"iters":80,"mode":"reuse","init_s":0.000836970}
== bench-fandhe train cuda size=64 mode=fresh extra=--phases ==
{"framework":"fandhe-ai","version":"0.10.0","task":"train_phases","device":"cuda","size":64,"median_s":0.000002944,"q1_s":0.000002864,"q3_s":0.000003040,"checksum":0.080541,"warmup":20,"iters":80,"mode":"fresh","phase":"tape_build","phase_index":0}
{"framework":"fandhe-ai","version":"0.10.0","task":"train_phases","device":"cuda","size":64,"median_s":0.000001632,"q1_s":0.000001600,"q3_s":0.000001728,"checksum":0.080541,"warmup":20,"iters":80,"mode":"fresh","phase":"leaf_register","phase_index":1}
{"framework":"fandhe-ai","version":"0.10.0","task":"train_phases","device":"cuda","size":64,"median_s":0.000175070,"q1_s":0.000170166,"q3_s":0.000177315,"checksum":0.080541,"warmup":20,"iters":80,"mode":"fresh","phase":"forward","phase_index":2}
{"framework":"fandhe-ai","version":"0.10.0","task":"train_phases","device":"cuda","size":64,"median_s":0.000000048,"q1_s":0.000000032,"q3_s":0.000000048,"checksum":0.080541,"warmup":20,"iters":80,"mode":"fresh","phase":"loss_readout","phase_index":3}
{"framework":"fandhe-ai","version":"0.10.0","task":"train_phases","device":"cuda","size":64,"median_s":0.000206334,"q1_s":0.000186127,"q3_s":0.000208791,"checksum":0.080541,"warmup":20,"iters":80,"mode":"fresh","phase":"backward","phase_index":4}
{"framework":"fandhe-ai","version":"0.10.0","task":"train_phases","device":"cuda","size":64,"median_s":0.000065312,"q1_s":0.000064752,"q3_s":0.000090944,"checksum":0.080541,"warmup":20,"iters":80,"mode":"fresh","phase":"param_readout","phase_index":5}
{"framework":"fandhe-ai","version":"0.10.0","task":"train_phases","device":"cuda","size":64,"median_s":0.000049768,"q1_s":0.000034295,"q3_s":0.000067507,"checksum":0.080541,"warmup":20,"iters":80,"mode":"fresh","phase":"host_sgd","phase_index":6}
{"framework":"fandhe-ai","version":"0.10.0","task":"train_phases","device":"cuda","size":64,"median_s":0.000000288,"q1_s":0.000000272,"q3_s":0.000000292,"checksum":0.080541,"warmup":20,"iters":80,"mode":"fresh","phase":"apply_params","phase_index":7}
{"framework":"fandhe-ai","version":"0.10.0","task":"train_phases","device":"cuda","size":64,"median_s":0.000001904,"q1_s":0.000001820,"q3_s":0.000002016,"checksum":0.080541,"warmup":20,"iters":80,"mode":"fresh","phase":"tape_drop","phase_index":8}
{"framework":"fandhe-ai","version":"0.10.0","task":"train_phases","device":"cuda","size":64,"median_s":0.000505676,"q1_s":0.000500652,"q3_s":0.000512624,"checksum":0.080541,"warmup":20,"iters":80,"mode":"fresh","phase":"step_total","phase_index":9}
== bench-fandhe train cuda size=64 mode=reuse extra=--phases ==
{"framework":"fandhe-ai","version":"0.10.0","task":"train_phases","device":"cuda","size":64,"median_s":0.000002432,"q1_s":0.000002368,"q3_s":0.000002512,"checksum":0.080541,"warmup":20,"iters":80,"mode":"reuse","init_s":0.208163821,"phase":"tape_build","phase_index":0}
{"framework":"fandhe-ai","version":"0.10.0","task":"train_phases","device":"cuda","size":64,"median_s":0.000000256,"q1_s":0.000000256,"q3_s":0.000000272,"checksum":0.080541,"warmup":20,"iters":80,"mode":"reuse","init_s":0.208163821,"phase":"leaf_register","phase_index":1}
{"framework":"fandhe-ai","version":"0.10.0","task":"train_phases","device":"cuda","size":64,"median_s":0.000154015,"q1_s":0.000152903,"q3_s":0.000154611,"checksum":0.080541,"warmup":20,"iters":80,"mode":"reuse","init_s":0.208163821,"phase":"forward_resident","phase_index":2}
{"framework":"fandhe-ai","version":"0.10.0","task":"train_phases","device":"cuda","size":64,"median_s":0.000000032,"q1_s":0.000000032,"q3_s":0.000000048,"checksum":0.080541,"warmup":20,"iters":80,"mode":"reuse","init_s":0.208163821,"phase":"loss_readout","phase_index":3}
{"framework":"fandhe-ai","version":"0.10.0","task":"train_phases","device":"cuda","size":64,"median_s":0.000164207,"q1_s":0.000163178,"q3_s":0.000165742,"checksum":0.080541,"warmup":20,"iters":80,"mode":"reuse","init_s":0.208163821,"phase":"backward","phase_index":4}
{"framework":"fandhe-ai","version":"0.10.0","task":"train_phases","device":"cuda","size":64,"median_s":0.000007808,"q1_s":0.000007744,"q3_s":0.000007860,"checksum":0.080541,"warmup":20,"iters":80,"mode":"reuse","init_s":0.208163821,"phase":"device_update","phase_index":5}
{"framework":"fandhe-ai","version":"0.10.0","task":"train_phases","device":"cuda","size":64,"median_s":0.000000816,"q1_s":0.000000768,"q3_s":0.000000912,"checksum":0.080541,"warmup":20,"iters":80,"mode":"reuse","init_s":0.208163821,"phase":"tape_drop","phase_index":6}
{"framework":"fandhe-ai","version":"0.10.0","task":"train_phases","device":"cuda","size":64,"median_s":0.000329829,"q1_s":0.000327890,"q3_s":0.000331666,"checksum":0.080541,"warmup":20,"iters":80,"mode":"reuse","init_s":0.208163821,"phase":"step_total","phase_index":7}
== bench-fandhe train cpu size=64 mode=fresh extra=--phases ==
{"framework":"fandhe-ai","version":"0.10.0","task":"train_phases","device":"cpu","size":64,"median_s":0.000000272,"q1_s":0.000000208,"q3_s":0.000000320,"checksum":0.080541,"warmup":20,"iters":80,"mode":"fresh","phase":"tape_build","phase_index":0}
{"framework":"fandhe-ai","version":"0.10.0","task":"train_phases","device":"cpu","size":64,"median_s":0.000001952,"q1_s":0.000001548,"q3_s":0.000002480,"checksum":0.080541,"warmup":20,"iters":80,"mode":"fresh","phase":"leaf_register","phase_index":1}
{"framework":"fandhe-ai","version":"0.10.0","task":"train_phases","device":"cpu","size":64,"median_s":0.000222998,"q1_s":0.000200171,"q3_s":0.000248686,"checksum":0.080541,"warmup":20,"iters":80,"mode":"fresh","phase":"forward","phase_index":2}
{"framework":"fandhe-ai","version":"0.10.0","task":"train_phases","device":"cpu","size":64,"median_s":0.000000176,"q1_s":0.000000096,"q3_s":0.000000192,"checksum":0.080541,"warmup":20,"iters":80,"mode":"fresh","phase":"loss_readout","phase_index":3}
{"framework":"fandhe-ai","version":"0.10.0","task":"train_phases","device":"cpu","size":64,"median_s":0.000464101,"q1_s":0.000418345,"q3_s":0.000589928,"checksum":0.080541,"warmup":20,"iters":80,"mode":"fresh","phase":"backward","phase_index":4}
{"framework":"fandhe-ai","version":"0.10.0","task":"train_phases","device":"cpu","size":64,"median_s":0.000041912,"q1_s":0.000036156,"q3_s":0.000050424,"checksum":0.080541,"warmup":20,"iters":80,"mode":"fresh","phase":"param_readout","phase_index":5}
{"framework":"fandhe-ai","version":"0.10.0","task":"train_phases","device":"cpu","size":64,"median_s":0.000056231,"q1_s":0.000047863,"q3_s":0.000073679,"checksum":0.080541,"warmup":20,"iters":80,"mode":"fresh","phase":"host_sgd","phase_index":6}
{"framework":"fandhe-ai","version":"0.10.0","task":"train_phases","device":"cpu","size":64,"median_s":0.000001112,"q1_s":0.000000732,"q3_s":0.000001520,"checksum":0.080541,"warmup":20,"iters":80,"mode":"fresh","phase":"apply_params","phase_index":7}
{"framework":"fandhe-ai","version":"0.10.0","task":"train_phases","device":"cpu","size":64,"median_s":0.000004128,"q1_s":0.000003536,"q3_s":0.000004896,"checksum":0.080541,"warmup":20,"iters":80,"mode":"fresh","phase":"tape_drop","phase_index":8}
{"framework":"fandhe-ai","version":"0.10.0","task":"train_phases","device":"cpu","size":64,"median_s":0.000923065,"q1_s":0.000772955,"q3_s":0.001131500,"checksum":0.080541,"warmup":20,"iters":80,"mode":"fresh","phase":"step_total","phase_index":9}
== bench-fandhe train cpu size=64 mode=reuse extra=--phases ==
{"framework":"fandhe-ai","version":"0.10.0","task":"train_phases","device":"cpu","size":64,"median_s":0.000000176,"q1_s":0.000000156,"q3_s":0.000000228,"checksum":0.080541,"warmup":20,"iters":80,"mode":"reuse","init_s":0.000876170,"phase":"tape_build","phase_index":0}
{"framework":"fandhe-ai","version":"0.10.0","task":"train_phases","device":"cpu","size":64,"median_s":0.000000720,"q1_s":0.000000544,"q3_s":0.000000852,"checksum":0.080541,"warmup":20,"iters":80,"mode":"reuse","init_s":0.000876170,"phase":"leaf_register","phase_index":1}
{"framework":"fandhe-ai","version":"0.10.0","task":"train_phases","device":"cpu","size":64,"median_s":0.000244270,"q1_s":0.000206175,"q3_s":0.000368737,"checksum":0.080541,"warmup":20,"iters":80,"mode":"reuse","init_s":0.000876170,"phase":"forward_resident","phase_index":2}
{"framework":"fandhe-ai","version":"0.10.0","task":"train_phases","device":"cpu","size":64,"median_s":0.000000176,"q1_s":0.000000144,"q3_s":0.000000208,"checksum":0.080541,"warmup":20,"iters":80,"mode":"reuse","init_s":0.000876170,"phase":"loss_readout","phase_index":3}
{"framework":"fandhe-ai","version":"0.10.0","task":"train_phases","device":"cpu","size":64,"median_s":0.000480212,"q1_s":0.000440721,"q3_s":0.000864710,"checksum":0.080541,"warmup":20,"iters":80,"mode":"reuse","init_s":0.000876170,"phase":"backward","phase_index":4}
{"framework":"fandhe-ai","version":"0.10.0","task":"train_phases","device":"cpu","size":64,"median_s":0.000275174,"q1_s":0.000244458,"q3_s":0.000291590,"checksum":0.080541,"warmup":20,"iters":80,"mode":"reuse","init_s":0.000876170,"phase":"device_update","phase_index":5}
{"framework":"fandhe-ai","version":"0.10.0","task":"train_phases","device":"cpu","size":64,"median_s":0.000001952,"q1_s":0.000001612,"q3_s":0.000002392,"checksum":0.080541,"warmup":20,"iters":80,"mode":"reuse","init_s":0.000876170,"phase":"tape_drop","phase_index":6}
{"framework":"fandhe-ai","version":"0.10.0","task":"train_phases","device":"cpu","size":64,"median_s":0.001050545,"q1_s":0.000969201,"q3_s":0.001441417,"checksum":0.080541,"warmup":20,"iters":80,"mode":"reuse","init_s":0.000876170,"phase":"step_total","phase_index":7}
== bench-fandhe infer cuda size=64 mode=reuse extra=none ==
{"framework":"fandhe-ai","version":"0.10.0","task":"infer","device":"cuda","size":64,"median_s":0.000099007,"q1_s":0.000098911,"q3_s":0.000099140,"throughput_per_s":10100.296,"checksum":13.976574,"warmup":20,"iters":20,"mode":"reuse","init_s":0.214083958}
== bench-fandhe infer cpu size=64 mode=reuse extra=none ==
{"framework":"fandhe-ai","version":"0.10.0","task":"infer","device":"cpu","size":64,"median_s":0.000187399,"q1_s":0.000177034,"q3_s":0.000209966,"throughput_per_s":5336.222,"checksum":13.976574,"warmup":20,"iters":20,"mode":"reuse","init_s":0.001129448}
== bench-fandhe infer cuda size=64 mode=fresh extra=--phases ==
{"framework":"fandhe-ai","version":"0.10.0","task":"infer_phases","device":"cuda","size":64,"median_s":0.000000224,"q1_s":0.000000224,"q3_s":0.000000228,"checksum":13.976574,"warmup":20,"iters":20,"mode":"fresh","phase":"leaf_register","phase_index":0}
{"framework":"fandhe-ai","version":"0.10.0","task":"infer_phases","device":"cuda","size":64,"median_s":0.000134751,"q1_s":0.000130543,"q3_s":0.000137535,"checksum":13.976574,"warmup":20,"iters":20,"mode":"fresh","phase":"forward","phase_index":1}
{"framework":"fandhe-ai","version":"0.10.0","task":"infer_phases","device":"cuda","size":64,"median_s":0.000018960,"q1_s":0.000018692,"q3_s":0.000019227,"checksum":13.976574,"warmup":20,"iters":20,"mode":"fresh","phase":"to_tensor","phase_index":2}
{"framework":"fandhe-ai","version":"0.10.0","task":"infer_phases","device":"cuda","size":64,"median_s":0.000000080,"q1_s":0.000000064,"q3_s":0.000000080,"checksum":13.976574,"warmup":20,"iters":20,"mode":"fresh","phase":"host_copy","phase_index":3}
{"framework":"fandhe-ai","version":"0.10.0","task":"infer_phases","device":"cuda","size":64,"median_s":0.000000608,"q1_s":0.000000528,"q3_s":0.000000756,"checksum":13.976574,"warmup":20,"iters":20,"mode":"fresh","phase":"checksum","phase_index":4}
{"framework":"fandhe-ai","version":"0.10.0","task":"infer_phases","device":"cuda","size":64,"median_s":0.000154727,"q1_s":0.000150559,"q3_s":0.000157987,"checksum":13.976574,"warmup":20,"iters":20,"mode":"fresh","phase":"iter_total","phase_index":5}
== bench-fandhe infer cuda size=64 mode=reuse extra=--phases ==
{"framework":"fandhe-ai","version":"0.10.0","task":"infer_phases","device":"cuda","size":64,"median_s":0.000098160,"q1_s":0.000098027,"q3_s":0.000098247,"checksum":13.976574,"warmup":20,"iters":20,"mode":"reuse","init_s":0.213834539,"phase":"predict_resident","phase_index":0}
{"framework":"fandhe-ai","version":"0.10.0","task":"infer_phases","device":"cuda","size":64,"median_s":0.000000056,"q1_s":0.000000048,"q3_s":0.000000064,"checksum":13.976574,"warmup":20,"iters":20,"mode":"reuse","init_s":0.213834539,"phase":"host_copy","phase_index":1}
{"framework":"fandhe-ai","version":"0.10.0","task":"infer_phases","device":"cuda","size":64,"median_s":0.000000680,"q1_s":0.000000624,"q3_s":0.000000736,"checksum":13.976574,"warmup":20,"iters":20,"mode":"reuse","init_s":0.213834539,"phase":"checksum","phase_index":2}
{"framework":"fandhe-ai","version":"0.10.0","task":"infer_phases","device":"cuda","size":64,"median_s":0.000099079,"q1_s":0.000098907,"q3_s":0.000099407,"checksum":13.976574,"warmup":20,"iters":20,"mode":"reuse","init_s":0.213834539,"phase":"iter_total","phase_index":3}
== bench-fandhe infer cpu size=64 mode=fresh extra=--phases ==
{"framework":"fandhe-ai","version":"0.10.0","task":"infer_phases","device":"cpu","size":64,"median_s":0.000187823,"q1_s":0.000173531,"q3_s":0.000203711,"checksum":13.976574,"warmup":20,"iters":20,"mode":"fresh","phase":"predict","phase_index":0}
{"framework":"fandhe-ai","version":"0.10.0","task":"infer_phases","device":"cpu","size":64,"median_s":0.000000136,"q1_s":0.000000080,"q3_s":0.000000240,"checksum":13.976574,"warmup":20,"iters":20,"mode":"fresh","phase":"host_copy","phase_index":1}
{"framework":"fandhe-ai","version":"0.10.0","task":"infer_phases","device":"cpu","size":64,"median_s":0.000000344,"q1_s":0.000000320,"q3_s":0.000000376,"checksum":13.976574,"warmup":20,"iters":20,"mode":"fresh","phase":"checksum","phase_index":2}
{"framework":"fandhe-ai","version":"0.10.0","task":"infer_phases","device":"cpu","size":64,"median_s":0.000189455,"q1_s":0.000174311,"q3_s":0.000205363,"checksum":13.976574,"warmup":20,"iters":20,"mode":"fresh","phase":"iter_total","phase_index":3}
== bench-fandhe infer cpu size=64 mode=reuse extra=--phases ==
{"framework":"fandhe-ai","version":"0.10.0","task":"infer_phases","device":"cpu","size":64,"median_s":0.000185158,"q1_s":0.000171794,"q3_s":0.000202211,"checksum":13.976574,"warmup":20,"iters":20,"mode":"reuse","init_s":0.001155912,"phase":"predict_resident","phase_index":0}
{"framework":"fandhe-ai","version":"0.10.0","task":"infer_phases","device":"cpu","size":64,"median_s":0.000000152,"q1_s":0.000000112,"q3_s":0.000000208,"checksum":13.976574,"warmup":20,"iters":20,"mode":"reuse","init_s":0.001155912,"phase":"host_copy","phase_index":1}
{"framework":"fandhe-ai","version":"0.10.0","task":"infer_phases","device":"cpu","size":64,"median_s":0.000000320,"q1_s":0.000000320,"q3_s":0.000000372,"checksum":13.976574,"warmup":20,"iters":20,"mode":"reuse","init_s":0.001155912,"phase":"checksum","phase_index":2}
{"framework":"fandhe-ai","version":"0.10.0","task":"infer_phases","device":"cpu","size":64,"median_s":0.000185958,"q1_s":0.000172714,"q3_s":0.000203139,"checksum":13.976574,"warmup":20,"iters":20,"mode":"reuse","init_s":0.001155912,"phase":"iter_total","phase_index":3}
== bench-fandhe gemm cuda size=256 mode=fresh extra=--tf32 ==
{"framework":"fandhe-ai","version":"0.10.0","task":"gemm","device":"cuda","size":256,"median_s":0.000090159,"q1_s":0.000089868,"q3_s":0.000090352,"gflops":372.170,"checksum":237.580621,"warmup":20,"iters":20,"mode":"fresh","parity_total":65536,"parity_fail_count":10538,"parity_max_abs_err":1.581430e-3,"parity_max_rel_err":1.553981e0,"parity_scaled_abs_bound":0.000000e0,"parity_scaled_abs_rescued":0,"tf32":true}
== bench-fandhe gemm cuda size=512 mode=fresh extra=--tf32 ==
{"framework":"fandhe-ai","version":"0.10.0","task":"gemm","device":"cuda","size":512,"median_s":0.000262526,"q1_s":0.000261782,"q3_s":0.000263586,"gflops":1022.510,"checksum":937.360224,"warmup":20,"iters":20,"mode":"fresh","parity_total":262144,"parity_fail_count":42361,"parity_max_abs_err":2.342582e-3,"parity_max_rel_err":1.972325e0,"parity_scaled_abs_bound":0.000000e0,"parity_scaled_abs_rescued":0,"tf32":true}
== bench-fandhe gemm cuda size=1024 mode=fresh extra=--tf32 ==
{"framework":"fandhe-ai","version":"0.10.0","task":"gemm","device":"cuda","size":1024,"median_s":0.000950281,"q1_s":0.000949926,"q3_s":0.000951101,"gflops":2259.841,"checksum":-1855.919764,"warmup":20,"iters":20,"mode":"fresh","parity_total":1048576,"parity_fail_count":169929,"parity_max_abs_err":3.642797e-3,"parity_max_rel_err":1.964783e0,"parity_scaled_abs_bound":0.000000e0,"parity_scaled_abs_rescued":0,"tf32":true}
== bench-fandhe gemm cuda size=2048 mode=fresh extra=--tf32 ==
{"framework":"fandhe-ai","version":"0.10.0","task":"gemm","device":"cuda","size":2048,"median_s":0.004374632,"q1_s":0.004363325,"q3_s":0.004384945,"gflops":3927.157,"checksum":-6017.744475,"warmup":20,"iters":20,"mode":"fresh","parity_total":4194304,"parity_fail_count":681454,"parity_max_abs_err":4.941225e-3,"parity_max_rel_err":1.986745e0,"parity_scaled_abs_bound":0.000000e0,"parity_scaled_abs_rescued":0,"tf32":true}
== bench-fandhe gemm cuda size=4096 mode=fresh extra=--tf32 ==
{"framework":"fandhe-ai","version":"0.10.0","task":"gemm","device":"cuda","size":4096,"median_s":0.034480206,"q1_s":0.034311515,"q3_s":0.034741979,"gflops":3986.025,"checksum":-25774.003763,"warmup":20,"iters":20,"mode":"fresh","parity_total":16777216,"parity_fail_count":2729050,"parity_max_abs_err":7.116556e-3,"parity_max_rel_err":1.997358e0,"parity_scaled_abs_bound":0.000000e0,"parity_scaled_abs_rescued":0,"tf32":true}
== bench-candle gemm cuda size=256 mode=fresh extra=--tf32 ==
{"framework":"candle","version":"0.11.0","task":"gemm","device":"cuda","size":256,"median_s":0.000064744,"q1_s":0.000064232,"q3_s":0.000065491,"gflops":518.267,"checksum":237.576196,"warmup":20,"iters":20,"mode":"fresh","parity_total":65536,"parity_fail_count":10522,"parity_max_abs_err":1.581907e-3,"parity_max_rel_err":1.553996e0,"parity_scaled_abs_bound":1.907255e-6,"parity_scaled_abs_rescued":0,"tf32":true}
== bench-candle gemm cuda size=512 mode=fresh extra=--tf32 ==
{"framework":"candle","version":"0.11.0","task":"gemm","device":"cuda","size":512,"median_s":0.000227630,"q1_s":0.000227187,"q3_s":0.000228554,"gflops":1179.260,"checksum":937.356025,"warmup":20,"iters":20,"mode":"fresh","parity_total":262144,"parity_fail_count":42387,"parity_max_abs_err":2.340317e-3,"parity_max_rel_err":1.969541e0,"parity_scaled_abs_bound":3.814663e-6,"parity_scaled_abs_rescued":0,"tf32":true}
== bench-candle gemm cuda size=1024 mode=fresh extra=--tf32 ==
{"framework":"candle","version":"0.11.0","task":"gemm","device":"cuda","size":1024,"median_s":0.000863946,"q1_s":0.000863358,"q3_s":0.000864346,"gflops":2485.670,"checksum":-1855.914004,"warmup":20,"iters":20,"mode":"fresh","parity_total":1048576,"parity_fail_count":169971,"parity_max_abs_err":3.649950e-3,"parity_max_rel_err":1.951418e0,"parity_scaled_abs_bound":7.629375e-6,"parity_scaled_abs_rescued":0,"tf32":true}
== bench-candle gemm cuda size=2048 mode=fresh extra=--tf32 ==
{"framework":"candle","version":"0.11.0","task":"gemm","device":"cuda","size":2048,"median_s":0.003708182,"q1_s":0.003705074,"q3_s":0.003717798,"gflops":4632.962,"checksum":-6017.991603,"warmup":20,"iters":20,"mode":"fresh","parity_total":4194304,"parity_fail_count":681418,"parity_max_abs_err":4.930019e-3,"parity_max_rel_err":1.984422e0,"parity_scaled_abs_bound":1.525878e-5,"parity_scaled_abs_rescued":33,"tf32":true}
== bench-candle gemm cuda size=4096 mode=fresh extra=--tf32 ==
{"framework":"candle","version":"0.11.0","task":"gemm","device":"cuda","size":4096,"median_s":0.056054817,"q1_s":0.055066903,"q3_s":0.057526365,"gflops":2451.867,"checksum":-25774.377339,"warmup":20,"iters":20,"mode":"fresh","parity_total":16777216,"parity_fail_count":2726683,"parity_max_abs_err":7.167101e-3,"parity_max_rel_err":1.999795e0,"parity_scaled_abs_bound":3.051757e-5,"parity_scaled_abs_rescued":646,"tf32":true}
done. results in results/raw/results-cuda.jsonl ; failures (if any) in results/raw/skipped-cuda.log
