size=256 naive_tflops=0.1188 tiled_tflops=0.1311 simdgroup_tflops=0.1545 dynamic_tile_auto_tflops=0.1648 auto_over_simdgroup=1.0667 simdgroup_over_naive=1.3010
size=512 naive_tflops=0.3874 tiled_tflops=0.4314 simdgroup_tflops=0.4773 dynamic_tile_auto_tflops=0.5911 auto_over_simdgroup=1.2386 simdgroup_over_naive=1.2320
size=1024 naive_tflops=0.6487 tiled_tflops=0.7609 simdgroup_tflops=0.9194 dynamic_tile_auto_tflops=1.4428 auto_over_simdgroup=1.5693 simdgroup_over_naive=1.4174
size=2048 naive_tflops=0.7837 tiled_tflops=0.9596 simdgroup_tflops=1.2501 dynamic_tile_auto_tflops=2.7486 auto_over_simdgroup=2.1987 simdgroup_over_naive=1.5952
size=4096 naive_tflops=0.6646 tiled_tflops=0.8716 simdgroup_tflops=0.9429 dynamic_tile_auto_tflops=1.8653 auto_over_simdgroup=1.9782 simdgroup_over_naive=1.4187
shape=(4096x512x512) simdgroup_tflops=0.4152 dynamic_tile_auto_tflops=0.4675 auto_over_simdgroup=1.1259
shape=(512x4096x512) simdgroup_tflops=0.2251 dynamic_tile_auto_tflops=0.4524 auto_over_simdgroup=2.0097
size=2048 candidate=bm64_bn64_bk16_staged tflops=1.1965 requested=(64x64x16,wm=2,wn=2,staged=true) resolved=(64x64x16,wm=2,wn=2,staged=true) resolved_matches_requested=true
size=2048 candidate=bm32_bn32_bk16_staged tflops=7.6003 requested=(32x32x16,wm=2,wn=2,staged=true) resolved=(32x32x16,wm=2,wn=2,staged=true) resolved_matches_requested=true
size=2048 candidate=bm32_bn32_bk16_direct tflops=2.5954 requested=(32x32x16,wm=2,wn=2,staged=false) resolved=(32x32x16,wm=2,wn=2,staged=false) resolved_matches_requested=true
size=2048 candidate=tm8_tn4_bm128_bn64_bk16_staged tflops=0.4434 requested=(128x64x16,wm=2,wn=2,staged=true) resolved=(128x64x16,wm=2,wn=2,staged=true) resolved_matches_requested=true
size=2048 candidate=tm4_tn8_bm64_bn128_bk16_staged tflops=0.3302 requested=(64x128x16,wm=2,wn=2,staged=true) resolved=(64x128x16,wm=2,wn=2,staged=true) resolved_matches_requested=true
size=2048 candidate=tm8_tn8_bm128_bn128_bk16_staged tflops=0.3559 requested=(128x128x16,wm=2,wn=2,staged=true) resolved=(128x128x16,wm=2,wn=2,staged=true) resolved_matches_requested=true
size=4096 candidate=bm64_bn64_bk16_staged tflops=0.8601 requested=(64x64x16,wm=2,wn=2,staged=true) resolved=(64x64x16,wm=2,wn=2,staged=true) resolved_matches_requested=true
size=4096 candidate=bm32_bn32_bk16_staged tflops=2.4549 requested=(32x32x16,wm=2,wn=2,staged=true) resolved=(32x32x16,wm=2,wn=2,staged=true) resolved_matches_requested=true
size=4096 candidate=bm32_bn32_bk16_direct tflops=1.8153 requested=(32x32x16,wm=2,wn=2,staged=false) resolved=(32x32x16,wm=2,wn=2,staged=false) resolved_matches_requested=true
size=4096 candidate=tm8_tn4_bm128_bn64_bk16_staged tflops=0.3271 requested=(128x64x16,wm=2,wn=2,staged=true) resolved=(128x64x16,wm=2,wn=2,staged=true) resolved_matches_requested=true
size=4096 candidate=tm4_tn8_bm64_bn128_bk16_staged tflops=0.4578 requested=(64x128x16,wm=2,wn=2,staged=true) resolved=(64x128x16,wm=2,wn=2,staged=true) resolved_matches_requested=true
size=4096 candidate=tm8_tn8_bm128_bn128_bk16_staged tflops=0.2960 requested=(128x128x16,wm=2,wn=2,staged=true) resolved=(128x128x16,wm=2,wn=2,staged=true) resolved_matches_requested=true
--- occupancy 判定組み込み比較（旧: select / 新: select_with_occupancy）---
size=512 old_tile=(64x32) old_tflops=0.3190 new_tile=(64x32) new_tflops=0.3196 new_over_old=1.0017 occupancy_params=Some(OccupancyParams { gpu_core_count: 40, max_threadgroup_memory_bytes: 32768 })
size=1024 old_tile=(64x32) old_tflops=0.7559 new_tile=(64x32) new_tflops=0.7786 new_over_old=1.0301 occupancy_params=Some(OccupancyParams { gpu_core_count: 40, max_threadgroup_memory_bytes: 32768 })
size=2048 old_tile=(64x32) old_tflops=2.2314 new_tile=(64x32) new_tflops=2.2119 new_over_old=0.9913 occupancy_params=Some(OccupancyParams { gpu_core_count: 40, max_threadgroup_memory_bytes: 32768 })
size=4096 old_tile=(32x64) old_tflops=2.4202 new_tile=(32x64) new_tflops=2.9047 new_over_old=1.2002 occupancy_params=Some(OccupancyParams { gpu_core_count: 40, max_threadgroup_memory_bytes: 32768 })
