shape=(512,512,512) pattern=NN candidate=cand0_64x64_wm2wn2 tflops=0.5722 resolved_matches_requested=true
shape=(512,512,512) pattern=NN candidate=cand1_64x32_wm2wn2_tall tflops=1.2684 resolved_matches_requested=true
shape=(512,512,512) pattern=NN candidate=cand2_32x64_wm2wn2_wide tflops=1.2630 resolved_matches_requested=true
shape=(512,512,512) pattern=NN candidate=cand3_32x32_wm2wn2 tflops=1.4579 resolved_matches_requested=true
shape=(512,512,512) pattern=NN candidate=cand4_64x64_wm1wn2 tflops=0.3528 resolved_matches_requested=true
shape=(512,512,512) pattern=NN candidate=cand5_64x32x32_wm2wn2 tflops=1.4057 resolved_matches_requested=true
shape=(512,512,512) pattern=NN candidate=cand6_64x32x8_wm4wn1 tflops=1.3757 resolved_matches_requested=true
shape=(512,512,512) pattern=NN candidate=cand7_single_simdgroup_8x8 tflops=0.9150 resolved_matches_requested=true
shape=(512,512,512) pattern=NN candidate=cand8_32x64x16_wm1wn2 tflops=0.6439 resolved_matches_requested=true
shape=(512,512,512) pattern=NT candidate=strided_classic_tiled tflops=0.7091 resolved_matches_requested=true
shape=(512,512,512) pattern=TN candidate=strided_classic_tiled tflops=0.6861 resolved_matches_requested=true
shape=(512,512,512) pattern=TT candidate=strided_classic_tiled tflops=0.6559 resolved_matches_requested=true
shape=(1024,1024,1024) pattern=NN candidate=cand0_64x64_wm2wn2 tflops=1.2531 resolved_matches_requested=true
shape=(1024,1024,1024) pattern=NN candidate=cand1_64x32_wm2wn2_tall tflops=6.0871 resolved_matches_requested=true
shape=(1024,1024,1024) pattern=NN candidate=cand2_32x64_wm2wn2_wide tflops=6.1613 resolved_matches_requested=true
shape=(1024,1024,1024) pattern=NN candidate=cand3_32x32_wm2wn2 tflops=5.4476 resolved_matches_requested=true
shape=(1024,1024,1024) pattern=NN candidate=cand4_64x64_wm1wn2 tflops=0.8423 resolved_matches_requested=true
shape=(1024,1024,1024) pattern=NN candidate=cand5_64x32x32_wm2wn2 tflops=5.1929 resolved_matches_requested=true
shape=(1024,1024,1024) pattern=NN candidate=cand6_64x32x8_wm4wn1 tflops=5.8402 resolved_matches_requested=true
shape=(1024,1024,1024) pattern=NN candidate=cand7_single_simdgroup_8x8 tflops=2.2867 resolved_matches_requested=true
shape=(1024,1024,1024) pattern=NN candidate=cand8_32x64x16_wm1wn2 tflops=1.1877 resolved_matches_requested=true
shape=(1024,1024,1024) pattern=NT candidate=strided_classic_tiled tflops=1.5031 resolved_matches_requested=true
shape=(1024,1024,1024) pattern=TN candidate=strided_classic_tiled tflops=1.4892 resolved_matches_requested=true
shape=(1024,1024,1024) pattern=TT candidate=strided_classic_tiled tflops=1.4925 resolved_matches_requested=true
shape=(2048,2048,2048) pattern=NN candidate=cand0_64x64_wm2wn2 tflops=1.1332 resolved_matches_requested=true
shape=(2048,2048,2048) pattern=NN candidate=cand1_64x32_wm2wn2_tall tflops=9.3845 resolved_matches_requested=true
shape=(2048,2048,2048) pattern=NN candidate=cand2_32x64_wm2wn2_wide tflops=8.5924 resolved_matches_requested=true
shape=(2048,2048,2048) pattern=NN candidate=cand3_32x32_wm2wn2 tflops=7.9500 resolved_matches_requested=true
shape=(2048,2048,2048) pattern=NN candidate=cand4_64x64_wm1wn2 tflops=0.4624 resolved_matches_requested=true
shape=(2048,2048,2048) pattern=NN candidate=cand5_64x32x32_wm2wn2 tflops=7.2376 resolved_matches_requested=true
shape=(2048,2048,2048) pattern=NN candidate=cand6_64x32x8_wm4wn1 tflops=7.4318 resolved_matches_requested=true
shape=(2048,2048,2048) pattern=NN candidate=cand7_single_simdgroup_8x8 tflops=2.0827 resolved_matches_requested=true
shape=(2048,2048,2048) pattern=NN candidate=cand8_32x64x16_wm1wn2 tflops=0.9857 resolved_matches_requested=true
shape=(2048,2048,2048) pattern=NT candidate=strided_classic_tiled tflops=1.0131 resolved_matches_requested=true
shape=(2048,2048,2048) pattern=TN candidate=strided_classic_tiled tflops=0.7555 resolved_matches_requested=true
shape=(2048,2048,2048) pattern=TT candidate=strided_classic_tiled tflops=0.7849 resolved_matches_requested=true
shape=(4096,4096,4096) pattern=NN candidate=cand0_64x64_wm2wn2 tflops=1.0616 resolved_matches_requested=true
shape=(4096,4096,4096) pattern=NN candidate=cand1_64x32_wm2wn2_tall tflops=3.6821 resolved_matches_requested=true
shape=(4096,4096,4096) pattern=NN candidate=cand2_32x64_wm2wn2_wide tflops=3.7489 resolved_matches_requested=true
shape=(4096,4096,4096) pattern=NN candidate=cand3_32x32_wm2wn2 tflops=3.9694 resolved_matches_requested=true
shape=(4096,4096,4096) pattern=NN candidate=cand4_64x64_wm1wn2 tflops=0.2547 resolved_matches_requested=true
shape=(4096,4096,4096) pattern=NN candidate=cand5_64x32x32_wm2wn2 tflops=3.3139 resolved_matches_requested=true
shape=(4096,4096,4096) pattern=NN candidate=cand6_64x32x8_wm4wn1 tflops=3.1797 resolved_matches_requested=true
shape=(4096,4096,4096) pattern=NN candidate=cand7_single_simdgroup_8x8 tflops=1.2047 resolved_matches_requested=true
shape=(4096,4096,4096) pattern=NN candidate=cand8_32x64x16_wm1wn2 tflops=0.6107 resolved_matches_requested=true
shape=(4096,4096,4096) pattern=NT candidate=strided_classic_tiled tflops=0.7542 resolved_matches_requested=true
shape=(4096,4096,4096) pattern=TN candidate=strided_classic_tiled tflops=0.7568 resolved_matches_requested=true
shape=(4096,4096,4096) pattern=TT candidate=strided_classic_tiled tflops=0.7185 resolved_matches_requested=true
shape=(2048,2048,64) pattern=NN candidate=cand0_64x64_wm2wn2 tflops=0.4742 resolved_matches_requested=true
shape=(2048,2048,64) pattern=NN candidate=cand1_64x32_wm2wn2_tall tflops=1.6579 resolved_matches_requested=true
shape=(2048,2048,64) pattern=NN candidate=cand2_32x64_wm2wn2_wide tflops=1.6909 resolved_matches_requested=true
shape=(2048,2048,64) pattern=NN candidate=cand3_32x32_wm2wn2 tflops=1.6252 resolved_matches_requested=true
shape=(2048,2048,64) pattern=NN candidate=cand4_64x64_wm1wn2 tflops=0.2598 resolved_matches_requested=true
shape=(2048,2048,64) pattern=NN candidate=cand5_64x32x32_wm2wn2 tflops=1.6412 resolved_matches_requested=true
shape=(2048,2048,64) pattern=NN candidate=cand6_64x32x8_wm4wn1 tflops=1.6632 resolved_matches_requested=true
shape=(2048,2048,64) pattern=NN candidate=cand7_single_simdgroup_8x8 tflops=0.9111 resolved_matches_requested=true
shape=(2048,2048,64) pattern=NN candidate=cand8_32x64x16_wm1wn2 tflops=0.5295 resolved_matches_requested=true
shape=(2048,2048,64) pattern=NT candidate=strided_classic_tiled tflops=0.7109 resolved_matches_requested=true
shape=(2048,2048,64) pattern=TN candidate=strided_classic_tiled tflops=0.6876 resolved_matches_requested=true
shape=(2048,2048,64) pattern=TT candidate=strided_classic_tiled tflops=0.6865 resolved_matches_requested=true
shape=(2048,2048,512) pattern=NN candidate=cand0_64x64_wm2wn2 tflops=0.9396 resolved_matches_requested=true
shape=(2048,2048,512) pattern=NN candidate=cand1_64x32_wm2wn2_tall tflops=5.0080 resolved_matches_requested=true
shape=(2048,2048,512) pattern=NN candidate=cand2_32x64_wm2wn2_wide tflops=4.7908 resolved_matches_requested=true
shape=(2048,2048,512) pattern=NN candidate=cand3_32x32_wm2wn2 tflops=4.8353 resolved_matches_requested=true
shape=(2048,2048,512) pattern=NN candidate=cand4_64x64_wm1wn2 tflops=0.4462 resolved_matches_requested=true
shape=(2048,2048,512) pattern=NN candidate=cand5_64x32x32_wm2wn2 tflops=5.3024 resolved_matches_requested=true
shape=(2048,2048,512) pattern=NN candidate=cand6_64x32x8_wm4wn1 tflops=5.4970 resolved_matches_requested=true
shape=(2048,2048,512) pattern=NN candidate=cand7_single_simdgroup_8x8 tflops=1.7111 resolved_matches_requested=true
shape=(2048,2048,512) pattern=NN candidate=cand8_32x64x16_wm1wn2 tflops=0.9471 resolved_matches_requested=true
shape=(2048,2048,512) pattern=NT candidate=strided_classic_tiled tflops=1.0301 resolved_matches_requested=true
shape=(2048,2048,512) pattern=TN candidate=strided_classic_tiled tflops=0.9832 resolved_matches_requested=true
shape=(2048,2048,512) pattern=TT candidate=strided_classic_tiled tflops=0.9435 resolved_matches_requested=true
shape=(1536,1024,1024) pattern=NN candidate=cand0_64x64_wm2wn2 tflops=0.8923 resolved_matches_requested=true
shape=(1536,1024,1024) pattern=NN candidate=cand1_64x32_wm2wn2_tall tflops=4.6031 resolved_matches_requested=true
shape=(1536,1024,1024) pattern=NN candidate=cand2_32x64_wm2wn2_wide tflops=4.4441 resolved_matches_requested=true
shape=(1536,1024,1024) pattern=NN candidate=cand3_32x32_wm2wn2 tflops=4.5028 resolved_matches_requested=true
shape=(1536,1024,1024) pattern=NN candidate=cand4_64x64_wm1wn2 tflops=0.4060 resolved_matches_requested=true
shape=(1536,1024,1024) pattern=NN candidate=cand5_64x32x32_wm2wn2 tflops=4.8267 resolved_matches_requested=true
shape=(1536,1024,1024) pattern=NN candidate=cand6_64x32x8_wm4wn1 tflops=4.9154 resolved_matches_requested=true
shape=(1536,1024,1024) pattern=NN candidate=cand7_single_simdgroup_8x8 tflops=1.6567 resolved_matches_requested=true
shape=(1536,1024,1024) pattern=NN candidate=cand8_32x64x16_wm1wn2 tflops=0.9451 resolved_matches_requested=true
shape=(1536,1024,1024) pattern=NT candidate=strided_classic_tiled tflops=1.0118 resolved_matches_requested=true
shape=(1536,1024,1024) pattern=TN candidate=strided_classic_tiled tflops=0.9865 resolved_matches_requested=true
shape=(1536,1024,1024) pattern=TT candidate=strided_classic_tiled tflops=0.9411 resolved_matches_requested=true
shape=(1024,1536,1536) pattern=NN candidate=cand0_64x64_wm2wn2 tflops=0.9429 resolved_matches_requested=true
shape=(1024,1536,1536) pattern=NN candidate=cand1_64x32_wm2wn2_tall tflops=5.0982 resolved_matches_requested=true
shape=(1024,1536,1536) pattern=NN candidate=cand2_32x64_wm2wn2_wide tflops=4.8690 resolved_matches_requested=true
shape=(1024,1536,1536) pattern=NN candidate=cand3_32x32_wm2wn2 tflops=4.9307 resolved_matches_requested=true
shape=(1024,1536,1536) pattern=NN candidate=cand4_64x64_wm1wn2 tflops=0.4241 resolved_matches_requested=true
shape=(1024,1536,1536) pattern=NN candidate=cand5_64x32x32_wm2wn2 tflops=5.2095 resolved_matches_requested=true
shape=(1024,1536,1536) pattern=NN candidate=cand6_64x32x8_wm4wn1 tflops=5.4520 resolved_matches_requested=true
shape=(1024,1536,1536) pattern=NN candidate=cand7_single_simdgroup_8x8 tflops=1.7050 resolved_matches_requested=true
shape=(1024,1536,1536) pattern=NN candidate=cand8_32x64x16_wm1wn2 tflops=0.9504 resolved_matches_requested=true
shape=(1024,1536,1536) pattern=NT candidate=strided_classic_tiled tflops=1.0112 resolved_matches_requested=true
shape=(1024,1536,1536) pattern=TN candidate=strided_classic_tiled tflops=0.9663 resolved_matches_requested=true
shape=(1024,1536,1536) pattern=TT candidate=strided_classic_tiled tflops=0.9132 resolved_matches_requested=true
shape=(4096,1024,1024) pattern=NN candidate=cand0_64x64_wm2wn2 tflops=0.9485 resolved_matches_requested=true
shape=(4096,1024,1024) pattern=NN candidate=cand1_64x32_wm2wn2_tall tflops=5.6652 resolved_matches_requested=true
shape=(4096,1024,1024) pattern=NN candidate=cand2_32x64_wm2wn2_wide tflops=5.4932 resolved_matches_requested=true
shape=(4096,1024,1024) pattern=NN candidate=cand3_32x32_wm2wn2 tflops=5.3693 resolved_matches_requested=true
shape=(4096,1024,1024) pattern=NN candidate=cand4_64x64_wm1wn2 tflops=0.4746 resolved_matches_requested=true
shape=(4096,1024,1024) pattern=NN candidate=cand5_64x32x32_wm2wn2 tflops=6.0103 resolved_matches_requested=true
shape=(4096,1024,1024) pattern=NN candidate=cand6_64x32x8_wm4wn1 tflops=6.1295 resolved_matches_requested=true
shape=(4096,1024,1024) pattern=NN candidate=cand7_single_simdgroup_8x8 tflops=1.7040 resolved_matches_requested=true
shape=(4096,1024,1024) pattern=NN candidate=cand8_32x64x16_wm1wn2 tflops=0.9325 resolved_matches_requested=true
shape=(4096,1024,1024) pattern=NT candidate=strided_classic_tiled tflops=0.9666 resolved_matches_requested=true
shape=(4096,1024,1024) pattern=TN candidate=strided_classic_tiled tflops=0.9127 resolved_matches_requested=true
shape=(4096,1024,1024) pattern=TT candidate=strided_classic_tiled tflops=0.9316 resolved_matches_requested=true
shape=(1024,4096,1024) pattern=NN candidate=cand0_64x64_wm2wn2 tflops=1.0076 resolved_matches_requested=true
shape=(1024,4096,1024) pattern=NN candidate=cand1_64x32_wm2wn2_tall tflops=6.0681 resolved_matches_requested=true
shape=(1024,4096,1024) pattern=NN candidate=cand2_32x64_wm2wn2_wide tflops=5.5648 resolved_matches_requested=true
shape=(1024,4096,1024) pattern=NN candidate=cand3_32x32_wm2wn2 tflops=5.5134 resolved_matches_requested=true
shape=(1024,4096,1024) pattern=NN candidate=cand4_64x64_wm1wn2 tflops=0.4788 resolved_matches_requested=true
shape=(1024,4096,1024) pattern=NN candidate=cand5_64x32x32_wm2wn2 tflops=5.9841 resolved_matches_requested=true
shape=(1024,4096,1024) pattern=NN candidate=cand6_64x32x8_wm4wn1 tflops=6.2444 resolved_matches_requested=true
shape=(1024,4096,1024) pattern=NN candidate=cand7_single_simdgroup_8x8 tflops=1.7263 resolved_matches_requested=true
shape=(1024,4096,1024) pattern=NN candidate=cand8_32x64x16_wm1wn2 tflops=0.9447 resolved_matches_requested=true
shape=(1024,4096,1024) pattern=NT candidate=strided_classic_tiled tflops=0.9989 resolved_matches_requested=true
shape=(1024,4096,1024) pattern=TN candidate=strided_classic_tiled tflops=0.9166 resolved_matches_requested=true
shape=(1024,4096,1024) pattern=TT candidate=strided_classic_tiled tflops=0.9509 resolved_matches_requested=true
