size=256 naive_tflops=0.0705 tiled_tflops=0.0837 simdgroup_tflops=0.0976 dynamic_tile_auto_tflops=0.0989 auto_over_simdgroup=1.0140 simdgroup_over_naive=1.3834
size=512 naive_tflops=0.1687 tiled_tflops=0.2092 simdgroup_tflops=0.2475 dynamic_tile_auto_tflops=0.3558 auto_over_simdgroup=1.4376 simdgroup_over_naive=1.4672
size=1024 naive_tflops=0.4452 tiled_tflops=0.6019 simdgroup_tflops=0.5871 dynamic_tile_auto_tflops=0.8310 auto_over_simdgroup=1.4153 simdgroup_over_naive=1.3189
size=2048 naive_tflops=0.8856 tiled_tflops=0.9505 simdgroup_tflops=1.1677 dynamic_tile_auto_tflops=2.2975 auto_over_simdgroup=1.9674 simdgroup_over_naive=1.3185
size=4096 naive_tflops=0.7524 tiled_tflops=1.0180 simdgroup_tflops=1.3035 dynamic_tile_auto_tflops=3.2745 auto_over_simdgroup=2.5121 simdgroup_over_naive=1.7326
shape=(4096x512x512) simdgroup_tflops=0.6227 dynamic_tile_auto_tflops=0.7850 auto_over_simdgroup=1.2608
shape=(512x4096x512) simdgroup_tflops=0.6325 dynamic_tile_auto_tflops=0.7339 auto_over_simdgroup=1.1604
size=2048 candidate=bm64_bn64_bk16_staged tflops=1.2095 requested=(64x64x16,wm=2,wn=2,staged=true) resolved=(64x64x16,wm=2,wn=2,staged=true) resolved_matches_requested=true
size=2048 candidate=bm32_bn32_bk16_staged tflops=7.8568 requested=(32x32x16,wm=2,wn=2,staged=true) resolved=(32x32x16,wm=2,wn=2,staged=true) resolved_matches_requested=true
size=2048 candidate=bm32_bn32_bk16_direct tflops=2.5289 requested=(32x32x16,wm=2,wn=2,staged=false) resolved=(32x32x16,wm=2,wn=2,staged=false) resolved_matches_requested=true
size=2048 candidate=tm8_tn4_bm128_bn64_bk16_staged tflops=0.5252 requested=(128x64x16,wm=2,wn=2,staged=true) resolved=(128x64x16,wm=2,wn=2,staged=true) resolved_matches_requested=true
size=2048 candidate=tm4_tn8_bm64_bn128_bk16_staged tflops=0.8093 requested=(64x128x16,wm=2,wn=2,staged=true) resolved=(64x128x16,wm=2,wn=2,staged=true) resolved_matches_requested=true
size=2048 candidate=tm8_tn8_bm128_bn128_bk16_staged tflops=0.3747 requested=(128x128x16,wm=2,wn=2,staged=true) resolved=(128x128x16,wm=2,wn=2,staged=true) resolved_matches_requested=true
size=4096 candidate=bm64_bn64_bk16_staged tflops=1.0655 requested=(64x64x16,wm=2,wn=2,staged=true) resolved=(64x64x16,wm=2,wn=2,staged=true) resolved_matches_requested=true
size=4096 candidate=bm32_bn32_bk16_staged tflops=3.7716 requested=(32x32x16,wm=2,wn=2,staged=true) resolved=(32x32x16,wm=2,wn=2,staged=true) resolved_matches_requested=true
size=4096 candidate=bm32_bn32_bk16_direct tflops=2.0416 requested=(32x32x16,wm=2,wn=2,staged=false) resolved=(32x32x16,wm=2,wn=2,staged=false) resolved_matches_requested=true
size=4096 candidate=tm8_tn4_bm128_bn64_bk16_staged tflops=0.4745 requested=(128x64x16,wm=2,wn=2,staged=true) resolved=(128x64x16,wm=2,wn=2,staged=true) resolved_matches_requested=true
size=4096 candidate=tm4_tn8_bm64_bn128_bk16_staged tflops=0.7637 requested=(64x128x16,wm=2,wn=2,staged=true) resolved=(64x128x16,wm=2,wn=2,staged=true) resolved_matches_requested=true
size=4096 candidate=tm8_tn8_bm128_bn128_bk16_staged tflops=0.3176 requested=(128x128x16,wm=2,wn=2,staged=true) resolved=(128x128x16,wm=2,wn=2,staged=true) resolved_matches_requested=true
--- occupancy 判定組み込み比較（旧: select / 新: select_with_occupancy）---
size=512 old_tile=(64x32) old_tflops=0.5281 new_tile=(64x32) new_tflops=0.5252 new_over_old=0.9945 occupancy_params=Some(OccupancyParams { gpu_core_count: 40, max_threadgroup_memory_bytes: 32768 })
size=1024 old_tile=(64x32) old_tflops=1.0610 new_tile=(64x32) new_tflops=0.9261 new_over_old=0.8729 occupancy_params=Some(OccupancyParams { gpu_core_count: 40, max_threadgroup_memory_bytes: 32768 })
size=2048 old_tile=(64x32) old_tflops=2.2350 new_tile=(64x32) new_tflops=2.1596 new_over_old=0.9663 occupancy_params=Some(OccupancyParams { gpu_core_count: 40, max_threadgroup_memory_bytes: 32768 })
size=4096 old_tile=(32x64) old_tflops=3.1709 new_tile=(32x64) new_tflops=3.1230 new_over_old=0.9849 occupancy_params=Some(OccupancyParams { gpu_core_count: 40, max_threadgroup_memory_bytes: 32768 })
