shape=(512,512,512) pattern=NN candidate=cand0_64x64_wm2wn2 tflops=0.2479 resolved_matches_requested=true
shape=(512,512,512) pattern=NN candidate=cand1_64x32_wm2wn2_tall tflops=0.8395 resolved_matches_requested=true
shape=(512,512,512) pattern=NN candidate=cand2_32x64_wm2wn2_wide tflops=0.8282 resolved_matches_requested=true
shape=(512,512,512) pattern=NN candidate=cand3_32x32_wm2wn2 tflops=0.7329 resolved_matches_requested=true
shape=(512,512,512) pattern=NN candidate=cand4_64x64_wm1wn2 tflops=0.2603 resolved_matches_requested=true
shape=(512,512,512) pattern=NN candidate=cand5_64x32x32_wm2wn2 tflops=1.2735 resolved_matches_requested=true
shape=(512,512,512) pattern=NN candidate=cand6_64x32x8_wm4wn1 tflops=1.1752 resolved_matches_requested=true
shape=(512,512,512) pattern=NN candidate=cand7_single_simdgroup_8x8 tflops=0.7762 resolved_matches_requested=true
shape=(512,512,512) pattern=NN candidate=cand8_32x64x16_wm1wn2 tflops=0.5688 resolved_matches_requested=true
shape=(512,512,512) pattern=NT candidate=strided_classic_tiled tflops=0.7149 resolved_matches_requested=true
shape=(512,512,512) pattern=TN candidate=strided_classic_tiled tflops=0.7192 resolved_matches_requested=true
shape=(512,512,512) pattern=TT candidate=strided_classic_tiled tflops=0.6552 resolved_matches_requested=true
shape=(1024,1024,1024) pattern=NN candidate=cand0_64x64_wm2wn2 tflops=1.2311 resolved_matches_requested=true
shape=(1024,1024,1024) pattern=NN candidate=cand1_64x32_wm2wn2_tall tflops=6.0076 resolved_matches_requested=true
shape=(1024,1024,1024) pattern=NN candidate=cand2_32x64_wm2wn2_wide tflops=6.1167 resolved_matches_requested=true
shape=(1024,1024,1024) pattern=NN candidate=cand3_32x32_wm2wn2 tflops=5.9646 resolved_matches_requested=true
shape=(1024,1024,1024) pattern=NN candidate=cand4_64x64_wm1wn2 tflops=0.7123 resolved_matches_requested=true
shape=(1024,1024,1024) pattern=NN candidate=cand5_64x32x32_wm2wn2 tflops=5.8007 resolved_matches_requested=true
shape=(1024,1024,1024) pattern=NN candidate=cand6_64x32x8_wm4wn1 tflops=5.9275 resolved_matches_requested=true
shape=(1024,1024,1024) pattern=NN candidate=cand7_single_simdgroup_8x8 tflops=2.2117 resolved_matches_requested=true
shape=(1024,1024,1024) pattern=NN candidate=cand8_32x64x16_wm1wn2 tflops=1.1731 resolved_matches_requested=true
shape=(1024,1024,1024) pattern=NT candidate=strided_classic_tiled tflops=1.3105 resolved_matches_requested=true
shape=(1024,1024,1024) pattern=TN candidate=strided_classic_tiled tflops=1.3035 resolved_matches_requested=true
shape=(1024,1024,1024) pattern=TT candidate=strided_classic_tiled tflops=1.2674 resolved_matches_requested=true
shape=(2048,2048,2048) pattern=NN candidate=cand0_64x64_wm2wn2 tflops=1.1878 resolved_matches_requested=true
shape=(2048,2048,2048) pattern=NN candidate=cand1_64x32_wm2wn2_tall tflops=7.6355 resolved_matches_requested=true
shape=(2048,2048,2048) pattern=NN candidate=cand2_32x64_wm2wn2_wide tflops=6.9005 resolved_matches_requested=true
shape=(2048,2048,2048) pattern=NN candidate=cand3_32x32_wm2wn2 tflops=6.0170 resolved_matches_requested=true
shape=(2048,2048,2048) pattern=NN candidate=cand4_64x64_wm1wn2 tflops=0.5000 resolved_matches_requested=true
shape=(2048,2048,2048) pattern=NN candidate=cand5_64x32x32_wm2wn2 tflops=6.6087 resolved_matches_requested=true
shape=(2048,2048,2048) pattern=NN candidate=cand6_64x32x8_wm4wn1 tflops=6.2548 resolved_matches_requested=true
shape=(2048,2048,2048) pattern=NN candidate=cand7_single_simdgroup_8x8 tflops=1.7161 resolved_matches_requested=true
shape=(2048,2048,2048) pattern=NN candidate=cand8_32x64x16_wm1wn2 tflops=0.9702 resolved_matches_requested=true
shape=(2048,2048,2048) pattern=NT candidate=strided_classic_tiled tflops=1.0732 resolved_matches_requested=true
shape=(2048,2048,2048) pattern=TN candidate=strided_classic_tiled tflops=1.0748 resolved_matches_requested=true
shape=(2048,2048,2048) pattern=TT candidate=strided_classic_tiled tflops=1.0915 resolved_matches_requested=true
shape=(4096,4096,4096) pattern=NN candidate=cand0_64x64_wm2wn2 tflops=1.0489 resolved_matches_requested=true
shape=(4096,4096,4096) pattern=NN candidate=cand1_64x32_wm2wn2_tall tflops=3.8999 resolved_matches_requested=true
shape=(4096,4096,4096) pattern=NN candidate=cand2_32x64_wm2wn2_wide tflops=4.2515 resolved_matches_requested=true
shape=(4096,4096,4096) pattern=NN candidate=cand3_32x32_wm2wn2 tflops=3.8675 resolved_matches_requested=true
shape=(4096,4096,4096) pattern=NN candidate=cand4_64x64_wm1wn2 tflops=0.4089 resolved_matches_requested=true
shape=(4096,4096,4096) pattern=NN candidate=cand5_64x32x32_wm2wn2 tflops=3.9446 resolved_matches_requested=true
shape=(4096,4096,4096) pattern=NN candidate=cand6_64x32x8_wm4wn1 tflops=4.3754 resolved_matches_requested=true
shape=(4096,4096,4096) pattern=NN candidate=cand7_single_simdgroup_8x8 tflops=1.5364 resolved_matches_requested=true
shape=(4096,4096,4096) pattern=NN candidate=cand8_32x64x16_wm1wn2 tflops=0.9314 resolved_matches_requested=true
shape=(4096,4096,4096) pattern=NT candidate=strided_classic_tiled tflops=1.0448 resolved_matches_requested=true
shape=(4096,4096,4096) pattern=TN candidate=strided_classic_tiled tflops=1.0365 resolved_matches_requested=true
shape=(4096,4096,4096) pattern=TT candidate=strided_classic_tiled tflops=1.0398 resolved_matches_requested=true
shape=(2048,2048,64) pattern=NN candidate=cand0_64x64_wm2wn2 tflops=0.5019 resolved_matches_requested=true
shape=(2048,2048,64) pattern=NN candidate=cand1_64x32_wm2wn2_tall tflops=1.7597 resolved_matches_requested=true
shape=(2048,2048,64) pattern=NN candidate=cand2_32x64_wm2wn2_wide tflops=1.7571 resolved_matches_requested=true
shape=(2048,2048,64) pattern=NN candidate=cand3_32x32_wm2wn2 tflops=1.7588 resolved_matches_requested=true
shape=(2048,2048,64) pattern=NN candidate=cand4_64x64_wm1wn2 tflops=0.3725 resolved_matches_requested=true
shape=(2048,2048,64) pattern=NN candidate=cand5_64x32x32_wm2wn2 tflops=1.7438 resolved_matches_requested=true
shape=(2048,2048,64) pattern=NN candidate=cand6_64x32x8_wm4wn1 tflops=1.8873 resolved_matches_requested=true
shape=(2048,2048,64) pattern=NN candidate=cand7_single_simdgroup_8x8 tflops=1.0711 resolved_matches_requested=true
shape=(2048,2048,64) pattern=NN candidate=cand8_32x64x16_wm1wn2 tflops=0.5993 resolved_matches_requested=true
shape=(2048,2048,64) pattern=NT candidate=strided_classic_tiled tflops=0.7565 resolved_matches_requested=true
shape=(2048,2048,64) pattern=TN candidate=strided_classic_tiled tflops=0.7749 resolved_matches_requested=true
shape=(2048,2048,64) pattern=TT candidate=strided_classic_tiled tflops=0.8187 resolved_matches_requested=true
shape=(2048,2048,512) pattern=NN candidate=cand0_64x64_wm2wn2 tflops=1.1068 resolved_matches_requested=true
shape=(2048,2048,512) pattern=NN candidate=cand1_64x32_wm2wn2_tall tflops=5.9477 resolved_matches_requested=true
shape=(2048,2048,512) pattern=NN candidate=cand2_32x64_wm2wn2_wide tflops=5.7777 resolved_matches_requested=true
shape=(2048,2048,512) pattern=NN candidate=cand3_32x32_wm2wn2 tflops=5.7155 resolved_matches_requested=true
shape=(2048,2048,512) pattern=NN candidate=cand4_64x64_wm1wn2 tflops=0.4909 resolved_matches_requested=true
shape=(2048,2048,512) pattern=NN candidate=cand5_64x32x32_wm2wn2 tflops=5.8174 resolved_matches_requested=true
shape=(2048,2048,512) pattern=NN candidate=cand6_64x32x8_wm4wn1 tflops=5.9521 resolved_matches_requested=true
shape=(2048,2048,512) pattern=NN candidate=cand7_single_simdgroup_8x8 tflops=2.0100 resolved_matches_requested=true
shape=(2048,2048,512) pattern=NN candidate=cand8_32x64x16_wm1wn2 tflops=1.0497 resolved_matches_requested=true
shape=(2048,2048,512) pattern=NT candidate=strided_classic_tiled tflops=1.2324 resolved_matches_requested=true
shape=(2048,2048,512) pattern=TN candidate=strided_classic_tiled tflops=1.1869 resolved_matches_requested=true
shape=(2048,2048,512) pattern=TT candidate=strided_classic_tiled tflops=1.1275 resolved_matches_requested=true
shape=(1536,1024,1024) pattern=NN candidate=cand0_64x64_wm2wn2 tflops=1.0425 resolved_matches_requested=true
shape=(1536,1024,1024) pattern=NN candidate=cand1_64x32_wm2wn2_tall tflops=5.4378 resolved_matches_requested=true
shape=(1536,1024,1024) pattern=NN candidate=cand2_32x64_wm2wn2_wide tflops=5.2470 resolved_matches_requested=true
shape=(1536,1024,1024) pattern=NN candidate=cand3_32x32_wm2wn2 tflops=5.3505 resolved_matches_requested=true
shape=(1536,1024,1024) pattern=NN candidate=cand4_64x64_wm1wn2 tflops=0.4739 resolved_matches_requested=true
shape=(1536,1024,1024) pattern=NN candidate=cand5_64x32x32_wm2wn2 tflops=5.5791 resolved_matches_requested=true
shape=(1536,1024,1024) pattern=NN candidate=cand6_64x32x8_wm4wn1 tflops=5.6912 resolved_matches_requested=true
shape=(1536,1024,1024) pattern=NN candidate=cand7_single_simdgroup_8x8 tflops=1.7439 resolved_matches_requested=true
shape=(1536,1024,1024) pattern=NN candidate=cand8_32x64x16_wm1wn2 tflops=1.0331 resolved_matches_requested=true
shape=(1536,1024,1024) pattern=NT candidate=strided_classic_tiled tflops=1.3373 resolved_matches_requested=true
shape=(1536,1024,1024) pattern=TN candidate=strided_classic_tiled tflops=1.3196 resolved_matches_requested=true
shape=(1536,1024,1024) pattern=TT candidate=strided_classic_tiled tflops=1.2955 resolved_matches_requested=true
shape=(1024,1536,1536) pattern=NN candidate=cand0_64x64_wm2wn2 tflops=1.1368 resolved_matches_requested=true
shape=(1024,1536,1536) pattern=NN candidate=cand1_64x32_wm2wn2_tall tflops=6.6387 resolved_matches_requested=true
shape=(1024,1536,1536) pattern=NN candidate=cand2_32x64_wm2wn2_wide tflops=6.3382 resolved_matches_requested=true
shape=(1024,1536,1536) pattern=NN candidate=cand3_32x32_wm2wn2 tflops=6.4143 resolved_matches_requested=true
shape=(1024,1536,1536) pattern=NN candidate=cand4_64x64_wm1wn2 tflops=0.4681 resolved_matches_requested=true
shape=(1024,1536,1536) pattern=NN candidate=cand5_64x32x32_wm2wn2 tflops=5.9000 resolved_matches_requested=true
shape=(1024,1536,1536) pattern=NN candidate=cand6_64x32x8_wm4wn1 tflops=6.2353 resolved_matches_requested=true
shape=(1024,1536,1536) pattern=NN candidate=cand7_single_simdgroup_8x8 tflops=1.9951 resolved_matches_requested=true
shape=(1024,1536,1536) pattern=NN candidate=cand8_32x64x16_wm1wn2 tflops=0.9484 resolved_matches_requested=true
shape=(1024,1536,1536) pattern=NT candidate=strided_classic_tiled tflops=1.2752 resolved_matches_requested=true
shape=(1024,1536,1536) pattern=TN candidate=strided_classic_tiled tflops=1.2646 resolved_matches_requested=true
shape=(1024,1536,1536) pattern=TT candidate=strided_classic_tiled tflops=1.2218 resolved_matches_requested=true
shape=(4096,1024,1024) pattern=NN candidate=cand0_64x64_wm2wn2 tflops=1.0843 resolved_matches_requested=true
shape=(4096,1024,1024) pattern=NN candidate=cand1_64x32_wm2wn2_tall tflops=7.2933 resolved_matches_requested=true
shape=(4096,1024,1024) pattern=NN candidate=cand2_32x64_wm2wn2_wide tflops=7.0588 resolved_matches_requested=true
shape=(4096,1024,1024) pattern=NN candidate=cand3_32x32_wm2wn2 tflops=6.5356 resolved_matches_requested=true
shape=(4096,1024,1024) pattern=NN candidate=cand4_64x64_wm1wn2 tflops=0.4420 resolved_matches_requested=true
shape=(4096,1024,1024) pattern=NN candidate=cand5_64x32x32_wm2wn2 tflops=6.5139 resolved_matches_requested=true
shape=(4096,1024,1024) pattern=NN candidate=cand6_64x32x8_wm4wn1 tflops=7.0100 resolved_matches_requested=true
shape=(4096,1024,1024) pattern=NN candidate=cand7_single_simdgroup_8x8 tflops=2.1946 resolved_matches_requested=true
shape=(4096,1024,1024) pattern=NN candidate=cand8_32x64x16_wm1wn2 tflops=1.0419 resolved_matches_requested=true
shape=(4096,1024,1024) pattern=NT candidate=strided_classic_tiled tflops=1.2547 resolved_matches_requested=true
shape=(4096,1024,1024) pattern=TN candidate=strided_classic_tiled tflops=1.1593 resolved_matches_requested=true
shape=(4096,1024,1024) pattern=TT candidate=strided_classic_tiled tflops=1.2005 resolved_matches_requested=true
shape=(1024,4096,1024) pattern=NN candidate=cand0_64x64_wm2wn2 tflops=1.1224 resolved_matches_requested=true
shape=(1024,4096,1024) pattern=NN candidate=cand1_64x32_wm2wn2_tall tflops=7.2136 resolved_matches_requested=true
shape=(1024,4096,1024) pattern=NN candidate=cand2_32x64_wm2wn2_wide tflops=7.0229 resolved_matches_requested=true
shape=(1024,4096,1024) pattern=NN candidate=cand3_32x32_wm2wn2 tflops=6.8008 resolved_matches_requested=true
shape=(1024,4096,1024) pattern=NN candidate=cand4_64x64_wm1wn2 tflops=0.4630 resolved_matches_requested=true
shape=(1024,4096,1024) pattern=NN candidate=cand5_64x32x32_wm2wn2 tflops=6.5760 resolved_matches_requested=true
shape=(1024,4096,1024) pattern=NN candidate=cand6_64x32x8_wm4wn1 tflops=7.2966 resolved_matches_requested=true
shape=(1024,4096,1024) pattern=NN candidate=cand7_single_simdgroup_8x8 tflops=2.0622 resolved_matches_requested=true
shape=(1024,4096,1024) pattern=NN candidate=cand8_32x64x16_wm1wn2 tflops=1.0475 resolved_matches_requested=true
shape=(1024,4096,1024) pattern=NT candidate=strided_classic_tiled tflops=1.2120 resolved_matches_requested=true
shape=(1024,4096,1024) pattern=TN candidate=strided_classic_tiled tflops=1.0747 resolved_matches_requested=true
shape=(1024,4096,1024) pattern=TT candidate=strided_classic_tiled tflops=1.0512 resolved_matches_requested=true
