size=256 naive_tflops=0.0689 tiled_tflops=0.0798 simdgroup_tflops=0.0964 dynamic_tile_auto_tflops=0.1002 auto_over_simdgroup=1.0392 simdgroup_over_naive=1.3993
size=512 naive_tflops=0.1001 tiled_tflops=0.1884 simdgroup_tflops=0.1131 dynamic_tile_auto_tflops=0.2700 auto_over_simdgroup=2.3875 simdgroup_over_naive=1.1301
size=1024 naive_tflops=0.3485 tiled_tflops=0.3011 simdgroup_tflops=0.5552 dynamic_tile_auto_tflops=0.7518 auto_over_simdgroup=1.3541 simdgroup_over_naive=1.5932
size=2048 naive_tflops=0.7979 tiled_tflops=0.5468 simdgroup_tflops=0.8484 dynamic_tile_auto_tflops=1.3556 auto_over_simdgroup=1.5979 simdgroup_over_naive=1.0632
size=4096 naive_tflops=0.6444 tiled_tflops=0.9279 simdgroup_tflops=1.2104 dynamic_tile_auto_tflops=2.8932 auto_over_simdgroup=2.3902 simdgroup_over_naive=1.8783
shape=(4096x512x512) simdgroup_tflops=0.5425 dynamic_tile_auto_tflops=0.6713 auto_over_simdgroup=1.2375
shape=(512x4096x512) simdgroup_tflops=0.5691 dynamic_tile_auto_tflops=0.5133 auto_over_simdgroup=0.9020
size=2048 candidate=bm64_bn64_bk16_staged tflops=9.7313 requested=(64x64x16,wm=2,wn=2,staged=true) resolved=(64x64x16,wm=2,wn=2,staged=true) resolved_matches_requested=true
size=2048 candidate=bm32_bn32_bk16_staged tflops=8.6201 requested=(32x32x16,wm=2,wn=2,staged=true) resolved=(32x32x16,wm=2,wn=2,staged=true) resolved_matches_requested=true
size=2048 candidate=bm32_bn32_bk16_direct tflops=2.7184 requested=(32x32x16,wm=2,wn=2,staged=false) resolved=(32x32x16,wm=2,wn=2,staged=false) resolved_matches_requested=true
size=2048 candidate=tm8_tn4_bm128_bn64_bk16_staged tflops=7.6617 requested=(128x64x16,wm=2,wn=2,staged=true) resolved=(128x64x16,wm=2,wn=2,staged=true) resolved_matches_requested=true
size=2048 candidate=tm4_tn8_bm64_bn128_bk16_staged tflops=6.9909 requested=(64x128x16,wm=2,wn=2,staged=true) resolved=(64x128x16,wm=2,wn=2,staged=true) resolved_matches_requested=true
size=2048 candidate=tm8_tn8_bm128_bn128_bk16_staged tflops=3.8507 requested=(128x128x16,wm=2,wn=2,staged=true) resolved=(128x128x16,wm=2,wn=2,staged=true) resolved_matches_requested=true
size=4096 candidate=bm64_bn64_bk16_staged tflops=5.2443 requested=(64x64x16,wm=2,wn=2,staged=true) resolved=(64x64x16,wm=2,wn=2,staged=true) resolved_matches_requested=true
size=4096 candidate=bm32_bn32_bk16_staged tflops=3.5560 requested=(32x32x16,wm=2,wn=2,staged=true) resolved=(32x32x16,wm=2,wn=2,staged=true) resolved_matches_requested=true
size=4096 candidate=bm32_bn32_bk16_direct tflops=1.8614 requested=(32x32x16,wm=2,wn=2,staged=false) resolved=(32x32x16,wm=2,wn=2,staged=false) resolved_matches_requested=true
size=4096 candidate=tm8_tn4_bm128_bn64_bk16_staged tflops=5.3711 requested=(128x64x16,wm=2,wn=2,staged=true) resolved=(128x64x16,wm=2,wn=2,staged=true) resolved_matches_requested=true
size=4096 candidate=tm4_tn8_bm64_bn128_bk16_staged tflops=4.2833 requested=(64x128x16,wm=2,wn=2,staged=true) resolved=(64x128x16,wm=2,wn=2,staged=true) resolved_matches_requested=true
size=4096 candidate=tm8_tn8_bm128_bn128_bk16_staged tflops=3.4638 requested=(128x128x16,wm=2,wn=2,staged=true) resolved=(128x128x16,wm=2,wn=2,staged=true) resolved_matches_requested=true
--- occupancy 判定組み込み比較（旧: select / 新: select_with_occupancy）---
size=512 old_tile=(64x32) old_tflops=0.4032 new_tile=(64x32) new_tflops=0.4119 new_over_old=1.0216 occupancy_params=Some(OccupancyParams { gpu_core_count: 40, max_threadgroup_memory_bytes: 32768 })
size=1024 old_tile=(64x32) old_tflops=0.7501 new_tile=(64x32) new_tflops=0.7460 new_over_old=0.9945 occupancy_params=Some(OccupancyParams { gpu_core_count: 40, max_threadgroup_memory_bytes: 32768 })
size=2048 old_tile=(64x32) old_tflops=2.1754 new_tile=(64x32) new_tflops=2.1158 new_over_old=0.9726 occupancy_params=Some(OccupancyParams { gpu_core_count: 40, max_threadgroup_memory_bytes: 32768 })
size=4096 old_tile=(32x64) old_tflops=3.2071 new_tile=(32x64) new_tflops=2.9725 new_over_old=0.9269 occupancy_params=Some(OccupancyParams { gpu_core_count: 40, max_threadgroup_memory_bytes: 32768 })
