size=256 naive_tflops=0.0733 tiled_tflops=0.1151 simdgroup_tflops=0.1179 dynamic_tile_auto_tflops=0.1189 auto_over_simdgroup=1.0084 simdgroup_over_naive=1.6071
size=512 naive_tflops=0.3715 tiled_tflops=0.4365 simdgroup_tflops=0.4636 dynamic_tile_auto_tflops=0.5389 auto_over_simdgroup=1.1625 simdgroup_over_naive=1.2481
size=1024 naive_tflops=0.6949 tiled_tflops=0.8263 simdgroup_tflops=0.9399 dynamic_tile_auto_tflops=1.4036 auto_over_simdgroup=1.4934 simdgroup_over_naive=1.3525
size=2048 naive_tflops=0.7069 tiled_tflops=0.7138 simdgroup_tflops=1.0087 dynamic_tile_auto_tflops=2.1240 auto_over_simdgroup=2.1057 simdgroup_over_naive=1.4268
size=4096 naive_tflops=0.7427 tiled_tflops=0.9446 simdgroup_tflops=1.1634 dynamic_tile_auto_tflops=2.7530 auto_over_simdgroup=2.3662 simdgroup_over_naive=1.5665
shape=(4096x512x512) simdgroup_tflops=0.3907 dynamic_tile_auto_tflops=0.6719 auto_over_simdgroup=1.7198
shape=(512x4096x512) simdgroup_tflops=0.3068 dynamic_tile_auto_tflops=0.5239 auto_over_simdgroup=1.7079
size=2048 candidate=bm64_bn64_bk16_staged tflops=10.0560 requested=(64x64x16,wm=2,wn=2,staged=true) resolved=(64x64x16,wm=2,wn=2,staged=true) resolved_matches_requested=true
size=2048 candidate=bm32_bn32_bk16_staged tflops=8.9471 requested=(32x32x16,wm=2,wn=2,staged=true) resolved=(32x32x16,wm=2,wn=2,staged=true) resolved_matches_requested=true
size=2048 candidate=bm32_bn32_bk16_direct tflops=2.9074 requested=(32x32x16,wm=2,wn=2,staged=false) resolved=(32x32x16,wm=2,wn=2,staged=false) resolved_matches_requested=true
size=2048 candidate=tm8_tn4_bm128_bn64_bk16_staged tflops=8.0726 requested=(128x64x16,wm=2,wn=2,staged=true) resolved=(128x64x16,wm=2,wn=2,staged=true) resolved_matches_requested=true
size=2048 candidate=tm4_tn8_bm64_bn128_bk16_staged tflops=7.2814 requested=(64x128x16,wm=2,wn=2,staged=true) resolved=(64x128x16,wm=2,wn=2,staged=true) resolved_matches_requested=true
size=2048 candidate=tm8_tn8_bm128_bn128_bk16_staged tflops=4.2067 requested=(128x128x16,wm=2,wn=2,staged=true) resolved=(128x128x16,wm=2,wn=2,staged=true) resolved_matches_requested=true
size=4096 candidate=bm64_bn64_bk16_staged tflops=4.6032 requested=(64x64x16,wm=2,wn=2,staged=true) resolved=(64x64x16,wm=2,wn=2,staged=true) resolved_matches_requested=true
size=4096 candidate=bm32_bn32_bk16_staged tflops=3.6642 requested=(32x32x16,wm=2,wn=2,staged=true) resolved=(32x32x16,wm=2,wn=2,staged=true) resolved_matches_requested=true
size=4096 candidate=bm32_bn32_bk16_direct tflops=2.0041 requested=(32x32x16,wm=2,wn=2,staged=false) resolved=(32x32x16,wm=2,wn=2,staged=false) resolved_matches_requested=true
size=4096 candidate=tm8_tn4_bm128_bn64_bk16_staged tflops=5.3749 requested=(128x64x16,wm=2,wn=2,staged=true) resolved=(128x64x16,wm=2,wn=2,staged=true) resolved_matches_requested=true
size=4096 candidate=tm4_tn8_bm64_bn128_bk16_staged tflops=5.2689 requested=(64x128x16,wm=2,wn=2,staged=true) resolved=(64x128x16,wm=2,wn=2,staged=true) resolved_matches_requested=true
size=4096 candidate=tm8_tn8_bm128_bn128_bk16_staged tflops=3.4230 requested=(128x128x16,wm=2,wn=2,staged=true) resolved=(128x128x16,wm=2,wn=2,staged=true) resolved_matches_requested=true
--- occupancy 判定組み込み比較（旧: select / 新: select_with_occupancy）---
size=512 old_tile=(64x32) old_tflops=0.3632 new_tile=(64x32) new_tflops=0.3724 new_over_old=1.0251 occupancy_params=Some(OccupancyParams { gpu_core_count: 40, max_threadgroup_memory_bytes: 32768 })
size=1024 old_tile=(64x32) old_tflops=0.6943 new_tile=(64x32) new_tflops=0.6776 new_over_old=0.9759 occupancy_params=Some(OccupancyParams { gpu_core_count: 40, max_threadgroup_memory_bytes: 32768 })
size=2048 old_tile=(64x32) old_tflops=1.8760 new_tile=(64x32) new_tflops=2.1709 new_over_old=1.1572 occupancy_params=Some(OccupancyParams { gpu_core_count: 40, max_threadgroup_memory_bytes: 32768 })
size=4096 old_tile=(32x64) old_tflops=3.1744 new_tile=(32x64) new_tflops=2.8876 new_over_old=0.9097 occupancy_params=Some(OccupancyParams { gpu_core_count: 40, max_threadgroup_memory_bytes: 32768 })
