shape=(512,512,512) pattern=NN candidate=cand0_64x64_wm2wn2 tflops=0.6708 resolved_matches_requested=true
shape=(512,512,512) pattern=NN candidate=cand1_64x32_wm2wn2_tall tflops=0.8209 resolved_matches_requested=true
shape=(512,512,512) pattern=NN candidate=cand2_32x64_wm2wn2_wide tflops=0.8358 resolved_matches_requested=true
shape=(512,512,512) pattern=NN candidate=cand3_32x32_wm2wn2 tflops=0.9785 resolved_matches_requested=true
shape=(512,512,512) pattern=NN candidate=cand4_64x64_wm1wn2 tflops=0.4535 resolved_matches_requested=true
shape=(512,512,512) pattern=NN candidate=cand5_64x32x32_wm2wn2 tflops=0.8014 resolved_matches_requested=true
shape=(512,512,512) pattern=NN candidate=cand6_64x32x8_wm4wn1 tflops=0.7916 resolved_matches_requested=true
shape=(512,512,512) pattern=NN candidate=cand7_single_simdgroup_8x8 tflops=0.4197 resolved_matches_requested=true
shape=(512,512,512) pattern=NN candidate=cand8_32x64x16_wm1wn2 tflops=0.5833 resolved_matches_requested=true
shape=(512,512,512) pattern=NT candidate=strided_classic_tiled tflops=0.2952 resolved_matches_requested=true
shape=(512,512,512) pattern=TN candidate=strided_classic_tiled tflops=0.4610 resolved_matches_requested=true
shape=(512,512,512) pattern=TT candidate=strided_classic_tiled tflops=0.4649 resolved_matches_requested=true
shape=(1024,1024,1024) pattern=NN candidate=cand0_64x64_wm2wn2 tflops=2.7635 resolved_matches_requested=true
shape=(1024,1024,1024) pattern=NN candidate=cand1_64x32_wm2wn2_tall tflops=3.1123 resolved_matches_requested=true
shape=(1024,1024,1024) pattern=NN candidate=cand2_32x64_wm2wn2_wide tflops=3.0730 resolved_matches_requested=true
shape=(1024,1024,1024) pattern=NN candidate=cand3_32x32_wm2wn2 tflops=3.3517 resolved_matches_requested=true
shape=(1024,1024,1024) pattern=NN candidate=cand4_64x64_wm1wn2 tflops=3.4794 resolved_matches_requested=true
shape=(1024,1024,1024) pattern=NN candidate=cand5_64x32x32_wm2wn2 tflops=3.6639 resolved_matches_requested=true
shape=(1024,1024,1024) pattern=NN candidate=cand6_64x32x8_wm4wn1 tflops=3.8589 resolved_matches_requested=true
shape=(1024,1024,1024) pattern=NN candidate=cand7_single_simdgroup_8x8 tflops=1.9592 resolved_matches_requested=true
shape=(1024,1024,1024) pattern=NN candidate=cand8_32x64x16_wm1wn2 tflops=5.0063 resolved_matches_requested=true
shape=(1024,1024,1024) pattern=NT candidate=strided_classic_tiled tflops=1.5266 resolved_matches_requested=true
shape=(1024,1024,1024) pattern=TN candidate=strided_classic_tiled tflops=1.4889 resolved_matches_requested=true
shape=(1024,1024,1024) pattern=TT candidate=strided_classic_tiled tflops=1.4329 resolved_matches_requested=true
shape=(2048,2048,2048) pattern=NN candidate=cand0_64x64_wm2wn2 tflops=9.3443 resolved_matches_requested=true
shape=(2048,2048,2048) pattern=NN candidate=cand1_64x32_wm2wn2_tall tflops=8.4684 resolved_matches_requested=true
shape=(2048,2048,2048) pattern=NN candidate=cand2_32x64_wm2wn2_wide tflops=7.6893 resolved_matches_requested=true
shape=(2048,2048,2048) pattern=NN candidate=cand3_32x32_wm2wn2 tflops=6.8762 resolved_matches_requested=true
shape=(2048,2048,2048) pattern=NN candidate=cand4_64x64_wm1wn2 tflops=6.3617 resolved_matches_requested=true
shape=(2048,2048,2048) pattern=NN candidate=cand5_64x32x32_wm2wn2 tflops=5.5699 resolved_matches_requested=true
shape=(2048,2048,2048) pattern=NN candidate=cand6_64x32x8_wm4wn1 tflops=5.3854 resolved_matches_requested=true
shape=(2048,2048,2048) pattern=NN candidate=cand7_single_simdgroup_8x8 tflops=1.3215 resolved_matches_requested=true
shape=(2048,2048,2048) pattern=NN candidate=cand8_32x64x16_wm1wn2 tflops=4.3504 resolved_matches_requested=true
shape=(2048,2048,2048) pattern=NT candidate=strided_classic_tiled tflops=0.7032 resolved_matches_requested=true
shape=(2048,2048,2048) pattern=TN candidate=strided_classic_tiled tflops=0.8788 resolved_matches_requested=true
shape=(2048,2048,2048) pattern=TT candidate=strided_classic_tiled tflops=1.0253 resolved_matches_requested=true
shape=(4096,4096,4096) pattern=NN candidate=cand0_64x64_wm2wn2 tflops=6.5887 resolved_matches_requested=true
shape=(4096,4096,4096) pattern=NN candidate=cand1_64x32_wm2wn2_tall tflops=4.8375 resolved_matches_requested=true
shape=(4096,4096,4096) pattern=NN candidate=cand2_32x64_wm2wn2_wide tflops=5.1268 resolved_matches_requested=true
shape=(4096,4096,4096) pattern=NN candidate=cand3_32x32_wm2wn2 tflops=3.1481 resolved_matches_requested=true
shape=(4096,4096,4096) pattern=NN candidate=cand4_64x64_wm1wn2 tflops=5.1804 resolved_matches_requested=true
shape=(4096,4096,4096) pattern=NN candidate=cand5_64x32x32_wm2wn2 tflops=4.5319 resolved_matches_requested=true
shape=(4096,4096,4096) pattern=NN candidate=cand6_64x32x8_wm4wn1 tflops=4.4178 resolved_matches_requested=true
shape=(4096,4096,4096) pattern=NN candidate=cand7_single_simdgroup_8x8 tflops=1.4400 resolved_matches_requested=true
shape=(4096,4096,4096) pattern=NN candidate=cand8_32x64x16_wm1wn2 tflops=5.0207 resolved_matches_requested=true
shape=(4096,4096,4096) pattern=NT candidate=strided_classic_tiled tflops=0.9918 resolved_matches_requested=true
shape=(4096,4096,4096) pattern=TN candidate=strided_classic_tiled tflops=1.1462 resolved_matches_requested=true
shape=(4096,4096,4096) pattern=TT candidate=strided_classic_tiled tflops=1.0114 resolved_matches_requested=true
shape=(2048,2048,64) pattern=NN candidate=cand0_64x64_wm2wn2 tflops=2.2448 resolved_matches_requested=true
shape=(2048,2048,64) pattern=NN candidate=cand1_64x32_wm2wn2_tall tflops=2.2215 resolved_matches_requested=true
shape=(2048,2048,64) pattern=NN candidate=cand2_32x64_wm2wn2_wide tflops=2.1482 resolved_matches_requested=true
shape=(2048,2048,64) pattern=NN candidate=cand3_32x32_wm2wn2 tflops=2.0924 resolved_matches_requested=true
shape=(2048,2048,64) pattern=NN candidate=cand4_64x64_wm1wn2 tflops=2.1130 resolved_matches_requested=true
shape=(2048,2048,64) pattern=NN candidate=cand5_64x32x32_wm2wn2 tflops=2.1554 resolved_matches_requested=true
shape=(2048,2048,64) pattern=NN candidate=cand6_64x32x8_wm4wn1 tflops=2.1947 resolved_matches_requested=true
shape=(2048,2048,64) pattern=NN candidate=cand7_single_simdgroup_8x8 tflops=1.1195 resolved_matches_requested=true
shape=(2048,2048,64) pattern=NN candidate=cand8_32x64x16_wm1wn2 tflops=2.2593 resolved_matches_requested=true
shape=(2048,2048,64) pattern=NT candidate=strided_classic_tiled tflops=0.7741 resolved_matches_requested=true
shape=(2048,2048,64) pattern=TN candidate=strided_classic_tiled tflops=0.7335 resolved_matches_requested=true
shape=(2048,2048,64) pattern=TT candidate=strided_classic_tiled tflops=0.7338 resolved_matches_requested=true
shape=(2048,2048,512) pattern=NN candidate=cand0_64x64_wm2wn2 tflops=5.2926 resolved_matches_requested=true
shape=(2048,2048,512) pattern=NN candidate=cand1_64x32_wm2wn2_tall tflops=5.1316 resolved_matches_requested=true
shape=(2048,2048,512) pattern=NN candidate=cand2_32x64_wm2wn2_wide tflops=5.3166 resolved_matches_requested=true
shape=(2048,2048,512) pattern=NN candidate=cand3_32x32_wm2wn2 tflops=5.4728 resolved_matches_requested=true
shape=(2048,2048,512) pattern=NN candidate=cand4_64x64_wm1wn2 tflops=5.5921 resolved_matches_requested=true
shape=(2048,2048,512) pattern=NN candidate=cand5_64x32x32_wm2wn2 tflops=4.9811 resolved_matches_requested=true
shape=(2048,2048,512) pattern=NN candidate=cand6_64x32x8_wm4wn1 tflops=5.6837 resolved_matches_requested=true
shape=(2048,2048,512) pattern=NN candidate=cand7_single_simdgroup_8x8 tflops=1.6435 resolved_matches_requested=true
shape=(2048,2048,512) pattern=NN candidate=cand8_32x64x16_wm1wn2 tflops=5.0671 resolved_matches_requested=true
shape=(2048,2048,512) pattern=NT candidate=strided_classic_tiled tflops=1.0437 resolved_matches_requested=true
shape=(2048,2048,512) pattern=TN candidate=strided_classic_tiled tflops=1.0193 resolved_matches_requested=true
shape=(2048,2048,512) pattern=TT candidate=strided_classic_tiled tflops=1.0076 resolved_matches_requested=true
shape=(1536,1024,1024) pattern=NN candidate=cand0_64x64_wm2wn2 tflops=4.5524 resolved_matches_requested=true
shape=(1536,1024,1024) pattern=NN candidate=cand1_64x32_wm2wn2_tall tflops=4.5417 resolved_matches_requested=true
shape=(1536,1024,1024) pattern=NN candidate=cand2_32x64_wm2wn2_wide tflops=4.3695 resolved_matches_requested=true
shape=(1536,1024,1024) pattern=NN candidate=cand3_32x32_wm2wn2 tflops=4.4336 resolved_matches_requested=true
shape=(1536,1024,1024) pattern=NN candidate=cand4_64x64_wm1wn2 tflops=3.9877 resolved_matches_requested=true
shape=(1536,1024,1024) pattern=NN candidate=cand5_64x32x32_wm2wn2 tflops=4.4071 resolved_matches_requested=true
shape=(1536,1024,1024) pattern=NN candidate=cand6_64x32x8_wm4wn1 tflops=4.8433 resolved_matches_requested=true
shape=(1536,1024,1024) pattern=NN candidate=cand7_single_simdgroup_8x8 tflops=1.6552 resolved_matches_requested=true
shape=(1536,1024,1024) pattern=NN candidate=cand8_32x64x16_wm1wn2 tflops=4.7325 resolved_matches_requested=true
shape=(1536,1024,1024) pattern=NT candidate=strided_classic_tiled tflops=1.0608 resolved_matches_requested=true
shape=(1536,1024,1024) pattern=TN candidate=strided_classic_tiled tflops=1.0435 resolved_matches_requested=true
shape=(1536,1024,1024) pattern=TT candidate=strided_classic_tiled tflops=1.0318 resolved_matches_requested=true
shape=(1024,1536,1536) pattern=NN candidate=cand0_64x64_wm2wn2 tflops=5.7357 resolved_matches_requested=true
shape=(1024,1536,1536) pattern=NN candidate=cand1_64x32_wm2wn2_tall tflops=5.4148 resolved_matches_requested=true
shape=(1024,1536,1536) pattern=NN candidate=cand2_32x64_wm2wn2_wide tflops=5.1791 resolved_matches_requested=true
shape=(1024,1536,1536) pattern=NN candidate=cand3_32x32_wm2wn2 tflops=5.5150 resolved_matches_requested=true
shape=(1024,1536,1536) pattern=NN candidate=cand4_64x64_wm1wn2 tflops=4.5348 resolved_matches_requested=true
shape=(1024,1536,1536) pattern=NN candidate=cand5_64x32x32_wm2wn2 tflops=5.3454 resolved_matches_requested=true
shape=(1024,1536,1536) pattern=NN candidate=cand6_64x32x8_wm4wn1 tflops=5.2373 resolved_matches_requested=true
shape=(1024,1536,1536) pattern=NN candidate=cand7_single_simdgroup_8x8 tflops=1.6662 resolved_matches_requested=true
shape=(1024,1536,1536) pattern=NN candidate=cand8_32x64x16_wm1wn2 tflops=4.6378 resolved_matches_requested=true
shape=(1024,1536,1536) pattern=NT candidate=strided_classic_tiled tflops=1.0416 resolved_matches_requested=true
shape=(1024,1536,1536) pattern=TN candidate=strided_classic_tiled tflops=1.0267 resolved_matches_requested=true
shape=(1024,1536,1536) pattern=TT candidate=strided_classic_tiled tflops=0.9900 resolved_matches_requested=true
shape=(4096,1024,1024) pattern=NN candidate=cand0_64x64_wm2wn2 tflops=5.7959 resolved_matches_requested=true
shape=(4096,1024,1024) pattern=NN candidate=cand1_64x32_wm2wn2_tall tflops=5.7725 resolved_matches_requested=true
shape=(4096,1024,1024) pattern=NN candidate=cand2_32x64_wm2wn2_wide tflops=5.6578 resolved_matches_requested=true
shape=(4096,1024,1024) pattern=NN candidate=cand3_32x32_wm2wn2 tflops=5.4321 resolved_matches_requested=true
shape=(4096,1024,1024) pattern=NN candidate=cand4_64x64_wm1wn2 tflops=5.2628 resolved_matches_requested=true
shape=(4096,1024,1024) pattern=NN candidate=cand5_64x32x32_wm2wn2 tflops=5.0890 resolved_matches_requested=true
shape=(4096,1024,1024) pattern=NN candidate=cand6_64x32x8_wm4wn1 tflops=5.4882 resolved_matches_requested=true
shape=(4096,1024,1024) pattern=NN candidate=cand7_single_simdgroup_8x8 tflops=1.6011 resolved_matches_requested=true
shape=(4096,1024,1024) pattern=NN candidate=cand8_32x64x16_wm1wn2 tflops=5.4413 resolved_matches_requested=true
shape=(4096,1024,1024) pattern=NT candidate=strided_classic_tiled tflops=1.0172 resolved_matches_requested=true
shape=(4096,1024,1024) pattern=TN candidate=strided_classic_tiled tflops=1.0249 resolved_matches_requested=true
shape=(4096,1024,1024) pattern=TT candidate=strided_classic_tiled tflops=1.0264 resolved_matches_requested=true
shape=(1024,4096,1024) pattern=NN candidate=cand0_64x64_wm2wn2 tflops=6.0161 resolved_matches_requested=true
shape=(1024,4096,1024) pattern=NN candidate=cand1_64x32_wm2wn2_tall tflops=5.7292 resolved_matches_requested=true
shape=(1024,4096,1024) pattern=NN candidate=cand2_32x64_wm2wn2_wide tflops=5.5008 resolved_matches_requested=true
shape=(1024,4096,1024) pattern=NN candidate=cand3_32x32_wm2wn2 tflops=5.3948 resolved_matches_requested=true
shape=(1024,4096,1024) pattern=NN candidate=cand4_64x64_wm1wn2 tflops=5.4208 resolved_matches_requested=true
shape=(1024,4096,1024) pattern=NN candidate=cand5_64x32x32_wm2wn2 tflops=5.3042 resolved_matches_requested=true
shape=(1024,4096,1024) pattern=NN candidate=cand6_64x32x8_wm4wn1 tflops=5.2274 resolved_matches_requested=true
shape=(1024,4096,1024) pattern=NN candidate=cand7_single_simdgroup_8x8 tflops=1.5940 resolved_matches_requested=true
shape=(1024,4096,1024) pattern=NN candidate=cand8_32x64x16_wm1wn2 tflops=5.5939 resolved_matches_requested=true
shape=(1024,4096,1024) pattern=NT candidate=strided_classic_tiled tflops=1.0254 resolved_matches_requested=true
shape=(1024,4096,1024) pattern=TN candidate=strided_classic_tiled tflops=1.0184 resolved_matches_requested=true
shape=(1024,4096,1024) pattern=TT candidate=strided_classic_tiled tflops=1.0303 resolved_matches_requested=true
