== RAYON_NUM_THREADS=1 run=1 ==
oss-gemm-compare: commit=ea19a34 hw=macos/aarch64 (16 logical cores) rayon_threads=1
{"date":"2026-09-04","commit":"ea19a34","hw":"macos/aarch64 (16 logical cores)","boundary":"device_resident","impl":"self_gemm_blis_parallel","lib_version":"0.1.0","impl_threads":1,"size":512,"warmup":20,"iters":20,"tflops_median":0.1133,"tflops_q1":0.1128,"tflops_q3":0.1144,"output_match":true,"mismatch_detail":null}
{"date":"2026-09-04","commit":"ea19a34","hw":"macos/aarch64 (16 logical cores)","boundary":"device_resident","impl":"matrixmultiply","lib_version":"0.3.11","impl_threads":1,"size":512,"warmup":20,"iters":20,"tflops_median":0.1068,"tflops_q1":0.1067,"tflops_q3":0.1073,"output_match":true,"mismatch_detail":null}
{"date":"2026-09-04","commit":"ea19a34","hw":"macos/aarch64 (16 logical cores)","boundary":"device_resident","impl":"gemm","lib_version":"0.19.0","impl_threads":1,"size":512,"warmup":20,"iters":20,"tflops_median":0.1057,"tflops_q1":0.1054,"tflops_q3":0.1077,"output_match":true,"mismatch_detail":null}
::warning::size=1024 出力不一致（matrixmultiply）: matrixmultiply: index=5119 reference=-0.0021471737 candidate=-0.0021572113 abs_diff=0.000010037562 rel_diff=0.004653027
{"date":"2026-09-04","commit":"ea19a34","hw":"macos/aarch64 (16 logical cores)","boundary":"device_resident","impl":"self_gemm_blis_parallel","lib_version":"0.1.0","impl_threads":1,"size":1024,"warmup":20,"iters":20,"tflops_median":0.1116,"tflops_q1":0.1110,"tflops_q3":0.1137,"output_match":true,"mismatch_detail":null}
{"date":"2026-09-04","commit":"ea19a34","hw":"macos/aarch64 (16 logical cores)","boundary":"device_resident","impl":"matrixmultiply","lib_version":"0.3.11","impl_threads":1,"size":1024,"warmup":20,"iters":20,"tflops_median":0.1108,"tflops_q1":0.1100,"tflops_q3":0.1114,"output_match":false,"mismatch_detail":"matrixmultiply: index=5119 reference=-0.0021471737 candidate=-0.0021572113 abs_diff=0.000010037562 rel_diff=0.004653027"}
{"date":"2026-09-04","commit":"ea19a34","hw":"macos/aarch64 (16 logical cores)","boundary":"device_resident","impl":"gemm","lib_version":"0.19.0","impl_threads":1,"size":1024,"warmup":20,"iters":20,"tflops_median":0.1092,"tflops_q1":0.1085,"tflops_q3":0.1097,"output_match":true,"mismatch_detail":null}
::warning::size=2048 出力不一致（matrixmultiply）: matrixmultiply: index=1988 reference=-0.0072821276 candidate=-0.00727129 abs_diff=0.000010837801 rel_diff=0.001488274
{"date":"2026-09-04","commit":"ea19a34","hw":"macos/aarch64 (16 logical cores)","boundary":"device_resident","impl":"self_gemm_blis_parallel","lib_version":"0.1.0","impl_threads":1,"size":2048,"warmup":20,"iters":20,"tflops_median":0.1114,"tflops_q1":0.1112,"tflops_q3":0.1124,"output_match":true,"mismatch_detail":null}
{"date":"2026-09-04","commit":"ea19a34","hw":"macos/aarch64 (16 logical cores)","boundary":"device_resident","impl":"matrixmultiply","lib_version":"0.3.11","impl_threads":1,"size":2048,"warmup":20,"iters":20,"tflops_median":0.1098,"tflops_q1":0.1091,"tflops_q3":0.1104,"output_match":false,"mismatch_detail":"matrixmultiply: index=1988 reference=-0.0072821276 candidate=-0.00727129 abs_diff=0.000010837801 rel_diff=0.001488274"}
{"date":"2026-09-04","commit":"ea19a34","hw":"macos/aarch64 (16 logical cores)","boundary":"device_resident","impl":"gemm","lib_version":"0.19.0","impl_threads":1,"size":2048,"warmup":20,"iters":20,"tflops_median":0.1082,"tflops_q1":0.1077,"tflops_q3":0.1088,"output_match":true,"mismatch_detail":null}
::error::出力突合 NG（統一複合判定: 相対誤差 1e-3 未満 または 絶対誤差 1e-5 未満）を検出した。各 JSON Lines レコードの output_match / mismatch_detail を参照。既知の限界は docs/oss-comparison-harness-decision.md「出力突合とその限界」節を参照。
== RAYON_NUM_THREADS=1 run=2 ==
oss-gemm-compare: commit=ea19a34 hw=macos/aarch64 (16 logical cores) rayon_threads=1
{"date":"2026-09-04","commit":"ea19a34","hw":"macos/aarch64 (16 logical cores)","boundary":"device_resident","impl":"self_gemm_blis_parallel","lib_version":"0.1.0","impl_threads":1,"size":512,"warmup":20,"iters":20,"tflops_median":0.1162,"tflops_q1":0.1161,"tflops_q3":0.1164,"output_match":true,"mismatch_detail":null}
{"date":"2026-09-04","commit":"ea19a34","hw":"macos/aarch64 (16 logical cores)","boundary":"device_resident","impl":"matrixmultiply","lib_version":"0.3.11","impl_threads":1,"size":512,"warmup":20,"iters":20,"tflops_median":0.1087,"tflops_q1":0.1075,"tflops_q3":0.1095,"output_match":true,"mismatch_detail":null}
{"date":"2026-09-04","commit":"ea19a34","hw":"macos/aarch64 (16 logical cores)","boundary":"device_resident","impl":"gemm","lib_version":"0.19.0","impl_threads":1,"size":512,"warmup":20,"iters":20,"tflops_median":0.1093,"tflops_q1":0.1087,"tflops_q3":0.1099,"output_match":true,"mismatch_detail":null}
::warning::size=1024 出力不一致（matrixmultiply）: matrixmultiply: index=5119 reference=-0.0021471737 candidate=-0.0021572113 abs_diff=0.000010037562 rel_diff=0.004653027
{"date":"2026-09-04","commit":"ea19a34","hw":"macos/aarch64 (16 logical cores)","boundary":"device_resident","impl":"self_gemm_blis_parallel","lib_version":"0.1.0","impl_threads":1,"size":1024,"warmup":20,"iters":20,"tflops_median":0.1146,"tflops_q1":0.1130,"tflops_q3":0.1155,"output_match":true,"mismatch_detail":null}
{"date":"2026-09-04","commit":"ea19a34","hw":"macos/aarch64 (16 logical cores)","boundary":"device_resident","impl":"matrixmultiply","lib_version":"0.3.11","impl_threads":1,"size":1024,"warmup":20,"iters":20,"tflops_median":0.1103,"tflops_q1":0.1095,"tflops_q3":0.1114,"output_match":false,"mismatch_detail":"matrixmultiply: index=5119 reference=-0.0021471737 candidate=-0.0021572113 abs_diff=0.000010037562 rel_diff=0.004653027"}
{"date":"2026-09-04","commit":"ea19a34","hw":"macos/aarch64 (16 logical cores)","boundary":"device_resident","impl":"gemm","lib_version":"0.19.0","impl_threads":1,"size":1024,"warmup":20,"iters":20,"tflops_median":0.1091,"tflops_q1":0.1085,"tflops_q3":0.1100,"output_match":true,"mismatch_detail":null}
::warning::size=2048 出力不一致（matrixmultiply）: matrixmultiply: index=1988 reference=-0.0072821276 candidate=-0.00727129 abs_diff=0.000010837801 rel_diff=0.001488274
{"date":"2026-09-04","commit":"ea19a34","hw":"macos/aarch64 (16 logical cores)","boundary":"device_resident","impl":"self_gemm_blis_parallel","lib_version":"0.1.0","impl_threads":1,"size":2048,"warmup":20,"iters":20,"tflops_median":0.1101,"tflops_q1":0.1098,"tflops_q3":0.1117,"output_match":true,"mismatch_detail":null}
{"date":"2026-09-04","commit":"ea19a34","hw":"macos/aarch64 (16 logical cores)","boundary":"device_resident","impl":"matrixmultiply","lib_version":"0.3.11","impl_threads":1,"size":2048,"warmup":20,"iters":20,"tflops_median":0.1105,"tflops_q1":0.1102,"tflops_q3":0.1108,"output_match":false,"mismatch_detail":"matrixmultiply: index=1988 reference=-0.0072821276 candidate=-0.00727129 abs_diff=0.000010837801 rel_diff=0.001488274"}
{"date":"2026-09-04","commit":"ea19a34","hw":"macos/aarch64 (16 logical cores)","boundary":"device_resident","impl":"gemm","lib_version":"0.19.0","impl_threads":1,"size":2048,"warmup":20,"iters":20,"tflops_median":0.1100,"tflops_q1":0.1099,"tflops_q3":0.1102,"output_match":true,"mismatch_detail":null}
::error::出力突合 NG（統一複合判定: 相対誤差 1e-3 未満 または 絶対誤差 1e-5 未満）を検出した。各 JSON Lines レコードの output_match / mismatch_detail を参照。既知の限界は docs/oss-comparison-harness-decision.md「出力突合とその限界」節を参照。
== RAYON_NUM_THREADS=1 run=3 ==
oss-gemm-compare: commit=ea19a34 hw=macos/aarch64 (16 logical cores) rayon_threads=1
{"date":"2026-09-04","commit":"ea19a34","hw":"macos/aarch64 (16 logical cores)","boundary":"device_resident","impl":"self_gemm_blis_parallel","lib_version":"0.1.0","impl_threads":1,"size":512,"warmup":20,"iters":20,"tflops_median":0.1157,"tflops_q1":0.1156,"tflops_q3":0.1163,"output_match":true,"mismatch_detail":null}
{"date":"2026-09-04","commit":"ea19a34","hw":"macos/aarch64 (16 logical cores)","boundary":"device_resident","impl":"matrixmultiply","lib_version":"0.3.11","impl_threads":1,"size":512,"warmup":20,"iters":20,"tflops_median":0.1095,"tflops_q1":0.1093,"tflops_q3":0.1099,"output_match":true,"mismatch_detail":null}
{"date":"2026-09-04","commit":"ea19a34","hw":"macos/aarch64 (16 logical cores)","boundary":"device_resident","impl":"gemm","lib_version":"0.19.0","impl_threads":1,"size":512,"warmup":20,"iters":20,"tflops_median":0.1041,"tflops_q1":0.1038,"tflops_q3":0.1044,"output_match":true,"mismatch_detail":null}
::warning::size=1024 出力不一致（matrixmultiply）: matrixmultiply: index=5119 reference=-0.0021471737 candidate=-0.0021572113 abs_diff=0.000010037562 rel_diff=0.004653027
{"date":"2026-09-04","commit":"ea19a34","hw":"macos/aarch64 (16 logical cores)","boundary":"device_resident","impl":"self_gemm_blis_parallel","lib_version":"0.1.0","impl_threads":1,"size":1024,"warmup":20,"iters":20,"tflops_median":0.1097,"tflops_q1":0.1086,"tflops_q3":0.1113,"output_match":true,"mismatch_detail":null}
{"date":"2026-09-04","commit":"ea19a34","hw":"macos/aarch64 (16 logical cores)","boundary":"device_resident","impl":"matrixmultiply","lib_version":"0.3.11","impl_threads":1,"size":1024,"warmup":20,"iters":20,"tflops_median":0.1079,"tflops_q1":0.1074,"tflops_q3":0.1084,"output_match":false,"mismatch_detail":"matrixmultiply: index=5119 reference=-0.0021471737 candidate=-0.0021572113 abs_diff=0.000010037562 rel_diff=0.004653027"}
{"date":"2026-09-04","commit":"ea19a34","hw":"macos/aarch64 (16 logical cores)","boundary":"device_resident","impl":"gemm","lib_version":"0.19.0","impl_threads":1,"size":1024,"warmup":20,"iters":20,"tflops_median":0.1066,"tflops_q1":0.1056,"tflops_q3":0.1072,"output_match":true,"mismatch_detail":null}
::warning::size=2048 出力不一致（matrixmultiply）: matrixmultiply: index=1988 reference=-0.0072821276 candidate=-0.00727129 abs_diff=0.000010837801 rel_diff=0.001488274
{"date":"2026-09-04","commit":"ea19a34","hw":"macos/aarch64 (16 logical cores)","boundary":"device_resident","impl":"self_gemm_blis_parallel","lib_version":"0.1.0","impl_threads":1,"size":2048,"warmup":20,"iters":20,"tflops_median":0.1093,"tflops_q1":0.1081,"tflops_q3":0.1105,"output_match":true,"mismatch_detail":null}
{"date":"2026-09-04","commit":"ea19a34","hw":"macos/aarch64 (16 logical cores)","boundary":"device_resident","impl":"matrixmultiply","lib_version":"0.3.11","impl_threads":1,"size":2048,"warmup":20,"iters":20,"tflops_median":0.1111,"tflops_q1":0.1100,"tflops_q3":0.1112,"output_match":false,"mismatch_detail":"matrixmultiply: index=1988 reference=-0.0072821276 candidate=-0.00727129 abs_diff=0.000010837801 rel_diff=0.001488274"}
{"date":"2026-09-04","commit":"ea19a34","hw":"macos/aarch64 (16 logical cores)","boundary":"device_resident","impl":"gemm","lib_version":"0.19.0","impl_threads":1,"size":2048,"warmup":20,"iters":20,"tflops_median":0.1087,"tflops_q1":0.1085,"tflops_q3":0.1096,"output_match":true,"mismatch_detail":null}
::error::出力突合 NG（統一複合判定: 相対誤差 1e-3 未満 または 絶対誤差 1e-5 未満）を検出した。各 JSON Lines レコードの output_match / mismatch_detail を参照。既知の限界は docs/oss-comparison-harness-decision.md「出力突合とその限界」節を参照。
== RAYON_NUM_THREADS=2 run=1 ==
oss-gemm-compare: commit=ea19a34 hw=macos/aarch64 (16 logical cores) rayon_threads=2
{"date":"2026-09-04","commit":"ea19a34","hw":"macos/aarch64 (16 logical cores)","boundary":"device_resident","impl":"self_gemm_blis_parallel","lib_version":"0.1.0","impl_threads":2,"size":512,"warmup":20,"iters":20,"tflops_median":0.2193,"tflops_q1":0.2192,"tflops_q3":0.2206,"output_match":true,"mismatch_detail":null}
{"date":"2026-09-04","commit":"ea19a34","hw":"macos/aarch64 (16 logical cores)","boundary":"device_resident","impl":"matrixmultiply","lib_version":"0.3.11","impl_threads":1,"size":512,"warmup":20,"iters":20,"tflops_median":0.1108,"tflops_q1":0.1099,"tflops_q3":0.1112,"output_match":true,"mismatch_detail":null}
{"date":"2026-09-04","commit":"ea19a34","hw":"macos/aarch64 (16 logical cores)","boundary":"device_resident","impl":"gemm","lib_version":"0.19.0","impl_threads":2,"size":512,"warmup":20,"iters":20,"tflops_median":0.2110,"tflops_q1":0.2104,"tflops_q3":0.2115,"output_match":true,"mismatch_detail":null}
::warning::size=1024 出力不一致（matrixmultiply）: matrixmultiply: index=5119 reference=-0.0021471737 candidate=-0.0021572113 abs_diff=0.000010037562 rel_diff=0.004653027
{"date":"2026-09-04","commit":"ea19a34","hw":"macos/aarch64 (16 logical cores)","boundary":"device_resident","impl":"self_gemm_blis_parallel","lib_version":"0.1.0","impl_threads":2,"size":1024,"warmup":20,"iters":20,"tflops_median":0.2267,"tflops_q1":0.2244,"tflops_q3":0.2284,"output_match":true,"mismatch_detail":null}
{"date":"2026-09-04","commit":"ea19a34","hw":"macos/aarch64 (16 logical cores)","boundary":"device_resident","impl":"matrixmultiply","lib_version":"0.3.11","impl_threads":1,"size":1024,"warmup":20,"iters":20,"tflops_median":0.1115,"tflops_q1":0.1113,"tflops_q3":0.1118,"output_match":false,"mismatch_detail":"matrixmultiply: index=5119 reference=-0.0021471737 candidate=-0.0021572113 abs_diff=0.000010037562 rel_diff=0.004653027"}
{"date":"2026-09-04","commit":"ea19a34","hw":"macos/aarch64 (16 logical cores)","boundary":"device_resident","impl":"gemm","lib_version":"0.19.0","impl_threads":2,"size":1024,"warmup":20,"iters":20,"tflops_median":0.2146,"tflops_q1":0.2102,"tflops_q3":0.2164,"output_match":true,"mismatch_detail":null}
::warning::size=2048 出力不一致（matrixmultiply）: matrixmultiply: index=1988 reference=-0.0072821276 candidate=-0.00727129 abs_diff=0.000010837801 rel_diff=0.001488274
{"date":"2026-09-04","commit":"ea19a34","hw":"macos/aarch64 (16 logical cores)","boundary":"device_resident","impl":"self_gemm_blis_parallel","lib_version":"0.1.0","impl_threads":2,"size":2048,"warmup":20,"iters":20,"tflops_median":0.2176,"tflops_q1":0.2021,"tflops_q3":0.2197,"output_match":true,"mismatch_detail":null}
{"date":"2026-09-04","commit":"ea19a34","hw":"macos/aarch64 (16 logical cores)","boundary":"device_resident","impl":"matrixmultiply","lib_version":"0.3.11","impl_threads":1,"size":2048,"warmup":20,"iters":20,"tflops_median":0.1088,"tflops_q1":0.1085,"tflops_q3":0.1088,"output_match":false,"mismatch_detail":"matrixmultiply: index=1988 reference=-0.0072821276 candidate=-0.00727129 abs_diff=0.000010837801 rel_diff=0.001488274"}
{"date":"2026-09-04","commit":"ea19a34","hw":"macos/aarch64 (16 logical cores)","boundary":"device_resident","impl":"gemm","lib_version":"0.19.0","impl_threads":2,"size":2048,"warmup":20,"iters":20,"tflops_median":0.2065,"tflops_q1":0.2051,"tflops_q3":0.2105,"output_match":true,"mismatch_detail":null}
::error::出力突合 NG（統一複合判定: 相対誤差 1e-3 未満 または 絶対誤差 1e-5 未満）を検出した。各 JSON Lines レコードの output_match / mismatch_detail を参照。既知の限界は docs/oss-comparison-harness-decision.md「出力突合とその限界」節を参照。
== RAYON_NUM_THREADS=2 run=2 ==
oss-gemm-compare: commit=ea19a34 hw=macos/aarch64 (16 logical cores) rayon_threads=2
{"date":"2026-09-04","commit":"ea19a34","hw":"macos/aarch64 (16 logical cores)","boundary":"device_resident","impl":"self_gemm_blis_parallel","lib_version":"0.1.0","impl_threads":2,"size":512,"warmup":20,"iters":20,"tflops_median":0.2193,"tflops_q1":0.2183,"tflops_q3":0.2199,"output_match":true,"mismatch_detail":null}
{"date":"2026-09-04","commit":"ea19a34","hw":"macos/aarch64 (16 logical cores)","boundary":"device_resident","impl":"matrixmultiply","lib_version":"0.3.11","impl_threads":1,"size":512,"warmup":20,"iters":20,"tflops_median":0.1071,"tflops_q1":0.1060,"tflops_q3":0.1072,"output_match":true,"mismatch_detail":null}
{"date":"2026-09-04","commit":"ea19a34","hw":"macos/aarch64 (16 logical cores)","boundary":"device_resident","impl":"gemm","lib_version":"0.19.0","impl_threads":2,"size":512,"warmup":20,"iters":20,"tflops_median":0.1942,"tflops_q1":0.1933,"tflops_q3":0.1977,"output_match":true,"mismatch_detail":null}
::warning::size=1024 出力不一致（matrixmultiply）: matrixmultiply: index=5119 reference=-0.0021471737 candidate=-0.0021572113 abs_diff=0.000010037562 rel_diff=0.004653027
{"date":"2026-09-04","commit":"ea19a34","hw":"macos/aarch64 (16 logical cores)","boundary":"device_resident","impl":"self_gemm_blis_parallel","lib_version":"0.1.0","impl_threads":2,"size":1024,"warmup":20,"iters":20,"tflops_median":0.2074,"tflops_q1":0.2052,"tflops_q3":0.2088,"output_match":true,"mismatch_detail":null}
{"date":"2026-09-04","commit":"ea19a34","hw":"macos/aarch64 (16 logical cores)","boundary":"device_resident","impl":"matrixmultiply","lib_version":"0.3.11","impl_threads":1,"size":1024,"warmup":20,"iters":20,"tflops_median":0.1059,"tflops_q1":0.1055,"tflops_q3":0.1074,"output_match":false,"mismatch_detail":"matrixmultiply: index=5119 reference=-0.0021471737 candidate=-0.0021572113 abs_diff=0.000010037562 rel_diff=0.004653027"}
{"date":"2026-09-04","commit":"ea19a34","hw":"macos/aarch64 (16 logical cores)","boundary":"device_resident","impl":"gemm","lib_version":"0.19.0","impl_threads":2,"size":1024,"warmup":20,"iters":20,"tflops_median":0.1968,"tflops_q1":0.1940,"tflops_q3":0.1979,"output_match":true,"mismatch_detail":null}
::warning::size=2048 出力不一致（matrixmultiply）: matrixmultiply: index=1988 reference=-0.0072821276 candidate=-0.00727129 abs_diff=0.000010837801 rel_diff=0.001488274
{"date":"2026-09-04","commit":"ea19a34","hw":"macos/aarch64 (16 logical cores)","boundary":"device_resident","impl":"self_gemm_blis_parallel","lib_version":"0.1.0","impl_threads":2,"size":2048,"warmup":20,"iters":20,"tflops_median":0.2035,"tflops_q1":0.2030,"tflops_q3":0.2058,"output_match":true,"mismatch_detail":null}
{"date":"2026-09-04","commit":"ea19a34","hw":"macos/aarch64 (16 logical cores)","boundary":"device_resident","impl":"matrixmultiply","lib_version":"0.3.11","impl_threads":1,"size":2048,"warmup":20,"iters":20,"tflops_median":0.1082,"tflops_q1":0.1070,"tflops_q3":0.1086,"output_match":false,"mismatch_detail":"matrixmultiply: index=1988 reference=-0.0072821276 candidate=-0.00727129 abs_diff=0.000010837801 rel_diff=0.001488274"}
{"date":"2026-09-04","commit":"ea19a34","hw":"macos/aarch64 (16 logical cores)","boundary":"device_resident","impl":"gemm","lib_version":"0.19.0","impl_threads":2,"size":2048,"warmup":20,"iters":20,"tflops_median":0.2012,"tflops_q1":0.1987,"tflops_q3":0.2044,"output_match":true,"mismatch_detail":null}
::error::出力突合 NG（統一複合判定: 相対誤差 1e-3 未満 または 絶対誤差 1e-5 未満）を検出した。各 JSON Lines レコードの output_match / mismatch_detail を参照。既知の限界は docs/oss-comparison-harness-decision.md「出力突合とその限界」節を参照。
== RAYON_NUM_THREADS=2 run=3 ==
oss-gemm-compare: commit=ea19a34 hw=macos/aarch64 (16 logical cores) rayon_threads=2
{"date":"2026-09-04","commit":"ea19a34","hw":"macos/aarch64 (16 logical cores)","boundary":"device_resident","impl":"self_gemm_blis_parallel","lib_version":"0.1.0","impl_threads":2,"size":512,"warmup":20,"iters":20,"tflops_median":0.2191,"tflops_q1":0.2181,"tflops_q3":0.2200,"output_match":true,"mismatch_detail":null}
{"date":"2026-09-04","commit":"ea19a34","hw":"macos/aarch64 (16 logical cores)","boundary":"device_resident","impl":"matrixmultiply","lib_version":"0.3.11","impl_threads":1,"size":512,"warmup":20,"iters":20,"tflops_median":0.1084,"tflops_q1":0.1073,"tflops_q3":0.1085,"output_match":true,"mismatch_detail":null}
{"date":"2026-09-04","commit":"ea19a34","hw":"macos/aarch64 (16 logical cores)","boundary":"device_resident","impl":"gemm","lib_version":"0.19.0","impl_threads":2,"size":512,"warmup":20,"iters":20,"tflops_median":0.2075,"tflops_q1":0.2068,"tflops_q3":0.2081,"output_match":true,"mismatch_detail":null}
::warning::size=1024 出力不一致（matrixmultiply）: matrixmultiply: index=5119 reference=-0.0021471737 candidate=-0.0021572113 abs_diff=0.000010037562 rel_diff=0.004653027
{"date":"2026-09-04","commit":"ea19a34","hw":"macos/aarch64 (16 logical cores)","boundary":"device_resident","impl":"self_gemm_blis_parallel","lib_version":"0.1.0","impl_threads":2,"size":1024,"warmup":20,"iters":20,"tflops_median":0.2154,"tflops_q1":0.2130,"tflops_q3":0.2172,"output_match":true,"mismatch_detail":null}
{"date":"2026-09-04","commit":"ea19a34","hw":"macos/aarch64 (16 logical cores)","boundary":"device_resident","impl":"matrixmultiply","lib_version":"0.3.11","impl_threads":1,"size":1024,"warmup":20,"iters":20,"tflops_median":0.1091,"tflops_q1":0.1088,"tflops_q3":0.1094,"output_match":false,"mismatch_detail":"matrixmultiply: index=5119 reference=-0.0021471737 candidate=-0.0021572113 abs_diff=0.000010037562 rel_diff=0.004653027"}
{"date":"2026-09-04","commit":"ea19a34","hw":"macos/aarch64 (16 logical cores)","boundary":"device_resident","impl":"gemm","lib_version":"0.19.0","impl_threads":2,"size":1024,"warmup":20,"iters":20,"tflops_median":0.2067,"tflops_q1":0.2039,"tflops_q3":0.2101,"output_match":true,"mismatch_detail":null}
::warning::size=2048 出力不一致（matrixmultiply）: matrixmultiply: index=1988 reference=-0.0072821276 candidate=-0.00727129 abs_diff=0.000010837801 rel_diff=0.001488274
{"date":"2026-09-04","commit":"ea19a34","hw":"macos/aarch64 (16 logical cores)","boundary":"device_resident","impl":"self_gemm_blis_parallel","lib_version":"0.1.0","impl_threads":2,"size":2048,"warmup":20,"iters":20,"tflops_median":0.2188,"tflops_q1":0.2176,"tflops_q3":0.2216,"output_match":true,"mismatch_detail":null}
{"date":"2026-09-04","commit":"ea19a34","hw":"macos/aarch64 (16 logical cores)","boundary":"device_resident","impl":"matrixmultiply","lib_version":"0.3.11","impl_threads":1,"size":2048,"warmup":20,"iters":20,"tflops_median":0.0986,"tflops_q1":0.0973,"tflops_q3":0.1012,"output_match":false,"mismatch_detail":"matrixmultiply: index=1988 reference=-0.0072821276 candidate=-0.00727129 abs_diff=0.000010837801 rel_diff=0.001488274"}
{"date":"2026-09-04","commit":"ea19a34","hw":"macos/aarch64 (16 logical cores)","boundary":"device_resident","impl":"gemm","lib_version":"0.19.0","impl_threads":2,"size":2048,"warmup":20,"iters":20,"tflops_median":0.1810,"tflops_q1":0.1784,"tflops_q3":0.1816,"output_match":true,"mismatch_detail":null}
::error::出力突合 NG（統一複合判定: 相対誤差 1e-3 未満 または 絶対誤差 1e-5 未満）を検出した。各 JSON Lines レコードの output_match / mismatch_detail を参照。既知の限界は docs/oss-comparison-harness-decision.md「出力突合とその限界」節を参照。
== RAYON_NUM_THREADS=4 run=1 ==
oss-gemm-compare: commit=ea19a34 hw=macos/aarch64 (16 logical cores) rayon_threads=4
{"date":"2026-09-04","commit":"ea19a34","hw":"macos/aarch64 (16 logical cores)","boundary":"device_resident","impl":"self_gemm_blis_parallel","lib_version":"0.1.0","impl_threads":4,"size":512,"warmup":20,"iters":20,"tflops_median":0.2321,"tflops_q1":0.2144,"tflops_q3":0.3396,"output_match":true,"mismatch_detail":null}
{"date":"2026-09-04","commit":"ea19a34","hw":"macos/aarch64 (16 logical cores)","boundary":"device_resident","impl":"matrixmultiply","lib_version":"0.3.11","impl_threads":1,"size":512,"warmup":20,"iters":20,"tflops_median":0.0947,"tflops_q1":0.0940,"tflops_q3":0.0952,"output_match":true,"mismatch_detail":null}
{"date":"2026-09-04","commit":"ea19a34","hw":"macos/aarch64 (16 logical cores)","boundary":"device_resident","impl":"gemm","lib_version":"0.19.0","impl_threads":4,"size":512,"warmup":20,"iters":20,"tflops_median":0.3240,"tflops_q1":0.2876,"tflops_q3":0.3352,"output_match":true,"mismatch_detail":null}
::warning::size=1024 出力不一致（matrixmultiply）: matrixmultiply: index=5119 reference=-0.0021471737 candidate=-0.0021572113 abs_diff=0.000010037562 rel_diff=0.004653027
{"date":"2026-09-04","commit":"ea19a34","hw":"macos/aarch64 (16 logical cores)","boundary":"device_resident","impl":"self_gemm_blis_parallel","lib_version":"0.1.0","impl_threads":4,"size":1024,"warmup":20,"iters":20,"tflops_median":0.3422,"tflops_q1":0.3278,"tflops_q3":0.3579,"output_match":true,"mismatch_detail":null}
{"date":"2026-09-04","commit":"ea19a34","hw":"macos/aarch64 (16 logical cores)","boundary":"device_resident","impl":"matrixmultiply","lib_version":"0.3.11","impl_threads":1,"size":1024,"warmup":20,"iters":20,"tflops_median":0.0943,"tflops_q1":0.0938,"tflops_q3":0.0968,"output_match":false,"mismatch_detail":"matrixmultiply: index=5119 reference=-0.0021471737 candidate=-0.0021572113 abs_diff=0.000010037562 rel_diff=0.004653027"}
{"date":"2026-09-04","commit":"ea19a34","hw":"macos/aarch64 (16 logical cores)","boundary":"device_resident","impl":"gemm","lib_version":"0.19.0","impl_threads":4,"size":1024,"warmup":20,"iters":20,"tflops_median":0.3173,"tflops_q1":0.3032,"tflops_q3":0.3333,"output_match":true,"mismatch_detail":null}
::warning::size=2048 出力不一致（matrixmultiply）: matrixmultiply: index=1988 reference=-0.0072821276 candidate=-0.00727129 abs_diff=0.000010837801 rel_diff=0.001488274
{"date":"2026-09-04","commit":"ea19a34","hw":"macos/aarch64 (16 logical cores)","boundary":"device_resident","impl":"self_gemm_blis_parallel","lib_version":"0.1.0","impl_threads":4,"size":2048,"warmup":20,"iters":20,"tflops_median":0.3788,"tflops_q1":0.3685,"tflops_q3":0.3800,"output_match":true,"mismatch_detail":null}
{"date":"2026-09-04","commit":"ea19a34","hw":"macos/aarch64 (16 logical cores)","boundary":"device_resident","impl":"matrixmultiply","lib_version":"0.3.11","impl_threads":1,"size":2048,"warmup":20,"iters":20,"tflops_median":0.1044,"tflops_q1":0.1027,"tflops_q3":0.1053,"output_match":false,"mismatch_detail":"matrixmultiply: index=1988 reference=-0.0072821276 candidate=-0.00727129 abs_diff=0.000010837801 rel_diff=0.001488274"}
{"date":"2026-09-04","commit":"ea19a34","hw":"macos/aarch64 (16 logical cores)","boundary":"device_resident","impl":"gemm","lib_version":"0.19.0","impl_threads":4,"size":2048,"warmup":20,"iters":20,"tflops_median":0.3649,"tflops_q1":0.3570,"tflops_q3":0.3741,"output_match":true,"mismatch_detail":null}
::error::出力突合 NG（統一複合判定: 相対誤差 1e-3 未満 または 絶対誤差 1e-5 未満）を検出した。各 JSON Lines レコードの output_match / mismatch_detail を参照。既知の限界は docs/oss-comparison-harness-decision.md「出力突合とその限界」節を参照。
== RAYON_NUM_THREADS=4 run=2 ==
oss-gemm-compare: commit=ea19a34 hw=macos/aarch64 (16 logical cores) rayon_threads=4
{"date":"2026-09-04","commit":"ea19a34","hw":"macos/aarch64 (16 logical cores)","boundary":"device_resident","impl":"self_gemm_blis_parallel","lib_version":"0.1.0","impl_threads":4,"size":512,"warmup":20,"iters":20,"tflops_median":0.3706,"tflops_q1":0.3684,"tflops_q3":0.3753,"output_match":true,"mismatch_detail":null}
{"date":"2026-09-04","commit":"ea19a34","hw":"macos/aarch64 (16 logical cores)","boundary":"device_resident","impl":"matrixmultiply","lib_version":"0.3.11","impl_threads":1,"size":512,"warmup":20,"iters":20,"tflops_median":0.0979,"tflops_q1":0.0964,"tflops_q3":0.0987,"output_match":true,"mismatch_detail":null}
{"date":"2026-09-04","commit":"ea19a34","hw":"macos/aarch64 (16 logical cores)","boundary":"device_resident","impl":"gemm","lib_version":"0.19.0","impl_threads":4,"size":512,"warmup":20,"iters":20,"tflops_median":0.3737,"tflops_q1":0.3719,"tflops_q3":0.3762,"output_match":true,"mismatch_detail":null}
::warning::size=1024 出力不一致（matrixmultiply）: matrixmultiply: index=5119 reference=-0.0021471737 candidate=-0.0021572113 abs_diff=0.000010037562 rel_diff=0.004653027
{"date":"2026-09-04","commit":"ea19a34","hw":"macos/aarch64 (16 logical cores)","boundary":"device_resident","impl":"self_gemm_blis_parallel","lib_version":"0.1.0","impl_threads":4,"size":1024,"warmup":20,"iters":20,"tflops_median":0.3810,"tflops_q1":0.3760,"tflops_q3":0.3834,"output_match":true,"mismatch_detail":null}
{"date":"2026-09-04","commit":"ea19a34","hw":"macos/aarch64 (16 logical cores)","boundary":"device_resident","impl":"matrixmultiply","lib_version":"0.3.11","impl_threads":1,"size":1024,"warmup":20,"iters":20,"tflops_median":0.1033,"tflops_q1":0.1023,"tflops_q3":0.1058,"output_match":false,"mismatch_detail":"matrixmultiply: index=5119 reference=-0.0021471737 candidate=-0.0021572113 abs_diff=0.000010037562 rel_diff=0.004653027"}
{"date":"2026-09-04","commit":"ea19a34","hw":"macos/aarch64 (16 logical cores)","boundary":"device_resident","impl":"gemm","lib_version":"0.19.0","impl_threads":4,"size":1024,"warmup":20,"iters":20,"tflops_median":0.3745,"tflops_q1":0.3723,"tflops_q3":0.3756,"output_match":true,"mismatch_detail":null}
::warning::size=2048 出力不一致（matrixmultiply）: matrixmultiply: index=1988 reference=-0.0072821276 candidate=-0.00727129 abs_diff=0.000010837801 rel_diff=0.001488274
{"date":"2026-09-04","commit":"ea19a34","hw":"macos/aarch64 (16 logical cores)","boundary":"device_resident","impl":"self_gemm_blis_parallel","lib_version":"0.1.0","impl_threads":4,"size":2048,"warmup":20,"iters":20,"tflops_median":0.3773,"tflops_q1":0.3760,"tflops_q3":0.3802,"output_match":true,"mismatch_detail":null}
{"date":"2026-09-04","commit":"ea19a34","hw":"macos/aarch64 (16 logical cores)","boundary":"device_resident","impl":"matrixmultiply","lib_version":"0.3.11","impl_threads":1,"size":2048,"warmup":20,"iters":20,"tflops_median":0.1057,"tflops_q1":0.1047,"tflops_q3":0.1074,"output_match":false,"mismatch_detail":"matrixmultiply: index=1988 reference=-0.0072821276 candidate=-0.00727129 abs_diff=0.000010837801 rel_diff=0.001488274"}
{"date":"2026-09-04","commit":"ea19a34","hw":"macos/aarch64 (16 logical cores)","boundary":"device_resident","impl":"gemm","lib_version":"0.19.0","impl_threads":4,"size":2048,"warmup":20,"iters":20,"tflops_median":0.3702,"tflops_q1":0.3633,"tflops_q3":0.3845,"output_match":true,"mismatch_detail":null}
::error::出力突合 NG（統一複合判定: 相対誤差 1e-3 未満 または 絶対誤差 1e-5 未満）を検出した。各 JSON Lines レコードの output_match / mismatch_detail を参照。既知の限界は docs/oss-comparison-harness-decision.md「出力突合とその限界」節を参照。
== RAYON_NUM_THREADS=4 run=3 ==
oss-gemm-compare: commit=ea19a34 hw=macos/aarch64 (16 logical cores) rayon_threads=4
{"date":"2026-09-04","commit":"ea19a34","hw":"macos/aarch64 (16 logical cores)","boundary":"device_resident","impl":"self_gemm_blis_parallel","lib_version":"0.1.0","impl_threads":4,"size":512,"warmup":20,"iters":20,"tflops_median":0.3780,"tflops_q1":0.3678,"tflops_q3":0.3913,"output_match":true,"mismatch_detail":null}
{"date":"2026-09-04","commit":"ea19a34","hw":"macos/aarch64 (16 logical cores)","boundary":"device_resident","impl":"matrixmultiply","lib_version":"0.3.11","impl_threads":1,"size":512,"warmup":20,"iters":20,"tflops_median":0.1032,"tflops_q1":0.1029,"tflops_q3":0.1037,"output_match":true,"mismatch_detail":null}
{"date":"2026-09-04","commit":"ea19a34","hw":"macos/aarch64 (16 logical cores)","boundary":"device_resident","impl":"gemm","lib_version":"0.19.0","impl_threads":4,"size":512,"warmup":20,"iters":20,"tflops_median":0.3871,"tflops_q1":0.3766,"tflops_q3":0.3909,"output_match":true,"mismatch_detail":null}
::warning::size=1024 出力不一致（matrixmultiply）: matrixmultiply: index=5119 reference=-0.0021471737 candidate=-0.0021572113 abs_diff=0.000010037562 rel_diff=0.004653027
{"date":"2026-09-04","commit":"ea19a34","hw":"macos/aarch64 (16 logical cores)","boundary":"device_resident","impl":"self_gemm_blis_parallel","lib_version":"0.1.0","impl_threads":4,"size":1024,"warmup":20,"iters":20,"tflops_median":0.3929,"tflops_q1":0.3821,"tflops_q3":0.4033,"output_match":true,"mismatch_detail":null}
{"date":"2026-09-04","commit":"ea19a34","hw":"macos/aarch64 (16 logical cores)","boundary":"device_resident","impl":"matrixmultiply","lib_version":"0.3.11","impl_threads":1,"size":1024,"warmup":20,"iters":20,"tflops_median":0.1054,"tflops_q1":0.1046,"tflops_q3":0.1057,"output_match":false,"mismatch_detail":"matrixmultiply: index=5119 reference=-0.0021471737 candidate=-0.0021572113 abs_diff=0.000010037562 rel_diff=0.004653027"}
{"date":"2026-09-04","commit":"ea19a34","hw":"macos/aarch64 (16 logical cores)","boundary":"device_resident","impl":"gemm","lib_version":"0.19.0","impl_threads":4,"size":1024,"warmup":20,"iters":20,"tflops_median":0.3826,"tflops_q1":0.3767,"tflops_q3":0.3920,"output_match":true,"mismatch_detail":null}
::warning::size=2048 出力不一致（matrixmultiply）: matrixmultiply: index=1988 reference=-0.0072821276 candidate=-0.00727129 abs_diff=0.000010837801 rel_diff=0.001488274
{"date":"2026-09-04","commit":"ea19a34","hw":"macos/aarch64 (16 logical cores)","boundary":"device_resident","impl":"self_gemm_blis_parallel","lib_version":"0.1.0","impl_threads":4,"size":2048,"warmup":20,"iters":20,"tflops_median":0.3927,"tflops_q1":0.3868,"tflops_q3":0.4000,"output_match":true,"mismatch_detail":null}
{"date":"2026-09-04","commit":"ea19a34","hw":"macos/aarch64 (16 logical cores)","boundary":"device_resident","impl":"matrixmultiply","lib_version":"0.3.11","impl_threads":1,"size":2048,"warmup":20,"iters":20,"tflops_median":0.1086,"tflops_q1":0.1082,"tflops_q3":0.1088,"output_match":false,"mismatch_detail":"matrixmultiply: index=1988 reference=-0.0072821276 candidate=-0.00727129 abs_diff=0.000010837801 rel_diff=0.001488274"}
{"date":"2026-09-04","commit":"ea19a34","hw":"macos/aarch64 (16 logical cores)","boundary":"device_resident","impl":"gemm","lib_version":"0.19.0","impl_threads":4,"size":2048,"warmup":20,"iters":20,"tflops_median":0.3865,"tflops_q1":0.3828,"tflops_q3":0.3921,"output_match":true,"mismatch_detail":null}
::error::出力突合 NG（統一複合判定: 相対誤差 1e-3 未満 または 絶対誤差 1e-5 未満）を検出した。各 JSON Lines レコードの output_match / mismatch_detail を参照。既知の限界は docs/oss-comparison-harness-decision.md「出力突合とその限界」節を参照。
== RAYON_NUM_THREADS=8 run=1 ==
oss-gemm-compare: commit=ea19a34 hw=macos/aarch64 (16 logical cores) rayon_threads=8
{"date":"2026-09-04","commit":"ea19a34","hw":"macos/aarch64 (16 logical cores)","boundary":"device_resident","impl":"self_gemm_blis_parallel","lib_version":"0.1.0","impl_threads":8,"size":512,"warmup":20,"iters":20,"tflops_median":0.6549,"tflops_q1":0.6381,"tflops_q3":0.6737,"output_match":true,"mismatch_detail":null}
{"date":"2026-09-04","commit":"ea19a34","hw":"macos/aarch64 (16 logical cores)","boundary":"device_resident","impl":"matrixmultiply","lib_version":"0.3.11","impl_threads":1,"size":512,"warmup":20,"iters":20,"tflops_median":0.1066,"tflops_q1":0.1055,"tflops_q3":0.1087,"output_match":true,"mismatch_detail":null}
{"date":"2026-09-04","commit":"ea19a34","hw":"macos/aarch64 (16 logical cores)","boundary":"device_resident","impl":"gemm","lib_version":"0.19.0","impl_threads":8,"size":512,"warmup":20,"iters":20,"tflops_median":0.4093,"tflops_q1":0.4014,"tflops_q3":0.4541,"output_match":true,"mismatch_detail":null}
::warning::size=1024 出力不一致（matrixmultiply）: matrixmultiply: index=5119 reference=-0.0021471737 candidate=-0.0021572113 abs_diff=0.000010037562 rel_diff=0.004653027
{"date":"2026-09-04","commit":"ea19a34","hw":"macos/aarch64 (16 logical cores)","boundary":"device_resident","impl":"self_gemm_blis_parallel","lib_version":"0.1.0","impl_threads":8,"size":1024,"warmup":20,"iters":20,"tflops_median":0.6966,"tflops_q1":0.6896,"tflops_q3":0.7082,"output_match":true,"mismatch_detail":null}
{"date":"2026-09-04","commit":"ea19a34","hw":"macos/aarch64 (16 logical cores)","boundary":"device_resident","impl":"matrixmultiply","lib_version":"0.3.11","impl_threads":1,"size":1024,"warmup":20,"iters":20,"tflops_median":0.1060,"tflops_q1":0.1058,"tflops_q3":0.1091,"output_match":false,"mismatch_detail":"matrixmultiply: index=5119 reference=-0.0021471737 candidate=-0.0021572113 abs_diff=0.000010037562 rel_diff=0.004653027"}
{"date":"2026-09-04","commit":"ea19a34","hw":"macos/aarch64 (16 logical cores)","boundary":"device_resident","impl":"gemm","lib_version":"0.19.0","impl_threads":8,"size":1024,"warmup":20,"iters":20,"tflops_median":0.7312,"tflops_q1":0.7183,"tflops_q3":0.7450,"output_match":true,"mismatch_detail":null}
::warning::size=2048 出力不一致（matrixmultiply）: matrixmultiply: index=1988 reference=-0.0072821276 candidate=-0.00727129 abs_diff=0.000010837801 rel_diff=0.001488274
{"date":"2026-09-04","commit":"ea19a34","hw":"macos/aarch64 (16 logical cores)","boundary":"device_resident","impl":"self_gemm_blis_parallel","lib_version":"0.1.0","impl_threads":8,"size":2048,"warmup":20,"iters":20,"tflops_median":0.6930,"tflops_q1":0.6819,"tflops_q3":0.7108,"output_match":true,"mismatch_detail":null}
{"date":"2026-09-04","commit":"ea19a34","hw":"macos/aarch64 (16 logical cores)","boundary":"device_resident","impl":"matrixmultiply","lib_version":"0.3.11","impl_threads":1,"size":2048,"warmup":20,"iters":20,"tflops_median":0.1086,"tflops_q1":0.1079,"tflops_q3":0.1088,"output_match":false,"mismatch_detail":"matrixmultiply: index=1988 reference=-0.0072821276 candidate=-0.00727129 abs_diff=0.000010837801 rel_diff=0.001488274"}
{"date":"2026-09-04","commit":"ea19a34","hw":"macos/aarch64 (16 logical cores)","boundary":"device_resident","impl":"gemm","lib_version":"0.19.0","impl_threads":8,"size":2048,"warmup":20,"iters":20,"tflops_median":0.7104,"tflops_q1":0.7076,"tflops_q3":0.7242,"output_match":true,"mismatch_detail":null}
::error::出力突合 NG（統一複合判定: 相対誤差 1e-3 未満 または 絶対誤差 1e-5 未満）を検出した。各 JSON Lines レコードの output_match / mismatch_detail を参照。既知の限界は docs/oss-comparison-harness-decision.md「出力突合とその限界」節を参照。
== RAYON_NUM_THREADS=8 run=2 ==
oss-gemm-compare: commit=ea19a34 hw=macos/aarch64 (16 logical cores) rayon_threads=8
{"date":"2026-09-04","commit":"ea19a34","hw":"macos/aarch64 (16 logical cores)","boundary":"device_resident","impl":"self_gemm_blis_parallel","lib_version":"0.1.0","impl_threads":8,"size":512,"warmup":20,"iters":20,"tflops_median":0.6433,"tflops_q1":0.6231,"tflops_q3":0.6606,"output_match":true,"mismatch_detail":null}
{"date":"2026-09-04","commit":"ea19a34","hw":"macos/aarch64 (16 logical cores)","boundary":"device_resident","impl":"matrixmultiply","lib_version":"0.3.11","impl_threads":1,"size":512,"warmup":20,"iters":20,"tflops_median":0.1057,"tflops_q1":0.1056,"tflops_q3":0.1070,"output_match":true,"mismatch_detail":null}
{"date":"2026-09-04","commit":"ea19a34","hw":"macos/aarch64 (16 logical cores)","boundary":"device_resident","impl":"gemm","lib_version":"0.19.0","impl_threads":8,"size":512,"warmup":20,"iters":20,"tflops_median":0.6691,"tflops_q1":0.6338,"tflops_q3":0.7217,"output_match":true,"mismatch_detail":null}
::warning::size=1024 出力不一致（matrixmultiply）: matrixmultiply: index=5119 reference=-0.0021471737 candidate=-0.0021572113 abs_diff=0.000010037562 rel_diff=0.004653027
{"date":"2026-09-04","commit":"ea19a34","hw":"macos/aarch64 (16 logical cores)","boundary":"device_resident","impl":"self_gemm_blis_parallel","lib_version":"0.1.0","impl_threads":8,"size":1024,"warmup":20,"iters":20,"tflops_median":0.7029,"tflops_q1":0.6881,"tflops_q3":0.7078,"output_match":true,"mismatch_detail":null}
{"date":"2026-09-04","commit":"ea19a34","hw":"macos/aarch64 (16 logical cores)","boundary":"device_resident","impl":"matrixmultiply","lib_version":"0.3.11","impl_threads":1,"size":1024,"warmup":20,"iters":20,"tflops_median":0.1081,"tflops_q1":0.1039,"tflops_q3":0.1089,"output_match":false,"mismatch_detail":"matrixmultiply: index=5119 reference=-0.0021471737 candidate=-0.0021572113 abs_diff=0.000010037562 rel_diff=0.004653027"}
{"date":"2026-09-04","commit":"ea19a34","hw":"macos/aarch64 (16 logical cores)","boundary":"device_resident","impl":"gemm","lib_version":"0.19.0","impl_threads":8,"size":1024,"warmup":20,"iters":20,"tflops_median":0.7620,"tflops_q1":0.7413,"tflops_q3":0.7732,"output_match":true,"mismatch_detail":null}
::warning::size=2048 出力不一致（matrixmultiply）: matrixmultiply: index=1988 reference=-0.0072821276 candidate=-0.00727129 abs_diff=0.000010837801 rel_diff=0.001488274
{"date":"2026-09-04","commit":"ea19a34","hw":"macos/aarch64 (16 logical cores)","boundary":"device_resident","impl":"self_gemm_blis_parallel","lib_version":"0.1.0","impl_threads":8,"size":2048,"warmup":20,"iters":20,"tflops_median":0.6833,"tflops_q1":0.6749,"tflops_q3":0.6962,"output_match":true,"mismatch_detail":null}
{"date":"2026-09-04","commit":"ea19a34","hw":"macos/aarch64 (16 logical cores)","boundary":"device_resident","impl":"matrixmultiply","lib_version":"0.3.11","impl_threads":1,"size":2048,"warmup":20,"iters":20,"tflops_median":0.1072,"tflops_q1":0.1063,"tflops_q3":0.1083,"output_match":false,"mismatch_detail":"matrixmultiply: index=1988 reference=-0.0072821276 candidate=-0.00727129 abs_diff=0.000010837801 rel_diff=0.001488274"}
{"date":"2026-09-04","commit":"ea19a34","hw":"macos/aarch64 (16 logical cores)","boundary":"device_resident","impl":"gemm","lib_version":"0.19.0","impl_threads":8,"size":2048,"warmup":20,"iters":20,"tflops_median":0.7107,"tflops_q1":0.6892,"tflops_q3":0.7298,"output_match":true,"mismatch_detail":null}
::error::出力突合 NG（統一複合判定: 相対誤差 1e-3 未満 または 絶対誤差 1e-5 未満）を検出した。各 JSON Lines レコードの output_match / mismatch_detail を参照。既知の限界は docs/oss-comparison-harness-decision.md「出力突合とその限界」節を参照。
== RAYON_NUM_THREADS=8 run=3 ==
oss-gemm-compare: commit=ea19a34 hw=macos/aarch64 (16 logical cores) rayon_threads=8
{"date":"2026-09-04","commit":"ea19a34","hw":"macos/aarch64 (16 logical cores)","boundary":"device_resident","impl":"self_gemm_blis_parallel","lib_version":"0.1.0","impl_threads":8,"size":512,"warmup":20,"iters":20,"tflops_median":0.6367,"tflops_q1":0.6198,"tflops_q3":0.6578,"output_match":true,"mismatch_detail":null}
{"date":"2026-09-04","commit":"ea19a34","hw":"macos/aarch64 (16 logical cores)","boundary":"device_resident","impl":"matrixmultiply","lib_version":"0.3.11","impl_threads":1,"size":512,"warmup":20,"iters":20,"tflops_median":0.1041,"tflops_q1":0.1036,"tflops_q3":0.1048,"output_match":true,"mismatch_detail":null}
{"date":"2026-09-04","commit":"ea19a34","hw":"macos/aarch64 (16 logical cores)","boundary":"device_resident","impl":"gemm","lib_version":"0.19.0","impl_threads":8,"size":512,"warmup":20,"iters":20,"tflops_median":0.6492,"tflops_q1":0.5978,"tflops_q3":0.6802,"output_match":true,"mismatch_detail":null}
::warning::size=1024 出力不一致（matrixmultiply）: matrixmultiply: index=5119 reference=-0.0021471737 candidate=-0.0021572113 abs_diff=0.000010037562 rel_diff=0.004653027
{"date":"2026-09-04","commit":"ea19a34","hw":"macos/aarch64 (16 logical cores)","boundary":"device_resident","impl":"self_gemm_blis_parallel","lib_version":"0.1.0","impl_threads":8,"size":1024,"warmup":20,"iters":20,"tflops_median":0.6969,"tflops_q1":0.6828,"tflops_q3":0.7090,"output_match":true,"mismatch_detail":null}
{"date":"2026-09-04","commit":"ea19a34","hw":"macos/aarch64 (16 logical cores)","boundary":"device_resident","impl":"matrixmultiply","lib_version":"0.3.11","impl_threads":1,"size":1024,"warmup":20,"iters":20,"tflops_median":0.1041,"tflops_q1":0.1025,"tflops_q3":0.1077,"output_match":false,"mismatch_detail":"matrixmultiply: index=5119 reference=-0.0021471737 candidate=-0.0021572113 abs_diff=0.000010037562 rel_diff=0.004653027"}
{"date":"2026-09-04","commit":"ea19a34","hw":"macos/aarch64 (16 logical cores)","boundary":"device_resident","impl":"gemm","lib_version":"0.19.0","impl_threads":8,"size":1024,"warmup":20,"iters":20,"tflops_median":0.7277,"tflops_q1":0.6918,"tflops_q3":0.7465,"output_match":true,"mismatch_detail":null}
::warning::size=2048 出力不一致（matrixmultiply）: matrixmultiply: index=1988 reference=-0.0072821276 candidate=-0.00727129 abs_diff=0.000010837801 rel_diff=0.001488274
{"date":"2026-09-04","commit":"ea19a34","hw":"macos/aarch64 (16 logical cores)","boundary":"device_resident","impl":"self_gemm_blis_parallel","lib_version":"0.1.0","impl_threads":8,"size":2048,"warmup":20,"iters":20,"tflops_median":0.6842,"tflops_q1":0.6802,"tflops_q3":0.6958,"output_match":true,"mismatch_detail":null}
{"date":"2026-09-04","commit":"ea19a34","hw":"macos/aarch64 (16 logical cores)","boundary":"device_resident","impl":"matrixmultiply","lib_version":"0.3.11","impl_threads":1,"size":2048,"warmup":20,"iters":20,"tflops_median":0.1065,"tflops_q1":0.1053,"tflops_q3":0.1079,"output_match":false,"mismatch_detail":"matrixmultiply: index=1988 reference=-0.0072821276 candidate=-0.00727129 abs_diff=0.000010837801 rel_diff=0.001488274"}
{"date":"2026-09-04","commit":"ea19a34","hw":"macos/aarch64 (16 logical cores)","boundary":"device_resident","impl":"gemm","lib_version":"0.19.0","impl_threads":8,"size":2048,"warmup":20,"iters":20,"tflops_median":0.6761,"tflops_q1":0.6679,"tflops_q3":0.6800,"output_match":true,"mismatch_detail":null}
::error::出力突合 NG（統一複合判定: 相対誤差 1e-3 未満 または 絶対誤差 1e-5 未満）を検出した。各 JSON Lines レコードの output_match / mismatch_detail を参照。既知の限界は docs/oss-comparison-harness-decision.md「出力突合とその限界」節を参照。
== RAYON_NUM_THREADS=12 run=1 ==
oss-gemm-compare: commit=ea19a34 hw=macos/aarch64 (16 logical cores) rayon_threads=12
{"date":"2026-09-04","commit":"ea19a34","hw":"macos/aarch64 (16 logical cores)","boundary":"device_resident","impl":"self_gemm_blis_parallel","lib_version":"0.1.0","impl_threads":12,"size":512,"warmup":20,"iters":20,"tflops_median":0.4262,"tflops_q1":0.4210,"tflops_q3":0.4394,"output_match":true,"mismatch_detail":null}
{"date":"2026-09-04","commit":"ea19a34","hw":"macos/aarch64 (16 logical cores)","boundary":"device_resident","impl":"matrixmultiply","lib_version":"0.3.11","impl_threads":1,"size":512,"warmup":20,"iters":20,"tflops_median":0.1036,"tflops_q1":0.1035,"tflops_q3":0.1036,"output_match":true,"mismatch_detail":null}
{"date":"2026-09-04","commit":"ea19a34","hw":"macos/aarch64 (16 logical cores)","boundary":"device_resident","impl":"gemm","lib_version":"0.19.0","impl_threads":12,"size":512,"warmup":20,"iters":20,"tflops_median":0.4881,"tflops_q1":0.4578,"tflops_q3":0.5009,"output_match":true,"mismatch_detail":null}
::warning::size=1024 出力不一致（matrixmultiply）: matrixmultiply: index=5119 reference=-0.0021471737 candidate=-0.0021572113 abs_diff=0.000010037562 rel_diff=0.004653027
{"date":"2026-09-04","commit":"ea19a34","hw":"macos/aarch64 (16 logical cores)","boundary":"device_resident","impl":"self_gemm_blis_parallel","lib_version":"0.1.0","impl_threads":12,"size":1024,"warmup":20,"iters":20,"tflops_median":0.6061,"tflops_q1":0.5719,"tflops_q3":0.6172,"output_match":true,"mismatch_detail":null}
{"date":"2026-09-04","commit":"ea19a34","hw":"macos/aarch64 (16 logical cores)","boundary":"device_resident","impl":"matrixmultiply","lib_version":"0.3.11","impl_threads":1,"size":1024,"warmup":20,"iters":20,"tflops_median":0.1060,"tflops_q1":0.1050,"tflops_q3":0.1077,"output_match":false,"mismatch_detail":"matrixmultiply: index=5119 reference=-0.0021471737 candidate=-0.0021572113 abs_diff=0.000010037562 rel_diff=0.004653027"}
{"date":"2026-09-04","commit":"ea19a34","hw":"macos/aarch64 (16 logical cores)","boundary":"device_resident","impl":"gemm","lib_version":"0.19.0","impl_threads":12,"size":1024,"warmup":20,"iters":20,"tflops_median":0.6850,"tflops_q1":0.6679,"tflops_q3":0.6990,"output_match":true,"mismatch_detail":null}
::warning::size=2048 出力不一致（matrixmultiply）: matrixmultiply: index=1988 reference=-0.0072821276 candidate=-0.00727129 abs_diff=0.000010837801 rel_diff=0.001488274
{"date":"2026-09-04","commit":"ea19a34","hw":"macos/aarch64 (16 logical cores)","boundary":"device_resident","impl":"self_gemm_blis_parallel","lib_version":"0.1.0","impl_threads":12,"size":2048,"warmup":20,"iters":20,"tflops_median":0.6812,"tflops_q1":0.6368,"tflops_q3":0.6997,"output_match":true,"mismatch_detail":null}
{"date":"2026-09-04","commit":"ea19a34","hw":"macos/aarch64 (16 logical cores)","boundary":"device_resident","impl":"matrixmultiply","lib_version":"0.3.11","impl_threads":1,"size":2048,"warmup":20,"iters":20,"tflops_median":0.1095,"tflops_q1":0.1076,"tflops_q3":0.1099,"output_match":false,"mismatch_detail":"matrixmultiply: index=1988 reference=-0.0072821276 candidate=-0.00727129 abs_diff=0.000010837801 rel_diff=0.001488274"}
{"date":"2026-09-04","commit":"ea19a34","hw":"macos/aarch64 (16 logical cores)","boundary":"device_resident","impl":"gemm","lib_version":"0.19.0","impl_threads":12,"size":2048,"warmup":20,"iters":20,"tflops_median":0.7795,"tflops_q1":0.7585,"tflops_q3":0.7898,"output_match":true,"mismatch_detail":null}
::error::出力突合 NG（統一複合判定: 相対誤差 1e-3 未満 または 絶対誤差 1e-5 未満）を検出した。各 JSON Lines レコードの output_match / mismatch_detail を参照。既知の限界は docs/oss-comparison-harness-decision.md「出力突合とその限界」節を参照。
== RAYON_NUM_THREADS=12 run=2 ==
oss-gemm-compare: commit=ea19a34 hw=macos/aarch64 (16 logical cores) rayon_threads=12
{"date":"2026-09-04","commit":"ea19a34","hw":"macos/aarch64 (16 logical cores)","boundary":"device_resident","impl":"self_gemm_blis_parallel","lib_version":"0.1.0","impl_threads":12,"size":512,"warmup":20,"iters":20,"tflops_median":0.4514,"tflops_q1":0.4391,"tflops_q3":0.4682,"output_match":true,"mismatch_detail":null}
{"date":"2026-09-04","commit":"ea19a34","hw":"macos/aarch64 (16 logical cores)","boundary":"device_resident","impl":"matrixmultiply","lib_version":"0.3.11","impl_threads":1,"size":512,"warmup":20,"iters":20,"tflops_median":0.1048,"tflops_q1":0.1037,"tflops_q3":0.1055,"output_match":true,"mismatch_detail":null}
{"date":"2026-09-04","commit":"ea19a34","hw":"macos/aarch64 (16 logical cores)","boundary":"device_resident","impl":"gemm","lib_version":"0.19.0","impl_threads":12,"size":512,"warmup":20,"iters":20,"tflops_median":0.4930,"tflops_q1":0.4656,"tflops_q3":0.5180,"output_match":true,"mismatch_detail":null}
::warning::size=1024 出力不一致（matrixmultiply）: matrixmultiply: index=5119 reference=-0.0021471737 candidate=-0.0021572113 abs_diff=0.000010037562 rel_diff=0.004653027
{"date":"2026-09-04","commit":"ea19a34","hw":"macos/aarch64 (16 logical cores)","boundary":"device_resident","impl":"self_gemm_blis_parallel","lib_version":"0.1.0","impl_threads":12,"size":1024,"warmup":20,"iters":20,"tflops_median":0.6334,"tflops_q1":0.6103,"tflops_q3":0.6528,"output_match":true,"mismatch_detail":null}
{"date":"2026-09-04","commit":"ea19a34","hw":"macos/aarch64 (16 logical cores)","boundary":"device_resident","impl":"matrixmultiply","lib_version":"0.3.11","impl_threads":1,"size":1024,"warmup":20,"iters":20,"tflops_median":0.1095,"tflops_q1":0.1081,"tflops_q3":0.1104,"output_match":false,"mismatch_detail":"matrixmultiply: index=5119 reference=-0.0021471737 candidate=-0.0021572113 abs_diff=0.000010037562 rel_diff=0.004653027"}
{"date":"2026-09-04","commit":"ea19a34","hw":"macos/aarch64 (16 logical cores)","boundary":"device_resident","impl":"gemm","lib_version":"0.19.0","impl_threads":12,"size":1024,"warmup":20,"iters":20,"tflops_median":0.7024,"tflops_q1":0.6812,"tflops_q3":0.7173,"output_match":true,"mismatch_detail":null}
::warning::size=2048 出力不一致（matrixmultiply）: matrixmultiply: index=1988 reference=-0.0072821276 candidate=-0.00727129 abs_diff=0.000010837801 rel_diff=0.001488274
{"date":"2026-09-04","commit":"ea19a34","hw":"macos/aarch64 (16 logical cores)","boundary":"device_resident","impl":"self_gemm_blis_parallel","lib_version":"0.1.0","impl_threads":12,"size":2048,"warmup":20,"iters":20,"tflops_median":0.7214,"tflops_q1":0.6825,"tflops_q3":0.7465,"output_match":true,"mismatch_detail":null}
{"date":"2026-09-04","commit":"ea19a34","hw":"macos/aarch64 (16 logical cores)","boundary":"device_resident","impl":"matrixmultiply","lib_version":"0.3.11","impl_threads":1,"size":2048,"warmup":20,"iters":20,"tflops_median":0.1091,"tflops_q1":0.1055,"tflops_q3":0.1101,"output_match":false,"mismatch_detail":"matrixmultiply: index=1988 reference=-0.0072821276 candidate=-0.00727129 abs_diff=0.000010837801 rel_diff=0.001488274"}
{"date":"2026-09-04","commit":"ea19a34","hw":"macos/aarch64 (16 logical cores)","boundary":"device_resident","impl":"gemm","lib_version":"0.19.0","impl_threads":12,"size":2048,"warmup":20,"iters":20,"tflops_median":0.6888,"tflops_q1":0.6757,"tflops_q3":0.7192,"output_match":true,"mismatch_detail":null}
::error::出力突合 NG（統一複合判定: 相対誤差 1e-3 未満 または 絶対誤差 1e-5 未満）を検出した。各 JSON Lines レコードの output_match / mismatch_detail を参照。既知の限界は docs/oss-comparison-harness-decision.md「出力突合とその限界」節を参照。
== RAYON_NUM_THREADS=12 run=3 ==
oss-gemm-compare: commit=ea19a34 hw=macos/aarch64 (16 logical cores) rayon_threads=12
{"date":"2026-09-04","commit":"ea19a34","hw":"macos/aarch64 (16 logical cores)","boundary":"device_resident","impl":"self_gemm_blis_parallel","lib_version":"0.1.0","impl_threads":12,"size":512,"warmup":20,"iters":20,"tflops_median":0.4144,"tflops_q1":0.4046,"tflops_q3":0.4299,"output_match":true,"mismatch_detail":null}
{"date":"2026-09-04","commit":"ea19a34","hw":"macos/aarch64 (16 logical cores)","boundary":"device_resident","impl":"matrixmultiply","lib_version":"0.3.11","impl_threads":1,"size":512,"warmup":20,"iters":20,"tflops_median":0.0999,"tflops_q1":0.0999,"tflops_q3":0.1000,"output_match":true,"mismatch_detail":null}
{"date":"2026-09-04","commit":"ea19a34","hw":"macos/aarch64 (16 logical cores)","boundary":"device_resident","impl":"gemm","lib_version":"0.19.0","impl_threads":12,"size":512,"warmup":20,"iters":20,"tflops_median":0.4718,"tflops_q1":0.4342,"tflops_q3":0.5003,"output_match":true,"mismatch_detail":null}
::warning::size=1024 出力不一致（matrixmultiply）: matrixmultiply: index=5119 reference=-0.0021471737 candidate=-0.0021572113 abs_diff=0.000010037562 rel_diff=0.004653027
{"date":"2026-09-04","commit":"ea19a34","hw":"macos/aarch64 (16 logical cores)","boundary":"device_resident","impl":"self_gemm_blis_parallel","lib_version":"0.1.0","impl_threads":12,"size":1024,"warmup":20,"iters":20,"tflops_median":0.5944,"tflops_q1":0.5633,"tflops_q3":0.6096,"output_match":true,"mismatch_detail":null}
{"date":"2026-09-04","commit":"ea19a34","hw":"macos/aarch64 (16 logical cores)","boundary":"device_resident","impl":"matrixmultiply","lib_version":"0.3.11","impl_threads":1,"size":1024,"warmup":20,"iters":20,"tflops_median":0.1011,"tflops_q1":0.0998,"tflops_q3":0.1035,"output_match":false,"mismatch_detail":"matrixmultiply: index=5119 reference=-0.0021471737 candidate=-0.0021572113 abs_diff=0.000010037562 rel_diff=0.004653027"}
{"date":"2026-09-04","commit":"ea19a34","hw":"macos/aarch64 (16 logical cores)","boundary":"device_resident","impl":"gemm","lib_version":"0.19.0","impl_threads":12,"size":1024,"warmup":20,"iters":20,"tflops_median":0.6513,"tflops_q1":0.6381,"tflops_q3":0.6715,"output_match":true,"mismatch_detail":null}
::warning::size=2048 出力不一致（matrixmultiply）: matrixmultiply: index=1988 reference=-0.0072821276 candidate=-0.00727129 abs_diff=0.000010837801 rel_diff=0.001488274
{"date":"2026-09-04","commit":"ea19a34","hw":"macos/aarch64 (16 logical cores)","boundary":"device_resident","impl":"self_gemm_blis_parallel","lib_version":"0.1.0","impl_threads":12,"size":2048,"warmup":20,"iters":20,"tflops_median":0.6509,"tflops_q1":0.6196,"tflops_q3":0.7055,"output_match":true,"mismatch_detail":null}
{"date":"2026-09-04","commit":"ea19a34","hw":"macos/aarch64 (16 logical cores)","boundary":"device_resident","impl":"matrixmultiply","lib_version":"0.3.11","impl_threads":1,"size":2048,"warmup":20,"iters":20,"tflops_median":0.1056,"tflops_q1":0.1041,"tflops_q3":0.1088,"output_match":false,"mismatch_detail":"matrixmultiply: index=1988 reference=-0.0072821276 candidate=-0.00727129 abs_diff=0.000010837801 rel_diff=0.001488274"}
{"date":"2026-09-04","commit":"ea19a34","hw":"macos/aarch64 (16 logical cores)","boundary":"device_resident","impl":"gemm","lib_version":"0.19.0","impl_threads":12,"size":2048,"warmup":20,"iters":20,"tflops_median":0.7351,"tflops_q1":0.7278,"tflops_q3":0.7853,"output_match":true,"mismatch_detail":null}
::error::出力突合 NG（統一複合判定: 相対誤差 1e-3 未満 または 絶対誤差 1e-5 未満）を検出した。各 JSON Lines レコードの output_match / mismatch_detail を参照。既知の限界は docs/oss-comparison-harness-decision.md「出力突合とその限界」節を参照。
== RAYON_NUM_THREADS=16 run=1 ==
oss-gemm-compare: commit=ea19a34 hw=macos/aarch64 (16 logical cores) rayon_threads=16
{"date":"2026-09-04","commit":"ea19a34","hw":"macos/aarch64 (16 logical cores)","boundary":"device_resident","impl":"self_gemm_blis_parallel","lib_version":"0.1.0","impl_threads":16,"size":512,"warmup":20,"iters":20,"tflops_median":0.4693,"tflops_q1":0.4600,"tflops_q3":0.4993,"output_match":true,"mismatch_detail":null}
{"date":"2026-09-04","commit":"ea19a34","hw":"macos/aarch64 (16 logical cores)","boundary":"device_resident","impl":"matrixmultiply","lib_version":"0.3.11","impl_threads":1,"size":512,"warmup":20,"iters":20,"tflops_median":0.1073,"tflops_q1":0.1072,"tflops_q3":0.1097,"output_match":true,"mismatch_detail":null}
{"date":"2026-09-04","commit":"ea19a34","hw":"macos/aarch64 (16 logical cores)","boundary":"device_resident","impl":"gemm","lib_version":"0.19.0","impl_threads":16,"size":512,"warmup":20,"iters":20,"tflops_median":0.5085,"tflops_q1":0.4752,"tflops_q3":0.5484,"output_match":true,"mismatch_detail":null}
::warning::size=1024 出力不一致（matrixmultiply）: matrixmultiply: index=5119 reference=-0.0021471737 candidate=-0.0021572113 abs_diff=0.000010037562 rel_diff=0.004653027
{"date":"2026-09-04","commit":"ea19a34","hw":"macos/aarch64 (16 logical cores)","boundary":"device_resident","impl":"self_gemm_blis_parallel","lib_version":"0.1.0","impl_threads":16,"size":1024,"warmup":20,"iters":20,"tflops_median":0.6818,"tflops_q1":0.6713,"tflops_q3":0.6876,"output_match":true,"mismatch_detail":null}
{"date":"2026-09-04","commit":"ea19a34","hw":"macos/aarch64 (16 logical cores)","boundary":"device_resident","impl":"matrixmultiply","lib_version":"0.3.11","impl_threads":1,"size":1024,"warmup":20,"iters":20,"tflops_median":0.1039,"tflops_q1":0.1033,"tflops_q3":0.1076,"output_match":false,"mismatch_detail":"matrixmultiply: index=5119 reference=-0.0021471737 candidate=-0.0021572113 abs_diff=0.000010037562 rel_diff=0.004653027"}
{"date":"2026-09-04","commit":"ea19a34","hw":"macos/aarch64 (16 logical cores)","boundary":"device_resident","impl":"gemm","lib_version":"0.19.0","impl_threads":16,"size":1024,"warmup":20,"iters":20,"tflops_median":0.7640,"tflops_q1":0.7440,"tflops_q3":0.7884,"output_match":true,"mismatch_detail":null}
::warning::size=2048 出力不一致（matrixmultiply）: matrixmultiply: index=1988 reference=-0.0072821276 candidate=-0.00727129 abs_diff=0.000010837801 rel_diff=0.001488274
{"date":"2026-09-04","commit":"ea19a34","hw":"macos/aarch64 (16 logical cores)","boundary":"device_resident","impl":"self_gemm_blis_parallel","lib_version":"0.1.0","impl_threads":16,"size":2048,"warmup":20,"iters":20,"tflops_median":0.7580,"tflops_q1":0.7284,"tflops_q3":0.7860,"output_match":true,"mismatch_detail":null}
{"date":"2026-09-04","commit":"ea19a34","hw":"macos/aarch64 (16 logical cores)","boundary":"device_resident","impl":"matrixmultiply","lib_version":"0.3.11","impl_threads":1,"size":2048,"warmup":20,"iters":20,"tflops_median":0.1087,"tflops_q1":0.1075,"tflops_q3":0.1096,"output_match":false,"mismatch_detail":"matrixmultiply: index=1988 reference=-0.0072821276 candidate=-0.00727129 abs_diff=0.000010837801 rel_diff=0.001488274"}
{"date":"2026-09-04","commit":"ea19a34","hw":"macos/aarch64 (16 logical cores)","boundary":"device_resident","impl":"gemm","lib_version":"0.19.0","impl_threads":16,"size":2048,"warmup":20,"iters":20,"tflops_median":0.7033,"tflops_q1":0.6994,"tflops_q3":0.7113,"output_match":true,"mismatch_detail":null}
::error::出力突合 NG（統一複合判定: 相対誤差 1e-3 未満 または 絶対誤差 1e-5 未満）を検出した。各 JSON Lines レコードの output_match / mismatch_detail を参照。既知の限界は docs/oss-comparison-harness-decision.md「出力突合とその限界」節を参照。
== RAYON_NUM_THREADS=16 run=2 ==
oss-gemm-compare: commit=ea19a34 hw=macos/aarch64 (16 logical cores) rayon_threads=16
{"date":"2026-09-04","commit":"ea19a34","hw":"macos/aarch64 (16 logical cores)","boundary":"device_resident","impl":"self_gemm_blis_parallel","lib_version":"0.1.0","impl_threads":16,"size":512,"warmup":20,"iters":20,"tflops_median":0.4237,"tflops_q1":0.3798,"tflops_q3":0.4532,"output_match":true,"mismatch_detail":null}
{"date":"2026-09-04","commit":"ea19a34","hw":"macos/aarch64 (16 logical cores)","boundary":"device_resident","impl":"matrixmultiply","lib_version":"0.3.11","impl_threads":1,"size":512,"warmup":20,"iters":20,"tflops_median":0.0999,"tflops_q1":0.0995,"tflops_q3":0.1032,"output_match":true,"mismatch_detail":null}
{"date":"2026-09-04","commit":"ea19a34","hw":"macos/aarch64 (16 logical cores)","boundary":"device_resident","impl":"gemm","lib_version":"0.19.0","impl_threads":16,"size":512,"warmup":20,"iters":20,"tflops_median":0.5418,"tflops_q1":0.5066,"tflops_q3":0.5775,"output_match":true,"mismatch_detail":null}
::warning::size=1024 出力不一致（matrixmultiply）: matrixmultiply: index=5119 reference=-0.0021471737 candidate=-0.0021572113 abs_diff=0.000010037562 rel_diff=0.004653027
{"date":"2026-09-04","commit":"ea19a34","hw":"macos/aarch64 (16 logical cores)","boundary":"device_resident","impl":"self_gemm_blis_parallel","lib_version":"0.1.0","impl_threads":16,"size":1024,"warmup":20,"iters":20,"tflops_median":0.6161,"tflops_q1":0.5953,"tflops_q3":0.6395,"output_match":true,"mismatch_detail":null}
{"date":"2026-09-04","commit":"ea19a34","hw":"macos/aarch64 (16 logical cores)","boundary":"device_resident","impl":"matrixmultiply","lib_version":"0.3.11","impl_threads":1,"size":1024,"warmup":20,"iters":20,"tflops_median":0.1002,"tflops_q1":0.0995,"tflops_q3":0.1035,"output_match":false,"mismatch_detail":"matrixmultiply: index=5119 reference=-0.0021471737 candidate=-0.0021572113 abs_diff=0.000010037562 rel_diff=0.004653027"}
{"date":"2026-09-04","commit":"ea19a34","hw":"macos/aarch64 (16 logical cores)","boundary":"device_resident","impl":"gemm","lib_version":"0.19.0","impl_threads":16,"size":1024,"warmup":20,"iters":20,"tflops_median":0.6997,"tflops_q1":0.6864,"tflops_q3":0.7130,"output_match":true,"mismatch_detail":null}
::warning::size=2048 出力不一致（matrixmultiply）: matrixmultiply: index=1988 reference=-0.0072821276 candidate=-0.00727129 abs_diff=0.000010837801 rel_diff=0.001488274
{"date":"2026-09-04","commit":"ea19a34","hw":"macos/aarch64 (16 logical cores)","boundary":"device_resident","impl":"self_gemm_blis_parallel","lib_version":"0.1.0","impl_threads":16,"size":2048,"warmup":20,"iters":20,"tflops_median":0.6789,"tflops_q1":0.6616,"tflops_q3":0.6968,"output_match":true,"mismatch_detail":null}
{"date":"2026-09-04","commit":"ea19a34","hw":"macos/aarch64 (16 logical cores)","boundary":"device_resident","impl":"matrixmultiply","lib_version":"0.3.11","impl_threads":1,"size":2048,"warmup":20,"iters":20,"tflops_median":0.0998,"tflops_q1":0.0994,"tflops_q3":0.1014,"output_match":false,"mismatch_detail":"matrixmultiply: index=1988 reference=-0.0072821276 candidate=-0.00727129 abs_diff=0.000010837801 rel_diff=0.001488274"}
{"date":"2026-09-04","commit":"ea19a34","hw":"macos/aarch64 (16 logical cores)","boundary":"device_resident","impl":"gemm","lib_version":"0.19.0","impl_threads":16,"size":2048,"warmup":20,"iters":20,"tflops_median":0.8156,"tflops_q1":0.7404,"tflops_q3":0.8401,"output_match":true,"mismatch_detail":null}
::error::出力突合 NG（統一複合判定: 相対誤差 1e-3 未満 または 絶対誤差 1e-5 未満）を検出した。各 JSON Lines レコードの output_match / mismatch_detail を参照。既知の限界は docs/oss-comparison-harness-decision.md「出力突合とその限界」節を参照。
== RAYON_NUM_THREADS=16 run=3 ==
oss-gemm-compare: commit=ea19a34 hw=macos/aarch64 (16 logical cores) rayon_threads=16
{"date":"2026-09-04","commit":"ea19a34","hw":"macos/aarch64 (16 logical cores)","boundary":"device_resident","impl":"self_gemm_blis_parallel","lib_version":"0.1.0","impl_threads":16,"size":512,"warmup":20,"iters":20,"tflops_median":0.4585,"tflops_q1":0.4438,"tflops_q3":0.4705,"output_match":true,"mismatch_detail":null}
{"date":"2026-09-04","commit":"ea19a34","hw":"macos/aarch64 (16 logical cores)","boundary":"device_resident","impl":"matrixmultiply","lib_version":"0.3.11","impl_threads":1,"size":512,"warmup":20,"iters":20,"tflops_median":0.1053,"tflops_q1":0.1047,"tflops_q3":0.1055,"output_match":true,"mismatch_detail":null}
{"date":"2026-09-04","commit":"ea19a34","hw":"macos/aarch64 (16 logical cores)","boundary":"device_resident","impl":"gemm","lib_version":"0.19.0","impl_threads":16,"size":512,"warmup":20,"iters":20,"tflops_median":0.4894,"tflops_q1":0.4540,"tflops_q3":0.5364,"output_match":true,"mismatch_detail":null}
::warning::size=1024 出力不一致（matrixmultiply）: matrixmultiply: index=5119 reference=-0.0021471737 candidate=-0.0021572113 abs_diff=0.000010037562 rel_diff=0.004653027
{"date":"2026-09-04","commit":"ea19a34","hw":"macos/aarch64 (16 logical cores)","boundary":"device_resident","impl":"self_gemm_blis_parallel","lib_version":"0.1.0","impl_threads":16,"size":1024,"warmup":20,"iters":20,"tflops_median":0.7172,"tflops_q1":0.6951,"tflops_q3":0.7601,"output_match":true,"mismatch_detail":null}
{"date":"2026-09-04","commit":"ea19a34","hw":"macos/aarch64 (16 logical cores)","boundary":"device_resident","impl":"matrixmultiply","lib_version":"0.3.11","impl_threads":1,"size":1024,"warmup":20,"iters":20,"tflops_median":0.1103,"tflops_q1":0.1095,"tflops_q3":0.1114,"output_match":false,"mismatch_detail":"matrixmultiply: index=5119 reference=-0.0021471737 candidate=-0.0021572113 abs_diff=0.000010037562 rel_diff=0.004653027"}
{"date":"2026-09-04","commit":"ea19a34","hw":"macos/aarch64 (16 logical cores)","boundary":"device_resident","impl":"gemm","lib_version":"0.19.0","impl_threads":16,"size":1024,"warmup":20,"iters":20,"tflops_median":0.8204,"tflops_q1":0.7904,"tflops_q3":0.8472,"output_match":true,"mismatch_detail":null}
::warning::size=2048 出力不一致（matrixmultiply）: matrixmultiply: index=1988 reference=-0.0072821276 candidate=-0.00727129 abs_diff=0.000010837801 rel_diff=0.001488274
{"date":"2026-09-04","commit":"ea19a34","hw":"macos/aarch64 (16 logical cores)","boundary":"device_resident","impl":"self_gemm_blis_parallel","lib_version":"0.1.0","impl_threads":16,"size":2048,"warmup":20,"iters":20,"tflops_median":0.7815,"tflops_q1":0.7656,"tflops_q3":0.8124,"output_match":true,"mismatch_detail":null}
{"date":"2026-09-04","commit":"ea19a34","hw":"macos/aarch64 (16 logical cores)","boundary":"device_resident","impl":"matrixmultiply","lib_version":"0.3.11","impl_threads":1,"size":2048,"warmup":20,"iters":20,"tflops_median":0.1111,"tflops_q1":0.1110,"tflops_q3":0.1112,"output_match":false,"mismatch_detail":"matrixmultiply: index=1988 reference=-0.0072821276 candidate=-0.00727129 abs_diff=0.000010837801 rel_diff=0.001488274"}
{"date":"2026-09-04","commit":"ea19a34","hw":"macos/aarch64 (16 logical cores)","boundary":"device_resident","impl":"gemm","lib_version":"0.19.0","impl_threads":16,"size":2048,"warmup":20,"iters":20,"tflops_median":0.8937,"tflops_q1":0.8833,"tflops_q3":0.9132,"output_match":true,"mismatch_detail":null}
::error::出力突合 NG（統一複合判定: 相対誤差 1e-3 未満 または 絶対誤差 1e-5 未満）を検出した。各 JSON Lines レコードの output_match / mismatch_detail を参照。既知の限界は docs/oss-comparison-harness-decision.md「出力突合とその限界」節を参照。
