start 2026-10-03T09:37:29Z sha=c8bb4132
run_all rc=0
stage1-done 2026-10-03T09:38:56Z rows=112 skipped=0
{"framework":"fandhe-ai","version":"0.10.0","task":"gemm","device":"cpu","size":256,"median_s":0.000386528,"q1_s":0.000369913,"q3_s":0.000434196,"gflops":86.810,"checksum":237.546660,"warmup":20,"iters":20,"mode":"reuse","init_s":0.001410417,"parity_total":65536,"parity_fail_count":0,"parity_max_abs_err":0.000000e0,"parity_max_rel_err":0.000000e0,"parity_scaled_abs_bound":0.000000e0,"parity_scaled_abs_rescued":0}
{"framework":"fandhe-ai","version":"0.10.0","task":"gemm","device":"cpu","size":512,"median_s":0.002476123,"q1_s":0.002255043,"q3_s":0.002538703,"gflops":108.410,"checksum":937.743233,"warmup":20,"iters":20,"mode":"reuse","init_s":0.001646722,"parity_total":262144,"parity_fail_count":0,"parity_max_abs_err":0.000000e0,"parity_max_rel_err":0.000000e0,"parity_scaled_abs_bound":0.000000e0,"parity_scaled_abs_rescued":0}
{"framework":"fandhe-ai","version":"0.10.0","task":"gemm","device":"cpu","size":1024,"median_s":0.005725367,"q1_s":0.005640651,"q3_s":0.006124215,"gflops":375.082,"checksum":-1855.597736,"warmup":20,"iters":20,"mode":"reuse","init_s":0.005880791,"parity_total":1048576,"parity_fail_count":0,"parity_max_abs_err":0.000000e0,"parity_max_rel_err":0.000000e0,"parity_scaled_abs_bound":0.000000e0,"parity_scaled_abs_rescued":0}
{"framework":"fandhe-ai","version":"0.10.0","task":"gemm","device":"cpu","size":2048,"median_s":0.027124545,"q1_s":0.021998111,"q3_s":0.027436905,"gflops":633.370,"checksum":-6016.774008,"warmup":20,"iters":20,"mode":"reuse","init_s":0.027737426,"parity_total":4194304,"parity_fail_count":0,"parity_max_abs_err":0.000000e0,"parity_max_rel_err":0.000000e0,"parity_scaled_abs_bound":0.000000e0,"parity_scaled_abs_rescued":0}
{"framework":"fandhe-ai","version":"0.10.0","task":"gemm","device":"cpu","size":4096,"median_s":0.124401759,"q1_s":0.122837381,"q3_s":0.127848095,"gflops":1104.799,"checksum":-25768.747284,"warmup":20,"iters":20,"mode":"reuse","init_s":0.132902112,"parity_total":16777216,"parity_fail_count":0,"parity_max_abs_err":0.000000e0,"parity_max_rel_err":0.000000e0,"parity_scaled_abs_bound":0.000000e0,"parity_scaled_abs_rescued":0}
{"framework":"fandhe-ai","version":"0.10.0","task":"gemm","device":"cpu","size":4096,"median_s":0.124110601,"q1_s":0.123039115,"q3_s":0.125636087,"gflops":1107.391,"checksum":-25768.747284,"warmup":20,"iters":20,"mode":"fresh","parity_total":16777216,"parity_fail_count":0,"parity_max_abs_err":0.000000e0,"parity_max_rel_err":0.000000e0,"parity_scaled_abs_bound":0.000000e0,"parity_scaled_abs_rescued":0}
{"framework":"candle","version":"0.11.0","task":"gemm","device":"cpu","size":4096,"median_s":0.219679882,"q1_s":0.218266649,"q3_s":0.224112704,"gflops":625.633,"checksum":-25768.736638,"warmup":20,"iters":20,"mode":"fresh","parity_total":16777216,"parity_fail_count":0,"parity_max_abs_err":8.964539e-5,"parity_max_rel_err":1.691077e0,"parity_scaled_abs_bound":3.051757e-5,"parity_scaled_abs_rescued":672}
{"framework":"burn","version":"0.21.0","task":"gemm","device":"cpu","size":4096,"median_s":1.227206973,"q1_s":1.226387191,"q3_s":1.228200071,"gflops":111.993,"checksum":-25768.726554,"warmup":20,"iters":20,"mode":"fresh","parity_total":16777216,"parity_fail_count":0,"parity_max_abs_err":8.964539e-5,"parity_max_rel_err":1.950224e0,"parity_scaled_abs_bound":3.051757e-5,"parity_scaled_abs_rescued":582}
stage2-done 2026-10-03T09:40:25Z rows=8
WARN: registry 0.10.0 line not found in log
== --framework pytorch --task gemm --device cpu --size 256 ==
== --framework pytorch --task gemm --device cpu --size 512 ==
== --framework pytorch --task gemm --device cpu --size 1024 ==
== --framework pytorch --task gemm --device cpu --size 2048 ==
== --framework pytorch --task gemm --device cpu --size 4096 ==
== --framework pytorch --task train --device cpu --size 64 ==
== --framework pytorch --task infer --device cpu --size 64 ==
== --framework tensorflow --task gemm --device cpu --size 256 ==
== --framework tensorflow --task gemm --device cpu --size 512 ==
== --framework tensorflow --task gemm --device cpu --size 1024 ==
== --framework tensorflow --task gemm --device cpu --size 2048 ==
== --framework tensorflow --task gemm --device cpu --size 4096 ==
== --framework tensorflow --task train --device cpu --size 64 ==
== --framework tensorflow --task infer --device cpu --size 64 ==
== --framework scipy --task gemm --device cpu --size 256 ==
== --framework scipy --task gemm --device cpu --size 512 ==
== --framework scipy --task gemm --device cpu --size 1024 ==
== --framework scipy --task gemm --device cpu --size 2048 ==
== --framework scipy --task gemm --device cpu --size 4096 ==
== --framework scipy --task train --device cpu --size 64 ==
== --framework scipy --task infer --device cpu --size 64 ==
== --framework pytorch --task gemm --device cuda --size 256 ==
== --framework pytorch --task gemm --device cuda --size 512 ==
== --framework pytorch --task gemm --device cuda --size 1024 ==
== --framework pytorch --task gemm --device cuda --size 2048 ==
== --framework pytorch --task gemm --device cuda --size 4096 ==
== --framework pytorch --task train --device cuda --size 64 ==
== --framework pytorch --task infer --device cuda --size 64 ==
stage3-done 2026-10-03T09:41:37Z pyrows=28
done. 2026-10-03T09:41:37Z
