# state: base (HEAD, no E1 pragma) - run2
# ---
  --> crates/backend-cuda/src/gemm_mma.rs:21:5
   |
21 | use crate::context_cache;
   |     ^^^^^^^^^^^^^^^^^^^^
   |
   = note: `#[warn(unused_imports)]` (part of `#[warn(unused)]`) on by default

   --> crates/backend-cuda/src/gemm.rs:768:48
    |
768 | pub struct TiledPipelineFunction(CudaFunction, usize);
    |            ---------------------               ^^^^^
    |            |
    |            field in this struct
    |
    = help: consider removing this field
    = note: `#[warn(dead_code)]` (part of `#[warn(unused)]`) on by default

   --> crates/backend-cuda/src/gemm.rs:781:8
    |
770 | impl TiledPipelineFunction {
    | -------------------------- method in this implementation
...
781 |     fn context_ptr(&self) -> usize {
    |        ^^^^^^^^^^^

  --> crates/backend-cuda/src/gemm_variant.rs:89:10
   |
89 | pub enum GemmVariantKind {
   |          ^^^^^^^^^^^^^^^

   --> crates/backend-cuda/src/gemm_variant.rs:113:11
    |
113 | pub const SPLITK_MIN_K: u32 = 1024;
    |           ^^^^^^^^^^^^

   --> crates/backend-cuda/src/gemm_variant.rs:118:11
    |
118 | pub const SPLITK_MIN_K_PER_SPLIT: u32 = 32;
    |           ^^^^^^^^^^^^^^^^^^^^^^

   --> crates/backend-cuda/src/gemm_variant.rs:124:11
    |
124 | pub const SPLITK_MAX_SPLITS: u32 = 32;
    |           ^^^^^^^^^^^^^^^^^

   --> crates/backend-cuda/src/gemm_variant.rs:130:11
    |
130 | pub const SPLITK_PARTIAL_MAX_BYTES: u64 = 256 * 1024 * 1024;
    |           ^^^^^^^^^^^^^^^^^^^^^^^^

   --> crates/backend-cuda/src/gemm_variant.rs:134:11
    |
134 | pub const DOUBLE_BUFFER_MIN_K: u32 = 2 * 32;
    |           ^^^^^^^^^^^^^^^^^^^

   --> crates/backend-cuda/src/gemm_variant.rs:141:7
    |
141 | const VARIANT_TILE: u32 = 32;
    |       ^^^^^^^^^^^^

   --> crates/backend-cuda/src/gemm_variant.rs:147:4
    |
147 | fn num_blocks(m: u32, n: u32) -> u64 {
    |    ^^^^^^^^^^

   --> crates/backend-cuda/src/gemm_variant.rs:159:4
    |
159 | fn derive_split_count(num_blocks: u64, num_sms: u32, k: u32) -> u32 {
    |    ^^^^^^^^^^^^^^^^^^

   --> crates/backend-cuda/src/gemm_variant.rs:206:15
    |
206 | pub(crate) fn recommend_split_count(m: u32, n: u32, k: u32, num_sms: u32) -> Option<u32> {
    |               ^^^^^^^^^^^^^^^^^^^^^

   --> crates/backend-cuda/src/gemm_variant.rs:221:4
    |
221 | fn split_k_partial_bytes(num_splits: u32, m: u32, n: u32) -> Option<u64> {
    |    ^^^^^^^^^^^^^^^^^^^^^

   --> crates/backend-cuda/src/gemm_variant.rs:264:8
    |
264 | pub fn select_f32_gemm_variant(
    |        ^^^^^^^^^^^^^^^^^^^^^^^

   --> crates/backend-cuda/src/gemm_variant.rs:301:8
    |
301 | pub fn validate_split_k_launch(m: u32, n: u32, num_splits: u32) -> Result<(), CudaError> {
    |        ^^^^^^^^^^^^^^^^^^^^^^^

  --> crates/backend-cuda/src/kernels_gemm_variants.rs:26:11
   |
26 | pub const TILED_DB_TILE: u32 = 32;
   |           ^^^^^^^^^^^^^

  --> crates/backend-cuda/src/kernels_gemm_variants.rs:55:11
   |
55 | pub const TILED_DB_F32: &str = r#"
   |           ^^^^^^^^^^^^

   --> crates/backend-cuda/src/kernels_gemm_variants.rs:144:11
    |
144 | pub const SPLITK_PARTIAL_F32: &str = r#"
    |           ^^^^^^^^^^^^^^^^^^

   --> crates/backend-cuda/src/kernels_gemm_variants.rs:212:11
    |
212 | pub const SPLITK_REDUCE_BLOCK_DIM: u32 = 256;
    |           ^^^^^^^^^^^^^^^^^^^^^^^

   --> crates/backend-cuda/src/kernels_gemm_variants.rs:228:11
    |
228 | pub const SPLITK_REDUCE_F32: &str = r#"
    |           ^^^^^^^^^^^^^^^^^

   --> crates/backend-cuda/src/kernels.rs:731:8
    |
731 | pub fn tiled_f32_source_with_swizzle(group_width: u32) -> Result<String, crate::error::CudaError> {
    |        ^^^^^^^^^^^^^^^^^^^^^^^^^^^^^

   --> crates/backend-cuda/src/kernels_tiled_pipeline.rs:226:8
    |
226 | pub fn tiled_pipeline_f32_source_with_stages(stages: u32) -> Result<String, CudaError> {
    |        ^^^^^^^^^^^^^^^^^^^^^^^^^^^^^^^^^^^^^

   --> crates/backend-cuda/src/pool.rs:259:19
    |
239 | impl<T: PoolDtype> PooledCudaHandle<T> {
    | -------------------------------------- method in this implementation
...
259 |     pub(crate) fn context(&self) -> &Arc<CudaContext> {
    |                   ^^^^^^^

   --> crates/backend-cuda/src/pool.rs:651:19
    |
457 | impl CudaAllocator {
    | ------------------ methods in this implementation
...
651 |     pub(crate) fn alloc_uninit_f16(
    |                   ^^^^^^^^^^^^^^^^
...
666 |     pub(crate) fn upload_f16(&self, src: &[f16]) -> Result<PooledCudaHandle<f16>, CudaError> {
    |                   ^^^^^^^^^^

    Finished `release` profile [optimized] target(s) in 1.79s
     Running `target/release/examples/gemm_transpose_tile_sweep`
shape=(512,512,512) pattern=NN candidate=cand0_64x64_wm2wn2 tflops=0.2478 resolved_matches_requested=true
shape=(512,512,512) pattern=NN candidate=cand1_64x32_wm2wn2_tall tflops=0.7862 resolved_matches_requested=true
shape=(512,512,512) pattern=NN candidate=cand2_32x64_wm2wn2_wide tflops=0.7403 resolved_matches_requested=true
shape=(512,512,512) pattern=NN candidate=cand3_32x32_wm2wn2 tflops=0.8734 resolved_matches_requested=true
shape=(512,512,512) pattern=NN candidate=cand4_64x64_wm1wn2 tflops=0.2641 resolved_matches_requested=true
shape=(512,512,512) pattern=NN candidate=cand5_64x32x32_wm2wn2 tflops=1.1602 resolved_matches_requested=true
shape=(512,512,512) pattern=NN candidate=cand6_64x32x8_wm4wn1 tflops=1.1748 resolved_matches_requested=true
shape=(512,512,512) pattern=NN candidate=cand7_single_simdgroup_8x8 tflops=0.7941 resolved_matches_requested=true
shape=(512,512,512) pattern=NN candidate=cand8_32x64x16_wm1wn2 tflops=0.5591 resolved_matches_requested=true
shape=(512,512,512) pattern=NT candidate=strided_classic_tiled tflops=0.6749 resolved_matches_requested=true
shape=(512,512,512) pattern=TN candidate=strided_classic_tiled tflops=0.7282 resolved_matches_requested=true
shape=(512,512,512) pattern=TT candidate=strided_classic_tiled tflops=0.7830 resolved_matches_requested=true
shape=(1024,1024,1024) pattern=NN candidate=cand0_64x64_wm2wn2 tflops=1.2362 resolved_matches_requested=true
shape=(1024,1024,1024) pattern=NN candidate=cand1_64x32_wm2wn2_tall tflops=5.7625 resolved_matches_requested=true
shape=(1024,1024,1024) pattern=NN candidate=cand2_32x64_wm2wn2_wide tflops=5.2516 resolved_matches_requested=true
shape=(1024,1024,1024) pattern=NN candidate=cand3_32x32_wm2wn2 tflops=5.7215 resolved_matches_requested=true
shape=(1024,1024,1024) pattern=NN candidate=cand4_64x64_wm1wn2 tflops=0.8476 resolved_matches_requested=true
shape=(1024,1024,1024) pattern=NN candidate=cand5_64x32x32_wm2wn2 tflops=5.0209 resolved_matches_requested=true
shape=(1024,1024,1024) pattern=NN candidate=cand6_64x32x8_wm4wn1 tflops=5.3715 resolved_matches_requested=true
shape=(1024,1024,1024) pattern=NN candidate=cand7_single_simdgroup_8x8 tflops=2.1920 resolved_matches_requested=true
shape=(1024,1024,1024) pattern=NN candidate=cand8_32x64x16_wm1wn2 tflops=1.1685 resolved_matches_requested=true
shape=(1024,1024,1024) pattern=NT candidate=strided_classic_tiled tflops=1.4925 resolved_matches_requested=true
shape=(1024,1024,1024) pattern=TN candidate=strided_classic_tiled tflops=1.4663 resolved_matches_requested=true
shape=(1024,1024,1024) pattern=TT candidate=strided_classic_tiled tflops=1.4669 resolved_matches_requested=true
shape=(2048,2048,2048) pattern=NN candidate=cand0_64x64_wm2wn2 tflops=1.1848 resolved_matches_requested=true
shape=(2048,2048,2048) pattern=NN candidate=cand1_64x32_wm2wn2_tall tflops=9.6002 resolved_matches_requested=true
shape=(2048,2048,2048) pattern=NN candidate=cand2_32x64_wm2wn2_wide tflops=9.1013 resolved_matches_requested=true
shape=(2048,2048,2048) pattern=NN candidate=cand3_32x32_wm2wn2 tflops=7.8009 resolved_matches_requested=true
shape=(2048,2048,2048) pattern=NN candidate=cand4_64x64_wm1wn2 tflops=0.4621 resolved_matches_requested=true
shape=(2048,2048,2048) pattern=NN candidate=cand5_64x32x32_wm2wn2 tflops=8.0714 resolved_matches_requested=true
shape=(2048,2048,2048) pattern=NN candidate=cand6_64x32x8_wm4wn1 tflops=7.9529 resolved_matches_requested=true
shape=(2048,2048,2048) pattern=NN candidate=cand7_single_simdgroup_8x8 tflops=2.0461 resolved_matches_requested=true
shape=(2048,2048,2048) pattern=NN candidate=cand8_32x64x16_wm1wn2 tflops=1.0487 resolved_matches_requested=true
shape=(2048,2048,2048) pattern=NT candidate=strided_classic_tiled tflops=1.1623 resolved_matches_requested=true
shape=(2048,2048,2048) pattern=TN candidate=strided_classic_tiled tflops=1.0434 resolved_matches_requested=true
shape=(2048,2048,2048) pattern=TT candidate=strided_classic_tiled tflops=1.2609 resolved_matches_requested=true
shape=(4096,4096,4096) pattern=NN candidate=cand0_64x64_wm2wn2 tflops=1.0646 resolved_matches_requested=true
shape=(4096,4096,4096) pattern=NN candidate=cand1_64x32_wm2wn2_tall tflops=5.8503 resolved_matches_requested=true
shape=(4096,4096,4096) pattern=NN candidate=cand2_32x64_wm2wn2_wide tflops=5.4324 resolved_matches_requested=true
shape=(4096,4096,4096) pattern=NN candidate=cand3_32x32_wm2wn2 tflops=4.9937 resolved_matches_requested=true
shape=(4096,4096,4096) pattern=NN candidate=cand4_64x64_wm1wn2 tflops=0.3823 resolved_matches_requested=true
shape=(4096,4096,4096) pattern=NN candidate=cand5_64x32x32_wm2wn2 tflops=5.0200 resolved_matches_requested=true
shape=(4096,4096,4096) pattern=NN candidate=cand6_64x32x8_wm4wn1 tflops=4.8075 resolved_matches_requested=true
shape=(4096,4096,4096) pattern=NN candidate=cand7_single_simdgroup_8x8 tflops=1.7202 resolved_matches_requested=true
shape=(4096,4096,4096) pattern=NN candidate=cand8_32x64x16_wm1wn2 tflops=0.9009 resolved_matches_requested=true
shape=(4096,4096,4096) pattern=NT candidate=strided_classic_tiled tflops=1.0757 resolved_matches_requested=true
shape=(4096,4096,4096) pattern=TN candidate=strided_classic_tiled tflops=1.0680 resolved_matches_requested=true
shape=(4096,4096,4096) pattern=TT candidate=strided_classic_tiled tflops=1.0592 resolved_matches_requested=true
shape=(2048,2048,64) pattern=NN candidate=cand0_64x64_wm2wn2 tflops=0.4187 resolved_matches_requested=true
shape=(2048,2048,64) pattern=NN candidate=cand1_64x32_wm2wn2_tall tflops=2.2894 resolved_matches_requested=true
shape=(2048,2048,64) pattern=NN candidate=cand2_32x64_wm2wn2_wide tflops=2.4106 resolved_matches_requested=true
shape=(2048,2048,64) pattern=NN candidate=cand3_32x32_wm2wn2 tflops=2.3720 resolved_matches_requested=true
shape=(2048,2048,64) pattern=NN candidate=cand4_64x64_wm1wn2 tflops=0.3867 resolved_matches_requested=true
shape=(2048,2048,64) pattern=NN candidate=cand5_64x32x32_wm2wn2 tflops=1.9484 resolved_matches_requested=true
shape=(2048,2048,64) pattern=NN candidate=cand6_64x32x8_wm4wn1 tflops=1.9735 resolved_matches_requested=true
shape=(2048,2048,64) pattern=NN candidate=cand7_single_simdgroup_8x8 tflops=1.0754 resolved_matches_requested=true
shape=(2048,2048,64) pattern=NN candidate=cand8_32x64x16_wm1wn2 tflops=0.6635 resolved_matches_requested=true
shape=(2048,2048,64) pattern=NT candidate=strided_classic_tiled tflops=0.5550 resolved_matches_requested=true
shape=(2048,2048,64) pattern=TN candidate=strided_classic_tiled tflops=1.0055 resolved_matches_requested=true
shape=(2048,2048,64) pattern=TT candidate=strided_classic_tiled tflops=0.9266 resolved_matches_requested=true
shape=(2048,2048,512) pattern=NN candidate=cand0_64x64_wm2wn2 tflops=1.1026 resolved_matches_requested=true
shape=(2048,2048,512) pattern=NN candidate=cand1_64x32_wm2wn2_tall tflops=7.3095 resolved_matches_requested=true
shape=(2048,2048,512) pattern=NN candidate=cand2_32x64_wm2wn2_wide tflops=7.2372 resolved_matches_requested=true
shape=(2048,2048,512) pattern=NN candidate=cand3_32x32_wm2wn2 tflops=6.7416 resolved_matches_requested=true
shape=(2048,2048,512) pattern=NN candidate=cand4_64x64_wm1wn2 tflops=0.3598 resolved_matches_requested=true
shape=(2048,2048,512) pattern=NN candidate=cand5_64x32x32_wm2wn2 tflops=5.0332 resolved_matches_requested=true
shape=(2048,2048,512) pattern=NN candidate=cand6_64x32x8_wm4wn1 tflops=7.2724 resolved_matches_requested=true
shape=(2048,2048,512) pattern=NN candidate=cand7_single_simdgroup_8x8 tflops=2.3402 resolved_matches_requested=true
shape=(2048,2048,512) pattern=NN candidate=cand8_32x64x16_wm1wn2 tflops=1.0639 resolved_matches_requested=true
shape=(2048,2048,512) pattern=NT candidate=strided_classic_tiled tflops=1.1982 resolved_matches_requested=true
shape=(2048,2048,512) pattern=TN candidate=strided_classic_tiled tflops=0.5800 resolved_matches_requested=true
shape=(2048,2048,512) pattern=TT candidate=strided_classic_tiled tflops=1.3788 resolved_matches_requested=true
shape=(1536,1024,1024) pattern=NN candidate=cand0_64x64_wm2wn2 tflops=0.6429 resolved_matches_requested=true
shape=(1536,1024,1024) pattern=NN candidate=cand1_64x32_wm2wn2_tall tflops=1.7373 resolved_matches_requested=true
shape=(1536,1024,1024) pattern=NN candidate=cand2_32x64_wm2wn2_wide tflops=2.3930 resolved_matches_requested=true
shape=(1536,1024,1024) pattern=NN candidate=cand3_32x32_wm2wn2 tflops=3.0851 resolved_matches_requested=true
shape=(1536,1024,1024) pattern=NN candidate=cand4_64x64_wm1wn2 tflops=0.3733 resolved_matches_requested=true
shape=(1536,1024,1024) pattern=NN candidate=cand5_64x32x32_wm2wn2 tflops=4.3868 resolved_matches_requested=true
shape=(1536,1024,1024) pattern=NN candidate=cand6_64x32x8_wm4wn1 tflops=1.6746 resolved_matches_requested=true
shape=(1536,1024,1024) pattern=NN candidate=cand7_single_simdgroup_8x8 tflops=0.7702 resolved_matches_requested=true
shape=(1536,1024,1024) pattern=NN candidate=cand8_32x64x16_wm1wn2 tflops=0.6371 resolved_matches_requested=true
shape=(1536,1024,1024) pattern=NT candidate=strided_classic_tiled tflops=0.5854 resolved_matches_requested=true
shape=(1536,1024,1024) pattern=TN candidate=strided_classic_tiled tflops=1.1114 resolved_matches_requested=true
shape=(1536,1024,1024) pattern=TT candidate=strided_classic_tiled tflops=0.9160 resolved_matches_requested=true
shape=(1024,1536,1536) pattern=NN candidate=cand0_64x64_wm2wn2 tflops=0.9310 resolved_matches_requested=true
shape=(1024,1536,1536) pattern=NN candidate=cand1_64x32_wm2wn2_tall tflops=6.7942 resolved_matches_requested=true
shape=(1024,1536,1536) pattern=NN candidate=cand2_32x64_wm2wn2_wide tflops=6.0279 resolved_matches_requested=true
shape=(1024,1536,1536) pattern=NN candidate=cand3_32x32_wm2wn2 tflops=5.9911 resolved_matches_requested=true
shape=(1024,1536,1536) pattern=NN candidate=cand4_64x64_wm1wn2 tflops=0.4791 resolved_matches_requested=true
shape=(1024,1536,1536) pattern=NN candidate=cand5_64x32x32_wm2wn2 tflops=3.6793 resolved_matches_requested=true
shape=(1024,1536,1536) pattern=NN candidate=cand6_64x32x8_wm4wn1 tflops=6.6935 resolved_matches_requested=true
shape=(1024,1536,1536) pattern=NN candidate=cand7_single_simdgroup_8x8 tflops=2.1238 resolved_matches_requested=true
shape=(1024,1536,1536) pattern=NN candidate=cand8_32x64x16_wm1wn2 tflops=0.9853 resolved_matches_requested=true
shape=(1024,1536,1536) pattern=NT candidate=strided_classic_tiled tflops=1.0341 resolved_matches_requested=true
shape=(1024,1536,1536) pattern=TN candidate=strided_classic_tiled tflops=1.0904 resolved_matches_requested=true
shape=(1024,1536,1536) pattern=TT candidate=strided_classic_tiled tflops=0.9817 resolved_matches_requested=true
shape=(4096,1024,1024) pattern=NN candidate=cand0_64x64_wm2wn2 tflops=0.8071 resolved_matches_requested=true
shape=(4096,1024,1024) pattern=NN candidate=cand1_64x32_wm2wn2_tall tflops=5.9273 resolved_matches_requested=true
shape=(4096,1024,1024) pattern=NN candidate=cand2_32x64_wm2wn2_wide tflops=6.5737 resolved_matches_requested=true
shape=(4096,1024,1024) pattern=NN candidate=cand3_32x32_wm2wn2 tflops=4.4972 resolved_matches_requested=true
shape=(4096,1024,1024) pattern=NN candidate=cand4_64x64_wm1wn2 tflops=0.4212 resolved_matches_requested=true
shape=(4096,1024,1024) pattern=NN candidate=cand5_64x32x32_wm2wn2 tflops=6.4064 resolved_matches_requested=true
shape=(4096,1024,1024) pattern=NN candidate=cand6_64x32x8_wm4wn1 tflops=6.8836 resolved_matches_requested=true
shape=(4096,1024,1024) pattern=NN candidate=cand7_single_simdgroup_8x8 tflops=1.7609 resolved_matches_requested=true
shape=(4096,1024,1024) pattern=NN candidate=cand8_32x64x16_wm1wn2 tflops=0.8382 resolved_matches_requested=true
shape=(4096,1024,1024) pattern=NT candidate=strided_classic_tiled tflops=0.9112 resolved_matches_requested=true
shape=(4096,1024,1024) pattern=TN candidate=strided_classic_tiled tflops=0.9233 resolved_matches_requested=true
shape=(4096,1024,1024) pattern=TT candidate=strided_classic_tiled tflops=1.0334 resolved_matches_requested=true
shape=(1024,4096,1024) pattern=NN candidate=cand0_64x64_wm2wn2 tflops=0.9827 resolved_matches_requested=true
shape=(1024,4096,1024) pattern=NN candidate=cand1_64x32_wm2wn2_tall tflops=4.9556 resolved_matches_requested=true
shape=(1024,4096,1024) pattern=NN candidate=cand2_32x64_wm2wn2_wide tflops=6.0807 resolved_matches_requested=true
shape=(1024,4096,1024) pattern=NN candidate=cand3_32x32_wm2wn2 tflops=4.9682 resolved_matches_requested=true
shape=(1024,4096,1024) pattern=NN candidate=cand4_64x64_wm1wn2 tflops=0.4790 resolved_matches_requested=true
shape=(1024,4096,1024) pattern=NN candidate=cand5_64x32x32_wm2wn2 tflops=6.6221 resolved_matches_requested=true
shape=(1024,4096,1024) pattern=NN candidate=cand6_64x32x8_wm4wn1 tflops=6.7757 resolved_matches_requested=true
shape=(1024,4096,1024) pattern=NN candidate=cand7_single_simdgroup_8x8 tflops=1.9173 resolved_matches_requested=true
shape=(1024,4096,1024) pattern=NN candidate=cand8_32x64x16_wm1wn2 tflops=1.0182 resolved_matches_requested=true
shape=(1024,4096,1024) pattern=NT candidate=strided_classic_tiled tflops=1.1403 resolved_matches_requested=true
shape=(1024,4096,1024) pattern=TN candidate=strided_classic_tiled tflops=1.0424 resolved_matches_requested=true
shape=(1024,4096,1024) pattern=TT candidate=strided_classic_tiled tflops=1.0399 resolved_matches_requested=true
