  --> crates/backend-cuda/src/gemm_mma.rs:21:5
   |
21 | use crate::context_cache;
   |     ^^^^^^^^^^^^^^^^^^^^
   |
   = note: `#[warn(unused_imports)]` (part of `#[warn(unused)]`) on by default

   --> crates/backend-cuda/src/gemm.rs:768:48
    |
768 | pub struct TiledPipelineFunction(CudaFunction, usize);
    |            ---------------------               ^^^^^
    |            |
    |            field in this struct
    |
    = help: consider removing this field
    = note: `#[warn(dead_code)]` (part of `#[warn(unused)]`) on by default

   --> crates/backend-cuda/src/gemm.rs:781:8
    |
770 | impl TiledPipelineFunction {
    | -------------------------- method in this implementation
...
781 |     fn context_ptr(&self) -> usize {
    |        ^^^^^^^^^^^

  --> crates/backend-cuda/src/gemm_variant.rs:89:10
   |
89 | pub enum GemmVariantKind {
   |          ^^^^^^^^^^^^^^^

   --> crates/backend-cuda/src/gemm_variant.rs:113:11
    |
113 | pub const SPLITK_MIN_K: u32 = 1024;
    |           ^^^^^^^^^^^^

   --> crates/backend-cuda/src/gemm_variant.rs:118:11
    |
118 | pub const SPLITK_MIN_K_PER_SPLIT: u32 = 32;
    |           ^^^^^^^^^^^^^^^^^^^^^^

   --> crates/backend-cuda/src/gemm_variant.rs:124:11
    |
124 | pub const SPLITK_MAX_SPLITS: u32 = 32;
    |           ^^^^^^^^^^^^^^^^^

   --> crates/backend-cuda/src/gemm_variant.rs:130:11
    |
130 | pub const SPLITK_PARTIAL_MAX_BYTES: u64 = 256 * 1024 * 1024;
    |           ^^^^^^^^^^^^^^^^^^^^^^^^

   --> crates/backend-cuda/src/gemm_variant.rs:134:11
    |
134 | pub const DOUBLE_BUFFER_MIN_K: u32 = 2 * 32;
    |           ^^^^^^^^^^^^^^^^^^^

   --> crates/backend-cuda/src/gemm_variant.rs:141:7
    |
141 | const VARIANT_TILE: u32 = 32;
    |       ^^^^^^^^^^^^

   --> crates/backend-cuda/src/gemm_variant.rs:147:4
    |
147 | fn num_blocks(m: u32, n: u32) -> u64 {
    |    ^^^^^^^^^^

   --> crates/backend-cuda/src/gemm_variant.rs:159:4
    |
159 | fn derive_split_count(num_blocks: u64, num_sms: u32, k: u32) -> u32 {
    |    ^^^^^^^^^^^^^^^^^^

   --> crates/backend-cuda/src/gemm_variant.rs:206:15
    |
206 | pub(crate) fn recommend_split_count(m: u32, n: u32, k: u32, num_sms: u32) -> Option<u32> {
    |               ^^^^^^^^^^^^^^^^^^^^^

   --> crates/backend-cuda/src/gemm_variant.rs:221:4
    |
221 | fn split_k_partial_bytes(num_splits: u32, m: u32, n: u32) -> Option<u64> {
    |    ^^^^^^^^^^^^^^^^^^^^^

   --> crates/backend-cuda/src/gemm_variant.rs:264:8
    |
264 | pub fn select_f32_gemm_variant(
    |        ^^^^^^^^^^^^^^^^^^^^^^^

   --> crates/backend-cuda/src/gemm_variant.rs:301:8
    |
301 | pub fn validate_split_k_launch(m: u32, n: u32, num_splits: u32) -> Result<(), CudaError> {
    |        ^^^^^^^^^^^^^^^^^^^^^^^

  --> crates/backend-cuda/src/kernels_gemm_variants.rs:26:11
   |
26 | pub const TILED_DB_TILE: u32 = 32;
   |           ^^^^^^^^^^^^^

  --> crates/backend-cuda/src/kernels_gemm_variants.rs:55:11
   |
55 | pub const TILED_DB_F32: &str = r#"
   |           ^^^^^^^^^^^^

   --> crates/backend-cuda/src/kernels_gemm_variants.rs:144:11
    |
144 | pub const SPLITK_PARTIAL_F32: &str = r#"
    |           ^^^^^^^^^^^^^^^^^^

   --> crates/backend-cuda/src/kernels_gemm_variants.rs:212:11
    |
212 | pub const SPLITK_REDUCE_BLOCK_DIM: u32 = 256;
    |           ^^^^^^^^^^^^^^^^^^^^^^^

   --> crates/backend-cuda/src/kernels_gemm_variants.rs:228:11
    |
228 | pub const SPLITK_REDUCE_F32: &str = r#"
    |           ^^^^^^^^^^^^^^^^^

   --> crates/backend-cuda/src/kernels.rs:731:8
    |
731 | pub fn tiled_f32_source_with_swizzle(group_width: u32) -> Result<String, crate::error::CudaError> {
    |        ^^^^^^^^^^^^^^^^^^^^^^^^^^^^^

   --> crates/backend-cuda/src/kernels_tiled_pipeline.rs:226:8
    |
226 | pub fn tiled_pipeline_f32_source_with_stages(stages: u32) -> Result<String, CudaError> {
    |        ^^^^^^^^^^^^^^^^^^^^^^^^^^^^^^^^^^^^^

   --> crates/backend-cuda/src/pool.rs:259:19
    |
239 | impl<T: PoolDtype> PooledCudaHandle<T> {
    | -------------------------------------- method in this implementation
...
259 |     pub(crate) fn context(&self) -> &Arc<CudaContext> {
    |                   ^^^^^^^

   --> crates/backend-cuda/src/pool.rs:651:19
    |
457 | impl CudaAllocator {
    | ------------------ methods in this implementation
...
651 |     pub(crate) fn alloc_uninit_f16(
    |                   ^^^^^^^^^^^^^^^^
...
666 |     pub(crate) fn upload_f16(&self, src: &[f16]) -> Result<PooledCudaHandle<f16>, CudaError> {
    |                   ^^^^^^^^^^

    Finished `release` profile [optimized] target(s) in 0.09s
     Running `target/release/examples/gemm_bench`
size=256 naive_tflops=0.0871 tiled_tflops=0.1091 simdgroup_tflops=0.1245 dynamic_tile_auto_tflops=0.1363 auto_over_simdgroup=1.0943 simdgroup_over_naive=1.4299
size=512 naive_tflops=0.1790 tiled_tflops=0.3178 simdgroup_tflops=0.4116 dynamic_tile_auto_tflops=0.6186 auto_over_simdgroup=1.5029 simdgroup_over_naive=2.3000
size=1024 naive_tflops=0.8299 tiled_tflops=0.9953 simdgroup_tflops=1.1555 dynamic_tile_auto_tflops=1.8049 auto_over_simdgroup=1.5620 simdgroup_over_naive=1.3924
size=2048 naive_tflops=1.0566 tiled_tflops=1.3536 simdgroup_tflops=1.6478 dynamic_tile_auto_tflops=3.1498 auto_over_simdgroup=1.9116 simdgroup_over_naive=1.5595
size=4096 naive_tflops=0.9516 tiled_tflops=1.2460 simdgroup_tflops=1.5873 dynamic_tile_auto_tflops=4.0829 auto_over_simdgroup=2.5723 simdgroup_over_naive=1.6679
shape=(4096x512x512) simdgroup_tflops=0.7651 dynamic_tile_auto_tflops=1.0388 auto_over_simdgroup=1.3578
shape=(512x4096x512) simdgroup_tflops=0.7058 dynamic_tile_auto_tflops=0.9379 auto_over_simdgroup=1.3288
size=2048 candidate=bm64_bn64_bk16_staged tflops=1.1316 requested=(64x64x16,wm=2,wn=2,staged=true) resolved=(64x64x16,wm=2,wn=2,staged=true) resolved_matches_requested=true
size=2048 candidate=bm32_bn32_bk16_staged tflops=6.5168 requested=(32x32x16,wm=2,wn=2,staged=true) resolved=(32x32x16,wm=2,wn=2,staged=true) resolved_matches_requested=true
size=2048 candidate=bm32_bn32_bk16_direct tflops=2.0688 requested=(32x32x16,wm=2,wn=2,staged=false) resolved=(32x32x16,wm=2,wn=2,staged=false) resolved_matches_requested=true
size=2048 candidate=tm8_tn4_bm128_bn64_bk16_staged tflops=0.5125 requested=(128x64x16,wm=2,wn=2,staged=true) resolved=(128x64x16,wm=2,wn=2,staged=true) resolved_matches_requested=true
size=2048 candidate=tm4_tn8_bm64_bn128_bk16_staged tflops=0.8357 requested=(64x128x16,wm=2,wn=2,staged=true) resolved=(64x128x16,wm=2,wn=2,staged=true) resolved_matches_requested=true
size=2048 candidate=tm8_tn8_bm128_bn128_bk16_staged tflops=0.3833 requested=(128x128x16,wm=2,wn=2,staged=true) resolved=(128x128x16,wm=2,wn=2,staged=true) resolved_matches_requested=true
size=4096 candidate=bm64_bn64_bk16_staged tflops=0.9707 requested=(64x64x16,wm=2,wn=2,staged=true) resolved=(64x64x16,wm=2,wn=2,staged=true) resolved_matches_requested=true
size=4096 candidate=bm32_bn32_bk16_staged tflops=3.6884 requested=(32x32x16,wm=2,wn=2,staged=true) resolved=(32x32x16,wm=2,wn=2,staged=true) resolved_matches_requested=true
size=4096 candidate=bm32_bn32_bk16_direct tflops=2.2341 requested=(32x32x16,wm=2,wn=2,staged=false) resolved=(32x32x16,wm=2,wn=2,staged=false) resolved_matches_requested=true
size=4096 candidate=tm8_tn4_bm128_bn64_bk16_staged tflops=0.4124 requested=(128x64x16,wm=2,wn=2,staged=true) resolved=(128x64x16,wm=2,wn=2,staged=true) resolved_matches_requested=true
size=4096 candidate=tm4_tn8_bm64_bn128_bk16_staged tflops=0.6708 requested=(64x128x16,wm=2,wn=2,staged=true) resolved=(64x128x16,wm=2,wn=2,staged=true) resolved_matches_requested=true
size=4096 candidate=tm8_tn8_bm128_bn128_bk16_staged tflops=0.3416 requested=(128x128x16,wm=2,wn=2,staged=true) resolved=(128x128x16,wm=2,wn=2,staged=true) resolved_matches_requested=true
--- occupancy 判定組み込み比較（旧: select / 新: select_with_occupancy）---
size=512 old_tile=(64x32) old_tflops=0.6192 new_tile=(64x32) new_tflops=0.6175 new_over_old=0.9972 occupancy_params=Some(OccupancyParams { gpu_core_count: 40, max_threadgroup_memory_bytes: 32768 })
size=1024 old_tile=(64x32) old_tflops=1.6990 new_tile=(64x32) new_tflops=1.6198 new_over_old=0.9534 occupancy_params=Some(OccupancyParams { gpu_core_count: 40, max_threadgroup_memory_bytes: 32768 })
size=2048 old_tile=(64x32) old_tflops=3.1679 new_tile=(64x32) new_tflops=3.2097 new_over_old=1.0132 occupancy_params=Some(OccupancyParams { gpu_core_count: 40, max_threadgroup_memory_bytes: 32768 })
size=4096 old_tile=(32x64) old_tflops=3.9966 new_tile=(32x64) new_tflops=4.1589 new_over_old=1.0406 occupancy_params=Some(OccupancyParams { gpu_core_count: 40, max_threadgroup_memory_bytes: 32768 })
