  --> crates/backend-cuda/src/gemm_mma.rs:21:5
   |
21 | use crate::context_cache;
   |     ^^^^^^^^^^^^^^^^^^^^
   |
   = note: `#[warn(unused_imports)]` (part of `#[warn(unused)]`) on by default

   --> crates/backend-cuda/src/gemm.rs:768:48
    |
768 | pub struct TiledPipelineFunction(CudaFunction, usize);
    |            ---------------------               ^^^^^
    |            |
    |            field in this struct
    |
    = help: consider removing this field
    = note: `#[warn(dead_code)]` (part of `#[warn(unused)]`) on by default

   --> crates/backend-cuda/src/gemm.rs:781:8
    |
770 | impl TiledPipelineFunction {
    | -------------------------- method in this implementation
...
781 |     fn context_ptr(&self) -> usize {
    |        ^^^^^^^^^^^

  --> crates/backend-cuda/src/gemm_variant.rs:89:10
   |
89 | pub enum GemmVariantKind {
   |          ^^^^^^^^^^^^^^^

   --> crates/backend-cuda/src/gemm_variant.rs:113:11
    |
113 | pub const SPLITK_MIN_K: u32 = 1024;
    |           ^^^^^^^^^^^^

   --> crates/backend-cuda/src/gemm_variant.rs:118:11
    |
118 | pub const SPLITK_MIN_K_PER_SPLIT: u32 = 32;
    |           ^^^^^^^^^^^^^^^^^^^^^^

   --> crates/backend-cuda/src/gemm_variant.rs:124:11
    |
124 | pub const SPLITK_MAX_SPLITS: u32 = 32;
    |           ^^^^^^^^^^^^^^^^^

   --> crates/backend-cuda/src/gemm_variant.rs:130:11
    |
130 | pub const SPLITK_PARTIAL_MAX_BYTES: u64 = 256 * 1024 * 1024;
    |           ^^^^^^^^^^^^^^^^^^^^^^^^

   --> crates/backend-cuda/src/gemm_variant.rs:134:11
    |
134 | pub const DOUBLE_BUFFER_MIN_K: u32 = 2 * 32;
    |           ^^^^^^^^^^^^^^^^^^^

   --> crates/backend-cuda/src/gemm_variant.rs:141:7
    |
141 | const VARIANT_TILE: u32 = 32;
    |       ^^^^^^^^^^^^

   --> crates/backend-cuda/src/gemm_variant.rs:147:4
    |
147 | fn num_blocks(m: u32, n: u32) -> u64 {
    |    ^^^^^^^^^^

   --> crates/backend-cuda/src/gemm_variant.rs:159:4
    |
159 | fn derive_split_count(num_blocks: u64, num_sms: u32, k: u32) -> u32 {
    |    ^^^^^^^^^^^^^^^^^^

   --> crates/backend-cuda/src/gemm_variant.rs:206:15
    |
206 | pub(crate) fn recommend_split_count(m: u32, n: u32, k: u32, num_sms: u32) -> Option<u32> {
    |               ^^^^^^^^^^^^^^^^^^^^^

   --> crates/backend-cuda/src/gemm_variant.rs:221:4
    |
221 | fn split_k_partial_bytes(num_splits: u32, m: u32, n: u32) -> Option<u64> {
    |    ^^^^^^^^^^^^^^^^^^^^^

   --> crates/backend-cuda/src/gemm_variant.rs:264:8
    |
264 | pub fn select_f32_gemm_variant(
    |        ^^^^^^^^^^^^^^^^^^^^^^^

   --> crates/backend-cuda/src/gemm_variant.rs:301:8
    |
301 | pub fn validate_split_k_launch(m: u32, n: u32, num_splits: u32) -> Result<(), CudaError> {
    |        ^^^^^^^^^^^^^^^^^^^^^^^

  --> crates/backend-cuda/src/kernels_gemm_variants.rs:26:11
   |
26 | pub const TILED_DB_TILE: u32 = 32;
   |           ^^^^^^^^^^^^^

  --> crates/backend-cuda/src/kernels_gemm_variants.rs:55:11
   |
55 | pub const TILED_DB_F32: &str = r#"
   |           ^^^^^^^^^^^^

   --> crates/backend-cuda/src/kernels_gemm_variants.rs:144:11
    |
144 | pub const SPLITK_PARTIAL_F32: &str = r#"
    |           ^^^^^^^^^^^^^^^^^^

   --> crates/backend-cuda/src/kernels_gemm_variants.rs:212:11
    |
212 | pub const SPLITK_REDUCE_BLOCK_DIM: u32 = 256;
    |           ^^^^^^^^^^^^^^^^^^^^^^^

   --> crates/backend-cuda/src/kernels_gemm_variants.rs:228:11
    |
228 | pub const SPLITK_REDUCE_F32: &str = r#"
    |           ^^^^^^^^^^^^^^^^^

   --> crates/backend-cuda/src/kernels.rs:731:8
    |
731 | pub fn tiled_f32_source_with_swizzle(group_width: u32) -> Result<String, crate::error::CudaError> {
    |        ^^^^^^^^^^^^^^^^^^^^^^^^^^^^^

   --> crates/backend-cuda/src/kernels_tiled_pipeline.rs:226:8
    |
226 | pub fn tiled_pipeline_f32_source_with_stages(stages: u32) -> Result<String, CudaError> {
    |        ^^^^^^^^^^^^^^^^^^^^^^^^^^^^^^^^^^^^^

   --> crates/backend-cuda/src/pool.rs:259:19
    |
239 | impl<T: PoolDtype> PooledCudaHandle<T> {
    | -------------------------------------- method in this implementation
...
259 |     pub(crate) fn context(&self) -> &Arc<CudaContext> {
    |                   ^^^^^^^

   --> crates/backend-cuda/src/pool.rs:651:19
    |
457 | impl CudaAllocator {
    | ------------------ methods in this implementation
...
651 |     pub(crate) fn alloc_uninit_f16(
    |                   ^^^^^^^^^^^^^^^^
...
666 |     pub(crate) fn upload_f16(&self, src: &[f16]) -> Result<PooledCudaHandle<f16>, CudaError> {
    |                   ^^^^^^^^^^

    Finished `release` profile [optimized] target(s) in 0.05s
     Running `target/release/examples/gemm_bench`
size=256 naive_tflops=0.0787 tiled_tflops=0.1239 simdgroup_tflops=0.1345 dynamic_tile_auto_tflops=0.1428 auto_over_simdgroup=1.0615 simdgroup_over_naive=1.7092
size=512 naive_tflops=0.3828 tiled_tflops=0.4466 simdgroup_tflops=0.5116 dynamic_tile_auto_tflops=0.5659 auto_over_simdgroup=1.1060 simdgroup_over_naive=1.3365
size=1024 naive_tflops=0.5671 tiled_tflops=0.5923 simdgroup_tflops=0.9316 dynamic_tile_auto_tflops=0.9219 auto_over_simdgroup=0.9896 simdgroup_over_naive=1.6428
size=2048 naive_tflops=0.8627 tiled_tflops=1.0318 simdgroup_tflops=1.3818 dynamic_tile_auto_tflops=3.0276 auto_over_simdgroup=2.1910 simdgroup_over_naive=1.6017
size=4096 naive_tflops=0.7663 tiled_tflops=1.1294 simdgroup_tflops=1.4248 dynamic_tile_auto_tflops=4.1568 auto_over_simdgroup=2.9176 simdgroup_over_naive=1.8593
shape=(4096x512x512) simdgroup_tflops=0.8256 dynamic_tile_auto_tflops=1.2972 auto_over_simdgroup=1.5714
shape=(512x4096x512) simdgroup_tflops=0.8430 dynamic_tile_auto_tflops=1.2434 auto_over_simdgroup=1.4750
size=2048 candidate=bm64_bn64_bk16_staged tflops=8.1323 requested=(64x64x16,wm=2,wn=2,staged=true) resolved=(64x64x16,wm=2,wn=2,staged=true) resolved_matches_requested=true
size=2048 candidate=bm32_bn32_bk16_staged tflops=7.2191 requested=(32x32x16,wm=2,wn=2,staged=true) resolved=(32x32x16,wm=2,wn=2,staged=true) resolved_matches_requested=true
size=2048 candidate=bm32_bn32_bk16_direct tflops=2.2426 requested=(32x32x16,wm=2,wn=2,staged=false) resolved=(32x32x16,wm=2,wn=2,staged=false) resolved_matches_requested=true
size=2048 candidate=tm8_tn4_bm128_bn64_bk16_staged tflops=6.8523 requested=(128x64x16,wm=2,wn=2,staged=true) resolved=(128x64x16,wm=2,wn=2,staged=true) resolved_matches_requested=true
size=2048 candidate=tm4_tn8_bm64_bn128_bk16_staged tflops=6.2360 requested=(64x128x16,wm=2,wn=2,staged=true) resolved=(64x128x16,wm=2,wn=2,staged=true) resolved_matches_requested=true
size=2048 candidate=tm8_tn8_bm128_bn128_bk16_staged tflops=3.4109 requested=(128x128x16,wm=2,wn=2,staged=true) resolved=(128x128x16,wm=2,wn=2,staged=true) resolved_matches_requested=true
size=4096 candidate=bm64_bn64_bk16_staged tflops=5.8308 requested=(64x64x16,wm=2,wn=2,staged=true) resolved=(64x64x16,wm=2,wn=2,staged=true) resolved_matches_requested=true
size=4096 candidate=bm32_bn32_bk16_staged tflops=3.5854 requested=(32x32x16,wm=2,wn=2,staged=true) resolved=(32x32x16,wm=2,wn=2,staged=true) resolved_matches_requested=true
size=4096 candidate=bm32_bn32_bk16_direct tflops=2.1724 requested=(32x32x16,wm=2,wn=2,staged=false) resolved=(32x32x16,wm=2,wn=2,staged=false) resolved_matches_requested=true
size=4096 candidate=tm8_tn4_bm128_bn64_bk16_staged tflops=6.8020 requested=(128x64x16,wm=2,wn=2,staged=true) resolved=(128x64x16,wm=2,wn=2,staged=true) resolved_matches_requested=true
size=4096 candidate=tm4_tn8_bm64_bn128_bk16_staged tflops=4.1672 requested=(64x128x16,wm=2,wn=2,staged=true) resolved=(64x128x16,wm=2,wn=2,staged=true) resolved_matches_requested=true
size=4096 candidate=tm8_tn8_bm128_bn128_bk16_staged tflops=4.0131 requested=(128x128x16,wm=2,wn=2,staged=true) resolved=(128x128x16,wm=2,wn=2,staged=true) resolved_matches_requested=true
--- occupancy 判定組み込み比較（旧: select / 新: select_with_occupancy）---
size=512 old_tile=(64x32) old_tflops=0.6558 new_tile=(64x32) new_tflops=0.6557 new_over_old=0.9999 occupancy_params=Some(OccupancyParams { gpu_core_count: 40, max_threadgroup_memory_bytes: 32768 })
size=1024 old_tile=(64x32) old_tflops=1.7220 new_tile=(64x32) new_tflops=1.6779 new_over_old=0.9744 occupancy_params=Some(OccupancyParams { gpu_core_count: 40, max_threadgroup_memory_bytes: 32768 })
size=2048 old_tile=(64x32) old_tflops=3.1294 new_tile=(64x32) new_tflops=3.1825 new_over_old=1.0170 occupancy_params=Some(OccupancyParams { gpu_core_count: 40, max_threadgroup_memory_bytes: 32768 })
size=4096 old_tile=(32x64) old_tflops=4.1911 new_tile=(32x64) new_tflops=4.1085 new_over_old=0.9803 occupancy_params=Some(OccupancyParams { gpu_core_count: 40, max_threadgroup_memory_bytes: 32768 })
