
running 1 test
out[0].bits=0xbd99be3e
out[1].bits=0x3d1271ca
out[2].bits=0x3dcb64ca
out[3].bits=0x3df2f8e5
out[4].bits=0xbd21f81f
out[5].bits=0x3dc46f0c
out[6].bits=0x3dbb8333
out[7].bits=0xbdf40d1a
out[8].bits=0x3d93a673
out[9].bits=0xbb54ffc4
out[10].bits=0x3cf62d08
out[11].bits=0x3e0dafb0
out[12].bits=0x3d8cca60
out[13].bits=0x3d5250de
out[14].bits=0xba95fcf0
out[15].bits=0xbda6f5a6
out[16].bits=0x3d300a51
out[17].bits=0x3d0af07e
out[18].bits=0x3ccd0c02
out[19].bits=0xbda8ffd9
out[20].bits=0x3d19100c
out[21].bits=0xbd50df0e
out[22].bits=0x3dd78846
out[23].bits=0xbb8f3e40
out[24].bits=0x3d9181e8
out[25].bits=0x3d24ec4b
out[26].bits=0x3baa5818
out[27].bits=0xbd0b6d57
out[28].bits=0xbac08c80
out[29].bits=0xbd4e7cd6
out[30].bits=0xbdaabe38
out[31].bits=0xbcef2f8e
out[32].bits=0x3d04b08b
out[33].bits=0x3de05a72
out[34].bits=0x3cd1af0a
out[35].bits=0x3ce5346f
out[36].bits=0x3ded322f
out[37].bits=0xbde66f59
out[38].bits=0x3e33eade
out[39].bits=0xbda9a083
out[40].bits=0xbda66a08
out[41].bits=0xbd50adae
out[42].bits=0x3d1f04ef
out[43].bits=0x3ac84200
out[44].bits=0xbc02bd31
out[45].bits=0x3d519cfa
out[46].bits=0x3d0d7e5f
out[47].bits=0xbdb0d8db
out[48].bits=0x3d73e04e
out[49].bits=0xbd85cf33
out[50].bits=0xbd358de3
out[51].bits=0x3c9d7fe4
out[52].bits=0x3e4e52fc
out[53].bits=0x3ccd9421
out[54].bits=0xbcbd007d
out[55].bits=0xbd99f7d2
out[56].bits=0x3d6c1b00
out[57].bits=0xbb18c010
out[58].bits=0x3cb28800
out[59].bits=0x3d9ecf89
out[60].bits=0x3ce9d1d8
out[61].bits=0x3cec13fd
out[62].bits=0x3d11427e
out[63].bits=0xbc2689e0
out[64].bits=0xbcd5b273
out[65].bits=0xbc1da228
out[66].bits=0xbcab208e
out[67].bits=0xbd949658
out[68].bits=0x3d8cfb6d
out[69].bits=0x3d1c0c5f
out[70].bits=0x3d77a030
out[71].bits=0x3d0f6227
out[72].bits=0x3d1fb998
out[73].bits=0x3c88a676
out[74].bits=0x3daaae81
out[75].bits=0x3d844b8b
out[76].bits=0x3e1fd802
out[77].bits=0xbd8b7841
out[78].bits=0x3d8f13c1
out[79].bits=0xbc7e0f68
out[80].bits=0xbdc46072
out[81].bits=0x3d954248
out[82].bits=0x3dfd2231
out[83].bits=0x3cd8cad7
out[84].bits=0x3e0a836f
out[85].bits=0x3ce7ce9e
out[86].bits=0x3d9c7bb3
out[87].bits=0xbc9b1190
out[88].bits=0x3d2ad860
out[89].bits=0xbde1352c
out[90].bits=0x3d821ab8
out[91].bits=0xbd46cf8c
out[92].bits=0x3e5470a2
out[93].bits=0x3d475041
out[94].bits=0xbc33e49e
out[95].bits=0x3c307df4
out[96].bits=0x3ddba119
out[97].bits=0xbd11c420
out[98].bits=0xbd514714
out[99].bits=0xbe4814e0
out[100].bits=0x3c1b4850
out[101].bits=0x3d6f6da0
out[102].bits=0x3df28508
out[103].bits=0x3d511d74
out[104].bits=0x3ca164e6
out[105].bits=0x3cf4e9f8
out[106].bits=0x3ccdcffa
out[107].bits=0x3ad34620
out[108].bits=0x3d158f8a
out[109].bits=0x3bb3f088
out[110].bits=0x3d9177dd
out[111].bits=0x3d122c00
out[112].bits=0x3db9b128
out[113].bits=0x3d803c44
out[114].bits=0x3d7266ce
out[115].bits=0xbd7b285c
out[116].bits=0x3d606054
out[117].bits=0x3c685fa8
out[118].bits=0x3de6aea4
out[119].bits=0xbe04644a
out[120].bits=0xbd84476a
out[121].bits=0x3cb06d8a
out[122].bits=0x3daf3534
out[123].bits=0xbcad81d2
out[124].bits=0xbca75bf3
out[125].bits=0x3d6f4364
out[126].bits=0x3cdc173c
out[127].bits=0x3ce984b8
out[128].bits=0x3c418b9c
out[129].bits=0xbc4e5b46
out[130].bits=0xbc914f84
out[131].bits=0xbcd0064e
out[132].bits=0x3dfb0e2b
out[133].bits=0x3e523ef0
out[134].bits=0xbd7e6cb3
out[135].bits=0xbdc119fa
out[136].bits=0x3e22ac86
out[137].bits=0xbcd2e4fa
out[138].bits=0x3d8dbe71
out[139].bits=0xbdfeec1f
out[140].bits=0x3c3d28d0
out[141].bits=0xbb83b958
out[142].bits=0x3d9f344e
out[143].bits=0x3da3c838
out[144].bits=0xbc851055
out[145].bits=0xbd870ad6
out[146].bits=0x3e46ffd6
out[147].bits=0xbde82353
out[148].bits=0x3e12d9ea
out[149].bits=0xbd8d9ab4
out[150].bits=0xbb3d01b0
out[151].bits=0x3da8ab27
out[152].bits=0x3c448f18
out[153].bits=0x3dfecb60
out[154].bits=0x3e22e3e3
out[155].bits=0xbd554af8
out[156].bits=0xbda6b0e0
out[157].bits=0x3d408524
out[158].bits=0xbd36b556
out[159].bits=0xbc1c2039
out[160].bits=0x3ce90ccc
out[161].bits=0x3d02c4cd
out[162].bits=0xbc81e944
out[163].bits=0xbbd07b48
out[164].bits=0xbc2f7471
out[165].bits=0xbd5f8702
out[166].bits=0xbd95370f
out[167].bits=0x3ce52284
out[168].bits=0x3d25c70e
out[169].bits=0xbd60019f
out[170].bits=0xbd6b07df
out[171].bits=0xbc7930d8
out[172].bits=0x3e357fb6
out[173].bits=0xbc83dfb8
out[174].bits=0x3e04b3b7
out[175].bits=0x3e06ec4a
out[176].bits=0x3d44f395
out[177].bits=0xbbae1d98
out[178].bits=0x3d4f6b32
out[179].bits=0xbdbd4c46
out[180].bits=0xbd64d39e
out[181].bits=0x3d08f61f
out[182].bits=0x3e461742
out[183].bits=0x3c675346
out[184].bits=0x3d1f18c8
out[185].bits=0x3d082afb
out[186].bits=0xbd5e9318
out[187].bits=0xbcdb1743
out[188].bits=0x3e1759dc
out[189].bits=0xbc1e3efc
out[190].bits=0x3d5511c0
out[191].bits=0x3d0e4ff9
out[192].bits=0x3de4be10
out[193].bits=0x3c8df6b4
out[194].bits=0x3c61718c
out[195].bits=0x3b0d68a0
out[196].bits=0x3cf9a45e
out[197].bits=0xbc333724
out[198].bits=0xbd187008
out[199].bits=0xbd4b07cb
out[200].bits=0x3d741d78
out[201].bits=0xbd9b10e2
out[202].bits=0x3e542362
out[203].bits=0x3c73b326
out[204].bits=0x3d84e0b1
out[205].bits=0xbdc0420a
out[206].bits=0x3d702276
out[207].bits=0xbddd433c
out[208].bits=0x3e24dc3b
out[209].bits=0xbe1c17c4
out[210].bits=0xbda0a50c
out[211].bits=0xbc7fbf9c
out[212].bits=0x3d7f6cf0
out[213].bits=0x3d7237d0
out[214].bits=0xbda26d0a
out[215].bits=0x3ddb2008
out[216].bits=0x3ce1d120
out[217].bits=0xbcfa70a4
out[218].bits=0x3d88a30f
out[219].bits=0x3d5c4970
out[220].bits=0xbdd4fed2
out[221].bits=0x3dfb2891
out[222].bits=0x3e00872a
out[223].bits=0x3dd38b83
out[224].bits=0x3c76baa4
out[225].bits=0x3cdfd2ea
out[226].bits=0x3d00c51a
out[227].bits=0x3de5261b
out[228].bits=0x3de95648
out[229].bits=0xbc8818b0
out[230].bits=0xbcc9e172
out[231].bits=0xbcae2b74
out[232].bits=0x3e70030a
out[233].bits=0x3dedbc5f
out[234].bits=0x3dcd44d7
out[235].bits=0x3dad0820
out[236].bits=0x3c0bd69e
out[237].bits=0x3d81a571
out[238].bits=0x3da94108
out[239].bits=0xbd9edb1a
out[240].bits=0xbe1e3465
out[241].bits=0x3d8fda96
out[242].bits=0x3e065036
out[243].bits=0xbb9ab600
out[244].bits=0x3d0510fa
out[245].bits=0x3d876f11
out[246].bits=0x3d67702f
out[247].bits=0x3bc7b260
out[248].bits=0x3e0f02d9
out[249].bits=0x3be538ac
out[250].bits=0xbc171924
out[251].bits=0x3d4e2396
out[252].bits=0x3e5bbc86
out[253].bits=0x3d089df6
out[254].bits=0xbd560ef7
out[255].bits=0x3d6010ff
out[256].bits=0x3b0a63d0
out[257].bits=0xbdc066ca
out[258].bits=0x3d12886e
out[259].bits=0xbd4557e4
out[260].bits=0xbd20b8b5
out[261].bits=0x3d9a7771
out[262].bits=0x3da32bf7
out[263].bits=0x3d3fd494
out[264].bits=0x3d9a20bb
out[265].bits=0x3d671db5
out[266].bits=0xbdc4af59
out[267].bits=0x3be591b0
out[268].bits=0x3db439a5
out[269].bits=0xbd7bcb23
out[270].bits=0xbd9ba529
out[271].bits=0xbc022d0c
out[272].bits=0x3d8ebae1
out[273].bits=0xbb4cb850
out[274].bits=0x3db60dae
out[275].bits=0x3d0b30e0
out[276].bits=0x3a759000
out[277].bits=0xbd4a7f31
out[278].bits=0x3c13e118
out[279].bits=0xbdc52d56
out[280].bits=0x3d26b624
out[281].bits=0xbd70a4ea
out[282].bits=0x3e1ac82e
out[283].bits=0x3d3c60b2
out[284].bits=0x3dd0569c
out[285].bits=0x3d44013e
out[286].bits=0x3c6e992c
out[287].bits=0xbcf8f35b
out[288].bits=0x3cdda00a
out[289].bits=0xbdebf008
out[290].bits=0x3d391ec0
out[291].bits=0x3cb32404
out[292].bits=0x3e051660
out[293].bits=0xbd802caf
out[294].bits=0x3ccc2f48
out[295].bits=0x3d69338c
out[296].bits=0x3d9b025e
out[297].bits=0xbd8e446b
out[298].bits=0xbb9bed40
out[299].bits=0x3cc969ec
out[300].bits=0xbd29f722
out[301].bits=0x3c743a02
out[302].bits=0x3e06cc21
out[303].bits=0x3d0c471b
out[304].bits=0xbc7c4617
out[305].bits=0xbdec0eb6
out[306].bits=0x3dd16175
out[307].bits=0xbd5b3e0c
out[308].bits=0x3d4c7b99
out[309].bits=0x3d8f1755
out[310].bits=0xbdb48c2c
out[311].bits=0xbd741e4a
out[312].bits=0x3e0cbc4c
out[313].bits=0xbccb7f58
out[314].bits=0x3dcf8cdb
out[315].bits=0x3df9657e
out[316].bits=0x3d95387d
out[317].bits=0x3c0ac9c8
out[318].bits=0x3d163a3e
out[319].bits=0xbceaab50
out[320].bits=0xbcf8006c
out[321].bits=0xbde6076e
out[322].bits=0x3d8ede10
out[323].bits=0x3cd16628
out[324].bits=0x3c9764f4
out[325].bits=0xbbe9a810
out[326].bits=0x3dcf9bea
out[327].bits=0xbd077bbe
out[328].bits=0x3caad5ce
out[329].bits=0xbcfde894
out[330].bits=0xbdc0fe7e
out[331].bits=0x3d2f7ecd
out[332].bits=0x3e0d0596
out[333].bits=0x3d95a580
out[334].bits=0xbb57bc78
out[335].bits=0x3d87e171
out[336].bits=0x3debf97f
out[337].bits=0xbd8e069e
out[338].bits=0x3dd9a14a
out[339].bits=0x3c8a1cae
out[340].bits=0xbda008f8
out[341].bits=0xbb2f9630
out[342].bits=0x3e492024
out[343].bits=0x3b57f790
out[344].bits=0x3ca6beda
out[345].bits=0x3c873d4a
out[346].bits=0xbcc560b8
out[347].bits=0xbb8ea3c8
out[348].bits=0x3d9143c4
out[349].bits=0x3d55a7cc
out[350].bits=0x3b551960
out[351].bits=0x3cc5b56c
out[352].bits=0x3dd110a7
out[353].bits=0x3d0abedb
out[354].bits=0xbd05dabd
out[355].bits=0x3d101dae
out[356].bits=0x3d62fecc
out[357].bits=0x3cc0f10c
out[358].bits=0x3d8405f0
out[359].bits=0xbd7336d6
out[360].bits=0xbd192065
out[361].bits=0x3cf07fc8
out[362].bits=0x3d703423
out[363].bits=0x3e4eae9c
out[364].bits=0x3d9a5b15
out[365].bits=0xbdc57ab0
out[366].bits=0x3dc01b7e
out[367].bits=0xbda31335
out[368].bits=0x3e59dbfc
out[369].bits=0xbe129a36
out[370].bits=0xbd9f4b86
out[371].bits=0xbbcef3e0
out[372].bits=0x3dc55c8f
out[373].bits=0x3dbfe8f8
out[374].bits=0x3c632714
out[375].bits=0x3c518228
out[376].bits=0x3d901d98
out[377].bits=0xbda67efc
out[378].bits=0x3d43c526
out[379].bits=0x3cc06d5e
out[380].bits=0xbd6fe418
out[381].bits=0x3d71d556
out[382].bits=0x3c4fcda4
out[383].bits=0x3d0bef65
out[384].bits=0xbd022e89
out[385].bits=0x3dab8a6c
out[386].bits=0x3d79355c
out[387].bits=0xbd008ca0
out[388].bits=0x3d54c3db
out[389].bits=0xbcc954ee
out[390].bits=0x3d3ab35e
out[391].bits=0x3ca079ff
out[392].bits=0x3d71dbb5
out[393].bits=0x3d2797b7
out[394].bits=0x3d5cb74a
out[395].bits=0xbc69b288
out[396].bits=0xbb627630
out[397].bits=0xbc62e6b4
out[398].bits=0xbd04256c
out[399].bits=0xbd3bd8d5
out[400].bits=0x3bd0ea10
out[401].bits=0x3d34655c
out[402].bits=0x3d3d78c8
out[403].bits=0xbbcd81c0
out[404].bits=0x3b87bd14
out[405].bits=0x3d873b4e
out[406].bits=0x3d87c80b
out[407].bits=0xbb604100
out[408].bits=0x3d87ce99
out[409].bits=0xbd0cf29c
out[410].bits=0xbe1d0fff
out[411].bits=0xbdbb4ed2
out[412].bits=0x3d99b952
out[413].bits=0x3e1889a4
out[414].bits=0x3d9bee94
out[415].bits=0xbd00556e
out[416].bits=0xbc9e7094
out[417].bits=0x3d6a7958
out[418].bits=0xbc25c0d0
out[419].bits=0xbdd42db7
out[420].bits=0x3c5e2638
out[421].bits=0x3ca8b396
out[422].bits=0x3d95bfd0
out[423].bits=0x3c8f9593
out[424].bits=0x3dba391e
out[425].bits=0xbd84bc48
out[426].bits=0xbcadd5c2
out[427].bits=0x3da7579f
out[428].bits=0x3de003da
out[429].bits=0xbdb096cd
out[430].bits=0xbc87298f
out[431].bits=0x3c62d676
out[432].bits=0xbc7964a0
out[433].bits=0x3beddf64
out[434].bits=0x3d6cdb40
out[435].bits=0x3db1551c
out[436].bits=0xbd2fc012
out[437].bits=0x3d3b4376
out[438].bits=0x3d8fea71
out[439].bits=0xbdd549d5
out[440].bits=0xbd71a9fc
out[441].bits=0xbbdab190
out[442].bits=0x3e4a39a8
out[443].bits=0x3db24e33
out[444].bits=0xbc097419
out[445].bits=0x3cc45095
out[446].bits=0x3db9289b
out[447].bits=0xbdc7daec
out[448].bits=0x3d868d13
out[449].bits=0xbc34819e
out[450].bits=0xbdbba458
out[451].bits=0x3d6fe6bd
out[452].bits=0x3dbbb92d
out[453].bits=0x3c6924ce
out[454].bits=0xbda5a94f
out[455].bits=0xbcf04958
out[456].bits=0x3e040d5c
out[457].bits=0xbcd94034
out[458].bits=0x3dbf6aac
out[459].bits=0x3d317f74
out[460].bits=0x3c195024
out[461].bits=0x3d04bcf7
out[462].bits=0xbd1c0a62
out[463].bits=0x3cdc769e
out[464].bits=0xbcfeeaaa
out[465].bits=0xbccc1ba4
out[466].bits=0x3e1a2216
out[467].bits=0xbdda974a
out[468].bits=0x3d35777a
out[469].bits=0xbd965790
out[470].bits=0xbda44750
out[471].bits=0xbbd26e90
out[472].bits=0x39c11c80
out[473].bits=0x3df5437d
out[474].bits=0x3ce92f30
out[475].bits=0x3d98b7a5
out[476].bits=0x3dbffa30
out[477].bits=0xbc748ea4
out[478].bits=0x3db704e5
out[479].bits=0xbcbf89ba
out[480].bits=0xbdc4acf0
out[481].bits=0x3e21b2d1
out[482].bits=0x3daf0213
out[483].bits=0xbce7adc0
out[484].bits=0x3d9ec177
out[485].bits=0x3a9cc320
out[486].bits=0xbc09fe60
out[487].bits=0x3c5e2bf0
out[488].bits=0x3d6e9911
out[489].bits=0xbd1ebc9e
out[490].bits=0x3d95bd30
out[491].bits=0xbd9b30d0
out[492].bits=0x3e0169e6
out[493].bits=0x3ce9e76f
out[494].bits=0x3da8a8e6
out[495].bits=0x3d6541ea
out[496].bits=0x3d023658
out[497].bits=0x3dc711c5
out[498].bits=0x3d111814
out[499].bits=0xbdf7fcd7
out[500].bits=0xbdb086ca
out[501].bits=0xbdd17d1e
out[502].bits=0x3ddc60d8
out[503].bits=0x3de4e156
out[504].bits=0x3bf169c8
out[505].bits=0x3d0facd0
out[506].bits=0xbc2136fc
out[507].bits=0x3cee86a4
out[508].bits=0x3c139fd8
out[509].bits=0xbd3c5273
out[510].bits=0x3d10f2ee
out[511].bits=0x3b10d418
out[512].bits=0x3dca310c
out[513].bits=0x3d772dca
out[514].bits=0x3d7a9ece
out[515].bits=0xbb984d10
out[516].bits=0x3e14e1ec
out[517].bits=0x3d8a42a5
out[518].bits=0x3e5681f1
out[519].bits=0xbdab60da
out[520].bits=0xbdaa30a2
out[521].bits=0x3d888fde
out[522].bits=0x3e13c40b
out[523].bits=0x3da7b07e
out[524].bits=0xbc5c583e
out[525].bits=0x3d5f73ad
out[526].bits=0x3d507c77
out[527].bits=0x3c576a98
out[528].bits=0x3d8820f0
out[529].bits=0x3ca0ead6
out[530].bits=0x3d95f84c
out[531].bits=0x3d01f191
out[532].bits=0x3dd3a58b
out[533].bits=0x3d603673
out[534].bits=0x3d506316
out[535].bits=0x3ca2f20a
out[536].bits=0x3c948896
out[537].bits=0x3d0f58c0
out[538].bits=0x3d0b078c
out[539].bits=0xbe08335b
out[540].bits=0xbd035a66
out[541].bits=0x3ccf87ca
out[542].bits=0x3d5b00d3
out[543].bits=0x3dbaf878
out[544].bits=0xbd8622ff
out[545].bits=0x3d8204dd
out[546].bits=0x3d3079fd
out[547].bits=0x3dc406d9
out[548].bits=0x3d83d8c4
out[549].bits=0x3ce838b6
out[550].bits=0x3d855f37
out[551].bits=0x3ccdb04b
out[552].bits=0x3e016abc
out[553].bits=0x3d2a84c9
out[554].bits=0x3d3fb804
out[555].bits=0xbc645a60
out[556].bits=0x3e1c72b4
out[557].bits=0xbcc6001e
out[558].bits=0x3da21c6d
out[559].bits=0xbc11a1ba
out[560].bits=0x3d69f204
out[561].bits=0x3dabede2
out[562].bits=0x3e34a4e2
out[563].bits=0x3d4cdfe5
out[564].bits=0x3db67fd9
out[565].bits=0xbd999cfe
out[566].bits=0x3b08b9f0
out[567].bits=0xbc7a4ef8
out[568].bits=0x3d91e355
out[569].bits=0xbddfefc1
out[570].bits=0xbc05906c
out[571].bits=0x3cabed9a
out[572].bits=0xbd1cdd68
out[573].bits=0x3d1249c7
out[574].bits=0x3c944fd4
out[575].bits=0xbcf871b8
out[576].bits=0x3d3ead09
out[577].bits=0xbda7b6f1
out[578].bits=0x3d7eeadd
out[579].bits=0xbe15c4e0
out[580].bits=0xbd856851
out[581].bits=0xbd8345dd
out[582].bits=0x3de13107
out[583].bits=0x3db48a9a
out[584].bits=0x3c8cc006
out[585].bits=0xbd75355c
out[586].bits=0x3d90b536
out[587].bits=0xbdafb362
out[588].bits=0x3c6e33f8
out[589].bits=0x3d5206c6
out[590].bits=0xbd395c02
out[591].bits=0x3dcae260
out[592].bits=0x3da3d43a
out[593].bits=0x3d82777d
out[594].bits=0x3ce5d5aa
out[595].bits=0xbc5d2198
out[596].bits=0xbdb4a08d
out[597].bits=0x3d0fac54
out[598].bits=0x3daa02ea
out[599].bits=0x3b96ffa8
out[600].bits=0xbdd4f884
out[601].bits=0x3cb59e16
out[602].bits=0x3df48f3a
out[603].bits=0x3dc0916e
out[604].bits=0x3d620c22
out[605].bits=0x3c906b00
out[606].bits=0xbca16b94
out[607].bits=0xbd8d8e03
out[608].bits=0x3d8f479c
out[609].bits=0xbe0993ba
out[610].bits=0x3c6ba420
out[611].bits=0x3d02d9ba
out[612].bits=0x3e54ec92
out[613].bits=0x3d91010e
out[614].bits=0x3d820c2b
out[615].bits=0x3c8073ba
out[616].bits=0x3c86f6ba
out[617].bits=0xbc65b12c
out[618].bits=0x3d0128a9
out[619].bits=0xbdc6e8a5
out[620].bits=0x3d467a92
out[621].bits=0x3d0c2b14
out[622].bits=0x3da43979
out[623].bits=0xbccbc16e
out[624].bits=0x3cbef9aa
out[625].bits=0xbd3de806
out[626].bits=0x3de33ff4
out[627].bits=0xbbaf3838
out[628].bits=0x3d95d893
out[629].bits=0x3d66e45a
out[630].bits=0xbe047e32
out[631].bits=0x3d37322a
out[632].bits=0x3c004b08
out[633].bits=0x3d0a601b
out[634].bits=0x3af09b60
out[635].bits=0xbd2e7b1a
out[636].bits=0xbcfaa02c
out[637].bits=0xbc317b04
out[638].bits=0x3d9662ce
out[639].bits=0xbd9a2be0
test predict_resident_bit_dump_cuda ... ok

test result: ok. 1 passed; 0 failed; 0 ignored; 0 measured; 6 filtered out; finished in 0.43s
