== build bench-fandhe ==
== build bench-candle (cpu) ==
== manifest 記録: results/raw/manifest-m4max-cpu-gemm-gate-0.8.0-1488.json ==
{"label":"0.8.0-1488","device":"cpu","bench_fandhe_sha256":"74ef85d60cc5d63b4f108c581c1727cbe4ba54a7d8cd991f6ca8056d02a8954b","fandhe_ai_source":"registry","bench_fandhe_features":"","readout_method":"borrowed-view-default-1438","bench_candle_sha256":"6b80ce56f06185a9b19ef63289f7395feaf879364a617cc4526cf10892e7fb4c","candle_core_source":"registry","recorded_at":"2026-09-10T02:21:05Z"}
== バイナリ sha256 検証 OK: bench-fandhe=74ef85d60cc5d63b4f108c581c1727cbe4ba54a7d8cd991f6ca8056d02a8954b（label '0.8.0-1488'・device 'cpu'） ==
== 依存元検証 OK: fandhe_ai_source=registry（label '0.8.0-1488'） ==
== feature 検証 OK: bench_fandhe_features=''（#1438 で常時既定経路。label '0.8.0-1488'） ==
== readout 方式検証 OK: readout_method=borrowed-view-default-1438（label '0.8.0-1488'） ==
== バイナリ sha256 検証 OK: bench-candle=6b80ce56f06185a9b19ef63289f7395feaf879364a617cc4526cf10892e7fb4c（label '0.8.0-1488'） ==
== 依存元検証 OK: candle_core_source=registry（label '0.8.0-1488'） ==
== cpu status (before) ==
RAYON_NUM_THREADS=<未設定=全コア既定>
Apple M4 Max
hw.ncpu: 16
hw.perflevel0.logicalcpu: 12
hw.perflevel1.logicalcpu: 4
11:21  up 21 days, 22:33, 19 users, load averages: 9.95 6.51 7.61
Note: No thermal warning level has been recorded
Note: No performance warning level has been recorded
Note: No CPU power status has been recorded
== bench-fandhe gemm cpu size=512 mode=reuse extra=none ==
{"framework":"fandhe-ai","version":"0.8.0","task":"gemm","device":"cpu","size":512,"median_s":0.000683562,"q1_s":0.000659416,"q3_s":0.000706677,"gflops":392.701,"checksum":937.743233,"warmup":20,"iters":20,"mode":"reuse","init_s":0.004454708,"parity_total":262144,"parity_fail_count":0,"parity_max_abs_err":0.000000e0,"parity_max_rel_err":0.000000e0,"parity_scaled_abs_bound":0.000000e0,"parity_scaled_abs_rescued":0}
== bench-candle gemm cpu size=512 mode=fresh extra=none ==
{"framework":"candle","version":"0.11.0","task":"gemm","device":"cpu","size":512,"median_s":0.000667167,"q1_s":0.000628177,"q3_s":0.000712729,"gflops":402.352,"checksum":937.743233,"warmup":20,"iters":20,"mode":"fresh","parity_total":262144,"parity_fail_count":0,"parity_max_abs_err":0.000000e0,"parity_max_rel_err":0.000000e0,"parity_scaled_abs_bound":3.814663e-6,"parity_scaled_abs_rescued":0}
== bench-fandhe gemm cpu size=512 mode=fresh extra=none ==
{"framework":"fandhe-ai","version":"0.8.0","task":"gemm","device":"cpu","size":512,"median_s":0.000659750,"q1_s":0.000628864,"q3_s":0.000680542,"gflops":406.874,"checksum":937.743233,"warmup":20,"iters":20,"mode":"fresh","parity_total":262144,"parity_fail_count":0,"parity_max_abs_err":0.000000e0,"parity_max_rel_err":0.000000e0,"parity_scaled_abs_bound":0.000000e0,"parity_scaled_abs_rescued":0}
== bench-fandhe gemm cpu size=1024 mode=reuse extra=none ==
{"framework":"fandhe-ai","version":"0.8.0","task":"gemm","device":"cpu","size":1024,"median_s":0.003173209,"q1_s":0.003103375,"q3_s":0.003264906,"gflops":676.755,"checksum":-1855.597736,"warmup":20,"iters":20,"mode":"reuse","init_s":0.005840709,"parity_total":1048576,"parity_fail_count":0,"parity_max_abs_err":0.000000e0,"parity_max_rel_err":0.000000e0,"parity_scaled_abs_bound":0.000000e0,"parity_scaled_abs_rescued":0}
== bench-candle gemm cpu size=1024 mode=fresh extra=none ==
{"framework":"candle","version":"0.11.0","task":"gemm","device":"cpu","size":1024,"median_s":0.003833896,"q1_s":0.003796271,"q3_s":0.003883396,"gflops":560.131,"checksum":-1855.597736,"warmup":20,"iters":20,"mode":"fresh","parity_total":1048576,"parity_fail_count":0,"parity_max_abs_err":0.000000e0,"parity_max_rel_err":0.000000e0,"parity_scaled_abs_bound":7.629375e-6,"parity_scaled_abs_rescued":0}
== bench-fandhe gemm cpu size=1024 mode=fresh extra=none ==
{"framework":"fandhe-ai","version":"0.8.0","task":"gemm","device":"cpu","size":1024,"median_s":0.002990021,"q1_s":0.002948292,"q3_s":0.003118771,"gflops":718.217,"checksum":-1855.597736,"warmup":20,"iters":20,"mode":"fresh","parity_total":1048576,"parity_fail_count":0,"parity_max_abs_err":0.000000e0,"parity_max_rel_err":0.000000e0,"parity_scaled_abs_bound":0.000000e0,"parity_scaled_abs_rescued":0}
== bench-fandhe gemm cpu size=2048 mode=reuse extra=none ==
{"framework":"fandhe-ai","version":"0.8.0","task":"gemm","device":"cpu","size":2048,"median_s":0.021012958,"q1_s":0.020227000,"q3_s":0.021676135,"gflops":817.585,"checksum":-6016.774008,"warmup":20,"iters":20,"mode":"reuse","init_s":0.023525792,"parity_total":4194304,"parity_fail_count":0,"parity_max_abs_err":0.000000e0,"parity_max_rel_err":0.000000e0,"parity_scaled_abs_bound":0.000000e0,"parity_scaled_abs_rescued":0}
== bench-candle gemm cpu size=2048 mode=fresh extra=none ==
{"framework":"candle","version":"0.11.0","task":"gemm","device":"cpu","size":2048,"median_s":0.018631771,"q1_s":0.018239687,"q3_s":0.022557719,"gflops":922.074,"checksum":-6016.774008,"warmup":20,"iters":20,"mode":"fresh","parity_total":4194304,"parity_fail_count":0,"parity_max_abs_err":0.000000e0,"parity_max_rel_err":0.000000e0,"parity_scaled_abs_bound":1.525878e-5,"parity_scaled_abs_rescued":0}
== bench-fandhe gemm cpu size=2048 mode=fresh extra=none ==
{"framework":"fandhe-ai","version":"0.8.0","task":"gemm","device":"cpu","size":2048,"median_s":0.018707083,"q1_s":0.018382021,"q3_s":0.019058386,"gflops":918.362,"checksum":-6016.774008,"warmup":20,"iters":20,"mode":"fresh","parity_total":4194304,"parity_fail_count":0,"parity_max_abs_err":0.000000e0,"parity_max_rel_err":0.000000e0,"parity_scaled_abs_bound":0.000000e0,"parity_scaled_abs_rescued":0}
== bench-fandhe gemm cpu size=512 mode=reuse extra=none ==
{"framework":"fandhe-ai","version":"0.8.0","task":"gemm","device":"cpu","size":512,"median_s":0.000672813,"q1_s":0.000646812,"q3_s":0.000723364,"gflops":398.975,"checksum":937.743233,"warmup":20,"iters":20,"mode":"reuse","init_s":0.003325583,"parity_total":262144,"parity_fail_count":0,"parity_max_abs_err":0.000000e0,"parity_max_rel_err":0.000000e0,"parity_scaled_abs_bound":0.000000e0,"parity_scaled_abs_rescued":0}
== bench-candle gemm cpu size=512 mode=fresh extra=none ==
{"framework":"candle","version":"0.11.0","task":"gemm","device":"cpu","size":512,"median_s":0.000787874,"q1_s":0.000717448,"q3_s":0.000842334,"gflops":340.708,"checksum":937.743233,"warmup":20,"iters":20,"mode":"fresh","parity_total":262144,"parity_fail_count":0,"parity_max_abs_err":0.000000e0,"parity_max_rel_err":0.000000e0,"parity_scaled_abs_bound":3.814663e-6,"parity_scaled_abs_rescued":0}
== bench-fandhe gemm cpu size=512 mode=fresh extra=none ==
{"framework":"fandhe-ai","version":"0.8.0","task":"gemm","device":"cpu","size":512,"median_s":0.000643459,"q1_s":0.000620021,"q3_s":0.000663563,"gflops":417.176,"checksum":937.743233,"warmup":20,"iters":20,"mode":"fresh","parity_total":262144,"parity_fail_count":0,"parity_max_abs_err":0.000000e0,"parity_max_rel_err":0.000000e0,"parity_scaled_abs_bound":0.000000e0,"parity_scaled_abs_rescued":0}
== bench-fandhe gemm cpu size=1024 mode=reuse extra=none ==
{"framework":"fandhe-ai","version":"0.8.0","task":"gemm","device":"cpu","size":1024,"median_s":0.003176979,"q1_s":0.003105813,"q3_s":0.003267282,"gflops":675.951,"checksum":-1855.597736,"warmup":20,"iters":20,"mode":"reuse","init_s":0.005883458,"parity_total":1048576,"parity_fail_count":0,"parity_max_abs_err":0.000000e0,"parity_max_rel_err":0.000000e0,"parity_scaled_abs_bound":0.000000e0,"parity_scaled_abs_rescued":0}
== bench-candle gemm cpu size=1024 mode=fresh extra=none ==
{"framework":"candle","version":"0.11.0","task":"gemm","device":"cpu","size":1024,"median_s":0.002687959,"q1_s":0.002678188,"q3_s":0.002796657,"gflops":798.927,"checksum":-1855.597736,"warmup":20,"iters":20,"mode":"fresh","parity_total":1048576,"parity_fail_count":0,"parity_max_abs_err":0.000000e0,"parity_max_rel_err":0.000000e0,"parity_scaled_abs_bound":7.629375e-6,"parity_scaled_abs_rescued":0}
== bench-fandhe gemm cpu size=1024 mode=fresh extra=none ==
{"framework":"fandhe-ai","version":"0.8.0","task":"gemm","device":"cpu","size":1024,"median_s":0.002921854,"q1_s":0.002899834,"q3_s":0.002950812,"gflops":734.973,"checksum":-1855.597736,"warmup":20,"iters":20,"mode":"fresh","parity_total":1048576,"parity_fail_count":0,"parity_max_abs_err":0.000000e0,"parity_max_rel_err":0.000000e0,"parity_scaled_abs_bound":0.000000e0,"parity_scaled_abs_rescued":0}
== bench-fandhe gemm cpu size=2048 mode=reuse extra=none ==
{"framework":"fandhe-ai","version":"0.8.0","task":"gemm","device":"cpu","size":2048,"median_s":0.020883230,"q1_s":0.020549344,"q3_s":0.021218448,"gflops":822.663,"checksum":-6016.774008,"warmup":20,"iters":20,"mode":"reuse","init_s":0.028209875,"parity_total":4194304,"parity_fail_count":0,"parity_max_abs_err":0.000000e0,"parity_max_rel_err":0.000000e0,"parity_scaled_abs_bound":0.000000e0,"parity_scaled_abs_rescued":0}
== bench-candle gemm cpu size=2048 mode=fresh extra=none ==
{"framework":"candle","version":"0.11.0","task":"gemm","device":"cpu","size":2048,"median_s":0.022923750,"q1_s":0.019844083,"q3_s":0.024673459,"gflops":749.435,"checksum":-6016.774008,"warmup":20,"iters":20,"mode":"fresh","parity_total":4194304,"parity_fail_count":0,"parity_max_abs_err":0.000000e0,"parity_max_rel_err":0.000000e0,"parity_scaled_abs_bound":1.525878e-5,"parity_scaled_abs_rescued":0}
== bench-fandhe gemm cpu size=2048 mode=fresh extra=none ==
{"framework":"fandhe-ai","version":"0.8.0","task":"gemm","device":"cpu","size":2048,"median_s":0.018911708,"q1_s":0.018648885,"q3_s":0.019282896,"gflops":908.425,"checksum":-6016.774008,"warmup":20,"iters":20,"mode":"fresh","parity_total":4194304,"parity_fail_count":0,"parity_max_abs_err":0.000000e0,"parity_max_rel_err":0.000000e0,"parity_scaled_abs_bound":0.000000e0,"parity_scaled_abs_rescued":0}
== bench-fandhe gemm cpu size=512 mode=reuse extra=none ==
{"framework":"fandhe-ai","version":"0.8.0","task":"gemm","device":"cpu","size":512,"median_s":0.000695375,"q1_s":0.000679260,"q3_s":0.000712927,"gflops":386.030,"checksum":937.743233,"warmup":20,"iters":20,"mode":"reuse","init_s":0.003545583,"parity_total":262144,"parity_fail_count":0,"parity_max_abs_err":0.000000e0,"parity_max_rel_err":0.000000e0,"parity_scaled_abs_bound":0.000000e0,"parity_scaled_abs_rescued":0}
== bench-candle gemm cpu size=512 mode=fresh extra=none ==
{"framework":"candle","version":"0.11.0","task":"gemm","device":"cpu","size":512,"median_s":0.000808854,"q1_s":0.000782364,"q3_s":0.000861479,"gflops":331.871,"checksum":937.743233,"warmup":20,"iters":20,"mode":"fresh","parity_total":262144,"parity_fail_count":0,"parity_max_abs_err":0.000000e0,"parity_max_rel_err":0.000000e0,"parity_scaled_abs_bound":3.814663e-6,"parity_scaled_abs_rescued":0}
== bench-fandhe gemm cpu size=512 mode=fresh extra=none ==
{"framework":"fandhe-ai","version":"0.8.0","task":"gemm","device":"cpu","size":512,"median_s":0.000680084,"q1_s":0.000652760,"q3_s":0.000695302,"gflops":394.710,"checksum":937.743233,"warmup":20,"iters":20,"mode":"fresh","parity_total":262144,"parity_fail_count":0,"parity_max_abs_err":0.000000e0,"parity_max_rel_err":0.000000e0,"parity_scaled_abs_bound":0.000000e0,"parity_scaled_abs_rescued":0}
== bench-fandhe gemm cpu size=1024 mode=reuse extra=none ==
{"framework":"fandhe-ai","version":"0.8.0","task":"gemm","device":"cpu","size":1024,"median_s":0.003378104,"q1_s":0.003263594,"q3_s":0.003500062,"gflops":635.707,"checksum":-1855.597736,"warmup":20,"iters":20,"mode":"reuse","init_s":0.006618166,"parity_total":1048576,"parity_fail_count":0,"parity_max_abs_err":0.000000e0,"parity_max_rel_err":0.000000e0,"parity_scaled_abs_bound":0.000000e0,"parity_scaled_abs_rescued":0}
== bench-candle gemm cpu size=1024 mode=fresh extra=none ==
{"framework":"candle","version":"0.11.0","task":"gemm","device":"cpu","size":1024,"median_s":0.002857917,"q1_s":0.002693927,"q3_s":0.003600677,"gflops":751.416,"checksum":-1855.597736,"warmup":20,"iters":20,"mode":"fresh","parity_total":1048576,"parity_fail_count":0,"parity_max_abs_err":0.000000e0,"parity_max_rel_err":0.000000e0,"parity_scaled_abs_bound":7.629375e-6,"parity_scaled_abs_rescued":0}
== bench-fandhe gemm cpu size=1024 mode=fresh extra=none ==
{"framework":"fandhe-ai","version":"0.8.0","task":"gemm","device":"cpu","size":1024,"median_s":0.003131854,"q1_s":0.003086636,"q3_s":0.003250844,"gflops":685.691,"checksum":-1855.597736,"warmup":20,"iters":20,"mode":"fresh","parity_total":1048576,"parity_fail_count":0,"parity_max_abs_err":0.000000e0,"parity_max_rel_err":0.000000e0,"parity_scaled_abs_bound":0.000000e0,"parity_scaled_abs_rescued":0}
== bench-fandhe gemm cpu size=2048 mode=reuse extra=none ==
{"framework":"fandhe-ai","version":"0.8.0","task":"gemm","device":"cpu","size":2048,"median_s":0.021642166,"q1_s":0.020948437,"q3_s":0.022294188,"gflops":793.815,"checksum":-6016.774008,"warmup":20,"iters":20,"mode":"reuse","init_s":0.024809333,"parity_total":4194304,"parity_fail_count":0,"parity_max_abs_err":0.000000e0,"parity_max_rel_err":0.000000e0,"parity_scaled_abs_bound":0.000000e0,"parity_scaled_abs_rescued":0}
== bench-candle gemm cpu size=2048 mode=fresh extra=none ==
{"framework":"candle","version":"0.11.0","task":"gemm","device":"cpu","size":2048,"median_s":0.019788021,"q1_s":0.019207666,"q3_s":0.020604166,"gflops":868.195,"checksum":-6016.774008,"warmup":20,"iters":20,"mode":"fresh","parity_total":4194304,"parity_fail_count":0,"parity_max_abs_err":0.000000e0,"parity_max_rel_err":0.000000e0,"parity_scaled_abs_bound":1.525878e-5,"parity_scaled_abs_rescued":0}
== bench-fandhe gemm cpu size=2048 mode=fresh extra=none ==
{"framework":"fandhe-ai","version":"0.8.0","task":"gemm","device":"cpu","size":2048,"median_s":0.021084646,"q1_s":0.020073813,"q3_s":0.023608407,"gflops":814.805,"checksum":-6016.774008,"warmup":20,"iters":20,"mode":"fresh","parity_total":4194304,"parity_fail_count":0,"parity_max_abs_err":0.000000e0,"parity_max_rel_err":0.000000e0,"parity_scaled_abs_bound":0.000000e0,"parity_scaled_abs_rescued":0}
== bench-fandhe gemm cpu size=512 mode=reuse extra=none ==
{"framework":"fandhe-ai","version":"0.8.0","task":"gemm","device":"cpu","size":512,"median_s":0.000714354,"q1_s":0.000678666,"q3_s":0.000747750,"gflops":375.774,"checksum":937.743233,"warmup":20,"iters":20,"mode":"reuse","init_s":0.003415125,"parity_total":262144,"parity_fail_count":0,"parity_max_abs_err":0.000000e0,"parity_max_rel_err":0.000000e0,"parity_scaled_abs_bound":0.000000e0,"parity_scaled_abs_rescued":0}
== bench-candle gemm cpu size=512 mode=fresh extra=none ==
{"framework":"candle","version":"0.11.0","task":"gemm","device":"cpu","size":512,"median_s":0.000836541,"q1_s":0.000827521,"q3_s":0.000893948,"gflops":320.887,"checksum":937.743233,"warmup":20,"iters":20,"mode":"fresh","parity_total":262144,"parity_fail_count":0,"parity_max_abs_err":0.000000e0,"parity_max_rel_err":0.000000e0,"parity_scaled_abs_bound":3.814663e-6,"parity_scaled_abs_rescued":0}
== bench-fandhe gemm cpu size=512 mode=fresh extra=none ==
{"framework":"fandhe-ai","version":"0.8.0","task":"gemm","device":"cpu","size":512,"median_s":0.000661979,"q1_s":0.000645625,"q3_s":0.000692364,"gflops":405.504,"checksum":937.743233,"warmup":20,"iters":20,"mode":"fresh","parity_total":262144,"parity_fail_count":0,"parity_max_abs_err":0.000000e0,"parity_max_rel_err":0.000000e0,"parity_scaled_abs_bound":0.000000e0,"parity_scaled_abs_rescued":0}
== bench-fandhe gemm cpu size=1024 mode=reuse extra=none ==
{"framework":"fandhe-ai","version":"0.8.0","task":"gemm","device":"cpu","size":1024,"median_s":0.003347854,"q1_s":0.003276187,"q3_s":0.003412719,"gflops":641.451,"checksum":-1855.597736,"warmup":20,"iters":20,"mode":"reuse","init_s":0.005946708,"parity_total":1048576,"parity_fail_count":0,"parity_max_abs_err":0.000000e0,"parity_max_rel_err":0.000000e0,"parity_scaled_abs_bound":0.000000e0,"parity_scaled_abs_rescued":0}
== bench-candle gemm cpu size=1024 mode=fresh extra=none ==
{"framework":"candle","version":"0.11.0","task":"gemm","device":"cpu","size":1024,"median_s":0.002816209,"q1_s":0.002729646,"q3_s":0.003061125,"gflops":762.544,"checksum":-1855.597736,"warmup":20,"iters":20,"mode":"fresh","parity_total":1048576,"parity_fail_count":0,"parity_max_abs_err":0.000000e0,"parity_max_rel_err":0.000000e0,"parity_scaled_abs_bound":7.629375e-6,"parity_scaled_abs_rescued":0}
== bench-fandhe gemm cpu size=1024 mode=fresh extra=none ==
{"framework":"fandhe-ai","version":"0.8.0","task":"gemm","device":"cpu","size":1024,"median_s":0.003076416,"q1_s":0.003022479,"q3_s":0.003134855,"gflops":698.047,"checksum":-1855.597736,"warmup":20,"iters":20,"mode":"fresh","parity_total":1048576,"parity_fail_count":0,"parity_max_abs_err":0.000000e0,"parity_max_rel_err":0.000000e0,"parity_scaled_abs_bound":0.000000e0,"parity_scaled_abs_rescued":0}
== bench-fandhe gemm cpu size=2048 mode=reuse extra=none ==
{"framework":"fandhe-ai","version":"0.8.0","task":"gemm","device":"cpu","size":2048,"median_s":0.023442938,"q1_s":0.021824032,"q3_s":0.023772781,"gflops":732.838,"checksum":-6016.774008,"warmup":20,"iters":20,"mode":"reuse","init_s":0.026153417,"parity_total":4194304,"parity_fail_count":0,"parity_max_abs_err":0.000000e0,"parity_max_rel_err":0.000000e0,"parity_scaled_abs_bound":0.000000e0,"parity_scaled_abs_rescued":0}
== bench-candle gemm cpu size=2048 mode=fresh extra=none ==
{"framework":"candle","version":"0.11.0","task":"gemm","device":"cpu","size":2048,"median_s":0.024647188,"q1_s":0.021972313,"q3_s":0.026218219,"gflops":697.032,"checksum":-6016.774008,"warmup":20,"iters":20,"mode":"fresh","parity_total":4194304,"parity_fail_count":0,"parity_max_abs_err":0.000000e0,"parity_max_rel_err":0.000000e0,"parity_scaled_abs_bound":1.525878e-5,"parity_scaled_abs_rescued":0}
== bench-fandhe gemm cpu size=2048 mode=fresh extra=none ==
{"framework":"fandhe-ai","version":"0.8.0","task":"gemm","device":"cpu","size":2048,"median_s":0.022207854,"q1_s":0.020842989,"q3_s":0.023731688,"gflops":773.594,"checksum":-6016.774008,"warmup":20,"iters":20,"mode":"fresh","parity_total":4194304,"parity_fail_count":0,"parity_max_abs_err":0.000000e0,"parity_max_rel_err":0.000000e0,"parity_scaled_abs_bound":0.000000e0,"parity_scaled_abs_rescued":0}
== bench-fandhe gemm cpu size=512 mode=reuse extra=none ==
{"framework":"fandhe-ai","version":"0.8.0","task":"gemm","device":"cpu","size":512,"median_s":0.000792000,"q1_s":0.000723355,"q3_s":0.000859917,"gflops":338.934,"checksum":937.743233,"warmup":20,"iters":20,"mode":"reuse","init_s":0.004059709,"parity_total":262144,"parity_fail_count":0,"parity_max_abs_err":0.000000e0,"parity_max_rel_err":0.000000e0,"parity_scaled_abs_bound":0.000000e0,"parity_scaled_abs_rescued":0}
== bench-candle gemm cpu size=512 mode=fresh extra=none ==
{"framework":"candle","version":"0.11.0","task":"gemm","device":"cpu","size":512,"median_s":0.000805687,"q1_s":0.000740875,"q3_s":0.000828656,"gflops":333.176,"checksum":937.743233,"warmup":20,"iters":20,"mode":"fresh","parity_total":262144,"parity_fail_count":0,"parity_max_abs_err":0.000000e0,"parity_max_rel_err":0.000000e0,"parity_scaled_abs_bound":3.814663e-6,"parity_scaled_abs_rescued":0}
== bench-fandhe gemm cpu size=512 mode=fresh extra=none ==
{"framework":"fandhe-ai","version":"0.8.0","task":"gemm","device":"cpu","size":512,"median_s":0.000689146,"q1_s":0.000657239,"q3_s":0.000722552,"gflops":389.519,"checksum":937.743233,"warmup":20,"iters":20,"mode":"fresh","parity_total":262144,"parity_fail_count":0,"parity_max_abs_err":0.000000e0,"parity_max_rel_err":0.000000e0,"parity_scaled_abs_bound":0.000000e0,"parity_scaled_abs_rescued":0}
== bench-fandhe gemm cpu size=1024 mode=reuse extra=none ==
{"framework":"fandhe-ai","version":"0.8.0","task":"gemm","device":"cpu","size":1024,"median_s":0.003435979,"q1_s":0.003235865,"q3_s":0.003573781,"gflops":624.999,"checksum":-1855.597736,"warmup":20,"iters":20,"mode":"reuse","init_s":0.006866167,"parity_total":1048576,"parity_fail_count":0,"parity_max_abs_err":0.000000e0,"parity_max_rel_err":0.000000e0,"parity_scaled_abs_bound":0.000000e0,"parity_scaled_abs_rescued":0}
== bench-candle gemm cpu size=1024 mode=fresh extra=none ==
{"framework":"candle","version":"0.11.0","task":"gemm","device":"cpu","size":1024,"median_s":0.002934833,"q1_s":0.002834251,"q3_s":0.003314271,"gflops":731.723,"checksum":-1855.597736,"warmup":20,"iters":20,"mode":"fresh","parity_total":1048576,"parity_fail_count":0,"parity_max_abs_err":0.000000e0,"parity_max_rel_err":0.000000e0,"parity_scaled_abs_bound":7.629375e-6,"parity_scaled_abs_rescued":0}
== bench-fandhe gemm cpu size=1024 mode=fresh extra=none ==
{"framework":"fandhe-ai","version":"0.8.0","task":"gemm","device":"cpu","size":1024,"median_s":0.003003292,"q1_s":0.002950833,"q3_s":0.003031552,"gflops":715.043,"checksum":-1855.597736,"warmup":20,"iters":20,"mode":"fresh","parity_total":1048576,"parity_fail_count":0,"parity_max_abs_err":0.000000e0,"parity_max_rel_err":0.000000e0,"parity_scaled_abs_bound":0.000000e0,"parity_scaled_abs_rescued":0}
== bench-fandhe gemm cpu size=2048 mode=reuse extra=none ==
{"framework":"fandhe-ai","version":"0.8.0","task":"gemm","device":"cpu","size":2048,"median_s":0.021320979,"q1_s":0.020583083,"q3_s":0.021690698,"gflops":805.773,"checksum":-6016.774008,"warmup":20,"iters":20,"mode":"reuse","init_s":0.026422125,"parity_total":4194304,"parity_fail_count":0,"parity_max_abs_err":0.000000e0,"parity_max_rel_err":0.000000e0,"parity_scaled_abs_bound":0.000000e0,"parity_scaled_abs_rescued":0}
== bench-candle gemm cpu size=2048 mode=fresh extra=none ==
{"framework":"candle","version":"0.11.0","task":"gemm","device":"cpu","size":2048,"median_s":0.022925583,"q1_s":0.021381052,"q3_s":0.025582073,"gflops":749.375,"checksum":-6016.774008,"warmup":20,"iters":20,"mode":"fresh","parity_total":4194304,"parity_fail_count":0,"parity_max_abs_err":0.000000e0,"parity_max_rel_err":0.000000e0,"parity_scaled_abs_bound":1.525878e-5,"parity_scaled_abs_rescued":0}
== bench-fandhe gemm cpu size=2048 mode=fresh extra=none ==
{"framework":"fandhe-ai","version":"0.8.0","task":"gemm","device":"cpu","size":2048,"median_s":0.021326208,"q1_s":0.020063052,"q3_s":0.023028636,"gflops":805.575,"checksum":-6016.774008,"warmup":20,"iters":20,"mode":"fresh","parity_total":4194304,"parity_fail_count":0,"parity_max_abs_err":0.000000e0,"parity_max_rel_err":0.000000e0,"parity_scaled_abs_bound":0.000000e0,"parity_scaled_abs_rescued":0}
== cpu status (after) ==
Note: No thermal warning level has been recorded
Note: No performance warning level has been recorded
Note: No CPU power status has been recorded
11:21  up 21 days, 22:34, 19 users, load averages: 11.42 7.16 7.81
done. results in results/raw/results-m4max-cpu-gemm-gate-0.8.0-1488.jsonl ; failures (if any) in results/raw/skipped-m4max-cpu-gemm-gate-0.8.0-1488.log
