   Compiling proc-macro2 v1.0.107
   Compiling unicode-ident v1.0.24
   Compiling quote v1.0.47
   Compiling libc v0.2.189
   Compiling cfg-if v1.0.4
   Compiling getrandom v0.3.4
   Compiling zerocopy v0.8.56
   Compiling libm v0.2.16
   Compiling autocfg v1.5.1
   Compiling objc2 v0.6.4
   Compiling objc2-encode v4.1.0
   Compiling crossbeam-utils v0.8.22
   Compiling crossbeam-epoch v0.9.20
   Compiling crossbeam-deque v0.8.7
   Compiling bitflags v2.13.1
   Compiling serde_core v1.0.229
   Compiling rayon-core v1.13.0
   Compiling zmij v1.0.23
   Compiling num-traits v0.2.19
   Compiling cudarc v0.19.8
   Compiling libloading v0.9.0
   Compiling fandhe-ai-backend-cpu v0.7.0 (local worktree path redacted)
   Compiling serde v1.0.229
   Compiling either v1.17.0
   Compiling serde_json v1.0.151
   Compiling memchr v2.8.3
   Compiling block2 v0.6.2
   Compiling objc2-core-foundation v0.3.2
   Compiling dispatch2 v0.3.1
   Compiling itoa v1.0.18
   Compiling rayon v1.12.0
   Compiling syn v2.0.119
   Compiling syn v3.0.3
   Compiling serde_derive v1.0.229
   Compiling zerocopy-derive v0.8.56
   Compiling objc2-foundation v0.3.2
   Compiling rand_core v0.9.5
   Compiling ppv-lite86 v0.2.21
   Compiling rand_chacha v0.9.0
   Compiling rand v0.9.5
   Compiling rand_distr v0.5.1
   Compiling half v2.7.1
   Compiling fandhe-ai-tensor-core v0.7.0 (local worktree path redacted)
   Compiling fandhe-ai-backend-cuda v0.7.0 (local worktree path redacted)
   Compiling objc2-metal v0.3.2
warning: unused import: `crate::context_cache`
  --> crates/backend-cuda/src/gemm_mma.rs:21:5
   |
21 | use crate::context_cache;
   |     ^^^^^^^^^^^^^^^^^^^^
   |
   = note: `#[warn(unused_imports)]` (part of `#[warn(unused)]`) on by default

warning: field `1` is never read
   --> crates/backend-cuda/src/gemm.rs:828:48
    |
828 | pub struct TiledPipelineFunction(CudaFunction, usize, TiledPipelineTile);
    |            ---------------------               ^^^^^
    |            |
    |            field in this struct
    |
    = note: `#[warn(dead_code)]` (part of `#[warn(unused)]`) on by default
help: consider changing the field to be of unit type to suppress this warning while preserving the field numbering, or remove the field
    |
828 - pub struct TiledPipelineFunction(CudaFunction, usize, TiledPipelineTile);
828 + pub struct TiledPipelineFunction(CudaFunction, (), TiledPipelineTile);
    |

warning: method `context_ptr` is never used
   --> crates/backend-cuda/src/gemm.rs:841:8
    |
830 | impl TiledPipelineFunction {
    | -------------------------- method in this implementation
...
841 |     fn context_ptr(&self) -> usize {
    |        ^^^^^^^^^^^

warning: function `persistent_grid_blocks` is never used
   --> crates/backend-cuda/src/gemm.rs:951:15
    |
951 | pub(crate) fn persistent_grid_blocks(num_tiles: u32, num_sms: u32, blocks_per_sm: u32) -> u32 {
    |               ^^^^^^^^^^^^^^^^^^^^^^

warning: function `persistent_tile_count` is never used
   --> crates/backend-cuda/src/gemm.rs:967:15
    |
967 | pub(crate) fn persistent_tile_count(m: u32, n: u32) -> Result<u32, CudaError> {
    |               ^^^^^^^^^^^^^^^^^^^^^

warning: struct `PersistentTiledPipelineFunction` is never constructed
    --> crates/backend-cuda/src/gemm.rs:1012:12
     |
1012 | pub struct PersistentTiledPipelineFunction {
     |            ^^^^^^^^^^^^^^^^^^^^^^^^^^^^^^^

warning: enum `GemmVariantKind` is never used
  --> crates/backend-cuda/src/gemm_variant.rs:89:10
   |
89 | pub enum GemmVariantKind {
   |          ^^^^^^^^^^^^^^^

warning: constant `SPLITK_MIN_K` is never used
   --> crates/backend-cuda/src/gemm_variant.rs:113:11
    |
113 | pub const SPLITK_MIN_K: u32 = 1024;
    |           ^^^^^^^^^^^^

warning: constant `SPLITK_MIN_K_PER_SPLIT` is never used
   --> crates/backend-cuda/src/gemm_variant.rs:118:11
    |
118 | pub const SPLITK_MIN_K_PER_SPLIT: u32 = 32;
    |           ^^^^^^^^^^^^^^^^^^^^^^

warning: constant `SPLITK_MAX_SPLITS` is never used
   --> crates/backend-cuda/src/gemm_variant.rs:124:11
    |
124 | pub const SPLITK_MAX_SPLITS: u32 = 32;
    |           ^^^^^^^^^^^^^^^^^

warning: constant `SPLITK_PARTIAL_MAX_BYTES` is never used
   --> crates/backend-cuda/src/gemm_variant.rs:130:11
    |
130 | pub const SPLITK_PARTIAL_MAX_BYTES: u64 = 256 * 1024 * 1024;
    |           ^^^^^^^^^^^^^^^^^^^^^^^^

warning: constant `DOUBLE_BUFFER_MIN_K` is never used
   --> crates/backend-cuda/src/gemm_variant.rs:134:11
    |
134 | pub const DOUBLE_BUFFER_MIN_K: u32 = 2 * 32;
    |           ^^^^^^^^^^^^^^^^^^^

warning: constant `VARIANT_TILE` is never used
   --> crates/backend-cuda/src/gemm_variant.rs:141:7
    |
141 | const VARIANT_TILE: u32 = 32;
    |       ^^^^^^^^^^^^

warning: function `num_blocks` is never used
   --> crates/backend-cuda/src/gemm_variant.rs:147:4
    |
147 | fn num_blocks(m: u32, n: u32) -> u64 {
    |    ^^^^^^^^^^

warning: function `derive_split_count` is never used
   --> crates/backend-cuda/src/gemm_variant.rs:159:4
    |
159 | fn derive_split_count(num_blocks: u64, num_sms: u32, k: u32) -> u32 {
    |    ^^^^^^^^^^^^^^^^^^

warning: function `recommend_split_count` is never used
   --> crates/backend-cuda/src/gemm_variant.rs:206:15
    |
206 | pub(crate) fn recommend_split_count(m: u32, n: u32, k: u32, num_sms: u32) -> Option<u32> {
    |               ^^^^^^^^^^^^^^^^^^^^^

warning: function `split_k_partial_bytes` is never used
   --> crates/backend-cuda/src/gemm_variant.rs:221:4
    |
221 | fn split_k_partial_bytes(num_splits: u32, m: u32, n: u32) -> Option<u64> {
    |    ^^^^^^^^^^^^^^^^^^^^^

warning: function `select_f32_gemm_variant` is never used
   --> crates/backend-cuda/src/gemm_variant.rs:264:8
    |
264 | pub fn select_f32_gemm_variant(
    |        ^^^^^^^^^^^^^^^^^^^^^^^

warning: function `validate_split_k_launch` is never used
   --> crates/backend-cuda/src/gemm_variant.rs:301:8
    |
301 | pub fn validate_split_k_launch(m: u32, n: u32, num_splits: u32) -> Result<(), CudaError> {
    |        ^^^^^^^^^^^^^^^^^^^^^^^

warning: constant `TILED_DB_TILE` is never used
  --> crates/backend-cuda/src/kernels_gemm_variants.rs:26:11
   |
26 | pub const TILED_DB_TILE: u32 = 32;
   |           ^^^^^^^^^^^^^

warning: constant `TILED_DB_F32` is never used
  --> crates/backend-cuda/src/kernels_gemm_variants.rs:55:11
   |
55 | pub const TILED_DB_F32: &str = r#"
   |           ^^^^^^^^^^^^

warning: constant `SPLITK_PARTIAL_F32` is never used
   --> crates/backend-cuda/src/kernels_gemm_variants.rs:144:11
    |
144 | pub const SPLITK_PARTIAL_F32: &str = r#"
    |           ^^^^^^^^^^^^^^^^^^

warning: constant `SPLITK_REDUCE_BLOCK_DIM` is never used
   --> crates/backend-cuda/src/kernels_gemm_variants.rs:212:11
    |
212 | pub const SPLITK_REDUCE_BLOCK_DIM: u32 = 256;
    |           ^^^^^^^^^^^^^^^^^^^^^^^

warning: constant `SPLITK_REDUCE_F32` is never used
   --> crates/backend-cuda/src/kernels_gemm_variants.rs:228:11
    |
228 | pub const SPLITK_REDUCE_F32: &str = r#"
    |           ^^^^^^^^^^^^^^^^^

warning: function `tiled_f32_source_with_swizzle` is never used
   --> crates/backend-cuda/src/kernels.rs:731:8
    |
731 | pub fn tiled_f32_source_with_swizzle(group_width: u32) -> Result<String, crate::error::CudaError> {
    |        ^^^^^^^^^^^^^^^^^^^^^^^^^^^^^

warning: function `tiled_pipeline_f32_source_with_stages` is never used
   --> crates/backend-cuda/src/kernels_tiled_pipeline.rs:226:8
    |
226 | pub fn tiled_pipeline_f32_source_with_stages(stages: u32) -> Result<String, CudaError> {
    |        ^^^^^^^^^^^^^^^^^^^^^^^^^^^^^^^^^^^^^

warning: function `render_persistent_source` is never used
   --> crates/backend-cuda/src/kernels_tiled_pipeline.rs:288:4
    |
288 | fn render_persistent_source(stages: u32) -> String {
    |    ^^^^^^^^^^^^^^^^^^^^^^^^

warning: function `tiled_pipeline_persistent_f32_source` is never used
   --> crates/backend-cuda/src/kernels_tiled_pipeline.rs:306:8
    |
306 | pub fn tiled_pipeline_persistent_f32_source() -> &'static str {
    |        ^^^^^^^^^^^^^^^^^^^^^^^^^^^^^^^^^^^^

warning: static `TILED_PIPELINE_PERSISTENT_F32_SOURCE` is never used
   --> crates/backend-cuda/src/kernels_tiled_pipeline.rs:310:8
    |
310 | static TILED_PIPELINE_PERSISTENT_F32_SOURCE: LazyLock<String> =
    |        ^^^^^^^^^^^^^^^^^^^^^^^^^^^^^^^^^^^^

warning: function `tiled_pipeline_persistent_f32_source_with_stages` is never used
   --> crates/backend-cuda/src/kernels_tiled_pipeline.rs:317:8
    |
317 | pub fn tiled_pipeline_persistent_f32_source_with_stages(stages: u32) -> Result<String, CudaError> {
    |        ^^^^^^^^^^^^^^^^^^^^^^^^^^^^^^^^^^^^^^^^^^^^^^^^

warning: constant `TP_KERNEL_PERSISTENT_PREFIX` is never used
   --> crates/backend-cuda/src/kernels_tiled_pipeline.rs:582:7
    |
582 | const TP_KERNEL_PERSISTENT_PREFIX: &str = r#"extern "C" __global__ void gemm_tiled_pipeline_persistent_f32(
    |       ^^^^^^^^^^^^^^^^^^^^^^^^^^^

warning: constant `TP_KERNEL_PERSISTENT_SUFFIX` is never used
   --> crates/backend-cuda/src/kernels_tiled_pipeline.rs:647:7
    |
647 | const TP_KERNEL_PERSISTENT_SUFFIX: &str = "    }\n}\n";
    |       ^^^^^^^^^^^^^^^^^^^^^^^^^^^

warning: function `tiled_pipeline_128x64_f32_source_with_stages` is never used
   --> crates/backend-cuda/src/kernels_tiled_pipeline_128x64.rs:302:8
    |
302 | pub fn tiled_pipeline_128x64_f32_source_with_stages(stages: u32) -> Result<String, CudaError> {
    |        ^^^^^^^^^^^^^^^^^^^^^^^^^^^^^^^^^^^^^^^^^^^^

warning: method `context` is never used
   --> crates/backend-cuda/src/pool.rs:259:19
    |
239 | impl<T: PoolDtype> PooledCudaHandle<T> {
    | -------------------------------------- method in this implementation
...
259 |     pub(crate) fn context(&self) -> &Arc<CudaContext> {
    |                   ^^^^^^^

warning: methods `alloc_uninit_f16` and `upload_f16` are never used
   --> crates/backend-cuda/src/pool.rs:651:19
    |
457 | impl CudaAllocator {
    | ------------------ methods in this implementation
...
651 |     pub(crate) fn alloc_uninit_f16(
    |                   ^^^^^^^^^^^^^^^^
...
666 |     pub(crate) fn upload_f16(&self, src: &[f16]) -> Result<PooledCudaHandle<f16>, CudaError> {
    |                   ^^^^^^^^^^

warning: `fandhe-ai-backend-cuda` (lib) generated 35 warnings (run `cargo fix --lib -p fandhe-ai-backend-cuda` to apply 1 suggestion)
   Compiling fandhe-ai-backend-metal v0.7.0 (local worktree path redacted)
   Compiling bench-harness v0.7.0 (local worktree path redacted)
    Finished `release` profile [optimized] target(s) in 13.23s
     Running unittests src/lib.rs (target/release/deps/fandhe_ai_backend_metal-4099ec6cfdfe79eb)

running 7 tests
test gemm::tests::coop_load_bit_match_all_candidates ... ok
test gemm::tests::coop_load_bit_match_boundary_shape ... ok
test gemm::tests::coop_load_bit_match_dispatch_auto ... ok
test gemm::tests::coop_load_default_matches_production_constants ... ok
test gemm::tests::coop_load_f16_path_is_noop ... ok
test gemm::tests::coop_load_transposed_bit_match ... ok
test gemm_coop_load_diag_tests::coop_load_kernel_gpu_ab_production_sizes ... N=1024 cand=L0-P4 coop_load=CoopLoadConfig { layout: RowLinear, pad: Four } resolved_tile=TileConfig { bm: 64, bn: 32, bk: 8, wm: 4, wn: 1, staged: true } kernel_gpu_median_ms=0.2235 q1=0.2231 q3=1.0204
N=1024 cand=L0-P0 coop_load=CoopLoadConfig { layout: RowLinear, pad: Zero } resolved_tile=TileConfig { bm: 64, bn: 32, bk: 8, wm: 4, wn: 1, staged: true } kernel_gpu_median_ms=0.2226 q1=0.2213 q3=1.0102
N=1024 cand=L0-P8 coop_load=CoopLoadConfig { layout: RowLinear, pad: Eight } resolved_tile=TileConfig { bm: 64, bn: 32, bk: 8, wm: 4, wn: 1, staged: true } kernel_gpu_median_ms=0.2234 q1=0.2219 q3=1.0146
N=1024 cand=L1-P0 coop_load=CoopLoadConfig { layout: RowStrided, pad: Zero } resolved_tile=TileConfig { bm: 64, bn: 32, bk: 8, wm: 4, wn: 1, staged: true } kernel_gpu_median_ms=0.2255 q1=0.2235 q3=1.0087
N=1024 cand=L1-P4 coop_load=CoopLoadConfig { layout: RowStrided, pad: Four } resolved_tile=TileConfig { bm: 64, bn: 32, bk: 8, wm: 4, wn: 1, staged: true } kernel_gpu_median_ms=0.2273 q1=0.2265 q3=1.0187
N=1024 cand=L1-P8 coop_load=CoopLoadConfig { layout: RowStrided, pad: Eight } resolved_tile=TileConfig { bm: 64, bn: 32, bk: 8, wm: 4, wn: 1, staged: true } kernel_gpu_median_ms=0.2265 q1=0.2251 q3=1.0277
N=1024 cand=L0-P4 head_over_base_kernel_gpu=1.000000
N=1024 cand=L0-P0 head_over_base_kernel_gpu=0.995712
N=1024 cand=L0-P8 head_over_base_kernel_gpu=0.999253
N=1024 cand=L1-P0 head_over_base_kernel_gpu=1.008947
N=1024 cand=L1-P4 head_over_base_kernel_gpu=1.016775
N=1024 cand=L1-P8 head_over_base_kernel_gpu=1.013233
N=2048 cand=L0-P4 coop_load=CoopLoadConfig { layout: RowLinear, pad: Four } resolved_tile=TileConfig { bm: 64, bn: 32, bk: 16, wm: 2, wn: 2, staged: true } kernel_gpu_median_ms=1.6129 q1=1.6064 q3=1.6159
N=2048 cand=L0-P0 coop_load=CoopLoadConfig { layout: RowLinear, pad: Zero } resolved_tile=TileConfig { bm: 64, bn: 32, bk: 16, wm: 2, wn: 2, staged: true } kernel_gpu_median_ms=1.6162 q1=1.6094 q3=2.3277
N=2048 cand=L0-P8 coop_load=CoopLoadConfig { layout: RowLinear, pad: Eight } resolved_tile=TileConfig { bm: 64, bn: 32, bk: 16, wm: 2, wn: 2, staged: true } kernel_gpu_median_ms=1.6003 q1=1.5947 q3=2.0819
N=2048 cand=L1-P0 coop_load=CoopLoadConfig { layout: RowStrided, pad: Zero } resolved_tile=TileConfig { bm: 64, bn: 32, bk: 16, wm: 2, wn: 2, staged: true } kernel_gpu_median_ms=1.6123 q1=1.6077 q3=1.6900
N=2048 cand=L1-P4 coop_load=CoopLoadConfig { layout: RowStrided, pad: Four } resolved_tile=TileConfig { bm: 64, bn: 32, bk: 16, wm: 2, wn: 2, staged: true } kernel_gpu_median_ms=2.7231 q1=1.6072 q3=7.3407
N=2048 cand=L1-P8 coop_load=CoopLoadConfig { layout: RowStrided, pad: Eight } resolved_tile=TileConfig { bm: 64, bn: 32, bk: 16, wm: 2, wn: 2, staged: true } kernel_gpu_median_ms=1.9882 q1=1.5998 q3=2.7063
N=2048 cand=L0-P4 head_over_base_kernel_gpu=1.000000
N=2048 cand=L0-P0 head_over_base_kernel_gpu=1.002015
N=2048 cand=L0-P8 head_over_base_kernel_gpu=0.992147
N=2048 cand=L1-P0 head_over_base_kernel_gpu=0.999613
N=2048 cand=L1-P4 head_over_base_kernel_gpu=1.688324
N=2048 cand=L1-P8 head_over_base_kernel_gpu=1.232705
N=4096 cand=L0-P4 coop_load=CoopLoadConfig { layout: RowLinear, pad: Four } resolved_tile=TileConfig { bm: 32, bn: 64, bk: 16, wm: 2, wn: 2, staged: true } kernel_gpu_median_ms=17.7039 q1=16.3623 q3=20.1080
N=4096 cand=L0-P0 coop_load=CoopLoadConfig { layout: RowLinear, pad: Zero } resolved_tile=TileConfig { bm: 32, bn: 64, bk: 16, wm: 2, wn: 2, staged: true } kernel_gpu_median_ms=18.4168 q1=15.5560 q3=21.0959
N=4096 cand=L0-P8 coop_load=CoopLoadConfig { layout: RowLinear, pad: Eight } resolved_tile=TileConfig { bm: 32, bn: 64, bk: 16, wm: 2, wn: 2, staged: true } kernel_gpu_median_ms=19.0388 q1=15.4362 q3=21.1782
N=4096 cand=L1-P0 coop_load=CoopLoadConfig { layout: RowStrided, pad: Zero } resolved_tile=TileConfig { bm: 32, bn: 64, bk: 16, wm: 2, wn: 2, staged: true } kernel_gpu_median_ms=18.9815 q1=15.8975 q3=22.0351
N=4096 cand=L1-P4 coop_load=CoopLoadConfig { layout: RowStrided, pad: Four } resolved_tile=TileConfig { bm: 32, bn: 64, bk: 16, wm: 2, wn: 2, staged: true } kernel_gpu_median_ms=18.4064 q1=16.2994 q3=20.3604
N=4096 cand=L1-P8 coop_load=CoopLoadConfig { layout: RowStrided, pad: Eight } resolved_tile=TileConfig { bm: 32, bn: 64, bk: 16, wm: 2, wn: 2, staged: true } kernel_gpu_median_ms=18.6489 q1=16.1325 q3=21.5138
N=4096 cand=L0-P4 head_over_base_kernel_gpu=1.000000
N=4096 cand=L0-P0 head_over_base_kernel_gpu=1.040267
N=4096 cand=L0-P8 head_over_base_kernel_gpu=1.075403
N=4096 cand=L1-P0 head_over_base_kernel_gpu=1.072169
N=4096 cand=L1-P4 head_over_base_kernel_gpu=1.039681
N=4096 cand=L1-P8 head_over_base_kernel_gpu=1.053378
ok

test result: ok. 7 passed; 0 failed; 0 ignored; 0 measured; 286 filtered out; finished in 29.90s

