warning: use of deprecated method `std::sync::atomic::Atomic::<u64>::fetch_update`: renamed to `try_update` for consistency
   --> crates\tensor-core\src\pool_core.rs:496:43
    |
496 |         let _ = self.pending_return_bytes.fetch_update(
    |                                           ^^^^^^^^^^^^
    |
    = note: `#[warn(deprecated)]` on by default
help: replace the use of the deprecated method
    |
496 -         let _ = self.pending_return_bytes.fetch_update(
496 +         let _ = self.pending_return_bytes.try_update(
    |

warning: `fandhe-ai-tensor-core` (lib) generated 1 warning (run `cargo fix --lib -p fandhe-ai-tensor-core` to apply 1 suggestion)
   Compiling fandhe-ai-backend-cuda v0.9.0 (C:\work\src\crates\backend-cuda)
    Finished `test` profile [unoptimized + debuginfo] target(s) in 1.62s
     Running tests\gemm_tiled.rs (target\debug\deps\gemm_tiled-2472ecf3b3d604bd.exe)

running 6 tests
test tiled_f16_runs_and_returns_expected_shape ... FAILED
test tiled_f32_matches_cpu_reference_across_shapes ... FAILED
test tiled_f32_matches_cpu_reference_k_stress ... FAILED
test tiled_f32_outperforms_naive_at_4096 ... FAILED
test tiled_f32_zero_dim_shape_returns_empty_without_launch ... FAILED
test tiled_f32_zero_k_returns_all_zero ... FAILED

failures:

---- tiled_f16_runs_and_returns_expected_shape stdout ----

thread 'tiled_f16_runs_and_returns_expected_shape' (2656) panicked at crates\backend-cuda\tests\gemm_tiled.rs:178:39:
naive/tiled kernel compilation must succeed: Compile(CompileError { nvrtc: NvrtcError(NVRTC_ERROR_COMPILATION), options: ["--gpu-architecture=compute_75"], log: "default_program(2): catastrophic error: could not open source file \"cuda_fp16.h\" (no directories in search list)\n  #include <cuda_fp16.h>\n                        ^\n\n1 catastrophic error detected in the compilation of \"default_program\".\nCompilation terminated.\n" })
note: run with `RUST_BACKTRACE=1` environment variable to display a backtrace

---- tiled_f32_matches_cpu_reference_across_shapes stdout ----

thread 'tiled_f32_matches_cpu_reference_across_shapes' (4064) panicked at crates\backend-cuda\tests\gemm_tiled.rs:93:39:
naive/tiled kernel compilation must succeed: Compile(CompileError { nvrtc: NvrtcError(NVRTC_ERROR_COMPILATION), options: ["--gpu-architecture=compute_75"], log: "default_program(2): catastrophic error: could not open source file \"cuda_fp16.h\" (no directories in search list)\n  #include <cuda_fp16.h>\n                        ^\n\n1 catastrophic error detected in the compilation of \"default_program\".\nCompilation terminated.\n" })

---- tiled_f32_matches_cpu_reference_k_stress stdout ----

thread 'tiled_f32_matches_cpu_reference_k_stress' (3880) panicked at crates\backend-cuda\tests\gemm_tiled.rs:121:39:
naive/tiled kernel compilation must succeed: Compile(CompileError { nvrtc: NvrtcError(NVRTC_ERROR_COMPILATION), options: ["--gpu-architecture=compute_75"], log: "default_program(2): catastrophic error: could not open source file \"cuda_fp16.h\" (no directories in search list)\n  #include <cuda_fp16.h>\n                        ^\n\n1 catastrophic error detected in the compilation of \"default_program\".\nCompilation terminated.\n" })

---- tiled_f32_outperforms_naive_at_4096 stdout ----

thread 'tiled_f32_outperforms_naive_at_4096' (3848) panicked at crates\backend-cuda\tests\gemm_tiled.rs:236:39:
naive/tiled kernel compilation must succeed: Compile(CompileError { nvrtc: NvrtcError(NVRTC_ERROR_COMPILATION), options: ["--gpu-architecture=compute_75"], log: "default_program(2): catastrophic error: could not open source file \"cuda_fp16.h\" (no directories in search list)\n  #include <cuda_fp16.h>\n                        ^\n\n1 catastrophic error detected in the compilation of \"default_program\".\nCompilation terminated.\n" })

---- tiled_f32_zero_dim_shape_returns_empty_without_launch stdout ----

thread 'tiled_f32_zero_dim_shape_returns_empty_without_launch' (3344) panicked at crates\backend-cuda\tests\gemm_tiled.rs:153:39:
naive/tiled kernel compilation must succeed: Compile(CompileError { nvrtc: NvrtcError(NVRTC_ERROR_COMPILATION), options: ["--gpu-architecture=compute_75"], log: "default_program(2): catastrophic error: could not open source file \"cuda_fp16.h\" (no directories in search list)\n  #include <cuda_fp16.h>\n                        ^\n\n1 catastrophic error detected in the compilation of \"default_program\".\nCompilation terminated.\n" })

---- tiled_f32_zero_k_returns_all_zero stdout ----

thread 'tiled_f32_zero_k_returns_all_zero' (5848) panicked at crates\backend-cuda\tests\gemm_tiled.rs:135:39:
naive/tiled kernel compilation must succeed: Compile(CompileError { nvrtc: NvrtcError(NVRTC_ERROR_COMPILATION), options: ["--gpu-architecture=compute_75"], log: "default_program(2): catastrophic error: could not open source file \"cuda_fp16.h\" (no directories in search list)\n  #include <cuda_fp16.h>\n                        ^\n\n1 catastrophic error detected in the compilation of \"default_program\".\nCompilation terminated.\n" })


failures:
    tiled_f16_runs_and_returns_expected_shape
    tiled_f32_matches_cpu_reference_across_shapes
    tiled_f32_matches_cpu_reference_k_stress
    tiled_f32_outperforms_naive_at_4096
    tiled_f32_zero_dim_shape_returns_empty_without_launch
    tiled_f32_zero_k_returns_all_zero

test result: FAILED. 0 passed; 6 failed; 0 ignored; 0 measured; 1 filtered out; finished in 1.10s

error: test failed, to rerun pass `-p fandhe-ai-backend-cuda --test gemm_tiled`
