warning: use of deprecated method `std::sync::atomic::Atomic::<u64>::fetch_update`: renamed to `try_update` for consistency
   --> crates\tensor-core\src\pool_core.rs:496:43
    |
496 |         let _ = self.pending_return_bytes.fetch_update(
    |                                           ^^^^^^^^^^^^
    |
    = note: `#[warn(deprecated)]` on by default
help: replace the use of the deprecated method
    |
496 -         let _ = self.pending_return_bytes.fetch_update(
496 +         let _ = self.pending_return_bytes.try_update(
    |

warning: `fandhe-ai-tensor-core` (lib) generated 1 warning (run `cargo fix --lib -p fandhe-ai-tensor-core` to apply 1 suggestion)
   Compiling fandhe-ai-backend-cuda v0.9.0 (C:\work\src\crates\backend-cuda)
    Finished `test` profile [unoptimized + debuginfo] target(s) in 1.54s
     Running tests\cpu_cuda_parity.rs (target\debug\deps\cpu_cuda_parity-ae32f2fc2684e8f8.exe)

running 2 tests
test naive_f32_k4096_stress_poc_v2_5 ... FAILED
test naive_f32_matches_reference_across_shapes ... FAILED

failures:

---- naive_f32_k4096_stress_poc_v2_5 stdout ----

thread 'naive_f32_k4096_stress_poc_v2_5' (2056) panicked at crates\backend-cuda\tests\cpu_cuda_parity.rs:155:39:
naive kernel compilation must succeed: Compile(CompileError { nvrtc: NvrtcError(NVRTC_ERROR_COMPILATION), options: ["--gpu-architecture=compute_75"], log: "default_program(2): catastrophic error: could not open source file \"cuda_fp16.h\" (no directories in search list)\n  #include <cuda_fp16.h>\n                        ^\n\n1 catastrophic error detected in the compilation of \"default_program\".\nCompilation terminated.\n" })
note: run with `RUST_BACKTRACE=1` environment variable to display a backtrace

---- naive_f32_matches_reference_across_shapes stdout ----

thread 'naive_f32_matches_reference_across_shapes' (3700) panicked at crates\backend-cuda\tests\cpu_cuda_parity.rs:120:39:
naive kernel compilation must succeed: Compile(CompileError { nvrtc: NvrtcError(NVRTC_ERROR_COMPILATION), options: ["--gpu-architecture=compute_75"], log: "default_program(2): catastrophic error: could not open source file \"cuda_fp16.h\" (no directories in search list)\n  #include <cuda_fp16.h>\n                        ^\n\n1 catastrophic error detected in the compilation of \"default_program\".\nCompilation terminated.\n" })


failures:
    naive_f32_k4096_stress_poc_v2_5
    naive_f32_matches_reference_across_shapes

test result: FAILED. 0 passed; 2 failed; 0 ignored; 0 measured; 1 filtered out; finished in 0.65s

error: test failed, to rerun pass `-p fandhe-ai-backend-cuda --test cpu_cuda_parity`
