warning: use of deprecated method `std::sync::atomic::Atomic::<u64>::fetch_update`: renamed to `try_update` for consistency
   --> crates\tensor-core\src\pool_core.rs:496:43
    |
496 |         let _ = self.pending_return_bytes.fetch_update(
    |                                           ^^^^^^^^^^^^
    |
    = note: `#[warn(deprecated)]` on by default
help: replace the use of the deprecated method
    |
496 -         let _ = self.pending_return_bytes.fetch_update(
496 +         let _ = self.pending_return_bytes.try_update(
    |

warning: `fandhe-ai-tensor-core` (lib) generated 1 warning (run `cargo fix --lib -p fandhe-ai-tensor-core` to apply 1 suggestion)
   Compiling fandhe-ai-backend-cuda v0.9.0 (C:\work\src\crates\backend-cuda)
    Finished `test` profile [unoptimized + debuginfo] target(s) in 1.43s
     Running tests\gemm_naive.rs (target\debug\deps\gemm_naive-33f93175bedd396f.exe)

running 3 tests
test naive_f16_runs_and_returns_expected_shape ... FAILED
test naive_f32_zero_dim_shape_returns_empty_without_launch ... FAILED
test run_naive_f32_rejects_length_mismatch_before_launch ... FAILED

failures:

---- naive_f16_runs_and_returns_expected_shape stdout ----

thread 'naive_f16_runs_and_returns_expected_shape' (5748) panicked at crates\backend-cuda\tests\gemm_naive.rs:115:39:
naive kernel compilation must succeed: Compile(CompileError { nvrtc: NvrtcError(NVRTC_ERROR_COMPILATION), options: ["--gpu-architecture=compute_75"], log: "default_program(2): catastrophic error: could not open source file \"cuda_fp16.h\" (no directories in search list)\n  #include <cuda_fp16.h>\n                        ^\n\n1 catastrophic error detected in the compilation of \"default_program\".\nCompilation terminated.\n" })
note: run with `RUST_BACKTRACE=1` environment variable to display a backtrace

---- naive_f32_zero_dim_shape_returns_empty_without_launch stdout ----

thread 'naive_f32_zero_dim_shape_returns_empty_without_launch' (6444) panicked at crates\backend-cuda\tests\gemm_naive.rs:84:39:
naive kernel compilation must succeed: Compile(CompileError { nvrtc: NvrtcError(NVRTC_ERROR_COMPILATION), options: ["--gpu-architecture=compute_75"], log: "default_program(2): catastrophic error: could not open source file \"cuda_fp16.h\" (no directories in search list)\n  #include <cuda_fp16.h>\n                        ^\n\n1 catastrophic error detected in the compilation of \"default_program\".\nCompilation terminated.\n" })

---- run_naive_f32_rejects_length_mismatch_before_launch stdout ----

thread 'run_naive_f32_rejects_length_mismatch_before_launch' (2136) panicked at crates\backend-cuda\tests\gemm_naive.rs:145:39:
naive kernel compilation must succeed: Compile(CompileError { nvrtc: NvrtcError(NVRTC_ERROR_COMPILATION), options: ["--gpu-architecture=compute_75"], log: "default_program(2): catastrophic error: could not open source file \"cuda_fp16.h\" (no directories in search list)\n  #include <cuda_fp16.h>\n                        ^\n\n1 catastrophic error detected in the compilation of \"default_program\".\nCompilation terminated.\n" })


failures:
    naive_f16_runs_and_returns_expected_shape
    naive_f32_zero_dim_shape_returns_empty_without_launch
    run_naive_f32_rejects_length_mismatch_before_launch

test result: FAILED. 0 passed; 3 failed; 0 ignored; 0 measured; 2 filtered out; finished in 0.76s

error: test failed, to rerun pass `-p fandhe-ai-backend-cuda --test gemm_naive`
