warning: use of deprecated method `std::sync::atomic::Atomic::<u64>::fetch_update`: renamed to `try_update` for consistency
   --> crates\tensor-core\src\pool_core.rs:496:43
    |
496 |         let _ = self.pending_return_bytes.fetch_update(
    |                                           ^^^^^^^^^^^^
    |
    = note: `#[warn(deprecated)]` on by default
help: replace the use of the deprecated method
    |
496 -         let _ = self.pending_return_bytes.fetch_update(
496 +         let _ = self.pending_return_bytes.try_update(
    |

warning: `fandhe-ai-tensor-core` (lib) generated 1 warning (run `cargo fix --lib -p fandhe-ai-tensor-core` to apply 1 suggestion)
   Compiling fandhe-ai-backend-cuda v0.9.0 (C:\work\src\crates\backend-cuda)
    Finished `test` profile [unoptimized + debuginfo] target(s) in 1.55s
     Running tests\gemm_batched_parity.rs (target\debug\deps\gemm_batched_parity-cb6a6f308dc5f878.exe)

running 2 tests
test gemm_batched_fp32_strict_matches_default_per_batch_composition_bit_exact_on_real_device ... FAILED
test gemm_batched_matches_cpu_reference_on_real_device ... FAILED

failures:

---- gemm_batched_fp32_strict_matches_default_per_batch_composition_bit_exact_on_real_device stdout ----

thread 'gemm_batched_fp32_strict_matches_default_per_batch_composition_bit_exact_on_real_device' (1552) panicked at crates\backend-cuda\tests\gemm_batched_parity.rs:171:13:
gemm_batched_fp32_strict failed for a=[3, 64, 256], b=[3, 256, 256]: CUDA unavailable: nvrtc compile error: CompileError { nvrtc: NvrtcError(NVRTC_ERROR_COMPILATION), options: ["--gpu-architecture=compute_75"], log: "default_program(2): catastrophic error: could not open source file \"cuda_fp16.h\" (no directories in search list)\n  #include <cuda_fp16.h>\n                        ^\n\n1 catastrophic error detected in the compilation of \"default_program\".\nCompilation terminated.\n" }
note: run with `RUST_BACKTRACE=1` environment variable to display a backtrace

---- gemm_batched_matches_cpu_reference_on_real_device stdout ----

thread 'gemm_batched_matches_cpu_reference_on_real_device' (3956) panicked at crates\backend-cuda\tests\gemm_batched_parity.rs:222:13:
cuda gemm_batched failed for a=[3, 64, 256], b=[3, 256, 256]: CUDA unavailable: nvrtc compile error: CompileError { nvrtc: NvrtcError(NVRTC_ERROR_COMPILATION), options: ["--gpu-architecture=compute_75"], log: "default_program(2): catastrophic error: could not open source file \"cuda_fp16.h\" (no directories in search list)\n  #include <cuda_fp16.h>\n                        ^\n\n1 catastrophic error detected in the compilation of \"default_program\".\nCompilation terminated.\n" }


failures:
    gemm_batched_fp32_strict_matches_default_per_batch_composition_bit_exact_on_real_device
    gemm_batched_matches_cpu_reference_on_real_device

test result: FAILED. 0 passed; 2 failed; 0 ignored; 0 measured; 1 filtered out; finished in 0.57s

error: test failed, to rerun pass `-p fandhe-ai-backend-cuda --test gemm_batched_parity`
