   Compiling serde_core v1.0.229
   Compiling syn v2.0.119
   Compiling serde_json v1.0.151
   Compiling anyhow v1.0.104
   Compiling serde v1.0.229
   Compiling either v1.17.0
   Compiling allocator-api2 v0.2.21
   Compiling equivalent v1.0.2
   Compiling foldhash v0.2.0
   Compiling itertools v0.14.0
   Compiling bytes v1.12.1
   Compiling hashbrown v0.16.1
   Compiling safetensors v0.7.0
   Compiling zerocopy-derive v0.8.56
   Compiling prost-derive v0.14.4
   Compiling prost v0.14.4
   Compiling zerocopy v0.8.56
   Compiling ppv-lite86 v0.2.21
   Compiling rand_chacha v0.9.0
   Compiling rand v0.9.5
   Compiling rand_distr v0.5.1
   Compiling half v2.7.1
   Compiling fandhe-ai-tensor-core v0.9.0 (C:\work\src\crates\tensor-core)
   Compiling cudarc v0.19.8
warning: use of deprecated method `std::sync::atomic::Atomic::<u64>::fetch_update`: renamed to `try_update` for consistency
   --> crates\tensor-core\src\pool_core.rs:496:43
    |
496 |         let _ = self.pending_return_bytes.fetch_update(
    |                                           ^^^^^^^^^^^^
    |
    = note: `#[warn(deprecated)]` on by default
help: replace the use of the deprecated method
    |
496 -         let _ = self.pending_return_bytes.fetch_update(
496 +         let _ = self.pending_return_bytes.try_update(
    |

   Compiling fandhe-ai-autodiff v0.9.0 (C:\work\src\crates\autodiff)
   Compiling fandhe-ai-backend-cpu v0.9.0 (C:\work\src\crates\backend-cpu)
   Compiling fandhe-ai-backend-cuda v0.9.0 (C:\work\src\crates\backend-cuda)
warning: `fandhe-ai-tensor-core` (lib) generated 1 warning (run `cargo fix --lib -p fandhe-ai-tensor-core` to apply 1 suggestion)
   Compiling bench-harness v0.9.0 (C:\work\src\crates\bench-harness)
   Compiling fandhe-ai-onnx-interop v0.9.0 (C:\work\src\crates\onnx-interop)
   Compiling fandhe-ai v0.9.0 (C:\work\src\crates\facade)
    Finished `test` profile [unoptimized + debuginfo] target(s) in 41.14s
     Running tests\interop_onnx_external_data.rs (target\debug\deps\interop_onnx_external_data-365a8280e4a5e8a3.exe)

running 2 tests
test from_bytes_still_rejects_external_data_fixture ... ok
test from_path_resolves_external_data_and_matches_manifest_reference ... ok

test result: ok. 2 passed; 0 failed; 0 ignored; 0 measured; 0 filtered out; finished in 0.01s
