info: syncing channel updates for stable-x86_64-pc-windows-msvc
info: latest update on 2026-10-01 for version 1.99.0 (b940084d7 2026-09-28)
info: downloading 2 components
    Updating crates.io index
 Downloading crates ...
  Downloaded crossbeam-deque v0.8.7
  Downloaded crossbeam-epoch v0.9.20
  Downloaded cfg-if v1.0.4
  Downloaded foldhash v0.2.0
  Downloaded getrandom v0.3.4
  Downloaded itoa v1.0.18
  Downloaded autocfg v1.5.1
  Downloaded equivalent v1.0.2
  Downloaded windows-link v0.2.1
  Downloaded anyhow v1.0.104
  Downloaded libloading v0.9.0
  Downloaded rand_chacha v0.9.0
  Downloaded zmij v1.0.23
  Downloaded allocator-api2 v0.2.21
  Downloaded crossbeam-utils v0.8.22
  Downloaded half v2.7.1
  Downloaded ppv-lite86 v0.2.21
  Downloaded prost-derive v0.14.4
  Downloaded quote v1.0.47
  Downloaded rand_core v0.9.5
  Downloaded either v1.17.0
  Downloaded proc-macro2 v1.0.107
  Downloaded serde_core v1.0.229
  Downloaded safetensors v0.7.0
  Downloaded bytes v1.12.1
  Downloaded num-traits v0.2.19
  Downloaded prost v0.14.4
  Downloaded serde_derive v1.0.229
  Downloaded unicode-ident v1.0.24
  Downloaded rand_distr v0.5.1
  Downloaded serde v1.0.229
  Downloaded memchr v2.8.3
  Downloaded rayon-core v1.13.0
  Downloaded zerocopy-derive v0.8.56
  Downloaded itertools v0.14.0
  Downloaded rand v0.9.5
  Downloaded serde_json v1.0.151
  Downloaded hashbrown v0.16.1
  Downloaded libm v0.2.16
  Downloaded rayon v1.12.0
  Downloaded zerocopy v0.8.56
  Downloaded syn v3.0.3
  Downloaded syn v2.0.119
  Downloaded cudarc v0.19.8
   Compiling proc-macro2 v1.0.107
   Compiling quote v1.0.47
   Compiling unicode-ident v1.0.24
   Compiling zerocopy v0.8.56
   Compiling getrandom v0.3.4
   Compiling cfg-if v1.0.4
   Compiling autocfg v1.5.1
   Compiling libm v0.2.16
   Compiling crossbeam-utils v0.8.22
   Compiling serde_core v1.0.229
   Compiling num-traits v0.2.19
   Compiling crossbeam-epoch v0.9.20
   Compiling anyhow v1.0.104
   Compiling rand_core v0.9.5
   Compiling crossbeam-deque v0.8.7
   Compiling zmij v1.0.23
   Compiling serde_json v1.0.151
   Compiling either v1.17.0
   Compiling syn v2.0.119
   Compiling syn v3.0.3
   Compiling serde v1.0.229
   Compiling rayon-core v1.13.0
   Compiling itertools v0.14.0
   Compiling windows-link v0.2.1
   Compiling memchr v2.8.3
   Compiling foldhash v0.2.0
   Compiling equivalent v1.0.2
   Compiling allocator-api2 v0.2.21
   Compiling itoa v1.0.18
   Compiling cudarc v0.19.8
   Compiling libloading v0.9.0
   Compiling hashbrown v0.16.1
   Compiling fandhe-ai-backend-cpu v0.9.0 (C:\work\src\crates\backend-cpu)
   Compiling bytes v1.12.1
   Compiling rayon v1.12.0
   Compiling serde_derive v1.0.229
   Compiling zerocopy-derive v0.8.56
   Compiling prost-derive v0.14.4
   Compiling prost v0.14.4
   Compiling safetensors v0.7.0
   Compiling ppv-lite86 v0.2.21
   Compiling rand_chacha v0.9.0
   Compiling rand v0.9.5
   Compiling rand_distr v0.5.1
   Compiling half v2.7.1
   Compiling fandhe-ai-tensor-core v0.9.0 (C:\work\src\crates\tensor-core)
warning: use of deprecated method `std::sync::atomic::Atomic::<u64>::fetch_update`: renamed to `try_update` for consistency
   --> C:\work\src\crates\tensor-core\src\pool_core.rs:496:43
    |
496 |         let _ = self.pending_return_bytes.fetch_update(
    |                                           ^^^^^^^^^^^^
    |
    = note: `#[warn(deprecated)]` on by default
help: replace the use of the deprecated method
    |
496 -         let _ = self.pending_return_bytes.fetch_update(
496 +         let _ = self.pending_return_bytes.try_update(
    |

   Compiling fandhe-ai-autodiff v0.9.0 (C:\work\src\crates\autodiff)
   Compiling fandhe-ai-backend-cuda v0.9.0 (C:\work\src\crates\backend-cuda)
warning: `fandhe-ai-tensor-core` (lib) generated 1 warning (run `cargo fix --lib -p fandhe-ai-tensor-core` to apply 1 suggestion)
   Compiling fandhe-ai-onnx-interop v0.9.0 (C:\work\src\crates\onnx-interop)
   Compiling fandhe-ai v0.9.0 (C:\work\src\crates\facade)
   Compiling harness v0.0.0 (C:\work\src\harness)
    Finished `release` profile [optimized] target(s) in 1m 23s
