warning: use of deprecated method `std::sync::atomic::Atomic::<u64>::fetch_update`: renamed to `try_update` for consistency
   --> crates\tensor-core\src\pool_core.rs:496:43
    |
496 |         let _ = self.pending_return_bytes.fetch_update(
    |                                           ^^^^^^^^^^^^
    |
    = note: `#[warn(deprecated)]` on by default
help: replace the use of the deprecated method
    |
496 -         let _ = self.pending_return_bytes.fetch_update(
496 +         let _ = self.pending_return_bytes.try_update(
    |

warning: `fandhe-ai-tensor-core` (lib) generated 1 warning (run `cargo fix --lib -p fandhe-ai-tensor-core` to apply 1 suggestion)
    Finished `test` profile [unoptimized + debuginfo] target(s) in 0.17s
     Running tests\gemm_naive.rs (target\debug\deps\gemm_naive-33f93175bedd396f.exe)

running 3 tests
test naive_f16_runs_and_returns_expected_shape ... ok
test naive_f32_zero_dim_shape_returns_empty_without_launch ... ok
test run_naive_f32_rejects_length_mismatch_before_launch ... ok

test result: ok. 3 passed; 0 failed; 0 ignored; 0 measured; 2 filtered out; finished in 2.92s
