warning: use of deprecated method `std::sync::atomic::Atomic::<u64>::fetch_update`: renamed to `try_update` for consistency
   --> crates\tensor-core\src\pool_core.rs:496:43
    |
496 |         let _ = self.pending_return_bytes.fetch_update(
    |                                           ^^^^^^^^^^^^
    |
    = note: `#[warn(deprecated)]` on by default
help: replace the use of the deprecated method
    |
496 -         let _ = self.pending_return_bytes.fetch_update(
496 +         let _ = self.pending_return_bytes.try_update(
    |

warning: `fandhe-ai-tensor-core` (lib) generated 1 warning (run `cargo fix --lib -p fandhe-ai-tensor-core` to apply 1 suggestion)
    Finished `test` profile [unoptimized + debuginfo] target(s) in 0.15s
     Running tests\gemm_tiled.rs (target\debug\deps\gemm_tiled-2472ecf3b3d604bd.exe)

running 6 tests
test tiled_f16_runs_and_returns_expected_shape ... ok
test tiled_f32_matches_cpu_reference_across_shapes ... ok
test tiled_f32_matches_cpu_reference_k_stress ... ok
test tiled_f32_outperforms_naive_at_4096 ... ok
test tiled_f32_zero_dim_shape_returns_empty_without_launch ... ok
test tiled_f32_zero_k_returns_all_zero ... ok

test result: ok. 6 passed; 0 failed; 0 ignored; 0 measured; 1 filtered out; finished in 21.45s
