gate check: SPLIT_K_DISPATCH_AUTO_PRODUCTION_ENABLED=true (<home>/fandhe/library/rust-ai-library/crates/backend-metal/src/tile.rs)
2026-09-11T15:48:48Z mode=record_only load1=3.58（専有ゲート要件なし。issue #1545・ルート #1509）
== build bench-fandhe (HEAD path patch, --features metal-split-k-toggle) ==
bench-fandhe sha256: 14ed760d33e7ffe17cba5963f87095b7ba92cde57001317b21c137915a7e53ca (source: path:<home>/fandhe/library/rust-ai-library/crates/facade, exe: <home>/fandhe/library/rust-ai-library/scripts/bench/framework-compare/target/release/bench-fandhe)
{"framework":"fandhe-ai","version":"0.8.0","task":"gemm","device":"metal","size":64,"median_s":0.000230396,"q1_s":0.000220489,"q3_s":0.000256844,"gflops":2.276,"checksum":-18.685036,"warmup":20,"iters":20,"mode":"fresh","parity_total":4096,"parity_fail_count":0,"parity_max_abs_err":0.000000e0,"parity_max_rel_err":0.000000e0,"parity_scaled_abs_bound":0.000000e0,"parity_scaled_abs_rescued":0,"metal_split_k":"off"}
gate check: --metal-split-k off dry-run OK (metal-split-k-toggle feature is active)
== manifest（一時ファイル）記録: results/raw/manifest-m4max-splitk-ab-splitk-monitor-1548.json.tmp ==
{"label":"splitk-monitor-1548","device":"metal","script_repo_head_sha":"a87aac69e7d6e7d89b45e2fd487246ac9ba31d27","facade_head_sha":"a87aac69e7d6e7d89b45e2fd487246ac9ba31d27","bin_sha256":"14ed760d33e7ffe17cba5963f87095b7ba92cde57001317b21c137915a7e53ca","bin_source":"path:<home>/fandhe/library/rust-ai-library/crates/facade","split_k_arms":["off","on"],"gate_mode":"record_only","recorded_at":"2026-09-11T15:48:50Z"}
== metal status (before loop) ==
Apple M4 Max
Note: No thermal warning level has been recorded
Note: No performance warning level has been recorded
Note: No CPU power status has been recorded
 0:48  up 23 days, 12:01, 20 users, load averages: 3.58 3.55 4.20
== bench-fandhe gemm metal size=512 mode=fresh metal-split-k=off ==
{"framework":"fandhe-ai","version":"0.8.0","task":"gemm","device":"metal","size":512,"median_s":0.000514646,"q1_s":0.000495042,"q3_s":0.000642844,"gflops":521.592,"checksum":937.743233,"warmup":20,"iters":20,"mode":"fresh","parity_total":262144,"parity_fail_count":0,"parity_max_abs_err":0.000000e0,"parity_max_rel_err":0.000000e0,"parity_scaled_abs_bound":0.000000e0,"parity_scaled_abs_rescued":0,"metal_split_k":"off"}
== bench-fandhe gemm metal size=512 mode=fresh metal-split-k=on ==
{"framework":"fandhe-ai","version":"0.8.0","task":"gemm","device":"metal","size":512,"median_s":0.000536333,"q1_s":0.000495292,"q3_s":0.000683323,"gflops":500.501,"checksum":937.743233,"warmup":20,"iters":20,"mode":"fresh","parity_total":262144,"parity_fail_count":0,"parity_max_abs_err":0.000000e0,"parity_max_rel_err":0.000000e0,"parity_scaled_abs_bound":0.000000e0,"parity_scaled_abs_rescued":0,"metal_split_k":"on"}
== bench-fandhe gemm metal size=512 mode=reuse metal-split-k=off ==
{"framework":"fandhe-ai","version":"0.8.0","task":"gemm","device":"metal","size":512,"median_s":0.000514729,"q1_s":0.000494990,"q3_s":0.000528990,"gflops":521.508,"checksum":937.743233,"warmup":20,"iters":20,"mode":"reuse","init_s":0.036613167,"parity_total":262144,"parity_fail_count":0,"parity_max_abs_err":0.000000e0,"parity_max_rel_err":0.000000e0,"parity_scaled_abs_bound":0.000000e0,"parity_scaled_abs_rescued":0,"metal_split_k":"off"}
== bench-fandhe gemm metal size=512 mode=reuse metal-split-k=on ==
{"framework":"fandhe-ai","version":"0.8.0","task":"gemm","device":"metal","size":512,"median_s":0.000742438,"q1_s":0.000694312,"q3_s":0.000809531,"gflops":361.560,"checksum":937.743233,"warmup":20,"iters":20,"mode":"reuse","init_s":0.036382625,"parity_total":262144,"parity_fail_count":0,"parity_max_abs_err":0.000000e0,"parity_max_rel_err":0.000000e0,"parity_scaled_abs_bound":0.000000e0,"parity_scaled_abs_rescued":0,"metal_split_k":"on"}
== bench-fandhe gemm metal size=1024 mode=fresh metal-split-k=off ==
{"framework":"fandhe-ai","version":"0.8.0","task":"gemm","device":"metal","size":1024,"median_s":0.002516292,"q1_s":0.002021844,"q3_s":0.002773635,"gflops":853.432,"checksum":-1855.597736,"warmup":20,"iters":20,"mode":"fresh","parity_total":1048576,"parity_fail_count":0,"parity_max_abs_err":0.000000e0,"parity_max_rel_err":0.000000e0,"parity_scaled_abs_bound":0.000000e0,"parity_scaled_abs_rescued":0,"metal_split_k":"off"}
== bench-fandhe gemm metal size=1024 mode=fresh metal-split-k=on ==
{"framework":"fandhe-ai","version":"0.8.0","task":"gemm","device":"metal","size":1024,"median_s":0.002186125,"q1_s":0.002008854,"q3_s":0.002886032,"gflops":982.324,"checksum":-1855.597736,"warmup":20,"iters":20,"mode":"fresh","parity_total":1048576,"parity_fail_count":0,"parity_max_abs_err":0.000000e0,"parity_max_rel_err":0.000000e0,"parity_scaled_abs_bound":0.000000e0,"parity_scaled_abs_rescued":0,"metal_split_k":"on"}
== bench-fandhe gemm metal size=1024 mode=reuse metal-split-k=off ==
{"framework":"fandhe-ai","version":"0.8.0","task":"gemm","device":"metal","size":1024,"median_s":0.002848021,"q1_s":0.002090344,"q3_s":0.002975760,"gflops":754.027,"checksum":-1855.597736,"warmup":20,"iters":20,"mode":"reuse","init_s":0.036965416,"parity_total":1048576,"parity_fail_count":0,"parity_max_abs_err":0.000000e0,"parity_max_rel_err":0.000000e0,"parity_scaled_abs_bound":0.000000e0,"parity_scaled_abs_rescued":0,"metal_split_k":"off"}
== bench-fandhe gemm metal size=1024 mode=reuse metal-split-k=on ==
{"framework":"fandhe-ai","version":"0.8.0","task":"gemm","device":"metal","size":1024,"median_s":0.002780917,"q1_s":0.002088573,"q3_s":0.002901479,"gflops":772.222,"checksum":-1855.597736,"warmup":20,"iters":20,"mode":"reuse","init_s":0.039253000,"parity_total":1048576,"parity_fail_count":0,"parity_max_abs_err":0.000000e0,"parity_max_rel_err":0.000000e0,"parity_scaled_abs_bound":0.000000e0,"parity_scaled_abs_rescued":0,"metal_split_k":"on"}
== bench-fandhe gemm metal size=2048 mode=fresh metal-split-k=off ==
{"framework":"fandhe-ai","version":"0.8.0","task":"gemm","device":"metal","size":2048,"median_s":0.008235229,"q1_s":0.006676677,"q3_s":0.010045354,"gflops":2086.143,"checksum":-6016.774008,"warmup":20,"iters":20,"mode":"fresh","parity_total":4194304,"parity_fail_count":0,"parity_max_abs_err":0.000000e0,"parity_max_rel_err":0.000000e0,"parity_scaled_abs_bound":0.000000e0,"parity_scaled_abs_rescued":0,"metal_split_k":"off"}
== bench-fandhe gemm metal size=2048 mode=fresh metal-split-k=on ==
{"framework":"fandhe-ai","version":"0.8.0","task":"gemm","device":"metal","size":2048,"median_s":0.008228542,"q1_s":0.007802583,"q3_s":0.008694365,"gflops":2087.839,"checksum":-6016.774008,"warmup":20,"iters":20,"mode":"fresh","parity_total":4194304,"parity_fail_count":0,"parity_max_abs_err":0.000000e0,"parity_max_rel_err":0.000000e0,"parity_scaled_abs_bound":0.000000e0,"parity_scaled_abs_rescued":0,"metal_split_k":"on"}
== bench-fandhe gemm metal size=2048 mode=reuse metal-split-k=off ==
{"framework":"fandhe-ai","version":"0.8.0","task":"gemm","device":"metal","size":2048,"median_s":0.009977396,"q1_s":0.009459448,"q3_s":0.012268468,"gflops":1721.879,"checksum":-6016.774008,"warmup":20,"iters":20,"mode":"reuse","init_s":0.052781209,"parity_total":4194304,"parity_fail_count":0,"parity_max_abs_err":0.000000e0,"parity_max_rel_err":0.000000e0,"parity_scaled_abs_bound":0.000000e0,"parity_scaled_abs_rescued":0,"metal_split_k":"off"}
== bench-fandhe gemm metal size=2048 mode=reuse metal-split-k=on ==
{"framework":"fandhe-ai","version":"0.8.0","task":"gemm","device":"metal","size":2048,"median_s":0.009135312,"q1_s":0.008626573,"q3_s":0.010986240,"gflops":1880.600,"checksum":-6016.774008,"warmup":20,"iters":20,"mode":"reuse","init_s":0.050002833,"parity_total":4194304,"parity_fail_count":0,"parity_max_abs_err":0.000000e0,"parity_max_rel_err":0.000000e0,"parity_scaled_abs_bound":0.000000e0,"parity_scaled_abs_rescued":0,"metal_split_k":"on"}
== bench-fandhe gemm metal size=4096 mode=fresh metal-split-k=off ==
{"framework":"fandhe-ai","version":"0.8.0","task":"gemm","device":"metal","size":4096,"median_s":0.033795604,"q1_s":0.032986021,"q3_s":0.033994604,"gflops":4066.770,"checksum":-25768.747284,"warmup":20,"iters":20,"mode":"fresh","parity_total":16777216,"parity_fail_count":0,"parity_max_abs_err":0.000000e0,"parity_max_rel_err":0.000000e0,"parity_scaled_abs_bound":0.000000e0,"parity_scaled_abs_rescued":0,"metal_split_k":"off"}
== bench-fandhe gemm metal size=4096 mode=fresh metal-split-k=on ==
{"framework":"fandhe-ai","version":"0.8.0","task":"gemm","device":"metal","size":4096,"median_s":0.034237480,"q1_s":0.033865917,"q3_s":0.034995031,"gflops":4014.284,"checksum":-25768.747284,"warmup":20,"iters":20,"mode":"fresh","parity_total":16777216,"parity_fail_count":0,"parity_max_abs_err":0.000000e0,"parity_max_rel_err":0.000000e0,"parity_scaled_abs_bound":0.000000e0,"parity_scaled_abs_rescued":0,"metal_split_k":"on"}
== bench-fandhe gemm metal size=4096 mode=reuse metal-split-k=off ==
{"framework":"fandhe-ai","version":"0.8.0","task":"gemm","device":"metal","size":4096,"median_s":0.038084354,"q1_s":0.037116823,"q3_s":0.039210375,"gflops":3608.804,"checksum":-25768.747284,"warmup":20,"iters":20,"mode":"reuse","init_s":0.094903292,"parity_total":16777216,"parity_fail_count":0,"parity_max_abs_err":0.000000e0,"parity_max_rel_err":0.000000e0,"parity_scaled_abs_bound":0.000000e0,"parity_scaled_abs_rescued":0,"metal_split_k":"off"}
== bench-fandhe gemm metal size=4096 mode=reuse metal-split-k=on ==
{"framework":"fandhe-ai","version":"0.8.0","task":"gemm","device":"metal","size":4096,"median_s":0.039239688,"q1_s":0.038312677,"q3_s":0.042167229,"gflops":3502.550,"checksum":-25768.747284,"warmup":20,"iters":20,"mode":"reuse","init_s":0.095839833,"parity_total":16777216,"parity_fail_count":0,"parity_max_abs_err":0.000000e0,"parity_max_rel_err":0.000000e0,"parity_scaled_abs_bound":0.000000e0,"parity_scaled_abs_rescued":0,"metal_split_k":"on"}
== bench-fandhe train metal mode=fresh metal-split-k=off ==
{"framework":"fandhe-ai","version":"0.8.0","task":"train","device":"metal","size":64,"median_s":0.001390875,"q1_s":0.001365500,"q3_s":0.001587229,"checksum":0.080541,"warmup":20,"iters":80,"mode":"fresh","metal_split_k":"off"}
== bench-fandhe train metal mode=fresh metal-split-k=on ==
{"framework":"fandhe-ai","version":"0.8.0","task":"train","device":"metal","size":64,"median_s":0.001372187,"q1_s":0.001330468,"q3_s":0.001430000,"checksum":0.080541,"warmup":20,"iters":80,"mode":"fresh","metal_split_k":"on"}
== bench-fandhe train metal mode=reuse metal-split-k=off ==
{"framework":"fandhe-ai","version":"0.8.0","task":"train","device":"metal","size":64,"median_s":0.001342813,"q1_s":0.001306656,"q3_s":0.001404000,"checksum":0.080541,"warmup":20,"iters":80,"mode":"reuse","init_s":0.031177667,"metal_split_k":"off"}
== bench-fandhe train metal mode=reuse metal-split-k=on ==
{"framework":"fandhe-ai","version":"0.8.0","task":"train","device":"metal","size":64,"median_s":0.001297230,"q1_s":0.001273312,"q3_s":0.001372937,"checksum":0.080541,"warmup":20,"iters":80,"mode":"reuse","init_s":0.033393958,"metal_split_k":"on"}
== run 1/5 完了時点の status ==
Note: No thermal warning level has been recorded
Note: No performance warning level has been recorded
Note: No CPU power status has been recorded
 0:49  up 23 days, 12:01, 20 users, load averages: 15.27 6.14 5.11
== bench-fandhe gemm metal size=512 mode=fresh metal-split-k=on ==
{"framework":"fandhe-ai","version":"0.8.0","task":"gemm","device":"metal","size":512,"median_s":0.000483188,"q1_s":0.000468072,"q3_s":0.000655719,"gflops":555.551,"checksum":937.743233,"warmup":20,"iters":20,"mode":"fresh","parity_total":262144,"parity_fail_count":0,"parity_max_abs_err":0.000000e0,"parity_max_rel_err":0.000000e0,"parity_scaled_abs_bound":0.000000e0,"parity_scaled_abs_rescued":0,"metal_split_k":"on"}
== bench-fandhe gemm metal size=512 mode=fresh metal-split-k=off ==
{"framework":"fandhe-ai","version":"0.8.0","task":"gemm","device":"metal","size":512,"median_s":0.000487062,"q1_s":0.000470646,"q3_s":0.000621489,"gflops":551.131,"checksum":937.743233,"warmup":20,"iters":20,"mode":"fresh","parity_total":262144,"parity_fail_count":0,"parity_max_abs_err":0.000000e0,"parity_max_rel_err":0.000000e0,"parity_scaled_abs_bound":0.000000e0,"parity_scaled_abs_rescued":0,"metal_split_k":"off"}
== bench-fandhe gemm metal size=512 mode=reuse metal-split-k=on ==
{"framework":"fandhe-ai","version":"0.8.0","task":"gemm","device":"metal","size":512,"median_s":0.000677771,"q1_s":0.000517042,"q3_s":0.000702427,"gflops":396.056,"checksum":937.743233,"warmup":20,"iters":20,"mode":"reuse","init_s":0.039371167,"parity_total":262144,"parity_fail_count":0,"parity_max_abs_err":0.000000e0,"parity_max_rel_err":0.000000e0,"parity_scaled_abs_bound":0.000000e0,"parity_scaled_abs_rescued":0,"metal_split_k":"on"}
== bench-fandhe gemm metal size=512 mode=reuse metal-split-k=off ==
{"framework":"fandhe-ai","version":"0.8.0","task":"gemm","device":"metal","size":512,"median_s":0.000701708,"q1_s":0.000697177,"q3_s":0.000707000,"gflops":382.546,"checksum":937.743233,"warmup":20,"iters":20,"mode":"reuse","init_s":0.037058000,"parity_total":262144,"parity_fail_count":0,"parity_max_abs_err":0.000000e0,"parity_max_rel_err":0.000000e0,"parity_scaled_abs_bound":0.000000e0,"parity_scaled_abs_rescued":0,"metal_split_k":"off"}
== bench-fandhe gemm metal size=1024 mode=fresh metal-split-k=on ==
{"framework":"fandhe-ai","version":"0.8.0","task":"gemm","device":"metal","size":1024,"median_s":0.001976333,"q1_s":0.001937301,"q3_s":0.002640823,"gflops":1086.600,"checksum":-1855.597736,"warmup":20,"iters":20,"mode":"fresh","parity_total":1048576,"parity_fail_count":0,"parity_max_abs_err":0.000000e0,"parity_max_rel_err":0.000000e0,"parity_scaled_abs_bound":0.000000e0,"parity_scaled_abs_rescued":0,"metal_split_k":"on"}
== bench-fandhe gemm metal size=1024 mode=fresh metal-split-k=off ==
{"framework":"fandhe-ai","version":"0.8.0","task":"gemm","device":"metal","size":1024,"median_s":0.002584250,"q1_s":0.002038875,"q3_s":0.002806917,"gflops":830.989,"checksum":-1855.597736,"warmup":20,"iters":20,"mode":"fresh","parity_total":1048576,"parity_fail_count":0,"parity_max_abs_err":0.000000e0,"parity_max_rel_err":0.000000e0,"parity_scaled_abs_bound":0.000000e0,"parity_scaled_abs_rescued":0,"metal_split_k":"off"}
== bench-fandhe gemm metal size=1024 mode=reuse metal-split-k=on ==
{"framework":"fandhe-ai","version":"0.8.0","task":"gemm","device":"metal","size":1024,"median_s":0.002821729,"q1_s":0.002523157,"q3_s":0.002940958,"gflops":761.052,"checksum":-1855.597736,"warmup":20,"iters":20,"mode":"reuse","init_s":0.041515333,"parity_total":1048576,"parity_fail_count":0,"parity_max_abs_err":0.000000e0,"parity_max_rel_err":0.000000e0,"parity_scaled_abs_bound":0.000000e0,"parity_scaled_abs_rescued":0,"metal_split_k":"on"}
== bench-fandhe gemm metal size=1024 mode=reuse metal-split-k=off ==
{"framework":"fandhe-ai","version":"0.8.0","task":"gemm","device":"metal","size":1024,"median_s":0.002248375,"q1_s":0.001837146,"q3_s":0.002901292,"gflops":955.127,"checksum":-1855.597736,"warmup":20,"iters":20,"mode":"reuse","init_s":0.042835833,"parity_total":1048576,"parity_fail_count":0,"parity_max_abs_err":0.000000e0,"parity_max_rel_err":0.000000e0,"parity_scaled_abs_bound":0.000000e0,"parity_scaled_abs_rescued":0,"metal_split_k":"off"}
== bench-fandhe gemm metal size=2048 mode=fresh metal-split-k=on ==
{"framework":"fandhe-ai","version":"0.8.0","task":"gemm","device":"metal","size":2048,"median_s":0.009024562,"q1_s":0.008126844,"q3_s":0.009898615,"gflops":1903.679,"checksum":-6016.774008,"warmup":20,"iters":20,"mode":"fresh","parity_total":4194304,"parity_fail_count":0,"parity_max_abs_err":0.000000e0,"parity_max_rel_err":0.000000e0,"parity_scaled_abs_bound":0.000000e0,"parity_scaled_abs_rescued":0,"metal_split_k":"on"}
== bench-fandhe gemm metal size=2048 mode=fresh metal-split-k=off ==
{"framework":"fandhe-ai","version":"0.8.0","task":"gemm","device":"metal","size":2048,"median_s":0.007960772,"q1_s":0.007690532,"q3_s":0.008514260,"gflops":2158.066,"checksum":-6016.774008,"warmup":20,"iters":20,"mode":"fresh","parity_total":4194304,"parity_fail_count":0,"parity_max_abs_err":0.000000e0,"parity_max_rel_err":0.000000e0,"parity_scaled_abs_bound":0.000000e0,"parity_scaled_abs_rescued":0,"metal_split_k":"off"}
== bench-fandhe gemm metal size=2048 mode=reuse metal-split-k=on ==
{"framework":"fandhe-ai","version":"0.8.0","task":"gemm","device":"metal","size":2048,"median_s":0.011068959,"q1_s":0.008113657,"q3_s":0.012227010,"gflops":1552.076,"checksum":-6016.774008,"warmup":20,"iters":20,"mode":"reuse","init_s":0.056901042,"parity_total":4194304,"parity_fail_count":0,"parity_max_abs_err":0.000000e0,"parity_max_rel_err":0.000000e0,"parity_scaled_abs_bound":0.000000e0,"parity_scaled_abs_rescued":0,"metal_split_k":"on"}
== bench-fandhe gemm metal size=2048 mode=reuse metal-split-k=off ==
{"framework":"fandhe-ai","version":"0.8.0","task":"gemm","device":"metal","size":2048,"median_s":0.010361438,"q1_s":0.009067250,"q3_s":0.011180073,"gflops":1658.058,"checksum":-6016.774008,"warmup":20,"iters":20,"mode":"reuse","init_s":0.047899875,"parity_total":4194304,"parity_fail_count":0,"parity_max_abs_err":0.000000e0,"parity_max_rel_err":0.000000e0,"parity_scaled_abs_bound":0.000000e0,"parity_scaled_abs_rescued":0,"metal_split_k":"off"}
== bench-fandhe gemm metal size=4096 mode=fresh metal-split-k=on ==
{"framework":"fandhe-ai","version":"0.8.0","task":"gemm","device":"metal","size":4096,"median_s":0.035334375,"q1_s":0.034973729,"q3_s":0.036940385,"gflops":3889.667,"checksum":-25768.747284,"warmup":20,"iters":20,"mode":"fresh","parity_total":16777216,"parity_fail_count":0,"parity_max_abs_err":0.000000e0,"parity_max_rel_err":0.000000e0,"parity_scaled_abs_bound":0.000000e0,"parity_scaled_abs_rescued":0,"metal_split_k":"on"}
== bench-fandhe gemm metal size=4096 mode=fresh metal-split-k=off ==
{"framework":"fandhe-ai","version":"0.8.0","task":"gemm","device":"metal","size":4096,"median_s":0.035056167,"q1_s":0.034365094,"q3_s":0.035404594,"gflops":3920.536,"checksum":-25768.747284,"warmup":20,"iters":20,"mode":"fresh","parity_total":16777216,"parity_fail_count":0,"parity_max_abs_err":0.000000e0,"parity_max_rel_err":0.000000e0,"parity_scaled_abs_bound":0.000000e0,"parity_scaled_abs_rescued":0,"metal_split_k":"off"}
== bench-fandhe gemm metal size=4096 mode=reuse metal-split-k=on ==
{"framework":"fandhe-ai","version":"0.8.0","task":"gemm","device":"metal","size":4096,"median_s":0.039611375,"q1_s":0.039040990,"q3_s":0.040442062,"gflops":3469.684,"checksum":-25768.747284,"warmup":20,"iters":20,"mode":"reuse","init_s":0.088332542,"parity_total":16777216,"parity_fail_count":0,"parity_max_abs_err":0.000000e0,"parity_max_rel_err":0.000000e0,"parity_scaled_abs_bound":0.000000e0,"parity_scaled_abs_rescued":0,"metal_split_k":"on"}
== bench-fandhe gemm metal size=4096 mode=reuse metal-split-k=off ==
{"framework":"fandhe-ai","version":"0.8.0","task":"gemm","device":"metal","size":4096,"median_s":0.040776708,"q1_s":0.039804166,"q3_s":0.041165709,"gflops":3370.526,"checksum":-25768.747284,"warmup":20,"iters":20,"mode":"reuse","init_s":0.096758083,"parity_total":16777216,"parity_fail_count":0,"parity_max_abs_err":0.000000e0,"parity_max_rel_err":0.000000e0,"parity_scaled_abs_bound":0.000000e0,"parity_scaled_abs_rescued":0,"metal_split_k":"off"}
== bench-fandhe train metal mode=fresh metal-split-k=on ==
{"framework":"fandhe-ai","version":"0.8.0","task":"train","device":"metal","size":64,"median_s":0.001667605,"q1_s":0.001633490,"q3_s":0.001759344,"checksum":0.080541,"warmup":20,"iters":80,"mode":"fresh","metal_split_k":"on"}
== bench-fandhe train metal mode=fresh metal-split-k=off ==
{"framework":"fandhe-ai","version":"0.8.0","task":"train","device":"metal","size":64,"median_s":0.001434833,"q1_s":0.001408062,"q3_s":0.001490135,"checksum":0.080541,"warmup":20,"iters":80,"mode":"fresh","metal_split_k":"off"}
== bench-fandhe train metal mode=reuse metal-split-k=on ==
{"framework":"fandhe-ai","version":"0.8.0","task":"train","device":"metal","size":64,"median_s":0.001346896,"q1_s":0.001334083,"q3_s":0.001364396,"checksum":0.080541,"warmup":20,"iters":80,"mode":"reuse","init_s":0.030011583,"metal_split_k":"on"}
== bench-fandhe train metal mode=reuse metal-split-k=off ==
{"framework":"fandhe-ai","version":"0.8.0","task":"train","device":"metal","size":64,"median_s":0.001344749,"q1_s":0.001324584,"q3_s":0.001380990,"checksum":0.080541,"warmup":20,"iters":80,"mode":"reuse","init_s":0.038258209,"metal_split_k":"off"}
== run 2/5 完了時点の status ==
Note: No thermal warning level has been recorded
Note: No performance warning level has been recorded
Note: No CPU power status has been recorded
 0:49  up 23 days, 12:02, 20 users, load averages: 20.41 7.87 5.75
== bench-fandhe gemm metal size=512 mode=fresh metal-split-k=off ==
{"framework":"fandhe-ai","version":"0.8.0","task":"gemm","device":"metal","size":512,"median_s":0.000484063,"q1_s":0.000478167,"q3_s":0.000511052,"gflops":554.547,"checksum":937.743233,"warmup":20,"iters":20,"mode":"fresh","parity_total":262144,"parity_fail_count":0,"parity_max_abs_err":0.000000e0,"parity_max_rel_err":0.000000e0,"parity_scaled_abs_bound":0.000000e0,"parity_scaled_abs_rescued":0,"metal_split_k":"off"}
== bench-fandhe gemm metal size=512 mode=fresh metal-split-k=on ==
{"framework":"fandhe-ai","version":"0.8.0","task":"gemm","device":"metal","size":512,"median_s":0.000640771,"q1_s":0.000488896,"q3_s":0.000670302,"gflops":418.926,"checksum":937.743233,"warmup":20,"iters":20,"mode":"fresh","parity_total":262144,"parity_fail_count":0,"parity_max_abs_err":0.000000e0,"parity_max_rel_err":0.000000e0,"parity_scaled_abs_bound":0.000000e0,"parity_scaled_abs_rescued":0,"metal_split_k":"on"}
== bench-fandhe gemm metal size=512 mode=reuse metal-split-k=off ==
{"framework":"fandhe-ai","version":"0.8.0","task":"gemm","device":"metal","size":512,"median_s":0.000705375,"q1_s":0.000688916,"q3_s":0.000743438,"gflops":380.557,"checksum":937.743233,"warmup":20,"iters":20,"mode":"reuse","init_s":0.036510042,"parity_total":262144,"parity_fail_count":0,"parity_max_abs_err":0.000000e0,"parity_max_rel_err":0.000000e0,"parity_scaled_abs_bound":0.000000e0,"parity_scaled_abs_rescued":0,"metal_split_k":"off"}
== bench-fandhe gemm metal size=512 mode=reuse metal-split-k=on ==
{"framework":"fandhe-ai","version":"0.8.0","task":"gemm","device":"metal","size":512,"median_s":0.000547124,"q1_s":0.000540552,"q3_s":0.000610667,"gflops":490.630,"checksum":937.743233,"warmup":20,"iters":20,"mode":"reuse","init_s":0.037957875,"parity_total":262144,"parity_fail_count":0,"parity_max_abs_err":0.000000e0,"parity_max_rel_err":0.000000e0,"parity_scaled_abs_bound":0.000000e0,"parity_scaled_abs_rescued":0,"metal_split_k":"on"}
== bench-fandhe gemm metal size=1024 mode=fresh metal-split-k=off ==
{"framework":"fandhe-ai","version":"0.8.0","task":"gemm","device":"metal","size":1024,"median_s":0.002053229,"q1_s":0.001936292,"q3_s":0.002742260,"gflops":1045.906,"checksum":-1855.597736,"warmup":20,"iters":20,"mode":"fresh","parity_total":1048576,"parity_fail_count":0,"parity_max_abs_err":0.000000e0,"parity_max_rel_err":0.000000e0,"parity_scaled_abs_bound":0.000000e0,"parity_scaled_abs_rescued":0,"metal_split_k":"off"}
== bench-fandhe gemm metal size=1024 mode=fresh metal-split-k=on ==
{"framework":"fandhe-ai","version":"0.8.0","task":"gemm","device":"metal","size":1024,"median_s":0.002300021,"q1_s":0.001969552,"q3_s":0.002740584,"gflops":933.680,"checksum":-1855.597736,"warmup":20,"iters":20,"mode":"fresh","parity_total":1048576,"parity_fail_count":0,"parity_max_abs_err":0.000000e0,"parity_max_rel_err":0.000000e0,"parity_scaled_abs_bound":0.000000e0,"parity_scaled_abs_rescued":0,"metal_split_k":"on"}
== bench-fandhe gemm metal size=1024 mode=reuse metal-split-k=off ==
{"framework":"fandhe-ai","version":"0.8.0","task":"gemm","device":"metal","size":1024,"median_s":0.002967583,"q1_s":0.002487240,"q3_s":0.003088260,"gflops":723.647,"checksum":-1855.597736,"warmup":20,"iters":20,"mode":"reuse","init_s":0.040922667,"parity_total":1048576,"parity_fail_count":0,"parity_max_abs_err":0.000000e0,"parity_max_rel_err":0.000000e0,"parity_scaled_abs_bound":0.000000e0,"parity_scaled_abs_rescued":0,"metal_split_k":"off"}
== bench-fandhe gemm metal size=1024 mode=reuse metal-split-k=on ==
{"framework":"fandhe-ai","version":"0.8.0","task":"gemm","device":"metal","size":1024,"median_s":0.002182146,"q1_s":0.002118646,"q3_s":0.002822688,"gflops":984.115,"checksum":-1855.597736,"warmup":20,"iters":20,"mode":"reuse","init_s":0.040279709,"parity_total":1048576,"parity_fail_count":0,"parity_max_abs_err":0.000000e0,"parity_max_rel_err":0.000000e0,"parity_scaled_abs_bound":0.000000e0,"parity_scaled_abs_rescued":0,"metal_split_k":"on"}
== bench-fandhe gemm metal size=2048 mode=fresh metal-split-k=off ==
{"framework":"fandhe-ai","version":"0.8.0","task":"gemm","device":"metal","size":2048,"median_s":0.008707792,"q1_s":0.008045281,"q3_s":0.010496333,"gflops":1972.931,"checksum":-6016.774008,"warmup":20,"iters":20,"mode":"fresh","parity_total":4194304,"parity_fail_count":0,"parity_max_abs_err":0.000000e0,"parity_max_rel_err":0.000000e0,"parity_scaled_abs_bound":0.000000e0,"parity_scaled_abs_rescued":0,"metal_split_k":"off"}
== bench-fandhe gemm metal size=2048 mode=fresh metal-split-k=on ==
{"framework":"fandhe-ai","version":"0.8.0","task":"gemm","device":"metal","size":2048,"median_s":0.007983812,"q1_s":0.007383135,"q3_s":0.009258375,"gflops":2151.838,"checksum":-6016.774008,"warmup":20,"iters":20,"mode":"fresh","parity_total":4194304,"parity_fail_count":0,"parity_max_abs_err":0.000000e0,"parity_max_rel_err":0.000000e0,"parity_scaled_abs_bound":0.000000e0,"parity_scaled_abs_rescued":0,"metal_split_k":"on"}
== bench-fandhe gemm metal size=2048 mode=reuse metal-split-k=off ==
{"framework":"fandhe-ai","version":"0.8.0","task":"gemm","device":"metal","size":2048,"median_s":0.009265375,"q1_s":0.008921948,"q3_s":0.010091261,"gflops":1854.201,"checksum":-6016.774008,"warmup":20,"iters":20,"mode":"reuse","init_s":0.053849542,"parity_total":4194304,"parity_fail_count":0,"parity_max_abs_err":0.000000e0,"parity_max_rel_err":0.000000e0,"parity_scaled_abs_bound":0.000000e0,"parity_scaled_abs_rescued":0,"metal_split_k":"off"}
== bench-fandhe gemm metal size=2048 mode=reuse metal-split-k=on ==
{"framework":"fandhe-ai","version":"0.8.0","task":"gemm","device":"metal","size":2048,"median_s":0.009580666,"q1_s":0.009008344,"q3_s":0.011719011,"gflops":1793.181,"checksum":-6016.774008,"warmup":20,"iters":20,"mode":"reuse","init_s":0.050514666,"parity_total":4194304,"parity_fail_count":0,"parity_max_abs_err":0.000000e0,"parity_max_rel_err":0.000000e0,"parity_scaled_abs_bound":0.000000e0,"parity_scaled_abs_rescued":0,"metal_split_k":"on"}
== bench-fandhe gemm metal size=4096 mode=fresh metal-split-k=off ==
{"framework":"fandhe-ai","version":"0.8.0","task":"gemm","device":"metal","size":4096,"median_s":0.034750771,"q1_s":0.033989708,"q3_s":0.035521646,"gflops":3954.990,"checksum":-25768.747284,"warmup":20,"iters":20,"mode":"fresh","parity_total":16777216,"parity_fail_count":0,"parity_max_abs_err":0.000000e0,"parity_max_rel_err":0.000000e0,"parity_scaled_abs_bound":0.000000e0,"parity_scaled_abs_rescued":0,"metal_split_k":"off"}
== bench-fandhe gemm metal size=4096 mode=fresh metal-split-k=on ==
{"framework":"fandhe-ai","version":"0.8.0","task":"gemm","device":"metal","size":4096,"median_s":0.034413458,"q1_s":0.034021583,"q3_s":0.035560666,"gflops":3993.756,"checksum":-25768.747284,"warmup":20,"iters":20,"mode":"fresh","parity_total":16777216,"parity_fail_count":0,"parity_max_abs_err":0.000000e0,"parity_max_rel_err":0.000000e0,"parity_scaled_abs_bound":0.000000e0,"parity_scaled_abs_rescued":0,"metal_split_k":"on"}
== bench-fandhe gemm metal size=4096 mode=reuse metal-split-k=off ==
{"framework":"fandhe-ai","version":"0.8.0","task":"gemm","device":"metal","size":4096,"median_s":0.040447292,"q1_s":0.037855146,"q3_s":0.041284250,"gflops":3397.977,"checksum":-25768.747284,"warmup":20,"iters":20,"mode":"reuse","init_s":0.099256250,"parity_total":16777216,"parity_fail_count":0,"parity_max_abs_err":0.000000e0,"parity_max_rel_err":0.000000e0,"parity_scaled_abs_bound":0.000000e0,"parity_scaled_abs_rescued":0,"metal_split_k":"off"}
== bench-fandhe gemm metal size=4096 mode=reuse metal-split-k=on ==
{"framework":"fandhe-ai","version":"0.8.0","task":"gemm","device":"metal","size":4096,"median_s":0.040314771,"q1_s":0.038234115,"q3_s":0.048637843,"gflops":3409.146,"checksum":-25768.747284,"warmup":20,"iters":20,"mode":"reuse","init_s":0.091789500,"parity_total":16777216,"parity_fail_count":0,"parity_max_abs_err":0.000000e0,"parity_max_rel_err":0.000000e0,"parity_scaled_abs_bound":0.000000e0,"parity_scaled_abs_rescued":0,"metal_split_k":"on"}
== bench-fandhe train metal mode=fresh metal-split-k=off ==
{"framework":"fandhe-ai","version":"0.8.0","task":"train","device":"metal","size":64,"median_s":0.001675479,"q1_s":0.001531698,"q3_s":0.001772094,"checksum":0.080541,"warmup":20,"iters":80,"mode":"fresh","metal_split_k":"off"}
== bench-fandhe train metal mode=fresh metal-split-k=on ==
{"framework":"fandhe-ai","version":"0.8.0","task":"train","device":"metal","size":64,"median_s":0.001407396,"q1_s":0.001394844,"q3_s":0.001420291,"checksum":0.080541,"warmup":20,"iters":80,"mode":"fresh","metal_split_k":"on"}
== bench-fandhe train metal mode=reuse metal-split-k=off ==
{"framework":"fandhe-ai","version":"0.8.0","task":"train","device":"metal","size":64,"median_s":0.001337188,"q1_s":0.001320167,"q3_s":0.001355718,"checksum":0.080541,"warmup":20,"iters":80,"mode":"reuse","init_s":0.029537250,"metal_split_k":"off"}
== bench-fandhe train metal mode=reuse metal-split-k=on ==
{"framework":"fandhe-ai","version":"0.8.0","task":"train","device":"metal","size":64,"median_s":0.001365104,"q1_s":0.001340948,"q3_s":0.001443646,"checksum":0.080541,"warmup":20,"iters":80,"mode":"reuse","init_s":0.029285708,"metal_split_k":"on"}
== run 3/5 完了時点の status ==
Note: No thermal warning level has been recorded
Note: No performance warning level has been recorded
Note: No CPU power status has been recorded
 0:49  up 23 days, 12:02, 20 users, load averages: 18.12 8.21 5.93
== bench-fandhe gemm metal size=512 mode=fresh metal-split-k=on ==
{"framework":"fandhe-ai","version":"0.8.0","task":"gemm","device":"metal","size":512,"median_s":0.000632875,"q1_s":0.000624614,"q3_s":0.000638667,"gflops":424.152,"checksum":937.743233,"warmup":20,"iters":20,"mode":"fresh","parity_total":262144,"parity_fail_count":0,"parity_max_abs_err":0.000000e0,"parity_max_rel_err":0.000000e0,"parity_scaled_abs_bound":0.000000e0,"parity_scaled_abs_rescued":0,"metal_split_k":"on"}
== bench-fandhe gemm metal size=512 mode=fresh metal-split-k=off ==
{"framework":"fandhe-ai","version":"0.8.0","task":"gemm","device":"metal","size":512,"median_s":0.000640271,"q1_s":0.000635824,"q3_s":0.000652812,"gflops":419.253,"checksum":937.743233,"warmup":20,"iters":20,"mode":"fresh","parity_total":262144,"parity_fail_count":0,"parity_max_abs_err":0.000000e0,"parity_max_rel_err":0.000000e0,"parity_scaled_abs_bound":0.000000e0,"parity_scaled_abs_rescued":0,"metal_split_k":"off"}
== bench-fandhe gemm metal size=512 mode=reuse metal-split-k=on ==
{"framework":"fandhe-ai","version":"0.8.0","task":"gemm","device":"metal","size":512,"median_s":0.000696771,"q1_s":0.000689072,"q3_s":0.000698833,"gflops":385.256,"checksum":937.743233,"warmup":20,"iters":20,"mode":"reuse","init_s":0.035701709,"parity_total":262144,"parity_fail_count":0,"parity_max_abs_err":0.000000e0,"parity_max_rel_err":0.000000e0,"parity_scaled_abs_bound":0.000000e0,"parity_scaled_abs_rescued":0,"metal_split_k":"on"}
== bench-fandhe gemm metal size=512 mode=reuse metal-split-k=off ==
{"framework":"fandhe-ai","version":"0.8.0","task":"gemm","device":"metal","size":512,"median_s":0.000706916,"q1_s":0.000700656,"q3_s":0.000716604,"gflops":379.727,"checksum":937.743233,"warmup":20,"iters":20,"mode":"reuse","init_s":0.034790333,"parity_total":262144,"parity_fail_count":0,"parity_max_abs_err":0.000000e0,"parity_max_rel_err":0.000000e0,"parity_scaled_abs_bound":0.000000e0,"parity_scaled_abs_rescued":0,"metal_split_k":"off"}
== bench-fandhe gemm metal size=1024 mode=fresh metal-split-k=on ==
{"framework":"fandhe-ai","version":"0.8.0","task":"gemm","device":"metal","size":1024,"median_s":0.002671375,"q1_s":0.002067813,"q3_s":0.002755104,"gflops":803.887,"checksum":-1855.597736,"warmup":20,"iters":20,"mode":"fresh","parity_total":1048576,"parity_fail_count":0,"parity_max_abs_err":0.000000e0,"parity_max_rel_err":0.000000e0,"parity_scaled_abs_bound":0.000000e0,"parity_scaled_abs_rescued":0,"metal_split_k":"on"}
== bench-fandhe gemm metal size=1024 mode=fresh metal-split-k=off ==
{"framework":"fandhe-ai","version":"0.8.0","task":"gemm","device":"metal","size":1024,"median_s":0.002684771,"q1_s":0.002050574,"q3_s":0.002718376,"gflops":799.876,"checksum":-1855.597736,"warmup":20,"iters":20,"mode":"fresh","parity_total":1048576,"parity_fail_count":0,"parity_max_abs_err":0.000000e0,"parity_max_rel_err":0.000000e0,"parity_scaled_abs_bound":0.000000e0,"parity_scaled_abs_rescued":0,"metal_split_k":"off"}
== bench-fandhe gemm metal size=1024 mode=reuse metal-split-k=on ==
{"framework":"fandhe-ai","version":"0.8.0","task":"gemm","device":"metal","size":1024,"median_s":0.002827271,"q1_s":0.002121968,"q3_s":0.002857865,"gflops":759.561,"checksum":-1855.597736,"warmup":20,"iters":20,"mode":"reuse","init_s":0.038310125,"parity_total":1048576,"parity_fail_count":0,"parity_max_abs_err":0.000000e0,"parity_max_rel_err":0.000000e0,"parity_scaled_abs_bound":0.000000e0,"parity_scaled_abs_rescued":0,"metal_split_k":"on"}
== bench-fandhe gemm metal size=1024 mode=reuse metal-split-k=off ==
{"framework":"fandhe-ai","version":"0.8.0","task":"gemm","device":"metal","size":1024,"median_s":0.002839646,"q1_s":0.002168531,"q3_s":0.002905730,"gflops":756.250,"checksum":-1855.597736,"warmup":20,"iters":20,"mode":"reuse","init_s":0.041018833,"parity_total":1048576,"parity_fail_count":0,"parity_max_abs_err":0.000000e0,"parity_max_rel_err":0.000000e0,"parity_scaled_abs_bound":0.000000e0,"parity_scaled_abs_rescued":0,"metal_split_k":"off"}
== bench-fandhe gemm metal size=2048 mode=fresh metal-split-k=on ==
{"framework":"fandhe-ai","version":"0.8.0","task":"gemm","device":"metal","size":2048,"median_s":0.008391354,"q1_s":0.007303802,"q3_s":0.010537698,"gflops":2047.330,"checksum":-6016.774008,"warmup":20,"iters":20,"mode":"fresh","parity_total":4194304,"parity_fail_count":0,"parity_max_abs_err":0.000000e0,"parity_max_rel_err":0.000000e0,"parity_scaled_abs_bound":0.000000e0,"parity_scaled_abs_rescued":0,"metal_split_k":"on"}
== bench-fandhe gemm metal size=2048 mode=fresh metal-split-k=off ==
{"framework":"fandhe-ai","version":"0.8.0","task":"gemm","device":"metal","size":2048,"median_s":0.008582896,"q1_s":0.007656625,"q3_s":0.010554770,"gflops":2001.640,"checksum":-6016.774008,"warmup":20,"iters":20,"mode":"fresh","parity_total":4194304,"parity_fail_count":0,"parity_max_abs_err":0.000000e0,"parity_max_rel_err":0.000000e0,"parity_scaled_abs_bound":0.000000e0,"parity_scaled_abs_rescued":0,"metal_split_k":"off"}
== bench-fandhe gemm metal size=2048 mode=reuse metal-split-k=on ==
{"framework":"fandhe-ai","version":"0.8.0","task":"gemm","device":"metal","size":2048,"median_s":0.009440646,"q1_s":0.009033854,"q3_s":0.010763292,"gflops":1819.777,"checksum":-6016.774008,"warmup":20,"iters":20,"mode":"reuse","init_s":0.057441875,"parity_total":4194304,"parity_fail_count":0,"parity_max_abs_err":0.000000e0,"parity_max_rel_err":0.000000e0,"parity_scaled_abs_bound":0.000000e0,"parity_scaled_abs_rescued":0,"metal_split_k":"on"}
== bench-fandhe gemm metal size=2048 mode=reuse metal-split-k=off ==
{"framework":"fandhe-ai","version":"0.8.0","task":"gemm","device":"metal","size":2048,"median_s":0.009978041,"q1_s":0.008805760,"q3_s":0.011837458,"gflops":1721.768,"checksum":-6016.774008,"warmup":20,"iters":20,"mode":"reuse","init_s":0.052263458,"parity_total":4194304,"parity_fail_count":0,"parity_max_abs_err":0.000000e0,"parity_max_rel_err":0.000000e0,"parity_scaled_abs_bound":0.000000e0,"parity_scaled_abs_rescued":0,"metal_split_k":"off"}
== bench-fandhe gemm metal size=4096 mode=fresh metal-split-k=on ==
{"framework":"fandhe-ai","version":"0.8.0","task":"gemm","device":"metal","size":4096,"median_s":0.034874020,"q1_s":0.034009271,"q3_s":0.035470219,"gflops":3941.013,"checksum":-25768.747284,"warmup":20,"iters":20,"mode":"fresh","parity_total":16777216,"parity_fail_count":0,"parity_max_abs_err":0.000000e0,"parity_max_rel_err":0.000000e0,"parity_scaled_abs_bound":0.000000e0,"parity_scaled_abs_rescued":0,"metal_split_k":"on"}
== bench-fandhe gemm metal size=4096 mode=fresh metal-split-k=off ==
{"framework":"fandhe-ai","version":"0.8.0","task":"gemm","device":"metal","size":4096,"median_s":0.033663688,"q1_s":0.033390156,"q3_s":0.037166979,"gflops":4082.706,"checksum":-25768.747284,"warmup":20,"iters":20,"mode":"fresh","parity_total":16777216,"parity_fail_count":0,"parity_max_abs_err":0.000000e0,"parity_max_rel_err":0.000000e0,"parity_scaled_abs_bound":0.000000e0,"parity_scaled_abs_rescued":0,"metal_split_k":"off"}
== bench-fandhe gemm metal size=4096 mode=reuse metal-split-k=on ==
{"framework":"fandhe-ai","version":"0.8.0","task":"gemm","device":"metal","size":4096,"median_s":0.040322666,"q1_s":0.038756947,"q3_s":0.041353333,"gflops":3408.479,"checksum":-25768.747284,"warmup":20,"iters":20,"mode":"reuse","init_s":0.088221083,"parity_total":16777216,"parity_fail_count":0,"parity_max_abs_err":0.000000e0,"parity_max_rel_err":0.000000e0,"parity_scaled_abs_bound":0.000000e0,"parity_scaled_abs_rescued":0,"metal_split_k":"on"}
== bench-fandhe gemm metal size=4096 mode=reuse metal-split-k=off ==
{"framework":"fandhe-ai","version":"0.8.0","task":"gemm","device":"metal","size":4096,"median_s":0.040734000,"q1_s":0.038447031,"q3_s":0.041399333,"gflops":3374.060,"checksum":-25768.747284,"warmup":20,"iters":20,"mode":"reuse","init_s":0.088186125,"parity_total":16777216,"parity_fail_count":0,"parity_max_abs_err":0.000000e0,"parity_max_rel_err":0.000000e0,"parity_scaled_abs_bound":0.000000e0,"parity_scaled_abs_rescued":0,"metal_split_k":"off"}
== bench-fandhe train metal mode=fresh metal-split-k=on ==
{"framework":"fandhe-ai","version":"0.8.0","task":"train","device":"metal","size":64,"median_s":0.001639271,"q1_s":0.001504844,"q3_s":0.001716187,"checksum":0.080541,"warmup":20,"iters":80,"mode":"fresh","metal_split_k":"on"}
== bench-fandhe train metal mode=fresh metal-split-k=off ==
{"framework":"fandhe-ai","version":"0.8.0","task":"train","device":"metal","size":64,"median_s":0.001438750,"q1_s":0.001422219,"q3_s":0.001487375,"checksum":0.080541,"warmup":20,"iters":80,"mode":"fresh","metal_split_k":"off"}
== bench-fandhe train metal mode=reuse metal-split-k=on ==
{"framework":"fandhe-ai","version":"0.8.0","task":"train","device":"metal","size":64,"median_s":0.001405792,"q1_s":0.001351656,"q3_s":0.001464552,"checksum":0.080541,"warmup":20,"iters":80,"mode":"reuse","init_s":0.035204750,"metal_split_k":"on"}
== bench-fandhe train metal mode=reuse metal-split-k=off ==
{"framework":"fandhe-ai","version":"0.8.0","task":"train","device":"metal","size":64,"median_s":0.001383625,"q1_s":0.001349636,"q3_s":0.001477510,"checksum":0.080541,"warmup":20,"iters":80,"mode":"reuse","init_s":0.033708958,"metal_split_k":"off"}
== run 4/5 完了時点の status ==
Note: No thermal warning level has been recorded
Note: No performance warning level has been recorded
Note: No CPU power status has been recorded
 0:50  up 23 days, 12:02, 20 users, load averages: 20.83 9.29 6.35
== bench-fandhe gemm metal size=512 mode=fresh metal-split-k=off ==
{"framework":"fandhe-ai","version":"0.8.0","task":"gemm","device":"metal","size":512,"median_s":0.000662479,"q1_s":0.000646407,"q3_s":0.000879542,"gflops":405.198,"checksum":937.743233,"warmup":20,"iters":20,"mode":"fresh","parity_total":262144,"parity_fail_count":0,"parity_max_abs_err":0.000000e0,"parity_max_rel_err":0.000000e0,"parity_scaled_abs_bound":0.000000e0,"parity_scaled_abs_rescued":0,"metal_split_k":"off"}
== bench-fandhe gemm metal size=512 mode=fresh metal-split-k=on ==
{"framework":"fandhe-ai","version":"0.8.0","task":"gemm","device":"metal","size":512,"median_s":0.000636708,"q1_s":0.000563885,"q3_s":0.000671469,"gflops":421.599,"checksum":937.743233,"warmup":20,"iters":20,"mode":"fresh","parity_total":262144,"parity_fail_count":0,"parity_max_abs_err":0.000000e0,"parity_max_rel_err":0.000000e0,"parity_scaled_abs_bound":0.000000e0,"parity_scaled_abs_rescued":0,"metal_split_k":"on"}
== bench-fandhe gemm metal size=512 mode=reuse metal-split-k=off ==
{"framework":"fandhe-ai","version":"0.8.0","task":"gemm","device":"metal","size":512,"median_s":0.000669125,"q1_s":0.000538532,"q3_s":0.000742459,"gflops":401.174,"checksum":937.743233,"warmup":20,"iters":20,"mode":"reuse","init_s":0.036647583,"parity_total":262144,"parity_fail_count":0,"parity_max_abs_err":0.000000e0,"parity_max_rel_err":0.000000e0,"parity_scaled_abs_bound":0.000000e0,"parity_scaled_abs_rescued":0,"metal_split_k":"off"}
== bench-fandhe gemm metal size=512 mode=reuse metal-split-k=on ==
{"framework":"fandhe-ai","version":"0.8.0","task":"gemm","device":"metal","size":512,"median_s":0.000718479,"q1_s":0.000699000,"q3_s":0.000808062,"gflops":373.616,"checksum":937.743233,"warmup":20,"iters":20,"mode":"reuse","init_s":0.036695500,"parity_total":262144,"parity_fail_count":0,"parity_max_abs_err":0.000000e0,"parity_max_rel_err":0.000000e0,"parity_scaled_abs_bound":0.000000e0,"parity_scaled_abs_rescued":0,"metal_split_k":"on"}
== bench-fandhe gemm metal size=1024 mode=fresh metal-split-k=off ==
{"framework":"fandhe-ai","version":"0.8.0","task":"gemm","device":"metal","size":1024,"median_s":0.002684708,"q1_s":0.002033989,"q3_s":0.002733552,"gflops":799.895,"checksum":-1855.597736,"warmup":20,"iters":20,"mode":"fresh","parity_total":1048576,"parity_fail_count":0,"parity_max_abs_err":0.000000e0,"parity_max_rel_err":0.000000e0,"parity_scaled_abs_bound":0.000000e0,"parity_scaled_abs_rescued":0,"metal_split_k":"off"}
== bench-fandhe gemm metal size=1024 mode=fresh metal-split-k=on ==
{"framework":"fandhe-ai","version":"0.8.0","task":"gemm","device":"metal","size":1024,"median_s":0.002642813,"q1_s":0.002022250,"q3_s":0.002717948,"gflops":812.575,"checksum":-1855.597736,"warmup":20,"iters":20,"mode":"fresh","parity_total":1048576,"parity_fail_count":0,"parity_max_abs_err":0.000000e0,"parity_max_rel_err":0.000000e0,"parity_scaled_abs_bound":0.000000e0,"parity_scaled_abs_rescued":0,"metal_split_k":"on"}
== bench-fandhe gemm metal size=1024 mode=reuse metal-split-k=off ==
{"framework":"fandhe-ai","version":"0.8.0","task":"gemm","device":"metal","size":1024,"median_s":0.002378875,"q1_s":0.002151218,"q3_s":0.002847573,"gflops":902.731,"checksum":-1855.597736,"warmup":20,"iters":20,"mode":"reuse","init_s":0.038386542,"parity_total":1048576,"parity_fail_count":0,"parity_max_abs_err":0.000000e0,"parity_max_rel_err":0.000000e0,"parity_scaled_abs_bound":0.000000e0,"parity_scaled_abs_rescued":0,"metal_split_k":"off"}
== bench-fandhe gemm metal size=1024 mode=reuse metal-split-k=on ==
{"framework":"fandhe-ai","version":"0.8.0","task":"gemm","device":"metal","size":1024,"median_s":0.002845875,"q1_s":0.002254635,"q3_s":0.002878583,"gflops":754.595,"checksum":-1855.597736,"warmup":20,"iters":20,"mode":"reuse","init_s":0.036807667,"parity_total":1048576,"parity_fail_count":0,"parity_max_abs_err":0.000000e0,"parity_max_rel_err":0.000000e0,"parity_scaled_abs_bound":0.000000e0,"parity_scaled_abs_rescued":0,"metal_split_k":"on"}
== bench-fandhe gemm metal size=2048 mode=fresh metal-split-k=off ==
{"framework":"fandhe-ai","version":"0.8.0","task":"gemm","device":"metal","size":2048,"median_s":0.009082729,"q1_s":0.007757114,"q3_s":0.012470677,"gflops":1891.488,"checksum":-6016.774008,"warmup":20,"iters":20,"mode":"fresh","parity_total":4194304,"parity_fail_count":0,"parity_max_abs_err":0.000000e0,"parity_max_rel_err":0.000000e0,"parity_scaled_abs_bound":0.000000e0,"parity_scaled_abs_rescued":0,"metal_split_k":"off"}
== bench-fandhe gemm metal size=2048 mode=fresh metal-split-k=on ==
{"framework":"fandhe-ai","version":"0.8.0","task":"gemm","device":"metal","size":2048,"median_s":0.007685354,"q1_s":0.007120281,"q3_s":0.012545302,"gflops":2235.404,"checksum":-6016.774008,"warmup":20,"iters":20,"mode":"fresh","parity_total":4194304,"parity_fail_count":0,"parity_max_abs_err":0.000000e0,"parity_max_rel_err":0.000000e0,"parity_scaled_abs_bound":0.000000e0,"parity_scaled_abs_rescued":0,"metal_split_k":"on"}
== bench-fandhe gemm metal size=2048 mode=reuse metal-split-k=off ==
{"framework":"fandhe-ai","version":"0.8.0","task":"gemm","device":"metal","size":2048,"median_s":0.009092042,"q1_s":0.008329105,"q3_s":0.010606489,"gflops":1889.550,"checksum":-6016.774008,"warmup":20,"iters":20,"mode":"reuse","init_s":0.057955583,"parity_total":4194304,"parity_fail_count":0,"parity_max_abs_err":0.000000e0,"parity_max_rel_err":0.000000e0,"parity_scaled_abs_bound":0.000000e0,"parity_scaled_abs_rescued":0,"metal_split_k":"off"}
== bench-fandhe gemm metal size=2048 mode=reuse metal-split-k=on ==
{"framework":"fandhe-ai","version":"0.8.0","task":"gemm","device":"metal","size":2048,"median_s":0.009149958,"q1_s":0.008481740,"q3_s":0.010762302,"gflops":1877.590,"checksum":-6016.774008,"warmup":20,"iters":20,"mode":"reuse","init_s":0.051597834,"parity_total":4194304,"parity_fail_count":0,"parity_max_abs_err":0.000000e0,"parity_max_rel_err":0.000000e0,"parity_scaled_abs_bound":0.000000e0,"parity_scaled_abs_rescued":0,"metal_split_k":"on"}
== bench-fandhe gemm metal size=4096 mode=fresh metal-split-k=off ==
{"framework":"fandhe-ai","version":"0.8.0","task":"gemm","device":"metal","size":4096,"median_s":0.034992188,"q1_s":0.034404605,"q3_s":0.035661260,"gflops":3927.704,"checksum":-25768.747284,"warmup":20,"iters":20,"mode":"fresh","parity_total":16777216,"parity_fail_count":0,"parity_max_abs_err":0.000000e0,"parity_max_rel_err":0.000000e0,"parity_scaled_abs_bound":0.000000e0,"parity_scaled_abs_rescued":0,"metal_split_k":"off"}
== bench-fandhe gemm metal size=4096 mode=fresh metal-split-k=on ==
{"framework":"fandhe-ai","version":"0.8.0","task":"gemm","device":"metal","size":4096,"median_s":0.033702250,"q1_s":0.033506157,"q3_s":0.034425614,"gflops":4078.035,"checksum":-25768.747284,"warmup":20,"iters":20,"mode":"fresh","parity_total":16777216,"parity_fail_count":0,"parity_max_abs_err":0.000000e0,"parity_max_rel_err":0.000000e0,"parity_scaled_abs_bound":0.000000e0,"parity_scaled_abs_rescued":0,"metal_split_k":"on"}
== bench-fandhe gemm metal size=4096 mode=reuse metal-split-k=off ==
{"framework":"fandhe-ai","version":"0.8.0","task":"gemm","device":"metal","size":4096,"median_s":0.040861333,"q1_s":0.040031437,"q3_s":0.046377802,"gflops":3363.546,"checksum":-25768.747284,"warmup":20,"iters":20,"mode":"reuse","init_s":0.091435375,"parity_total":16777216,"parity_fail_count":0,"parity_max_abs_err":0.000000e0,"parity_max_rel_err":0.000000e0,"parity_scaled_abs_bound":0.000000e0,"parity_scaled_abs_rescued":0,"metal_split_k":"off"}
== bench-fandhe gemm metal size=4096 mode=reuse metal-split-k=on ==
{"framework":"fandhe-ai","version":"0.8.0","task":"gemm","device":"metal","size":4096,"median_s":0.046829021,"q1_s":0.040040896,"q3_s":0.049548281,"gflops":2934.910,"checksum":-25768.747284,"warmup":20,"iters":20,"mode":"reuse","init_s":0.091084500,"parity_total":16777216,"parity_fail_count":0,"parity_max_abs_err":0.000000e0,"parity_max_rel_err":0.000000e0,"parity_scaled_abs_bound":0.000000e0,"parity_scaled_abs_rescued":0,"metal_split_k":"on"}
== bench-fandhe train metal mode=fresh metal-split-k=off ==
{"framework":"fandhe-ai","version":"0.8.0","task":"train","device":"metal","size":64,"median_s":0.001685541,"q1_s":0.001518979,"q3_s":0.001867146,"checksum":0.080541,"warmup":20,"iters":80,"mode":"fresh","metal_split_k":"off"}
== bench-fandhe train metal mode=fresh metal-split-k=on ==
{"framework":"fandhe-ai","version":"0.8.0","task":"train","device":"metal","size":64,"median_s":0.001546146,"q1_s":0.001516355,"q3_s":0.001575032,"checksum":0.080541,"warmup":20,"iters":80,"mode":"fresh","metal_split_k":"on"}
== bench-fandhe train metal mode=reuse metal-split-k=off ==
{"framework":"fandhe-ai","version":"0.8.0","task":"train","device":"metal","size":64,"median_s":0.001476209,"q1_s":0.001433125,"q3_s":0.001507698,"checksum":0.080541,"warmup":20,"iters":80,"mode":"reuse","init_s":0.029484291,"metal_split_k":"off"}
== bench-fandhe train metal mode=reuse metal-split-k=on ==
{"framework":"fandhe-ai","version":"0.8.0","task":"train","device":"metal","size":64,"median_s":0.001454500,"q1_s":0.001378447,"q3_s":0.001792042,"checksum":0.080541,"warmup":20,"iters":80,"mode":"reuse","init_s":0.028525917,"metal_split_k":"on"}
== run 5/5 完了時点の status ==
Note: No thermal warning level has been recorded
Note: No performance warning level has been recorded
Note: No CPU power status has been recorded
 0:50  up 23 days, 12:03, 20 users, load averages: 15.70 8.88 6.27
== bench-fandhe train --phases mode=fresh metal-split-k=off ==
{"framework":"fandhe-ai","version":"0.8.0","task":"train_phases","device":"metal","size":64,"median_s":0.000016208,"q1_s":0.000013917,"q3_s":0.000019187,"checksum":0.080541,"warmup":20,"iters":80,"mode":"fresh","metal_split_k":"off","phase":"tape_build","phase_index":0}
{"framework":"fandhe-ai","version":"0.8.0","task":"train_phases","device":"metal","size":64,"median_s":0.000000542,"q1_s":0.000000500,"q3_s":0.000000708,"checksum":0.080541,"warmup":20,"iters":80,"mode":"fresh","metal_split_k":"off","phase":"leaf_register","phase_index":1}
{"framework":"fandhe-ai","version":"0.8.0","task":"train_phases","device":"metal","size":64,"median_s":0.000732000,"q1_s":0.000654562,"q3_s":0.000791187,"checksum":0.080541,"warmup":20,"iters":80,"mode":"fresh","metal_split_k":"off","phase":"forward","phase_index":2}
{"framework":"fandhe-ai","version":"0.8.0","task":"train_phases","device":"metal","size":64,"median_s":0.000000042,"q1_s":0.000000041,"q3_s":0.000000083,"checksum":0.080541,"warmup":20,"iters":80,"mode":"fresh","metal_split_k":"off","phase":"loss_readout","phase_index":3}
{"framework":"fandhe-ai","version":"0.8.0","task":"train_phases","device":"metal","size":64,"median_s":0.000770188,"q1_s":0.000701396,"q3_s":0.000830500,"checksum":0.080541,"warmup":20,"iters":80,"mode":"fresh","metal_split_k":"off","phase":"backward","phase_index":4}
{"framework":"fandhe-ai","version":"0.8.0","task":"train_phases","device":"metal","size":64,"median_s":0.000021834,"q1_s":0.000021490,"q3_s":0.000022802,"checksum":0.080541,"warmup":20,"iters":80,"mode":"fresh","metal_split_k":"off","phase":"param_readout","phase_index":5}
{"framework":"fandhe-ai","version":"0.8.0","task":"train_phases","device":"metal","size":64,"median_s":0.000031458,"q1_s":0.000031125,"q3_s":0.000032260,"checksum":0.080541,"warmup":20,"iters":80,"mode":"fresh","metal_split_k":"off","phase":"host_sgd","phase_index":6}
{"framework":"fandhe-ai","version":"0.8.0","task":"train_phases","device":"metal","size":64,"median_s":0.000000167,"q1_s":0.000000166,"q3_s":0.000000250,"checksum":0.080541,"warmup":20,"iters":80,"mode":"fresh","metal_split_k":"off","phase":"apply_params","phase_index":7}
{"framework":"fandhe-ai","version":"0.8.0","task":"train_phases","device":"metal","size":64,"median_s":0.000000625,"q1_s":0.000000542,"q3_s":0.000000708,"checksum":0.080541,"warmup":20,"iters":80,"mode":"fresh","metal_split_k":"off","phase":"tape_drop","phase_index":8}
{"framework":"fandhe-ai","version":"0.8.0","task":"train_phases","device":"metal","size":64,"median_s":0.001578416,"q1_s":0.001449938,"q3_s":0.001799136,"checksum":0.080541,"warmup":20,"iters":80,"mode":"fresh","metal_split_k":"off","phase":"step_total","phase_index":9}
== bench-fandhe train --phases mode=fresh metal-split-k=on ==
{"framework":"fandhe-ai","version":"0.8.0","task":"train_phases","device":"metal","size":64,"median_s":0.000015145,"q1_s":0.000013375,"q3_s":0.000016990,"checksum":0.080541,"warmup":20,"iters":80,"mode":"fresh","metal_split_k":"on","phase":"tape_build","phase_index":0}
{"framework":"fandhe-ai","version":"0.8.0","task":"train_phases","device":"metal","size":64,"median_s":0.000000500,"q1_s":0.000000459,"q3_s":0.000000594,"checksum":0.080541,"warmup":20,"iters":80,"mode":"fresh","metal_split_k":"on","phase":"leaf_register","phase_index":1}
{"framework":"fandhe-ai","version":"0.8.0","task":"train_phases","device":"metal","size":64,"median_s":0.000707896,"q1_s":0.000652729,"q3_s":0.000735479,"checksum":0.080541,"warmup":20,"iters":80,"mode":"fresh","metal_split_k":"on","phase":"forward","phase_index":2}
{"framework":"fandhe-ai","version":"0.8.0","task":"train_phases","device":"metal","size":64,"median_s":0.000000042,"q1_s":0.000000041,"q3_s":0.000000042,"checksum":0.080541,"warmup":20,"iters":80,"mode":"fresh","metal_split_k":"on","phase":"loss_readout","phase_index":3}
{"framework":"fandhe-ai","version":"0.8.0","task":"train_phases","device":"metal","size":64,"median_s":0.000760938,"q1_s":0.000730156,"q3_s":0.000785365,"checksum":0.080541,"warmup":20,"iters":80,"mode":"fresh","metal_split_k":"on","phase":"backward","phase_index":4}
{"framework":"fandhe-ai","version":"0.8.0","task":"train_phases","device":"metal","size":64,"median_s":0.000021333,"q1_s":0.000021084,"q3_s":0.000022344,"checksum":0.080541,"warmup":20,"iters":80,"mode":"fresh","metal_split_k":"on","phase":"param_readout","phase_index":5}
{"framework":"fandhe-ai","version":"0.8.0","task":"train_phases","device":"metal","size":64,"median_s":0.000031208,"q1_s":0.000030958,"q3_s":0.000031510,"checksum":0.080541,"warmup":20,"iters":80,"mode":"fresh","metal_split_k":"on","phase":"host_sgd","phase_index":6}
{"framework":"fandhe-ai","version":"0.8.0","task":"train_phases","device":"metal","size":64,"median_s":0.000000167,"q1_s":0.000000167,"q3_s":0.000000209,"checksum":0.080541,"warmup":20,"iters":80,"mode":"fresh","metal_split_k":"on","phase":"apply_params","phase_index":7}
{"framework":"fandhe-ai","version":"0.8.0","task":"train_phases","device":"metal","size":64,"median_s":0.000000584,"q1_s":0.000000542,"q3_s":0.000000719,"checksum":0.080541,"warmup":20,"iters":80,"mode":"fresh","metal_split_k":"on","phase":"tape_drop","phase_index":8}
{"framework":"fandhe-ai","version":"0.8.0","task":"train_phases","device":"metal","size":64,"median_s":0.001547501,"q1_s":0.001481177,"q3_s":0.001593636,"checksum":0.080541,"warmup":20,"iters":80,"mode":"fresh","metal_split_k":"on","phase":"step_total","phase_index":9}
== bench-fandhe train --phases mode=reuse metal-split-k=off ==
{"framework":"fandhe-ai","version":"0.8.0","task":"train_phases","device":"metal","size":64,"median_s":0.000012563,"q1_s":0.000011750,"q3_s":0.000014333,"checksum":0.080541,"warmup":20,"iters":80,"mode":"reuse","init_s":0.030135000,"metal_split_k":"off","phase":"tape_build","phase_index":0}
{"framework":"fandhe-ai","version":"0.8.0","task":"train_phases","device":"metal","size":64,"median_s":0.000000166,"q1_s":0.000000125,"q3_s":0.000000167,"checksum":0.080541,"warmup":20,"iters":80,"mode":"reuse","init_s":0.030135000,"metal_split_k":"off","phase":"leaf_register","phase_index":1}
{"framework":"fandhe-ai","version":"0.8.0","task":"train_phases","device":"metal","size":64,"median_s":0.000638729,"q1_s":0.000590176,"q3_s":0.000660041,"checksum":0.080541,"warmup":20,"iters":80,"mode":"reuse","init_s":0.030135000,"metal_split_k":"off","phase":"forward_resident","phase_index":2}
{"framework":"fandhe-ai","version":"0.8.0","task":"train_phases","device":"metal","size":64,"median_s":0.000000041,"q1_s":0.000000000,"q3_s":0.000000042,"checksum":0.080541,"warmup":20,"iters":80,"mode":"reuse","init_s":0.030135000,"metal_split_k":"off","phase":"loss_readout","phase_index":3}
{"framework":"fandhe-ai","version":"0.8.0","task":"train_phases","device":"metal","size":64,"median_s":0.000693583,"q1_s":0.000649469,"q3_s":0.000734583,"checksum":0.080541,"warmup":20,"iters":80,"mode":"reuse","init_s":0.030135000,"metal_split_k":"off","phase":"backward","phase_index":4}
{"framework":"fandhe-ai","version":"0.8.0","task":"train_phases","device":"metal","size":64,"median_s":0.000062021,"q1_s":0.000058500,"q3_s":0.000065824,"checksum":0.080541,"warmup":20,"iters":80,"mode":"reuse","init_s":0.030135000,"metal_split_k":"off","phase":"device_update","phase_index":5}
{"framework":"fandhe-ai","version":"0.8.0","task":"train_phases","device":"metal","size":64,"median_s":0.000000250,"q1_s":0.000000250,"q3_s":0.000000292,"checksum":0.080541,"warmup":20,"iters":80,"mode":"reuse","init_s":0.030135000,"metal_split_k":"off","phase":"tape_drop","phase_index":6}
{"framework":"fandhe-ai","version":"0.8.0","task":"train_phases","device":"metal","size":64,"median_s":0.001401209,"q1_s":0.001336719,"q3_s":0.001493948,"checksum":0.080541,"warmup":20,"iters":80,"mode":"reuse","init_s":0.030135000,"metal_split_k":"off","phase":"step_total","phase_index":7}
== bench-fandhe train --phases mode=reuse metal-split-k=on ==
{"framework":"fandhe-ai","version":"0.8.0","task":"train_phases","device":"metal","size":64,"median_s":0.000013875,"q1_s":0.000012645,"q3_s":0.000015916,"checksum":0.080541,"warmup":20,"iters":80,"mode":"reuse","init_s":0.030758209,"metal_split_k":"on","phase":"tape_build","phase_index":0}
{"framework":"fandhe-ai","version":"0.8.0","task":"train_phases","device":"metal","size":64,"median_s":0.000000125,"q1_s":0.000000125,"q3_s":0.000000125,"checksum":0.080541,"warmup":20,"iters":80,"mode":"reuse","init_s":0.030758209,"metal_split_k":"on","phase":"leaf_register","phase_index":1}
{"framework":"fandhe-ai","version":"0.8.0","task":"train_phases","device":"metal","size":64,"median_s":0.000659834,"q1_s":0.000613844,"q3_s":0.000673750,"checksum":0.080541,"warmup":20,"iters":80,"mode":"reuse","init_s":0.030758209,"metal_split_k":"on","phase":"forward_resident","phase_index":2}
{"framework":"fandhe-ai","version":"0.8.0","task":"train_phases","device":"metal","size":64,"median_s":0.000000042,"q1_s":0.000000041,"q3_s":0.000000042,"checksum":0.080541,"warmup":20,"iters":80,"mode":"reuse","init_s":0.030758209,"metal_split_k":"on","phase":"loss_readout","phase_index":3}
{"framework":"fandhe-ai","version":"0.8.0","task":"train_phases","device":"metal","size":64,"median_s":0.000735499,"q1_s":0.000712021,"q3_s":0.000757938,"checksum":0.080541,"warmup":20,"iters":80,"mode":"reuse","init_s":0.030758209,"metal_split_k":"on","phase":"backward","phase_index":4}
{"framework":"fandhe-ai","version":"0.8.0","task":"train_phases","device":"metal","size":64,"median_s":0.000063187,"q1_s":0.000058917,"q3_s":0.000068906,"checksum":0.080541,"warmup":20,"iters":80,"mode":"reuse","init_s":0.030758209,"metal_split_k":"on","phase":"device_update","phase_index":5}
{"framework":"fandhe-ai","version":"0.8.0","task":"train_phases","device":"metal","size":64,"median_s":0.000000291,"q1_s":0.000000250,"q3_s":0.000000292,"checksum":0.080541,"warmup":20,"iters":80,"mode":"reuse","init_s":0.030758209,"metal_split_k":"on","phase":"tape_drop","phase_index":6}
{"framework":"fandhe-ai","version":"0.8.0","task":"train_phases","device":"metal","size":64,"median_s":0.001476563,"q1_s":0.001434583,"q3_s":0.001527781,"checksum":0.080541,"warmup":20,"iters":80,"mode":"reuse","init_s":0.030758209,"metal_split_k":"on","phase":"step_total","phase_index":7}
== metal status (after loop) ==
Note: No thermal warning level has been recorded
Note: No performance warning level has been recorded
Note: No CPU power status has been recorded
 0:50  up 23 days, 12:03, 20 users, load averages: 15.70 8.88 6.27
done. gemm off/on results in results/raw/results-m4max-splitk-ab-off-splitk-monitor-1548-gemm.jsonl / results/raw/results-m4max-splitk-ab-on-splitk-monitor-1548-gemm.jsonl ; train off/on results in results/raw/results-m4max-splitk-ab-off-splitk-monitor-1548-train.jsonl / results/raw/results-m4max-splitk-ab-on-splitk-monitor-1548-train.jsonl ; phases (diagnostic) in results/raw/results-m4max-splitk-ab-off-splitk-monitor-1548-phases.jsonl/results/raw/results-m4max-splitk-ab-on-splitk-monitor-1548-phases.jsonl ; failures (if any) in results/raw/skipped-m4max-splitk-ab-splitk-monitor-1548.log ; manifest in results/raw/manifest-m4max-splitk-ab-splitk-monitor-1548.json
