gate check: SPLIT_K_DISPATCH_AUTO_PRODUCTION_ENABLED=true (<home>/fandhe/library/rust-ai-library/crates/backend-metal/src/tile.rs)
2026-09-11T15:53:00Z mode=record_only load1=5.02（専有ゲート要件なし。issue #1545・ルート #1509）
== build bench-fandhe (HEAD path patch, --features metal-split-k-toggle) ==
bench-fandhe sha256: 14ed760d33e7ffe17cba5963f87095b7ba92cde57001317b21c137915a7e53ca (source: path:<home>/fandhe/library/rust-ai-library/crates/facade, exe: <home>/fandhe/library/rust-ai-library/scripts/bench/framework-compare/target/release/bench-fandhe)
{"framework":"fandhe-ai","version":"0.8.0","task":"gemm","device":"metal","size":64,"median_s":0.000185459,"q1_s":0.000167250,"q3_s":0.000198521,"gflops":2.827,"checksum":-18.685036,"warmup":20,"iters":20,"mode":"fresh","parity_total":4096,"parity_fail_count":0,"parity_max_abs_err":0.000000e0,"parity_max_rel_err":0.000000e0,"parity_scaled_abs_bound":0.000000e0,"parity_scaled_abs_rescued":0,"metal_split_k":"off"}
gate check: --metal-split-k off dry-run OK (metal-split-k-toggle feature is active)
== manifest（一時ファイル）記録: results/raw/manifest-m4max-splitk-ab-splitk-monitor-1548-run2.json.tmp ==
{"label":"splitk-monitor-1548-run2","device":"metal","script_repo_head_sha":"a87aac69e7d6e7d89b45e2fd487246ac9ba31d27","facade_head_sha":"a87aac69e7d6e7d89b45e2fd487246ac9ba31d27","bin_sha256":"14ed760d33e7ffe17cba5963f87095b7ba92cde57001317b21c137915a7e53ca","bin_source":"path:<home>/fandhe/library/rust-ai-library/crates/facade","split_k_arms":["off","on"],"gate_mode":"record_only","recorded_at":"2026-09-11T15:53:00Z"}
== metal status (before loop) ==
Apple M4 Max
Note: No thermal warning level has been recorded
Note: No performance warning level has been recorded
Note: No CPU power status has been recorded
 0:53  up 23 days, 12:05, 20 users, load averages: 5.02 6.83 5.85
== bench-fandhe gemm metal size=512 mode=fresh metal-split-k=off ==
{"framework":"fandhe-ai","version":"0.8.0","task":"gemm","device":"metal","size":512,"median_s":0.000655896,"q1_s":0.000642416,"q3_s":0.000682156,"gflops":409.265,"checksum":937.743233,"warmup":20,"iters":20,"mode":"fresh","parity_total":262144,"parity_fail_count":0,"parity_max_abs_err":0.000000e0,"parity_max_rel_err":0.000000e0,"parity_scaled_abs_bound":0.000000e0,"parity_scaled_abs_rescued":0,"metal_split_k":"off"}
== bench-fandhe gemm metal size=512 mode=fresh metal-split-k=on ==
{"framework":"fandhe-ai","version":"0.8.0","task":"gemm","device":"metal","size":512,"median_s":0.000650063,"q1_s":0.000642604,"q3_s":0.000670562,"gflops":412.938,"checksum":937.743233,"warmup":20,"iters":20,"mode":"fresh","parity_total":262144,"parity_fail_count":0,"parity_max_abs_err":0.000000e0,"parity_max_rel_err":0.000000e0,"parity_scaled_abs_bound":0.000000e0,"parity_scaled_abs_rescued":0,"metal_split_k":"on"}
== bench-fandhe gemm metal size=512 mode=reuse metal-split-k=off ==
{"framework":"fandhe-ai","version":"0.8.0","task":"gemm","device":"metal","size":512,"median_s":0.000701000,"q1_s":0.000678989,"q3_s":0.000716323,"gflops":382.932,"checksum":937.743233,"warmup":20,"iters":20,"mode":"reuse","init_s":0.037904208,"parity_total":262144,"parity_fail_count":0,"parity_max_abs_err":0.000000e0,"parity_max_rel_err":0.000000e0,"parity_scaled_abs_bound":0.000000e0,"parity_scaled_abs_rescued":0,"metal_split_k":"off"}
== bench-fandhe gemm metal size=512 mode=reuse metal-split-k=on ==
{"framework":"fandhe-ai","version":"0.8.0","task":"gemm","device":"metal","size":512,"median_s":0.000706333,"q1_s":0.000691073,"q3_s":0.000735657,"gflops":380.041,"checksum":937.743233,"warmup":20,"iters":20,"mode":"reuse","init_s":0.038182875,"parity_total":262144,"parity_fail_count":0,"parity_max_abs_err":0.000000e0,"parity_max_rel_err":0.000000e0,"parity_scaled_abs_bound":0.000000e0,"parity_scaled_abs_rescued":0,"metal_split_k":"on"}
== bench-fandhe gemm metal size=1024 mode=fresh metal-split-k=off ==
{"framework":"fandhe-ai","version":"0.8.0","task":"gemm","device":"metal","size":1024,"median_s":0.002594708,"q1_s":0.001937334,"q3_s":0.002751323,"gflops":827.640,"checksum":-1855.597736,"warmup":20,"iters":20,"mode":"fresh","parity_total":1048576,"parity_fail_count":0,"parity_max_abs_err":0.000000e0,"parity_max_rel_err":0.000000e0,"parity_scaled_abs_bound":0.000000e0,"parity_scaled_abs_rescued":0,"metal_split_k":"off"}
== bench-fandhe gemm metal size=1024 mode=fresh metal-split-k=on ==
{"framework":"fandhe-ai","version":"0.8.0","task":"gemm","device":"metal","size":1024,"median_s":0.002108813,"q1_s":0.001961938,"q3_s":0.002738114,"gflops":1018.338,"checksum":-1855.597736,"warmup":20,"iters":20,"mode":"fresh","parity_total":1048576,"parity_fail_count":0,"parity_max_abs_err":0.000000e0,"parity_max_rel_err":0.000000e0,"parity_scaled_abs_bound":0.000000e0,"parity_scaled_abs_rescued":0,"metal_split_k":"on"}
== bench-fandhe gemm metal size=1024 mode=reuse metal-split-k=off ==
{"framework":"fandhe-ai","version":"0.8.0","task":"gemm","device":"metal","size":1024,"median_s":0.002854875,"q1_s":0.002213791,"q3_s":0.002949156,"gflops":752.216,"checksum":-1855.597736,"warmup":20,"iters":20,"mode":"reuse","init_s":0.042113250,"parity_total":1048576,"parity_fail_count":0,"parity_max_abs_err":0.000000e0,"parity_max_rel_err":0.000000e0,"parity_scaled_abs_bound":0.000000e0,"parity_scaled_abs_rescued":0,"metal_split_k":"off"}
== bench-fandhe gemm metal size=1024 mode=reuse metal-split-k=on ==
{"framework":"fandhe-ai","version":"0.8.0","task":"gemm","device":"metal","size":1024,"median_s":0.002900125,"q1_s":0.002829615,"q3_s":0.002967980,"gflops":740.480,"checksum":-1855.597736,"warmup":20,"iters":20,"mode":"reuse","init_s":0.038691208,"parity_total":1048576,"parity_fail_count":0,"parity_max_abs_err":0.000000e0,"parity_max_rel_err":0.000000e0,"parity_scaled_abs_bound":0.000000e0,"parity_scaled_abs_rescued":0,"metal_split_k":"on"}
== bench-fandhe gemm metal size=2048 mode=fresh metal-split-k=off ==
{"framework":"fandhe-ai","version":"0.8.0","task":"gemm","device":"metal","size":2048,"median_s":0.008425875,"q1_s":0.007670260,"q3_s":0.009441980,"gflops":2038.942,"checksum":-6016.774008,"warmup":20,"iters":20,"mode":"fresh","parity_total":4194304,"parity_fail_count":0,"parity_max_abs_err":0.000000e0,"parity_max_rel_err":0.000000e0,"parity_scaled_abs_bound":0.000000e0,"parity_scaled_abs_rescued":0,"metal_split_k":"off"}
== bench-fandhe gemm metal size=2048 mode=fresh metal-split-k=on ==
{"framework":"fandhe-ai","version":"0.8.0","task":"gemm","device":"metal","size":2048,"median_s":0.007843334,"q1_s":0.007044146,"q3_s":0.009772760,"gflops":2190.379,"checksum":-6016.774008,"warmup":20,"iters":20,"mode":"fresh","parity_total":4194304,"parity_fail_count":0,"parity_max_abs_err":0.000000e0,"parity_max_rel_err":0.000000e0,"parity_scaled_abs_bound":0.000000e0,"parity_scaled_abs_rescued":0,"metal_split_k":"on"}
== bench-fandhe gemm metal size=2048 mode=reuse metal-split-k=off ==
{"framework":"fandhe-ai","version":"0.8.0","task":"gemm","device":"metal","size":2048,"median_s":0.010252625,"q1_s":0.007720761,"q3_s":0.012543240,"gflops":1675.656,"checksum":-6016.774008,"warmup":20,"iters":20,"mode":"reuse","init_s":0.051388459,"parity_total":4194304,"parity_fail_count":0,"parity_max_abs_err":0.000000e0,"parity_max_rel_err":0.000000e0,"parity_scaled_abs_bound":0.000000e0,"parity_scaled_abs_rescued":0,"metal_split_k":"off"}
== bench-fandhe gemm metal size=2048 mode=reuse metal-split-k=on ==
{"framework":"fandhe-ai","version":"0.8.0","task":"gemm","device":"metal","size":2048,"median_s":0.010121917,"q1_s":0.008234302,"q3_s":0.013144687,"gflops":1697.294,"checksum":-6016.774008,"warmup":20,"iters":20,"mode":"reuse","init_s":0.050846958,"parity_total":4194304,"parity_fail_count":0,"parity_max_abs_err":0.000000e0,"parity_max_rel_err":0.000000e0,"parity_scaled_abs_bound":0.000000e0,"parity_scaled_abs_rescued":0,"metal_split_k":"on"}
== bench-fandhe gemm metal size=4096 mode=fresh metal-split-k=off ==
{"framework":"fandhe-ai","version":"0.8.0","task":"gemm","device":"metal","size":4096,"median_s":0.032815084,"q1_s":0.032466989,"q3_s":0.033080166,"gflops":4188.286,"checksum":-25768.747284,"warmup":20,"iters":20,"mode":"fresh","parity_total":16777216,"parity_fail_count":0,"parity_max_abs_err":0.000000e0,"parity_max_rel_err":0.000000e0,"parity_scaled_abs_bound":0.000000e0,"parity_scaled_abs_rescued":0,"metal_split_k":"off"}
== bench-fandhe gemm metal size=4096 mode=fresh metal-split-k=on ==
{"framework":"fandhe-ai","version":"0.8.0","task":"gemm","device":"metal","size":4096,"median_s":0.032513792,"q1_s":0.032401292,"q3_s":0.032864521,"gflops":4227.097,"checksum":-25768.747284,"warmup":20,"iters":20,"mode":"fresh","parity_total":16777216,"parity_fail_count":0,"parity_max_abs_err":0.000000e0,"parity_max_rel_err":0.000000e0,"parity_scaled_abs_bound":0.000000e0,"parity_scaled_abs_rescued":0,"metal_split_k":"on"}
== bench-fandhe gemm metal size=4096 mode=reuse metal-split-k=off ==
{"framework":"fandhe-ai","version":"0.8.0","task":"gemm","device":"metal","size":4096,"median_s":0.047699895,"q1_s":0.037226781,"q3_s":0.049484229,"gflops":2881.326,"checksum":-25768.747284,"warmup":20,"iters":20,"mode":"reuse","init_s":0.092481959,"parity_total":16777216,"parity_fail_count":0,"parity_max_abs_err":0.000000e0,"parity_max_rel_err":0.000000e0,"parity_scaled_abs_bound":0.000000e0,"parity_scaled_abs_rescued":0,"metal_split_k":"off"}
== bench-fandhe gemm metal size=4096 mode=reuse metal-split-k=on ==
{"framework":"fandhe-ai","version":"0.8.0","task":"gemm","device":"metal","size":4096,"median_s":0.047694604,"q1_s":0.038851833,"q3_s":0.049387177,"gflops":2881.646,"checksum":-25768.747284,"warmup":20,"iters":20,"mode":"reuse","init_s":0.093735166,"parity_total":16777216,"parity_fail_count":0,"parity_max_abs_err":0.000000e0,"parity_max_rel_err":0.000000e0,"parity_scaled_abs_bound":0.000000e0,"parity_scaled_abs_rescued":0,"metal_split_k":"on"}
== bench-fandhe train metal mode=fresh metal-split-k=off ==
{"framework":"fandhe-ai","version":"0.8.0","task":"train","device":"metal","size":64,"median_s":0.001762021,"q1_s":0.001683927,"q3_s":0.002064020,"checksum":0.080541,"warmup":20,"iters":80,"mode":"fresh","metal_split_k":"off"}
== bench-fandhe train metal mode=fresh metal-split-k=on ==
{"framework":"fandhe-ai","version":"0.8.0","task":"train","device":"metal","size":64,"median_s":0.001588229,"q1_s":0.001450104,"q3_s":0.001791063,"checksum":0.080541,"warmup":20,"iters":80,"mode":"fresh","metal_split_k":"on"}
== bench-fandhe train metal mode=reuse metal-split-k=off ==
{"framework":"fandhe-ai","version":"0.8.0","task":"train","device":"metal","size":64,"median_s":0.001393562,"q1_s":0.001353541,"q3_s":0.001425396,"checksum":0.080541,"warmup":20,"iters":80,"mode":"reuse","init_s":0.034761042,"metal_split_k":"off"}
== bench-fandhe train metal mode=reuse metal-split-k=on ==
{"framework":"fandhe-ai","version":"0.8.0","task":"train","device":"metal","size":64,"median_s":0.001299541,"q1_s":0.001236521,"q3_s":0.001396010,"checksum":0.080541,"warmup":20,"iters":80,"mode":"reuse","init_s":0.032965125,"metal_split_k":"on"}
== run 1/5 完了時点の status ==
Note: No thermal warning level has been recorded
Note: No performance warning level has been recorded
Note: No CPU power status has been recorded
 0:53  up 23 days, 12:05, 20 users, load averages: 4.31 6.54 5.77
== bench-fandhe gemm metal size=512 mode=fresh metal-split-k=on ==
{"framework":"fandhe-ai","version":"0.8.0","task":"gemm","device":"metal","size":512,"median_s":0.000635458,"q1_s":0.000624864,"q3_s":0.000642729,"gflops":422.428,"checksum":937.743233,"warmup":20,"iters":20,"mode":"fresh","parity_total":262144,"parity_fail_count":0,"parity_max_abs_err":0.000000e0,"parity_max_rel_err":0.000000e0,"parity_scaled_abs_bound":0.000000e0,"parity_scaled_abs_rescued":0,"metal_split_k":"on"}
== bench-fandhe gemm metal size=512 mode=fresh metal-split-k=off ==
{"framework":"fandhe-ai","version":"0.8.0","task":"gemm","device":"metal","size":512,"median_s":0.000628729,"q1_s":0.000623063,"q3_s":0.000649792,"gflops":426.949,"checksum":937.743233,"warmup":20,"iters":20,"mode":"fresh","parity_total":262144,"parity_fail_count":0,"parity_max_abs_err":0.000000e0,"parity_max_rel_err":0.000000e0,"parity_scaled_abs_bound":0.000000e0,"parity_scaled_abs_rescued":0,"metal_split_k":"off"}
== bench-fandhe gemm metal size=512 mode=reuse metal-split-k=on ==
{"framework":"fandhe-ai","version":"0.8.0","task":"gemm","device":"metal","size":512,"median_s":0.000711042,"q1_s":0.000698365,"q3_s":0.000726063,"gflops":377.524,"checksum":937.743233,"warmup":20,"iters":20,"mode":"reuse","init_s":0.036288666,"parity_total":262144,"parity_fail_count":0,"parity_max_abs_err":0.000000e0,"parity_max_rel_err":0.000000e0,"parity_scaled_abs_bound":0.000000e0,"parity_scaled_abs_rescued":0,"metal_split_k":"on"}
== bench-fandhe gemm metal size=512 mode=reuse metal-split-k=off ==
{"framework":"fandhe-ai","version":"0.8.0","task":"gemm","device":"metal","size":512,"median_s":0.000724500,"q1_s":0.000709813,"q3_s":0.000733292,"gflops":370.511,"checksum":937.743233,"warmup":20,"iters":20,"mode":"reuse","init_s":0.039307833,"parity_total":262144,"parity_fail_count":0,"parity_max_abs_err":0.000000e0,"parity_max_rel_err":0.000000e0,"parity_scaled_abs_bound":0.000000e0,"parity_scaled_abs_rescued":0,"metal_split_k":"off"}
== bench-fandhe gemm metal size=1024 mode=fresh metal-split-k=on ==
{"framework":"fandhe-ai","version":"0.8.0","task":"gemm","device":"metal","size":1024,"median_s":0.002720187,"q1_s":0.002416136,"q3_s":0.002780052,"gflops":789.462,"checksum":-1855.597736,"warmup":20,"iters":20,"mode":"fresh","parity_total":1048576,"parity_fail_count":0,"parity_max_abs_err":0.000000e0,"parity_max_rel_err":0.000000e0,"parity_scaled_abs_bound":0.000000e0,"parity_scaled_abs_rescued":0,"metal_split_k":"on"}
== bench-fandhe gemm metal size=1024 mode=fresh metal-split-k=off ==
{"framework":"fandhe-ai","version":"0.8.0","task":"gemm","device":"metal","size":1024,"median_s":0.002067250,"q1_s":0.002008532,"q3_s":0.002665698,"gflops":1038.812,"checksum":-1855.597736,"warmup":20,"iters":20,"mode":"fresh","parity_total":1048576,"parity_fail_count":0,"parity_max_abs_err":0.000000e0,"parity_max_rel_err":0.000000e0,"parity_scaled_abs_bound":0.000000e0,"parity_scaled_abs_rescued":0,"metal_split_k":"off"}
== bench-fandhe gemm metal size=1024 mode=reuse metal-split-k=on ==
{"framework":"fandhe-ai","version":"0.8.0","task":"gemm","device":"metal","size":1024,"median_s":0.002883208,"q1_s":0.002797250,"q3_s":0.002927375,"gflops":744.824,"checksum":-1855.597736,"warmup":20,"iters":20,"mode":"reuse","init_s":0.038681958,"parity_total":1048576,"parity_fail_count":0,"parity_max_abs_err":0.000000e0,"parity_max_rel_err":0.000000e0,"parity_scaled_abs_bound":0.000000e0,"parity_scaled_abs_rescued":0,"metal_split_k":"on"}
== bench-fandhe gemm metal size=1024 mode=reuse metal-split-k=off ==
{"framework":"fandhe-ai","version":"0.8.0","task":"gemm","device":"metal","size":1024,"median_s":0.002802542,"q1_s":0.002218271,"q3_s":0.002893823,"gflops":766.263,"checksum":-1855.597736,"warmup":20,"iters":20,"mode":"reuse","init_s":0.039015792,"parity_total":1048576,"parity_fail_count":0,"parity_max_abs_err":0.000000e0,"parity_max_rel_err":0.000000e0,"parity_scaled_abs_bound":0.000000e0,"parity_scaled_abs_rescued":0,"metal_split_k":"off"}
== bench-fandhe gemm metal size=2048 mode=fresh metal-split-k=on ==
{"framework":"fandhe-ai","version":"0.8.0","task":"gemm","device":"metal","size":2048,"median_s":0.007955354,"q1_s":0.007098761,"q3_s":0.010383823,"gflops":2159.535,"checksum":-6016.774008,"warmup":20,"iters":20,"mode":"fresh","parity_total":4194304,"parity_fail_count":0,"parity_max_abs_err":0.000000e0,"parity_max_rel_err":0.000000e0,"parity_scaled_abs_bound":0.000000e0,"parity_scaled_abs_rescued":0,"metal_split_k":"on"}
== bench-fandhe gemm metal size=2048 mode=fresh metal-split-k=off ==
{"framework":"fandhe-ai","version":"0.8.0","task":"gemm","device":"metal","size":2048,"median_s":0.008329562,"q1_s":0.007048687,"q3_s":0.010195365,"gflops":2062.518,"checksum":-6016.774008,"warmup":20,"iters":20,"mode":"fresh","parity_total":4194304,"parity_fail_count":0,"parity_max_abs_err":0.000000e0,"parity_max_rel_err":0.000000e0,"parity_scaled_abs_bound":0.000000e0,"parity_scaled_abs_rescued":0,"metal_split_k":"off"}
== bench-fandhe gemm metal size=2048 mode=reuse metal-split-k=on ==
{"framework":"fandhe-ai","version":"0.8.0","task":"gemm","device":"metal","size":2048,"median_s":0.010199333,"q1_s":0.008709417,"q3_s":0.011307334,"gflops":1684.411,"checksum":-6016.774008,"warmup":20,"iters":20,"mode":"reuse","init_s":0.051409708,"parity_total":4194304,"parity_fail_count":0,"parity_max_abs_err":0.000000e0,"parity_max_rel_err":0.000000e0,"parity_scaled_abs_bound":0.000000e0,"parity_scaled_abs_rescued":0,"metal_split_k":"on"}
== bench-fandhe gemm metal size=2048 mode=reuse metal-split-k=off ==
{"framework":"fandhe-ai","version":"0.8.0","task":"gemm","device":"metal","size":2048,"median_s":0.009113605,"q1_s":0.008556188,"q3_s":0.013326073,"gflops":1885.080,"checksum":-6016.774008,"warmup":20,"iters":20,"mode":"reuse","init_s":0.050955792,"parity_total":4194304,"parity_fail_count":0,"parity_max_abs_err":0.000000e0,"parity_max_rel_err":0.000000e0,"parity_scaled_abs_bound":0.000000e0,"parity_scaled_abs_rescued":0,"metal_split_k":"off"}
== bench-fandhe gemm metal size=4096 mode=fresh metal-split-k=on ==
{"framework":"fandhe-ai","version":"0.8.0","task":"gemm","device":"metal","size":4096,"median_s":0.033957124,"q1_s":0.033546291,"q3_s":0.036044833,"gflops":4047.426,"checksum":-25768.747284,"warmup":20,"iters":20,"mode":"fresh","parity_total":16777216,"parity_fail_count":0,"parity_max_abs_err":0.000000e0,"parity_max_rel_err":0.000000e0,"parity_scaled_abs_bound":0.000000e0,"parity_scaled_abs_rescued":0,"metal_split_k":"on"}
== bench-fandhe gemm metal size=4096 mode=fresh metal-split-k=off ==
{"framework":"fandhe-ai","version":"0.8.0","task":"gemm","device":"metal","size":4096,"median_s":0.035874000,"q1_s":0.034069521,"q3_s":0.040964666,"gflops":3831.158,"checksum":-25768.747284,"warmup":20,"iters":20,"mode":"fresh","parity_total":16777216,"parity_fail_count":0,"parity_max_abs_err":0.000000e0,"parity_max_rel_err":0.000000e0,"parity_scaled_abs_bound":0.000000e0,"parity_scaled_abs_rescued":0,"metal_split_k":"off"}
== bench-fandhe gemm metal size=4096 mode=reuse metal-split-k=on ==
{"framework":"fandhe-ai","version":"0.8.0","task":"gemm","device":"metal","size":4096,"median_s":0.047092854,"q1_s":0.039837125,"q3_s":0.049204354,"gflops":2918.467,"checksum":-25768.747284,"warmup":20,"iters":20,"mode":"reuse","init_s":0.090165625,"parity_total":16777216,"parity_fail_count":0,"parity_max_abs_err":0.000000e0,"parity_max_rel_err":0.000000e0,"parity_scaled_abs_bound":0.000000e0,"parity_scaled_abs_rescued":0,"metal_split_k":"on"}
== bench-fandhe gemm metal size=4096 mode=reuse metal-split-k=off ==
{"framework":"fandhe-ai","version":"0.8.0","task":"gemm","device":"metal","size":4096,"median_s":0.039409750,"q1_s":0.038679854,"q3_s":0.045149937,"gflops":3487.435,"checksum":-25768.747284,"warmup":20,"iters":20,"mode":"reuse","init_s":0.094537875,"parity_total":16777216,"parity_fail_count":0,"parity_max_abs_err":0.000000e0,"parity_max_rel_err":0.000000e0,"parity_scaled_abs_bound":0.000000e0,"parity_scaled_abs_rescued":0,"metal_split_k":"off"}
== bench-fandhe train metal mode=fresh metal-split-k=on ==
{"framework":"fandhe-ai","version":"0.8.0","task":"train","device":"metal","size":64,"median_s":0.001562270,"q1_s":0.001537073,"q3_s":0.001819969,"checksum":0.080541,"warmup":20,"iters":80,"mode":"fresh","metal_split_k":"on"}
== bench-fandhe train metal mode=fresh metal-split-k=off ==
{"framework":"fandhe-ai","version":"0.8.0","task":"train","device":"metal","size":64,"median_s":0.001534334,"q1_s":0.001438520,"q3_s":0.001556469,"checksum":0.080541,"warmup":20,"iters":80,"mode":"fresh","metal_split_k":"off"}
== bench-fandhe train metal mode=reuse metal-split-k=on ==
{"framework":"fandhe-ai","version":"0.8.0","task":"train","device":"metal","size":64,"median_s":0.001432626,"q1_s":0.001371833,"q3_s":0.001480959,"checksum":0.080541,"warmup":20,"iters":80,"mode":"reuse","init_s":0.029866417,"metal_split_k":"on"}
== bench-fandhe train metal mode=reuse metal-split-k=off ==
{"framework":"fandhe-ai","version":"0.8.0","task":"train","device":"metal","size":64,"median_s":0.001425667,"q1_s":0.001345490,"q3_s":0.001486052,"checksum":0.080541,"warmup":20,"iters":80,"mode":"reuse","init_s":0.030374167,"metal_split_k":"off"}
== run 2/5 完了時点の status ==
Note: No thermal warning level has been recorded
Note: No performance warning level has been recorded
Note: No CPU power status has been recorded
 0:53  up 23 days, 12:06, 20 users, load averages: 4.03 6.33 5.71
== bench-fandhe gemm metal size=512 mode=fresh metal-split-k=off ==
{"framework":"fandhe-ai","version":"0.8.0","task":"gemm","device":"metal","size":512,"median_s":0.000642145,"q1_s":0.000630010,"q3_s":0.000649000,"gflops":418.029,"checksum":937.743233,"warmup":20,"iters":20,"mode":"fresh","parity_total":262144,"parity_fail_count":0,"parity_max_abs_err":0.000000e0,"parity_max_rel_err":0.000000e0,"parity_scaled_abs_bound":0.000000e0,"parity_scaled_abs_rescued":0,"metal_split_k":"off"}
== bench-fandhe gemm metal size=512 mode=fresh metal-split-k=on ==
{"framework":"fandhe-ai","version":"0.8.0","task":"gemm","device":"metal","size":512,"median_s":0.000660812,"q1_s":0.000653594,"q3_s":0.000667437,"gflops":406.220,"checksum":937.743233,"warmup":20,"iters":20,"mode":"fresh","parity_total":262144,"parity_fail_count":0,"parity_max_abs_err":0.000000e0,"parity_max_rel_err":0.000000e0,"parity_scaled_abs_bound":0.000000e0,"parity_scaled_abs_rescued":0,"metal_split_k":"on"}
== bench-fandhe gemm metal size=512 mode=reuse metal-split-k=off ==
{"framework":"fandhe-ai","version":"0.8.0","task":"gemm","device":"metal","size":512,"median_s":0.000728479,"q1_s":0.000722614,"q3_s":0.000742198,"gflops":368.488,"checksum":937.743233,"warmup":20,"iters":20,"mode":"reuse","init_s":0.037165375,"parity_total":262144,"parity_fail_count":0,"parity_max_abs_err":0.000000e0,"parity_max_rel_err":0.000000e0,"parity_scaled_abs_bound":0.000000e0,"parity_scaled_abs_rescued":0,"metal_split_k":"off"}
== bench-fandhe gemm metal size=512 mode=reuse metal-split-k=on ==
{"framework":"fandhe-ai","version":"0.8.0","task":"gemm","device":"metal","size":512,"median_s":0.000733208,"q1_s":0.000720771,"q3_s":0.000745135,"gflops":366.111,"checksum":937.743233,"warmup":20,"iters":20,"mode":"reuse","init_s":0.036159208,"parity_total":262144,"parity_fail_count":0,"parity_max_abs_err":0.000000e0,"parity_max_rel_err":0.000000e0,"parity_scaled_abs_bound":0.000000e0,"parity_scaled_abs_rescued":0,"metal_split_k":"on"}
== bench-fandhe gemm metal size=1024 mode=fresh metal-split-k=off ==
{"framework":"fandhe-ai","version":"0.8.0","task":"gemm","device":"metal","size":1024,"median_s":0.002111625,"q1_s":0.002041948,"q3_s":0.002804646,"gflops":1016.982,"checksum":-1855.597736,"warmup":20,"iters":20,"mode":"fresh","parity_total":1048576,"parity_fail_count":0,"parity_max_abs_err":0.000000e0,"parity_max_rel_err":0.000000e0,"parity_scaled_abs_bound":0.000000e0,"parity_scaled_abs_rescued":0,"metal_split_k":"off"}
== bench-fandhe gemm metal size=1024 mode=fresh metal-split-k=on ==
{"framework":"fandhe-ai","version":"0.8.0","task":"gemm","device":"metal","size":1024,"median_s":0.002148916,"q1_s":0.002005104,"q3_s":0.002778990,"gflops":999.333,"checksum":-1855.597736,"warmup":20,"iters":20,"mode":"fresh","parity_total":1048576,"parity_fail_count":0,"parity_max_abs_err":0.000000e0,"parity_max_rel_err":0.000000e0,"parity_scaled_abs_bound":0.000000e0,"parity_scaled_abs_rescued":0,"metal_split_k":"on"}
== bench-fandhe gemm metal size=1024 mode=reuse metal-split-k=off ==
{"framework":"fandhe-ai","version":"0.8.0","task":"gemm","device":"metal","size":1024,"median_s":0.002950105,"q1_s":0.002289750,"q3_s":0.003114291,"gflops":727.935,"checksum":-1855.597736,"warmup":20,"iters":20,"mode":"reuse","init_s":0.038690334,"parity_total":1048576,"parity_fail_count":0,"parity_max_abs_err":0.000000e0,"parity_max_rel_err":0.000000e0,"parity_scaled_abs_bound":0.000000e0,"parity_scaled_abs_rescued":0,"metal_split_k":"off"}
== bench-fandhe gemm metal size=1024 mode=reuse metal-split-k=on ==
{"framework":"fandhe-ai","version":"0.8.0","task":"gemm","device":"metal","size":1024,"median_s":0.003084750,"q1_s":0.002359479,"q3_s":0.003139240,"gflops":696.161,"checksum":-1855.597736,"warmup":20,"iters":20,"mode":"reuse","init_s":0.040506791,"parity_total":1048576,"parity_fail_count":0,"parity_max_abs_err":0.000000e0,"parity_max_rel_err":0.000000e0,"parity_scaled_abs_bound":0.000000e0,"parity_scaled_abs_rescued":0,"metal_split_k":"on"}
== bench-fandhe gemm metal size=2048 mode=fresh metal-split-k=off ==
{"framework":"fandhe-ai","version":"0.8.0","task":"gemm","device":"metal","size":2048,"median_s":0.008427938,"q1_s":0.007942802,"q3_s":0.009406219,"gflops":2038.443,"checksum":-6016.774008,"warmup":20,"iters":20,"mode":"fresh","parity_total":4194304,"parity_fail_count":0,"parity_max_abs_err":0.000000e0,"parity_max_rel_err":0.000000e0,"parity_scaled_abs_bound":0.000000e0,"parity_scaled_abs_rescued":0,"metal_split_k":"off"}
== bench-fandhe gemm metal size=2048 mode=fresh metal-split-k=on ==
{"framework":"fandhe-ai","version":"0.8.0","task":"gemm","device":"metal","size":2048,"median_s":0.007947292,"q1_s":0.007364625,"q3_s":0.008544062,"gflops":2161.726,"checksum":-6016.774008,"warmup":20,"iters":20,"mode":"fresh","parity_total":4194304,"parity_fail_count":0,"parity_max_abs_err":0.000000e0,"parity_max_rel_err":0.000000e0,"parity_scaled_abs_bound":0.000000e0,"parity_scaled_abs_rescued":0,"metal_split_k":"on"}
== bench-fandhe gemm metal size=2048 mode=reuse metal-split-k=off ==
{"framework":"fandhe-ai","version":"0.8.0","task":"gemm","device":"metal","size":2048,"median_s":0.008971166,"q1_s":0.008797917,"q3_s":0.010952261,"gflops":1915.010,"checksum":-6016.774008,"warmup":20,"iters":20,"mode":"reuse","init_s":0.051500667,"parity_total":4194304,"parity_fail_count":0,"parity_max_abs_err":0.000000e0,"parity_max_rel_err":0.000000e0,"parity_scaled_abs_bound":0.000000e0,"parity_scaled_abs_rescued":0,"metal_split_k":"off"}
== bench-fandhe gemm metal size=2048 mode=reuse metal-split-k=on ==
{"framework":"fandhe-ai","version":"0.8.0","task":"gemm","device":"metal","size":2048,"median_s":0.009688979,"q1_s":0.009027395,"q3_s":0.010856948,"gflops":1773.135,"checksum":-6016.774008,"warmup":20,"iters":20,"mode":"reuse","init_s":0.051258416,"parity_total":4194304,"parity_fail_count":0,"parity_max_abs_err":0.000000e0,"parity_max_rel_err":0.000000e0,"parity_scaled_abs_bound":0.000000e0,"parity_scaled_abs_rescued":0,"metal_split_k":"on"}
== bench-fandhe gemm metal size=4096 mode=fresh metal-split-k=off ==
{"framework":"fandhe-ai","version":"0.8.0","task":"gemm","device":"metal","size":4096,"median_s":0.034443562,"q1_s":0.033878584,"q3_s":0.035889240,"gflops":3990.265,"checksum":-25768.747284,"warmup":20,"iters":20,"mode":"fresh","parity_total":16777216,"parity_fail_count":0,"parity_max_abs_err":0.000000e0,"parity_max_rel_err":0.000000e0,"parity_scaled_abs_bound":0.000000e0,"parity_scaled_abs_rescued":0,"metal_split_k":"off"}
== bench-fandhe gemm metal size=4096 mode=fresh metal-split-k=on ==
{"framework":"fandhe-ai","version":"0.8.0","task":"gemm","device":"metal","size":4096,"median_s":0.033844937,"q1_s":0.033640792,"q3_s":0.034190292,"gflops":4060.842,"checksum":-25768.747284,"warmup":20,"iters":20,"mode":"fresh","parity_total":16777216,"parity_fail_count":0,"parity_max_abs_err":0.000000e0,"parity_max_rel_err":0.000000e0,"parity_scaled_abs_bound":0.000000e0,"parity_scaled_abs_rescued":0,"metal_split_k":"on"}
== bench-fandhe gemm metal size=4096 mode=reuse metal-split-k=off ==
{"framework":"fandhe-ai","version":"0.8.0","task":"gemm","device":"metal","size":4096,"median_s":0.039182895,"q1_s":0.038344730,"q3_s":0.043218052,"gflops":3507.626,"checksum":-25768.747284,"warmup":20,"iters":20,"mode":"reuse","init_s":0.089514167,"parity_total":16777216,"parity_fail_count":0,"parity_max_abs_err":0.000000e0,"parity_max_rel_err":0.000000e0,"parity_scaled_abs_bound":0.000000e0,"parity_scaled_abs_rescued":0,"metal_split_k":"off"}
== bench-fandhe gemm metal size=4096 mode=reuse metal-split-k=on ==
{"framework":"fandhe-ai","version":"0.8.0","task":"gemm","device":"metal","size":4096,"median_s":0.047868208,"q1_s":0.038984312,"q3_s":0.049128948,"gflops":2871.195,"checksum":-25768.747284,"warmup":20,"iters":20,"mode":"reuse","init_s":0.091851917,"parity_total":16777216,"parity_fail_count":0,"parity_max_abs_err":0.000000e0,"parity_max_rel_err":0.000000e0,"parity_scaled_abs_bound":0.000000e0,"parity_scaled_abs_rescued":0,"metal_split_k":"on"}
== bench-fandhe train metal mode=fresh metal-split-k=off ==
{"framework":"fandhe-ai","version":"0.8.0","task":"train","device":"metal","size":64,"median_s":0.001813666,"q1_s":0.001667177,"q3_s":0.001893239,"checksum":0.080541,"warmup":20,"iters":80,"mode":"fresh","metal_split_k":"off"}
== bench-fandhe train metal mode=fresh metal-split-k=on ==
{"framework":"fandhe-ai","version":"0.8.0","task":"train","device":"metal","size":64,"median_s":0.001913375,"q1_s":0.001797656,"q3_s":0.002012313,"checksum":0.080541,"warmup":20,"iters":80,"mode":"fresh","metal_split_k":"on"}
== bench-fandhe train metal mode=reuse metal-split-k=off ==
{"framework":"fandhe-ai","version":"0.8.0","task":"train","device":"metal","size":64,"median_s":0.001489729,"q1_s":0.001476906,"q3_s":0.001531750,"checksum":0.080541,"warmup":20,"iters":80,"mode":"reuse","init_s":0.030307250,"metal_split_k":"off"}
== bench-fandhe train metal mode=reuse metal-split-k=on ==
{"framework":"fandhe-ai","version":"0.8.0","task":"train","device":"metal","size":64,"median_s":0.001468771,"q1_s":0.001434198,"q3_s":0.001491156,"checksum":0.080541,"warmup":20,"iters":80,"mode":"reuse","init_s":0.029840625,"metal_split_k":"on"}
== run 3/5 完了時点の status ==
Note: No thermal warning level has been recorded
Note: No performance warning level has been recorded
Note: No CPU power status has been recorded
 0:53  up 23 days, 12:06, 20 users, load averages: 3.72 6.15 5.65
== bench-fandhe gemm metal size=512 mode=fresh metal-split-k=on ==
{"framework":"fandhe-ai","version":"0.8.0","task":"gemm","device":"metal","size":512,"median_s":0.000658145,"q1_s":0.000644104,"q3_s":0.000677479,"gflops":407.866,"checksum":937.743233,"warmup":20,"iters":20,"mode":"fresh","parity_total":262144,"parity_fail_count":0,"parity_max_abs_err":0.000000e0,"parity_max_rel_err":0.000000e0,"parity_scaled_abs_bound":0.000000e0,"parity_scaled_abs_rescued":0,"metal_split_k":"on"}
== bench-fandhe gemm metal size=512 mode=fresh metal-split-k=off ==
{"framework":"fandhe-ai","version":"0.8.0","task":"gemm","device":"metal","size":512,"median_s":0.000660604,"q1_s":0.000646386,"q3_s":0.000679177,"gflops":406.349,"checksum":937.743233,"warmup":20,"iters":20,"mode":"fresh","parity_total":262144,"parity_fail_count":0,"parity_max_abs_err":0.000000e0,"parity_max_rel_err":0.000000e0,"parity_scaled_abs_bound":0.000000e0,"parity_scaled_abs_rescued":0,"metal_split_k":"off"}
== bench-fandhe gemm metal size=512 mode=reuse metal-split-k=on ==
{"framework":"fandhe-ai","version":"0.8.0","task":"gemm","device":"metal","size":512,"median_s":0.000728646,"q1_s":0.000719146,"q3_s":0.000741896,"gflops":368.403,"checksum":937.743233,"warmup":20,"iters":20,"mode":"reuse","init_s":0.040733625,"parity_total":262144,"parity_fail_count":0,"parity_max_abs_err":0.000000e0,"parity_max_rel_err":0.000000e0,"parity_scaled_abs_bound":0.000000e0,"parity_scaled_abs_rescued":0,"metal_split_k":"on"}
== bench-fandhe gemm metal size=512 mode=reuse metal-split-k=off ==
{"framework":"fandhe-ai","version":"0.8.0","task":"gemm","device":"metal","size":512,"median_s":0.000737251,"q1_s":0.000720479,"q3_s":0.000766812,"gflops":364.103,"checksum":937.743233,"warmup":20,"iters":20,"mode":"reuse","init_s":0.039917500,"parity_total":262144,"parity_fail_count":0,"parity_max_abs_err":0.000000e0,"parity_max_rel_err":0.000000e0,"parity_scaled_abs_bound":0.000000e0,"parity_scaled_abs_rescued":0,"metal_split_k":"off"}
== bench-fandhe gemm metal size=1024 mode=fresh metal-split-k=on ==
{"framework":"fandhe-ai","version":"0.8.0","task":"gemm","device":"metal","size":1024,"median_s":0.002428583,"q1_s":0.001980636,"q3_s":0.002772208,"gflops":884.254,"checksum":-1855.597736,"warmup":20,"iters":20,"mode":"fresh","parity_total":1048576,"parity_fail_count":0,"parity_max_abs_err":0.000000e0,"parity_max_rel_err":0.000000e0,"parity_scaled_abs_bound":0.000000e0,"parity_scaled_abs_rescued":0,"metal_split_k":"on"}
== bench-fandhe gemm metal size=1024 mode=fresh metal-split-k=off ==
{"framework":"fandhe-ai","version":"0.8.0","task":"gemm","device":"metal","size":1024,"median_s":0.002740396,"q1_s":0.002682541,"q3_s":0.002763062,"gflops":783.640,"checksum":-1855.597736,"warmup":20,"iters":20,"mode":"fresh","parity_total":1048576,"parity_fail_count":0,"parity_max_abs_err":0.000000e0,"parity_max_rel_err":0.000000e0,"parity_scaled_abs_bound":0.000000e0,"parity_scaled_abs_rescued":0,"metal_split_k":"off"}
== bench-fandhe gemm metal size=1024 mode=reuse metal-split-k=on ==
{"framework":"fandhe-ai","version":"0.8.0","task":"gemm","device":"metal","size":1024,"median_s":0.002899625,"q1_s":0.002680114,"q3_s":0.002978239,"gflops":740.607,"checksum":-1855.597736,"warmup":20,"iters":20,"mode":"reuse","init_s":0.038920792,"parity_total":1048576,"parity_fail_count":0,"parity_max_abs_err":0.000000e0,"parity_max_rel_err":0.000000e0,"parity_scaled_abs_bound":0.000000e0,"parity_scaled_abs_rescued":0,"metal_split_k":"on"}
== bench-fandhe gemm metal size=1024 mode=reuse metal-split-k=off ==
{"framework":"fandhe-ai","version":"0.8.0","task":"gemm","device":"metal","size":1024,"median_s":0.002974979,"q1_s":0.002745250,"q3_s":0.003040271,"gflops":721.848,"checksum":-1855.597736,"warmup":20,"iters":20,"mode":"reuse","init_s":0.039757416,"parity_total":1048576,"parity_fail_count":0,"parity_max_abs_err":0.000000e0,"parity_max_rel_err":0.000000e0,"parity_scaled_abs_bound":0.000000e0,"parity_scaled_abs_rescued":0,"metal_split_k":"off"}
== bench-fandhe gemm metal size=2048 mode=fresh metal-split-k=on ==
{"framework":"fandhe-ai","version":"0.8.0","task":"gemm","device":"metal","size":2048,"median_s":0.007979000,"q1_s":0.007383114,"q3_s":0.009491510,"gflops":2153.136,"checksum":-6016.774008,"warmup":20,"iters":20,"mode":"fresh","parity_total":4194304,"parity_fail_count":0,"parity_max_abs_err":0.000000e0,"parity_max_rel_err":0.000000e0,"parity_scaled_abs_bound":0.000000e0,"parity_scaled_abs_rescued":0,"metal_split_k":"on"}
== bench-fandhe gemm metal size=2048 mode=fresh metal-split-k=off ==
{"framework":"fandhe-ai","version":"0.8.0","task":"gemm","device":"metal","size":2048,"median_s":0.009558000,"q1_s":0.006980844,"q3_s":0.011322521,"gflops":1797.433,"checksum":-6016.774008,"warmup":20,"iters":20,"mode":"fresh","parity_total":4194304,"parity_fail_count":0,"parity_max_abs_err":0.000000e0,"parity_max_rel_err":0.000000e0,"parity_scaled_abs_bound":0.000000e0,"parity_scaled_abs_rescued":0,"metal_split_k":"off"}
== bench-fandhe gemm metal size=2048 mode=reuse metal-split-k=on ==
{"framework":"fandhe-ai","version":"0.8.0","task":"gemm","device":"metal","size":2048,"median_s":0.009823750,"q1_s":0.007796385,"q3_s":0.011579614,"gflops":1748.810,"checksum":-6016.774008,"warmup":20,"iters":20,"mode":"reuse","init_s":0.073794583,"parity_total":4194304,"parity_fail_count":0,"parity_max_abs_err":0.000000e0,"parity_max_rel_err":0.000000e0,"parity_scaled_abs_bound":0.000000e0,"parity_scaled_abs_rescued":0,"metal_split_k":"on"}
== bench-fandhe gemm metal size=2048 mode=reuse metal-split-k=off ==
{"framework":"fandhe-ai","version":"0.8.0","task":"gemm","device":"metal","size":2048,"median_s":0.009353479,"q1_s":0.008957073,"q3_s":0.010664354,"gflops":1836.736,"checksum":-6016.774008,"warmup":20,"iters":20,"mode":"reuse","init_s":0.051235250,"parity_total":4194304,"parity_fail_count":0,"parity_max_abs_err":0.000000e0,"parity_max_rel_err":0.000000e0,"parity_scaled_abs_bound":0.000000e0,"parity_scaled_abs_rescued":0,"metal_split_k":"off"}
== bench-fandhe gemm metal size=4096 mode=fresh metal-split-k=on ==
{"framework":"fandhe-ai","version":"0.8.0","task":"gemm","device":"metal","size":4096,"median_s":0.033714396,"q1_s":0.033374958,"q3_s":0.034267094,"gflops":4076.566,"checksum":-25768.747284,"warmup":20,"iters":20,"mode":"fresh","parity_total":16777216,"parity_fail_count":0,"parity_max_abs_err":0.000000e0,"parity_max_rel_err":0.000000e0,"parity_scaled_abs_bound":0.000000e0,"parity_scaled_abs_rescued":0,"metal_split_k":"on"}
== bench-fandhe gemm metal size=4096 mode=fresh metal-split-k=off ==
{"framework":"fandhe-ai","version":"0.8.0","task":"gemm","device":"metal","size":4096,"median_s":0.034168896,"q1_s":0.033738708,"q3_s":0.036074885,"gflops":4022.341,"checksum":-25768.747284,"warmup":20,"iters":20,"mode":"fresh","parity_total":16777216,"parity_fail_count":0,"parity_max_abs_err":0.000000e0,"parity_max_rel_err":0.000000e0,"parity_scaled_abs_bound":0.000000e0,"parity_scaled_abs_rescued":0,"metal_split_k":"off"}
== bench-fandhe gemm metal size=4096 mode=reuse metal-split-k=on ==
{"framework":"fandhe-ai","version":"0.8.0","task":"gemm","device":"metal","size":4096,"median_s":0.048552437,"q1_s":0.046596688,"q3_s":0.050753292,"gflops":2830.732,"checksum":-25768.747284,"warmup":20,"iters":20,"mode":"reuse","init_s":0.091771042,"parity_total":16777216,"parity_fail_count":0,"parity_max_abs_err":0.000000e0,"parity_max_rel_err":0.000000e0,"parity_scaled_abs_bound":0.000000e0,"parity_scaled_abs_rescued":0,"metal_split_k":"on"}
== bench-fandhe gemm metal size=4096 mode=reuse metal-split-k=off ==
{"framework":"fandhe-ai","version":"0.8.0","task":"gemm","device":"metal","size":4096,"median_s":0.039914625,"q1_s":0.038623698,"q3_s":0.048387323,"gflops":3443.323,"checksum":-25768.747284,"warmup":20,"iters":20,"mode":"reuse","init_s":0.091772750,"parity_total":16777216,"parity_fail_count":0,"parity_max_abs_err":0.000000e0,"parity_max_rel_err":0.000000e0,"parity_scaled_abs_bound":0.000000e0,"parity_scaled_abs_rescued":0,"metal_split_k":"off"}
== bench-fandhe train metal mode=fresh metal-split-k=on ==
{"framework":"fandhe-ai","version":"0.8.0","task":"train","device":"metal","size":64,"median_s":0.001543188,"q1_s":0.001424261,"q3_s":0.001598250,"checksum":0.080541,"warmup":20,"iters":80,"mode":"fresh","metal_split_k":"on"}
== bench-fandhe train metal mode=fresh metal-split-k=off ==
{"framework":"fandhe-ai","version":"0.8.0","task":"train","device":"metal","size":64,"median_s":0.001551187,"q1_s":0.001477864,"q3_s":0.001609458,"checksum":0.080541,"warmup":20,"iters":80,"mode":"fresh","metal_split_k":"off"}
== bench-fandhe train metal mode=reuse metal-split-k=on ==
{"framework":"fandhe-ai","version":"0.8.0","task":"train","device":"metal","size":64,"median_s":0.001445375,"q1_s":0.001387781,"q3_s":0.001527313,"checksum":0.080541,"warmup":20,"iters":80,"mode":"reuse","init_s":0.035739250,"metal_split_k":"on"}
== bench-fandhe train metal mode=reuse metal-split-k=off ==
{"framework":"fandhe-ai","version":"0.8.0","task":"train","device":"metal","size":64,"median_s":0.001444000,"q1_s":0.001351906,"q3_s":0.001539073,"checksum":0.080541,"warmup":20,"iters":80,"mode":"reuse","init_s":0.030854667,"metal_split_k":"off"}
== run 4/5 完了時点の status ==
Note: No thermal warning level has been recorded
Note: No performance warning level has been recorded
Note: No CPU power status has been recorded
 0:54  up 23 days, 12:06, 20 users, load averages: 3.30 5.90 5.57
== bench-fandhe gemm metal size=512 mode=fresh metal-split-k=off ==
{"framework":"fandhe-ai","version":"0.8.0","task":"gemm","device":"metal","size":512,"median_s":0.000648334,"q1_s":0.000638928,"q3_s":0.000667928,"gflops":414.039,"checksum":937.743233,"warmup":20,"iters":20,"mode":"fresh","parity_total":262144,"parity_fail_count":0,"parity_max_abs_err":0.000000e0,"parity_max_rel_err":0.000000e0,"parity_scaled_abs_bound":0.000000e0,"parity_scaled_abs_rescued":0,"metal_split_k":"off"}
== bench-fandhe gemm metal size=512 mode=fresh metal-split-k=on ==
{"framework":"fandhe-ai","version":"0.8.0","task":"gemm","device":"metal","size":512,"median_s":0.000654541,"q1_s":0.000639386,"q3_s":0.000668157,"gflops":410.112,"checksum":937.743233,"warmup":20,"iters":20,"mode":"fresh","parity_total":262144,"parity_fail_count":0,"parity_max_abs_err":0.000000e0,"parity_max_rel_err":0.000000e0,"parity_scaled_abs_bound":0.000000e0,"parity_scaled_abs_rescued":0,"metal_split_k":"on"}
== bench-fandhe gemm metal size=512 mode=reuse metal-split-k=off ==
{"framework":"fandhe-ai","version":"0.8.0","task":"gemm","device":"metal","size":512,"median_s":0.000729084,"q1_s":0.000707032,"q3_s":0.000738145,"gflops":368.182,"checksum":937.743233,"warmup":20,"iters":20,"mode":"reuse","init_s":0.037070750,"parity_total":262144,"parity_fail_count":0,"parity_max_abs_err":0.000000e0,"parity_max_rel_err":0.000000e0,"parity_scaled_abs_bound":0.000000e0,"parity_scaled_abs_rescued":0,"metal_split_k":"off"}
== bench-fandhe gemm metal size=512 mode=reuse metal-split-k=on ==
{"framework":"fandhe-ai","version":"0.8.0","task":"gemm","device":"metal","size":512,"median_s":0.000743625,"q1_s":0.000725469,"q3_s":0.000793875,"gflops":360.982,"checksum":937.743233,"warmup":20,"iters":20,"mode":"reuse","init_s":0.037249250,"parity_total":262144,"parity_fail_count":0,"parity_max_abs_err":0.000000e0,"parity_max_rel_err":0.000000e0,"parity_scaled_abs_bound":0.000000e0,"parity_scaled_abs_rescued":0,"metal_split_k":"on"}
== bench-fandhe gemm metal size=1024 mode=fresh metal-split-k=off ==
{"framework":"fandhe-ai","version":"0.8.0","task":"gemm","device":"metal","size":1024,"median_s":0.002384666,"q1_s":0.002073448,"q3_s":0.002803292,"gflops":900.538,"checksum":-1855.597736,"warmup":20,"iters":20,"mode":"fresh","parity_total":1048576,"parity_fail_count":0,"parity_max_abs_err":0.000000e0,"parity_max_rel_err":0.000000e0,"parity_scaled_abs_bound":0.000000e0,"parity_scaled_abs_rescued":0,"metal_split_k":"off"}
== bench-fandhe gemm metal size=1024 mode=fresh metal-split-k=on ==
{"framework":"fandhe-ai","version":"0.8.0","task":"gemm","device":"metal","size":1024,"median_s":0.002465104,"q1_s":0.002018334,"q3_s":0.002789125,"gflops":871.153,"checksum":-1855.597736,"warmup":20,"iters":20,"mode":"fresh","parity_total":1048576,"parity_fail_count":0,"parity_max_abs_err":0.000000e0,"parity_max_rel_err":0.000000e0,"parity_scaled_abs_bound":0.000000e0,"parity_scaled_abs_rescued":0,"metal_split_k":"on"}
== bench-fandhe gemm metal size=1024 mode=reuse metal-split-k=off ==
{"framework":"fandhe-ai","version":"0.8.0","task":"gemm","device":"metal","size":1024,"median_s":0.002884125,"q1_s":0.002385240,"q3_s":0.003072396,"gflops":744.588,"checksum":-1855.597736,"warmup":20,"iters":20,"mode":"reuse","init_s":0.040382709,"parity_total":1048576,"parity_fail_count":0,"parity_max_abs_err":0.000000e0,"parity_max_rel_err":0.000000e0,"parity_scaled_abs_bound":0.000000e0,"parity_scaled_abs_rescued":0,"metal_split_k":"off"}
== bench-fandhe gemm metal size=1024 mode=reuse metal-split-k=on ==
{"framework":"fandhe-ai","version":"0.8.0","task":"gemm","device":"metal","size":1024,"median_s":0.002910291,"q1_s":0.002839864,"q3_s":0.002977167,"gflops":737.893,"checksum":-1855.597736,"warmup":20,"iters":20,"mode":"reuse","init_s":0.038770500,"parity_total":1048576,"parity_fail_count":0,"parity_max_abs_err":0.000000e0,"parity_max_rel_err":0.000000e0,"parity_scaled_abs_bound":0.000000e0,"parity_scaled_abs_rescued":0,"metal_split_k":"on"}
== bench-fandhe gemm metal size=2048 mode=fresh metal-split-k=off ==
{"framework":"fandhe-ai","version":"0.8.0","task":"gemm","device":"metal","size":2048,"median_s":0.007987375,"q1_s":0.007302187,"q3_s":0.008998708,"gflops":2150.878,"checksum":-6016.774008,"warmup":20,"iters":20,"mode":"fresh","parity_total":4194304,"parity_fail_count":0,"parity_max_abs_err":0.000000e0,"parity_max_rel_err":0.000000e0,"parity_scaled_abs_bound":0.000000e0,"parity_scaled_abs_rescued":0,"metal_split_k":"off"}
== bench-fandhe gemm metal size=2048 mode=fresh metal-split-k=on ==
{"framework":"fandhe-ai","version":"0.8.0","task":"gemm","device":"metal","size":2048,"median_s":0.008552271,"q1_s":0.007589937,"q3_s":0.009508750,"gflops":2008.808,"checksum":-6016.774008,"warmup":20,"iters":20,"mode":"fresh","parity_total":4194304,"parity_fail_count":0,"parity_max_abs_err":0.000000e0,"parity_max_rel_err":0.000000e0,"parity_scaled_abs_bound":0.000000e0,"parity_scaled_abs_rescued":0,"metal_split_k":"on"}
== bench-fandhe gemm metal size=2048 mode=reuse metal-split-k=off ==
{"framework":"fandhe-ai","version":"0.8.0","task":"gemm","device":"metal","size":2048,"median_s":0.009784480,"q1_s":0.007931281,"q3_s":0.012698927,"gflops":1755.829,"checksum":-6016.774008,"warmup":20,"iters":20,"mode":"reuse","init_s":0.052081583,"parity_total":4194304,"parity_fail_count":0,"parity_max_abs_err":0.000000e0,"parity_max_rel_err":0.000000e0,"parity_scaled_abs_bound":0.000000e0,"parity_scaled_abs_rescued":0,"metal_split_k":"off"}
== bench-fandhe gemm metal size=2048 mode=reuse metal-split-k=on ==
{"framework":"fandhe-ai","version":"0.8.0","task":"gemm","device":"metal","size":2048,"median_s":0.010379083,"q1_s":0.009881260,"q3_s":0.011390688,"gflops":1655.240,"checksum":-6016.774008,"warmup":20,"iters":20,"mode":"reuse","init_s":0.053222667,"parity_total":4194304,"parity_fail_count":0,"parity_max_abs_err":0.000000e0,"parity_max_rel_err":0.000000e0,"parity_scaled_abs_bound":0.000000e0,"parity_scaled_abs_rescued":0,"metal_split_k":"on"}
== bench-fandhe gemm metal size=4096 mode=fresh metal-split-k=off ==
{"framework":"fandhe-ai","version":"0.8.0","task":"gemm","device":"metal","size":4096,"median_s":0.036098520,"q1_s":0.034842521,"q3_s":0.036907125,"gflops":3807.329,"checksum":-25768.747284,"warmup":20,"iters":20,"mode":"fresh","parity_total":16777216,"parity_fail_count":0,"parity_max_abs_err":0.000000e0,"parity_max_rel_err":0.000000e0,"parity_scaled_abs_bound":0.000000e0,"parity_scaled_abs_rescued":0,"metal_split_k":"off"}
== bench-fandhe gemm metal size=4096 mode=fresh metal-split-k=on ==
{"framework":"fandhe-ai","version":"0.8.0","task":"gemm","device":"metal","size":4096,"median_s":0.035849812,"q1_s":0.035444604,"q3_s":0.045621114,"gflops":3833.743,"checksum":-25768.747284,"warmup":20,"iters":20,"mode":"fresh","parity_total":16777216,"parity_fail_count":0,"parity_max_abs_err":0.000000e0,"parity_max_rel_err":0.000000e0,"parity_scaled_abs_bound":0.000000e0,"parity_scaled_abs_rescued":0,"metal_split_k":"on"}
== bench-fandhe gemm metal size=4096 mode=reuse metal-split-k=off ==
{"framework":"fandhe-ai","version":"0.8.0","task":"gemm","device":"metal","size":4096,"median_s":0.042306020,"q1_s":0.040677937,"q3_s":0.043376781,"gflops":3248.685,"checksum":-25768.747284,"warmup":20,"iters":20,"mode":"reuse","init_s":0.105190375,"parity_total":16777216,"parity_fail_count":0,"parity_max_abs_err":0.000000e0,"parity_max_rel_err":0.000000e0,"parity_scaled_abs_bound":0.000000e0,"parity_scaled_abs_rescued":0,"metal_split_k":"off"}
== bench-fandhe gemm metal size=4096 mode=reuse metal-split-k=on ==
{"framework":"fandhe-ai","version":"0.8.0","task":"gemm","device":"metal","size":4096,"median_s":0.040002291,"q1_s":0.038643749,"q3_s":0.040447177,"gflops":3435.777,"checksum":-25768.747284,"warmup":20,"iters":20,"mode":"reuse","init_s":0.106650791,"parity_total":16777216,"parity_fail_count":0,"parity_max_abs_err":0.000000e0,"parity_max_rel_err":0.000000e0,"parity_scaled_abs_bound":0.000000e0,"parity_scaled_abs_rescued":0,"metal_split_k":"on"}
== bench-fandhe train metal mode=fresh metal-split-k=off ==
{"framework":"fandhe-ai","version":"0.8.0","task":"train","device":"metal","size":64,"median_s":0.001645729,"q1_s":0.001568063,"q3_s":0.001675250,"checksum":0.080541,"warmup":20,"iters":80,"mode":"fresh","metal_split_k":"off"}
== bench-fandhe train metal mode=fresh metal-split-k=on ==
{"framework":"fandhe-ai","version":"0.8.0","task":"train","device":"metal","size":64,"median_s":0.001414000,"q1_s":0.001391416,"q3_s":0.001451198,"checksum":0.080541,"warmup":20,"iters":80,"mode":"fresh","metal_split_k":"on"}
== bench-fandhe train metal mode=reuse metal-split-k=off ==
{"framework":"fandhe-ai","version":"0.8.0","task":"train","device":"metal","size":64,"median_s":0.001344708,"q1_s":0.001325063,"q3_s":0.001393083,"checksum":0.080541,"warmup":20,"iters":80,"mode":"reuse","init_s":0.031866208,"metal_split_k":"off"}
== bench-fandhe train metal mode=reuse metal-split-k=on ==
{"framework":"fandhe-ai","version":"0.8.0","task":"train","device":"metal","size":64,"median_s":0.001342354,"q1_s":0.001321907,"q3_s":0.001384343,"checksum":0.080541,"warmup":20,"iters":80,"mode":"reuse","init_s":0.030250750,"metal_split_k":"on"}
== run 5/5 完了時点の status ==
Note: No thermal warning level has been recorded
Note: No performance warning level has been recorded
Note: No CPU power status has been recorded
 0:54  up 23 days, 12:07, 20 users, load averages: 3.96 5.87 5.57
== bench-fandhe train --phases mode=fresh metal-split-k=off ==
{"framework":"fandhe-ai","version":"0.8.0","task":"train_phases","device":"metal","size":64,"median_s":0.000016687,"q1_s":0.000014375,"q3_s":0.000020698,"checksum":0.080541,"warmup":20,"iters":80,"mode":"fresh","metal_split_k":"off","phase":"tape_build","phase_index":0}
{"framework":"fandhe-ai","version":"0.8.0","task":"train_phases","device":"metal","size":64,"median_s":0.000000541,"q1_s":0.000000459,"q3_s":0.000000666,"checksum":0.080541,"warmup":20,"iters":80,"mode":"fresh","metal_split_k":"off","phase":"leaf_register","phase_index":1}
{"framework":"fandhe-ai","version":"0.8.0","task":"train_phases","device":"metal","size":64,"median_s":0.000621896,"q1_s":0.000609708,"q3_s":0.000641239,"checksum":0.080541,"warmup":20,"iters":80,"mode":"fresh","metal_split_k":"off","phase":"forward","phase_index":2}
{"framework":"fandhe-ai","version":"0.8.0","task":"train_phases","device":"metal","size":64,"median_s":0.000000042,"q1_s":0.000000041,"q3_s":0.000000042,"checksum":0.080541,"warmup":20,"iters":80,"mode":"fresh","metal_split_k":"off","phase":"loss_readout","phase_index":3}
{"framework":"fandhe-ai","version":"0.8.0","task":"train_phases","device":"metal","size":64,"median_s":0.000674521,"q1_s":0.000656396,"q3_s":0.000689885,"checksum":0.080541,"warmup":20,"iters":80,"mode":"fresh","metal_split_k":"off","phase":"backward","phase_index":4}
{"framework":"fandhe-ai","version":"0.8.0","task":"train_phases","device":"metal","size":64,"median_s":0.000021875,"q1_s":0.000021375,"q3_s":0.000022188,"checksum":0.080541,"warmup":20,"iters":80,"mode":"fresh","metal_split_k":"off","phase":"param_readout","phase_index":5}
{"framework":"fandhe-ai","version":"0.8.0","task":"train_phases","device":"metal","size":64,"median_s":0.000032354,"q1_s":0.000031334,"q3_s":0.000033178,"checksum":0.080541,"warmup":20,"iters":80,"mode":"fresh","metal_split_k":"off","phase":"host_sgd","phase_index":6}
{"framework":"fandhe-ai","version":"0.8.0","task":"train_phases","device":"metal","size":64,"median_s":0.000000208,"q1_s":0.000000167,"q3_s":0.000000250,"checksum":0.080541,"warmup":20,"iters":80,"mode":"fresh","metal_split_k":"off","phase":"apply_params","phase_index":7}
{"framework":"fandhe-ai","version":"0.8.0","task":"train_phases","device":"metal","size":64,"median_s":0.000000666,"q1_s":0.000000583,"q3_s":0.000000791,"checksum":0.080541,"warmup":20,"iters":80,"mode":"fresh","metal_split_k":"off","phase":"tape_drop","phase_index":8}
{"framework":"fandhe-ai","version":"0.8.0","task":"train_phases","device":"metal","size":64,"median_s":0.001377750,"q1_s":0.001350188,"q3_s":0.001416626,"checksum":0.080541,"warmup":20,"iters":80,"mode":"fresh","metal_split_k":"off","phase":"step_total","phase_index":9}
== bench-fandhe train --phases mode=fresh metal-split-k=on ==
{"framework":"fandhe-ai","version":"0.8.0","task":"train_phases","device":"metal","size":64,"median_s":0.000018041,"q1_s":0.000015104,"q3_s":0.000024292,"checksum":0.080541,"warmup":20,"iters":80,"mode":"fresh","metal_split_k":"on","phase":"tape_build","phase_index":0}
{"framework":"fandhe-ai","version":"0.8.0","task":"train_phases","device":"metal","size":64,"median_s":0.000000583,"q1_s":0.000000500,"q3_s":0.000000719,"checksum":0.080541,"warmup":20,"iters":80,"mode":"fresh","metal_split_k":"on","phase":"leaf_register","phase_index":1}
{"framework":"fandhe-ai","version":"0.8.0","task":"train_phases","device":"metal","size":64,"median_s":0.000656479,"q1_s":0.000630980,"q3_s":0.000692219,"checksum":0.080541,"warmup":20,"iters":80,"mode":"fresh","metal_split_k":"on","phase":"forward","phase_index":2}
{"framework":"fandhe-ai","version":"0.8.0","task":"train_phases","device":"metal","size":64,"median_s":0.000000042,"q1_s":0.000000041,"q3_s":0.000000042,"checksum":0.080541,"warmup":20,"iters":80,"mode":"fresh","metal_split_k":"on","phase":"loss_readout","phase_index":3}
{"framework":"fandhe-ai","version":"0.8.0","task":"train_phases","device":"metal","size":64,"median_s":0.000709583,"q1_s":0.000691375,"q3_s":0.000792958,"checksum":0.080541,"warmup":20,"iters":80,"mode":"fresh","metal_split_k":"on","phase":"backward","phase_index":4}
{"framework":"fandhe-ai","version":"0.8.0","task":"train_phases","device":"metal","size":64,"median_s":0.000021958,"q1_s":0.000021250,"q3_s":0.000023115,"checksum":0.080541,"warmup":20,"iters":80,"mode":"fresh","metal_split_k":"on","phase":"param_readout","phase_index":5}
{"framework":"fandhe-ai","version":"0.8.0","task":"train_phases","device":"metal","size":64,"median_s":0.000031541,"q1_s":0.000030959,"q3_s":0.000033001,"checksum":0.080541,"warmup":20,"iters":80,"mode":"fresh","metal_split_k":"on","phase":"host_sgd","phase_index":6}
{"framework":"fandhe-ai","version":"0.8.0","task":"train_phases","device":"metal","size":64,"median_s":0.000000209,"q1_s":0.000000167,"q3_s":0.000000292,"checksum":0.080541,"warmup":20,"iters":80,"mode":"fresh","metal_split_k":"on","phase":"apply_params","phase_index":7}
{"framework":"fandhe-ai","version":"0.8.0","task":"train_phases","device":"metal","size":64,"median_s":0.000000708,"q1_s":0.000000584,"q3_s":0.000000844,"checksum":0.080541,"warmup":20,"iters":80,"mode":"fresh","metal_split_k":"on","phase":"tape_drop","phase_index":8}
{"framework":"fandhe-ai","version":"0.8.0","task":"train_phases","device":"metal","size":64,"median_s":0.001451292,"q1_s":0.001404532,"q3_s":0.001560374,"checksum":0.080541,"warmup":20,"iters":80,"mode":"fresh","metal_split_k":"on","phase":"step_total","phase_index":9}
== bench-fandhe train --phases mode=reuse metal-split-k=off ==
{"framework":"fandhe-ai","version":"0.8.0","task":"train_phases","device":"metal","size":64,"median_s":0.000013437,"q1_s":0.000011948,"q3_s":0.000015490,"checksum":0.080541,"warmup":20,"iters":80,"mode":"reuse","init_s":0.033207542,"metal_split_k":"off","phase":"tape_build","phase_index":0}
{"framework":"fandhe-ai","version":"0.8.0","task":"train_phases","device":"metal","size":64,"median_s":0.000000166,"q1_s":0.000000125,"q3_s":0.000000167,"checksum":0.080541,"warmup":20,"iters":80,"mode":"reuse","init_s":0.033207542,"metal_split_k":"off","phase":"leaf_register","phase_index":1}
{"framework":"fandhe-ai","version":"0.8.0","task":"train_phases","device":"metal","size":64,"median_s":0.000606458,"q1_s":0.000597104,"q3_s":0.000616396,"checksum":0.080541,"warmup":20,"iters":80,"mode":"reuse","init_s":0.033207542,"metal_split_k":"off","phase":"forward_resident","phase_index":2}
{"framework":"fandhe-ai","version":"0.8.0","task":"train_phases","device":"metal","size":64,"median_s":0.000000041,"q1_s":0.000000000,"q3_s":0.000000042,"checksum":0.080541,"warmup":20,"iters":80,"mode":"reuse","init_s":0.033207542,"metal_split_k":"off","phase":"loss_readout","phase_index":3}
{"framework":"fandhe-ai","version":"0.8.0","task":"train_phases","device":"metal","size":64,"median_s":0.000667125,"q1_s":0.000653167,"q3_s":0.000688000,"checksum":0.080541,"warmup":20,"iters":80,"mode":"reuse","init_s":0.033207542,"metal_split_k":"off","phase":"backward","phase_index":4}
{"framework":"fandhe-ai","version":"0.8.0","task":"train_phases","device":"metal","size":64,"median_s":0.000062520,"q1_s":0.000060021,"q3_s":0.000067301,"checksum":0.080541,"warmup":20,"iters":80,"mode":"reuse","init_s":0.033207542,"metal_split_k":"off","phase":"device_update","phase_index":5}
{"framework":"fandhe-ai","version":"0.8.0","task":"train_phases","device":"metal","size":64,"median_s":0.000000291,"q1_s":0.000000250,"q3_s":0.000000292,"checksum":0.080541,"warmup":20,"iters":80,"mode":"reuse","init_s":0.033207542,"metal_split_k":"off","phase":"tape_drop","phase_index":6}
{"framework":"fandhe-ai","version":"0.8.0","task":"train_phases","device":"metal","size":64,"median_s":0.001357687,"q1_s":0.001336240,"q3_s":0.001390896,"checksum":0.080541,"warmup":20,"iters":80,"mode":"reuse","init_s":0.033207542,"metal_split_k":"off","phase":"step_total","phase_index":7}
== bench-fandhe train --phases mode=reuse metal-split-k=on ==
{"framework":"fandhe-ai","version":"0.8.0","task":"train_phases","device":"metal","size":64,"median_s":0.000015355,"q1_s":0.000013208,"q3_s":0.000020302,"checksum":0.080541,"warmup":20,"iters":80,"mode":"reuse","init_s":0.034344625,"metal_split_k":"on","phase":"tape_build","phase_index":0}
{"framework":"fandhe-ai","version":"0.8.0","task":"train_phases","device":"metal","size":64,"median_s":0.000000167,"q1_s":0.000000167,"q3_s":0.000000209,"checksum":0.080541,"warmup":20,"iters":80,"mode":"reuse","init_s":0.034344625,"metal_split_k":"on","phase":"leaf_register","phase_index":1}
{"framework":"fandhe-ai","version":"0.8.0","task":"train_phases","device":"metal","size":64,"median_s":0.000791541,"q1_s":0.000678938,"q3_s":0.000852572,"checksum":0.080541,"warmup":20,"iters":80,"mode":"reuse","init_s":0.034344625,"metal_split_k":"on","phase":"forward_resident","phase_index":2}
{"framework":"fandhe-ai","version":"0.8.0","task":"train_phases","device":"metal","size":64,"median_s":0.000000042,"q1_s":0.000000041,"q3_s":0.000000042,"checksum":0.080541,"warmup":20,"iters":80,"mode":"reuse","init_s":0.034344625,"metal_split_k":"on","phase":"loss_readout","phase_index":3}
{"framework":"fandhe-ai","version":"0.8.0","task":"train_phases","device":"metal","size":64,"median_s":0.000850125,"q1_s":0.000750562,"q3_s":0.000908250,"checksum":0.080541,"warmup":20,"iters":80,"mode":"reuse","init_s":0.034344625,"metal_split_k":"on","phase":"backward","phase_index":4}
{"framework":"fandhe-ai","version":"0.8.0","task":"train_phases","device":"metal","size":64,"median_s":0.000067041,"q1_s":0.000063500,"q3_s":0.000071760,"checksum":0.080541,"warmup":20,"iters":80,"mode":"reuse","init_s":0.034344625,"metal_split_k":"on","phase":"device_update","phase_index":5}
{"framework":"fandhe-ai","version":"0.8.0","task":"train_phases","device":"metal","size":64,"median_s":0.000000333,"q1_s":0.000000292,"q3_s":0.000000375,"checksum":0.080541,"warmup":20,"iters":80,"mode":"reuse","init_s":0.034344625,"metal_split_k":"on","phase":"tape_drop","phase_index":6}
{"framework":"fandhe-ai","version":"0.8.0","task":"train_phases","device":"metal","size":64,"median_s":0.001740229,"q1_s":0.001540364,"q3_s":0.001850083,"checksum":0.080541,"warmup":20,"iters":80,"mode":"reuse","init_s":0.034344625,"metal_split_k":"on","phase":"step_total","phase_index":7}
== metal status (after loop) ==
Note: No thermal warning level has been recorded
Note: No performance warning level has been recorded
Note: No CPU power status has been recorded
 0:54  up 23 days, 12:07, 20 users, load averages: 3.96 5.87 5.57
done. gemm off/on results in results/raw/results-m4max-splitk-ab-off-splitk-monitor-1548-run2-gemm.jsonl / results/raw/results-m4max-splitk-ab-on-splitk-monitor-1548-run2-gemm.jsonl ; train off/on results in results/raw/results-m4max-splitk-ab-off-splitk-monitor-1548-run2-train.jsonl / results/raw/results-m4max-splitk-ab-on-splitk-monitor-1548-run2-train.jsonl ; phases (diagnostic) in results/raw/results-m4max-splitk-ab-off-splitk-monitor-1548-run2-phases.jsonl/results/raw/results-m4max-splitk-ab-on-splitk-monitor-1548-run2-phases.jsonl ; failures (if any) in results/raw/skipped-m4max-splitk-ab-splitk-monitor-1548-run2.log ; manifest in results/raw/manifest-m4max-splitk-ab-splitk-monitor-1548-run2.json
