poll 1:  21:13:14 up 11 days,  8:40,  5 users,  load average: 0.95, 0.21, 0.06
poll 2:  21:14:14 up 11 days,  8:41,  5 users,  load average: 0.35, 0.17, 0.06
low load gate satisfied at poll 2
final gate_ok_count=2
2026年  9月  7日 月曜日 12:14:14 UTC
 21:14:14 up 11 days,  8:41,  5 users,  load average: 0.35, 0.17, 0.06
20
572101 bash
2026年  9月  7日 月曜日 12:14:38 UTC
 21:14:38 up 11 days,  8:41,  5 users,  load average: 5.66, 1.47, 0.49
20
572101 bash
2026年  9月  7日 月曜日 12:15:02 UTC
 21:15:02 up 11 days,  8:42,  5 users,  load average: 8.38, 2.36, 0.81
20
572101 bash
2026年  9月  7日 月曜日 12:15:26 UTC
 21:15:26 up 11 days,  8:42,  5 users,  load average: 9.12, 3.01, 1.06
20
572101 bash
2026年  9月  7日 月曜日 12:15:49 UTC
 21:15:49 up 11 days,  8:42,  5 users,  load average: 10.17, 3.74, 1.36
20
572101 bash
