== build bench-fandhe  ==
== build bench-candle --no-default-features --features cuda ==
== build bench-burn --no-default-features --features cuda ==
== bench-fandhe gemm cuda size=256 mode=fresh extra=none ==
{"framework":"fandhe-ai","version":"0.11.0","task":"gemm","device":"cuda","size":256,"median_s":0.000086968,"q1_s":0.000086816,"q3_s":0.000087212,"gflops":385.825,"checksum":237.546660,"warmup":20,"iters":20,"mode":"fresh","parity_total":65536,"parity_fail_count":0,"parity_max_abs_err":0.000000e0,"parity_max_rel_err":0.000000e0,"parity_scaled_abs_bound":0.000000e0,"parity_scaled_abs_rescued":0}
== bench-fandhe gemm cuda size=512 mode=fresh extra=none ==
{"framework":"fandhe-ai","version":"0.11.0","task":"gemm","device":"cuda","size":512,"median_s":0.000258377,"q1_s":0.000257897,"q3_s":0.000258633,"gflops":1038.929,"checksum":937.743233,"warmup":20,"iters":20,"mode":"fresh","parity_total":262144,"parity_fail_count":0,"parity_max_abs_err":0.000000e0,"parity_max_rel_err":0.000000e0,"parity_scaled_abs_bound":0.000000e0,"parity_scaled_abs_rescued":0}
== bench-fandhe gemm cuda size=1024 mode=fresh extra=none ==
{"framework":"fandhe-ai","version":"0.11.0","task":"gemm","device":"cuda","size":1024,"median_s":0.000956499,"q1_s":0.000954884,"q3_s":0.000956979,"gflops":2245.149,"checksum":-1855.597736,"warmup":20,"iters":20,"mode":"fresh","parity_total":1048576,"parity_fail_count":0,"parity_max_abs_err":0.000000e0,"parity_max_rel_err":0.000000e0,"parity_scaled_abs_bound":0.000000e0,"parity_scaled_abs_rescued":0}
== bench-fandhe gemm cuda size=2048 mode=fresh extra=none ==
{"framework":"fandhe-ai","version":"0.11.0","task":"gemm","device":"cuda","size":2048,"median_s":0.004154840,"q1_s":0.004151927,"q3_s":0.004225903,"gflops":4134.906,"checksum":-6016.774008,"warmup":20,"iters":20,"mode":"fresh","parity_total":4194304,"parity_fail_count":0,"parity_max_abs_err":0.000000e0,"parity_max_rel_err":0.000000e0,"parity_scaled_abs_bound":0.000000e0,"parity_scaled_abs_rescued":0}
== bench-fandhe gemm cuda size=4096 mode=fresh extra=none ==
{"framework":"fandhe-ai","version":"0.11.0","task":"gemm","device":"cuda","size":4096,"median_s":0.039666242,"q1_s":0.039510229,"q3_s":0.039799387,"gflops":3464.885,"checksum":-25768.747284,"warmup":20,"iters":20,"mode":"fresh","parity_total":16777216,"parity_fail_count":0,"parity_max_abs_err":0.000000e0,"parity_max_rel_err":0.000000e0,"parity_scaled_abs_bound":0.000000e0,"parity_scaled_abs_rescued":0}
== bench-fandhe gemm cpu size=256 mode=fresh extra=none ==
{"framework":"fandhe-ai","version":"0.11.0","task":"gemm","device":"cpu","size":256,"median_s":0.000182529,"q1_s":0.000178561,"q3_s":0.000188273,"gflops":183.831,"checksum":237.546660,"warmup":20,"iters":20,"mode":"fresh","parity_total":65536,"parity_fail_count":0,"parity_max_abs_err":0.000000e0,"parity_max_rel_err":0.000000e0,"parity_scaled_abs_bound":0.000000e0,"parity_scaled_abs_rescued":0}
== bench-fandhe gemm cpu size=512 mode=fresh extra=none ==
{"framework":"fandhe-ai","version":"0.11.0","task":"gemm","device":"cpu","size":512,"median_s":0.001685358,"q1_s":0.001446962,"q3_s":0.001814551,"gflops":159.275,"checksum":937.743233,"warmup":20,"iters":20,"mode":"fresh","parity_total":262144,"parity_fail_count":0,"parity_max_abs_err":0.000000e0,"parity_max_rel_err":0.000000e0,"parity_scaled_abs_bound":0.000000e0,"parity_scaled_abs_rescued":0}
== bench-fandhe gemm cpu size=1024 mode=fresh extra=none ==
{"framework":"fandhe-ai","version":"0.11.0","task":"gemm","device":"cpu","size":1024,"median_s":0.004553201,"q1_s":0.004243916,"q3_s":0.004722853,"gflops":471.643,"checksum":-1855.597736,"warmup":20,"iters":20,"mode":"fresh","parity_total":1048576,"parity_fail_count":0,"parity_max_abs_err":0.000000e0,"parity_max_rel_err":0.000000e0,"parity_scaled_abs_bound":0.000000e0,"parity_scaled_abs_rescued":0}
== bench-fandhe gemm cpu size=2048 mode=fresh extra=none ==
{"framework":"fandhe-ai","version":"0.11.0","task":"gemm","device":"cpu","size":2048,"median_s":0.016754742,"q1_s":0.016399253,"q3_s":0.017188095,"gflops":1025.374,"checksum":-6016.774008,"warmup":20,"iters":20,"mode":"fresh","parity_total":4194304,"parity_fail_count":0,"parity_max_abs_err":0.000000e0,"parity_max_rel_err":0.000000e0,"parity_scaled_abs_bound":0.000000e0,"parity_scaled_abs_rescued":0}
== bench-fandhe train cuda size=64 mode=fresh extra=none ==
{"framework":"fandhe-ai","version":"0.11.0","task":"train","device":"cuda","size":64,"median_s":0.000519362,"q1_s":0.000512838,"q3_s":0.000528958,"checksum":0.080541,"warmup":20,"iters":80,"mode":"fresh"}
== bench-fandhe infer cuda size=64 mode=fresh extra=none ==
{"framework":"fandhe-ai","version":"0.11.0","task":"infer","device":"cuda","size":64,"median_s":0.000157097,"q1_s":0.000156293,"q3_s":0.000157561,"throughput_per_s":6365.514,"checksum":13.976574,"warmup":20,"iters":20,"mode":"fresh"}
== bench-fandhe train cpu size=64 mode=fresh extra=none ==
{"framework":"fandhe-ai","version":"0.11.0","task":"train","device":"cpu","size":64,"median_s":0.001073492,"q1_s":0.000839375,"q3_s":0.001377965,"checksum":0.080541,"warmup":20,"iters":80,"mode":"fresh"}
== bench-fandhe infer cpu size=64 mode=fresh extra=none ==
{"framework":"fandhe-ai","version":"0.11.0","task":"infer","device":"cpu","size":64,"median_s":0.000166776,"q1_s":0.000156505,"q3_s":0.000186960,"throughput_per_s":5996.049,"checksum":13.976574,"warmup":20,"iters":20,"mode":"fresh"}
== bench-candle gemm cuda size=256 mode=fresh extra=none ==
{"framework":"candle","version":"0.11.0","task":"gemm","device":"cuda","size":256,"median_s":0.000076664,"q1_s":0.000075924,"q3_s":0.000077040,"gflops":437.682,"checksum":237.546670,"warmup":20,"iters":20,"mode":"fresh","parity_total":65536,"parity_fail_count":0,"parity_max_abs_err":4.053116e-6,"parity_max_rel_err":2.549727e-2,"parity_scaled_abs_bound":1.907255e-6,"parity_scaled_abs_rescued":0}
== bench-candle gemm cuda size=512 mode=fresh extra=none ==
{"framework":"candle","version":"0.11.0","task":"gemm","device":"cuda","size":512,"median_s":0.000236953,"q1_s":0.000236517,"q3_s":0.000237745,"gflops":1132.864,"checksum":937.743128,"warmup":20,"iters":20,"mode":"fresh","parity_total":262144,"parity_fail_count":0,"parity_max_abs_err":9.536743e-6,"parity_max_rel_err":8.516808e-3,"parity_scaled_abs_bound":3.814663e-6,"parity_scaled_abs_rescued":0}
== bench-candle gemm cuda size=1024 mode=fresh extra=none ==
{"framework":"candle","version":"0.11.0","task":"gemm","device":"cuda","size":1024,"median_s":0.000924755,"q1_s":0.000923843,"q3_s":0.000931699,"gflops":2322.218,"checksum":-1855.594967,"warmup":20,"iters":20,"mode":"fresh","parity_total":1048576,"parity_fail_count":0,"parity_max_abs_err":1.811981e-5,"parity_max_rel_err":3.398111e-1,"parity_scaled_abs_bound":7.629375e-6,"parity_scaled_abs_rescued":0}
== bench-candle gemm cuda size=2048 mode=fresh extra=none ==
{"framework":"candle","version":"0.11.0","task":"gemm","device":"cuda","size":2048,"median_s":0.004230280,"q1_s":0.004218732,"q3_s":0.004237640,"gflops":4061.166,"checksum":-6016.775802,"warmup":20,"iters":20,"mode":"fresh","parity_total":4194304,"parity_fail_count":0,"parity_max_abs_err":3.623962e-5,"parity_max_rel_err":2.811288e-1,"parity_scaled_abs_bound":1.525878e-5,"parity_scaled_abs_rescued":2}
== bench-candle gemm cuda size=4096 mode=fresh extra=none ==
{"framework":"candle","version":"0.11.0","task":"gemm","device":"cuda","size":4096,"median_s":0.056877305,"q1_s":0.055679849,"q3_s":0.057295211,"gflops":2416.411,"checksum":-25768.747284,"warmup":20,"iters":20,"mode":"fresh","parity_total":16777216,"parity_fail_count":0,"parity_max_abs_err":0.000000e0,"parity_max_rel_err":0.000000e0,"parity_scaled_abs_bound":3.051757e-5,"parity_scaled_abs_rescued":0}
== bench-candle gemm cpu size=256 mode=fresh extra=none ==
{"framework":"candle","version":"0.11.0","task":"gemm","device":"cpu","size":256,"median_s":0.000375578,"q1_s":0.000345913,"q3_s":0.000661963,"gflops":89.341,"checksum":237.546660,"warmup":20,"iters":20,"mode":"fresh","parity_total":65536,"parity_fail_count":0,"parity_max_abs_err":0.000000e0,"parity_max_rel_err":0.000000e0,"parity_scaled_abs_bound":1.907255e-6,"parity_scaled_abs_rescued":0}
== bench-candle gemm cpu size=512 mode=fresh extra=none ==
{"framework":"candle","version":"0.11.0","task":"gemm","device":"cpu","size":512,"median_s":0.001876823,"q1_s":0.001646923,"q3_s":0.002112300,"gflops":143.027,"checksum":937.743233,"warmup":20,"iters":20,"mode":"fresh","parity_total":262144,"parity_fail_count":0,"parity_max_abs_err":0.000000e0,"parity_max_rel_err":0.000000e0,"parity_scaled_abs_bound":3.814663e-6,"parity_scaled_abs_rescued":0}
== bench-candle gemm cpu size=1024 mode=fresh extra=none ==
{"framework":"candle","version":"0.11.0","task":"gemm","device":"cpu","size":1024,"median_s":0.005548429,"q1_s":0.005432864,"q3_s":0.005676313,"gflops":387.044,"checksum":-1855.597736,"warmup":20,"iters":20,"mode":"fresh","parity_total":1048576,"parity_fail_count":0,"parity_max_abs_err":0.000000e0,"parity_max_rel_err":0.000000e0,"parity_scaled_abs_bound":7.629375e-6,"parity_scaled_abs_rescued":0}
== bench-candle gemm cpu size=2048 mode=fresh extra=none ==
{"framework":"candle","version":"0.11.0","task":"gemm","device":"cpu","size":2048,"median_s":0.033329443,"q1_s":0.033020562,"q3_s":0.034606191,"gflops":515.456,"checksum":-6016.773874,"warmup":20,"iters":20,"mode":"fresh","parity_total":4194304,"parity_fail_count":0,"parity_max_abs_err":3.814697e-5,"parity_max_rel_err":3.944416e-1,"parity_scaled_abs_bound":1.525878e-5,"parity_scaled_abs_rescued":2}
== bench-candle train cuda size=64 mode=fresh extra=none ==
{"framework":"candle","version":"0.11.0","task":"train","device":"cuda","size":64,"median_s":0.000269609,"q1_s":0.000267789,"q3_s":0.000274821,"checksum":0.117549,"warmup":20,"iters":80,"mode":"fresh"}
== bench-candle infer cuda size=64 mode=fresh extra=none ==
{"framework":"candle","version":"0.11.0","task":"infer","device":"cuda","size":64,"median_s":0.000040761,"q1_s":0.000039772,"q3_s":0.000041272,"throughput_per_s":24533.556,"checksum":1381.708740,"warmup":20,"iters":20,"mode":"fresh"}
== bench-candle train cpu size=64 mode=fresh extra=none ==
{"framework":"candle","version":"0.11.0","task":"train","device":"cpu","size":64,"median_s":0.002458689,"q1_s":0.002154372,"q3_s":0.002830647,"checksum":0.117550,"warmup":20,"iters":80,"mode":"fresh"}
== bench-candle infer cpu size=64 mode=fresh extra=none ==
{"framework":"candle","version":"0.11.0","task":"infer","device":"cpu","size":64,"median_s":0.000250809,"q1_s":0.000239689,"q3_s":0.000280089,"throughput_per_s":3987.098,"checksum":1381.708783,"warmup":20,"iters":20,"mode":"fresh"}
== bench-burn gemm cuda size=256 mode=fresh extra=none ==
{"framework":"burn","version":"0.21.0","task":"gemm","device":"cuda","size":256,"median_s":0.000624810,"q1_s":0.000315318,"q3_s":0.000885268,"gflops":53.703,"checksum":237.580621,"warmup":20,"iters":20,"mode":"fresh","parity_total":65536,"parity_fail_count":0,"parity_max_abs_err":1.581430e-3,"parity_max_rel_err":1.553981e0,"parity_scaled_abs_bound":1.562424e-2,"parity_scaled_abs_rescued":10538,"tf32":true}
== bench-burn gemm cuda size=512 mode=fresh extra=none ==
{"framework":"burn","version":"0.21.0","task":"gemm","device":"cuda","size":512,"median_s":0.000390969,"q1_s":0.000324857,"q3_s":0.000627842,"gflops":686.589,"checksum":937.360224,"warmup":20,"iters":20,"mode":"fresh","parity_total":262144,"parity_fail_count":0,"parity_max_abs_err":2.342582e-3,"parity_max_rel_err":1.972325e0,"parity_scaled_abs_bound":3.124972e-2,"parity_scaled_abs_rescued":42361,"tf32":true}
== bench-burn gemm cuda size=1024 mode=fresh extra=none ==
{"framework":"burn","version":"0.21.0","task":"gemm","device":"cuda","size":1024,"median_s":0.001006180,"q1_s":0.001000680,"q3_s":0.001008752,"gflops":2134.294,"checksum":-1855.919764,"warmup":20,"iters":20,"mode":"fresh","parity_total":1048576,"parity_fail_count":0,"parity_max_abs_err":3.642797e-3,"parity_max_rel_err":1.964783e0,"parity_scaled_abs_bound":6.249984e-2,"parity_scaled_abs_rescued":169929,"tf32":true}
== bench-burn gemm cuda size=2048 mode=fresh extra=none ==
{"framework":"burn","version":"0.21.0","task":"gemm","device":"cuda","size":2048,"median_s":0.004150559,"q1_s":0.004068807,"q3_s":0.004213319,"gflops":4139.170,"checksum":-6017.744475,"warmup":20,"iters":20,"mode":"fresh","parity_total":4194304,"parity_fail_count":0,"parity_max_abs_err":4.941225e-3,"parity_max_rel_err":1.986745e0,"parity_scaled_abs_bound":1.249999e-1,"parity_scaled_abs_rescued":681454,"tf32":true}
== bench-burn gemm cuda size=4096 mode=fresh extra=none ==
{"framework":"burn","version":"0.21.0","task":"gemm","device":"cuda","size":4096,"median_s":0.039318592,"q1_s":0.039281244,"q3_s":0.039830174,"gflops":3495.521,"checksum":-25774.003763,"warmup":20,"iters":20,"mode":"fresh","parity_total":16777216,"parity_fail_count":0,"parity_max_abs_err":7.116556e-3,"parity_max_rel_err":1.997358e0,"parity_scaled_abs_bound":2.500000e-1,"parity_scaled_abs_rescued":2729050,"tf32":true}
== bench-burn gemm cpu size=256 mode=fresh extra=none ==
{"framework":"burn","version":"0.21.0","task":"gemm","device":"cpu","size":256,"median_s":0.000508218,"q1_s":0.000499414,"q3_s":0.000510682,"gflops":66.024,"checksum":237.546660,"warmup":20,"iters":20,"mode":"fresh","parity_total":65536,"parity_fail_count":0,"parity_max_abs_err":0.000000e0,"parity_max_rel_err":0.000000e0,"parity_scaled_abs_bound":1.907255e-6,"parity_scaled_abs_rescued":0}
== bench-burn gemm cpu size=512 mode=fresh extra=none ==
{"framework":"burn","version":"0.21.0","task":"gemm","device":"cpu","size":512,"median_s":0.003054379,"q1_s":0.003048771,"q3_s":0.003057584,"gflops":87.885,"checksum":937.743112,"warmup":20,"iters":20,"mode":"fresh","parity_total":262144,"parity_fail_count":0,"parity_max_abs_err":9.059906e-6,"parity_max_rel_err":8.316180e-3,"parity_scaled_abs_bound":3.814663e-6,"parity_scaled_abs_rescued":0}
== bench-burn gemm cpu size=1024 mode=fresh extra=none ==
{"framework":"burn","version":"0.21.0","task":"gemm","device":"cpu","size":1024,"median_s":0.022547931,"q1_s":0.022522226,"q3_s":0.022578187,"gflops":95.241,"checksum":-1855.595863,"warmup":20,"iters":20,"mode":"fresh","parity_total":1048576,"parity_fail_count":0,"parity_max_abs_err":2.050400e-5,"parity_max_rel_err":1.834505e-1,"parity_scaled_abs_bound":7.629375e-6,"parity_scaled_abs_rescued":0}
== bench-burn gemm cpu size=2048 mode=fresh extra=none ==
{"framework":"burn","version":"0.21.0","task":"gemm","device":"cpu","size":2048,"median_s":0.159750880,"q1_s":0.159698332,"q3_s":0.159960413,"gflops":107.542,"checksum":-6016.774966,"warmup":20,"iters":20,"mode":"fresh","parity_total":4194304,"parity_fail_count":0,"parity_max_abs_err":3.528595e-5,"parity_max_rel_err":3.051549e-1,"parity_scaled_abs_bound":1.525878e-5,"parity_scaled_abs_rescued":5}
== bench-burn train cuda size=64 mode=fresh extra=none ==
{"framework":"burn","version":"0.21.0","task":"train","device":"cuda","size":64,"median_s":0.000704467,"q1_s":0.000518070,"q3_s":0.001068036,"checksum":0.117643,"warmup":20,"iters":80,"mode":"fresh","tf32":true}
== bench-burn infer cuda size=64 mode=fresh extra=none ==
{"framework":"burn","version":"0.21.0","task":"infer","device":"cuda","size":64,"median_s":0.000750499,"q1_s":0.000275013,"q3_s":0.000874043,"throughput_per_s":1332.448,"checksum":1381.643178,"warmup":20,"iters":20,"mode":"fresh","tf32":true}
== bench-burn train cpu size=64 mode=fresh extra=none ==
{"framework":"burn","version":"0.21.0","task":"train","device":"cpu","size":64,"median_s":0.000820667,"q1_s":0.000817319,"q3_s":0.000832491,"checksum":0.117549,"warmup":20,"iters":80,"mode":"fresh"}
== bench-burn infer cpu size=64 mode=fresh extra=none ==
{"framework":"burn","version":"0.21.0","task":"infer","device":"cpu","size":64,"median_s":0.000742603,"q1_s":0.000739579,"q3_s":0.000744015,"throughput_per_s":1346.615,"checksum":1381.708825,"warmup":20,"iters":20,"mode":"fresh"}
== bench-fandhe gemm cuda size=256 mode=reuse extra=none ==
{"framework":"fandhe-ai","version":"0.11.0","task":"gemm","device":"cuda","size":256,"median_s":0.000089905,"q1_s":0.000089461,"q3_s":0.000090396,"gflops":373.223,"checksum":237.546660,"warmup":20,"iters":20,"mode":"reuse","init_s":0.417987399,"parity_total":65536,"parity_fail_count":0,"parity_max_abs_err":0.000000e0,"parity_max_rel_err":0.000000e0,"parity_scaled_abs_bound":0.000000e0,"parity_scaled_abs_rescued":0}
== bench-fandhe gemm cuda size=512 mode=reuse extra=none ==
{"framework":"fandhe-ai","version":"0.11.0","task":"gemm","device":"cuda","size":512,"median_s":0.000557026,"q1_s":0.000537402,"q3_s":0.000561810,"gflops":481.908,"checksum":937.743233,"warmup":20,"iters":20,"mode":"reuse","init_s":0.414128777,"parity_total":262144,"parity_fail_count":0,"parity_max_abs_err":0.000000e0,"parity_max_rel_err":0.000000e0,"parity_scaled_abs_bound":0.000000e0,"parity_scaled_abs_rescued":0}
== bench-fandhe gemm cuda size=1024 mode=reuse extra=none ==
{"framework":"fandhe-ai","version":"0.11.0","task":"gemm","device":"cuda","size":1024,"median_s":0.002286153,"q1_s":0.002157284,"q3_s":0.002403292,"gflops":939.344,"checksum":-1855.597736,"warmup":20,"iters":20,"mode":"reuse","init_s":0.414214457,"parity_total":1048576,"parity_fail_count":0,"parity_max_abs_err":0.000000e0,"parity_max_rel_err":0.000000e0,"parity_scaled_abs_bound":0.000000e0,"parity_scaled_abs_rescued":0}
== bench-fandhe gemm cuda size=2048 mode=reuse extra=none ==
{"framework":"fandhe-ai","version":"0.11.0","task":"gemm","device":"cuda","size":2048,"median_s":0.008591496,"q1_s":0.008571927,"q3_s":0.008777184,"gflops":1999.637,"checksum":-6016.774008,"warmup":20,"iters":20,"mode":"reuse","init_s":0.421264258,"parity_total":4194304,"parity_fail_count":0,"parity_max_abs_err":0.000000e0,"parity_max_rel_err":0.000000e0,"parity_scaled_abs_bound":0.000000e0,"parity_scaled_abs_rescued":0}
== bench-fandhe gemm cuda size=4096 mode=reuse extra=none ==
{"framework":"fandhe-ai","version":"0.11.0","task":"gemm","device":"cuda","size":4096,"median_s":0.039165335,"q1_s":0.039053207,"q3_s":0.039327416,"gflops":3509.199,"checksum":-25768.747284,"warmup":20,"iters":20,"mode":"reuse","init_s":0.454318922,"parity_total":16777216,"parity_fail_count":0,"parity_max_abs_err":0.000000e0,"parity_max_rel_err":0.000000e0,"parity_scaled_abs_bound":0.000000e0,"parity_scaled_abs_rescued":0}
== bench-fandhe train cuda size=64 mode=reuse extra=none ==
{"framework":"fandhe-ai","version":"0.11.0","task":"train","device":"cuda","size":64,"median_s":0.000330897,"q1_s":0.000329594,"q3_s":0.000334469,"checksum":0.080541,"warmup":20,"iters":80,"mode":"reuse","init_s":0.219685041}
== bench-fandhe train cpu size=64 mode=reuse extra=none ==
{"framework":"fandhe-ai","version":"0.11.0","task":"train","device":"cpu","size":64,"median_s":0.001097100,"q1_s":0.001002935,"q3_s":0.001292921,"checksum":0.080541,"warmup":20,"iters":80,"mode":"reuse","init_s":0.000999524}
== bench-fandhe train cuda size=64 mode=fresh extra=--phases ==
{"framework":"fandhe-ai","version":"0.11.0","task":"train_phases","device":"cuda","size":64,"median_s":0.000003152,"q1_s":0.000003052,"q3_s":0.000003280,"checksum":0.080541,"warmup":20,"iters":80,"mode":"fresh","phase":"tape_build","phase_index":0}
{"framework":"fandhe-ai","version":"0.11.0","task":"train_phases","device":"cuda","size":64,"median_s":0.000001776,"q1_s":0.000001728,"q3_s":0.000001828,"checksum":0.080541,"warmup":20,"iters":80,"mode":"fresh","phase":"leaf_register","phase_index":1}
{"framework":"fandhe-ai","version":"0.11.0","task":"train_phases","device":"cuda","size":64,"median_s":0.000177449,"q1_s":0.000171528,"q3_s":0.000179136,"checksum":0.080541,"warmup":20,"iters":80,"mode":"fresh","phase":"forward","phase_index":2}
{"framework":"fandhe-ai","version":"0.11.0","task":"train_phases","device":"cuda","size":64,"median_s":0.000000032,"q1_s":0.000000032,"q3_s":0.000000048,"checksum":0.080541,"warmup":20,"iters":80,"mode":"fresh","phase":"loss_readout","phase_index":3}
{"framework":"fandhe-ai","version":"0.11.0","task":"train_phases","device":"cuda","size":64,"median_s":0.000207065,"q1_s":0.000191945,"q3_s":0.000209093,"checksum":0.080541,"warmup":20,"iters":80,"mode":"fresh","phase":"backward","phase_index":4}
{"framework":"fandhe-ai","version":"0.11.0","task":"train_phases","device":"cuda","size":64,"median_s":0.000092457,"q1_s":0.000067125,"q3_s":0.000093656,"checksum":0.080541,"warmup":20,"iters":80,"mode":"fresh","phase":"param_readout","phase_index":5}
{"framework":"fandhe-ai","version":"0.11.0","task":"train_phases","device":"cuda","size":64,"median_s":0.000040288,"q1_s":0.000038852,"q3_s":0.000055952,"checksum":0.080541,"warmup":20,"iters":80,"mode":"fresh","phase":"host_sgd","phase_index":6}
{"framework":"fandhe-ai","version":"0.11.0","task":"train_phases","device":"cuda","size":64,"median_s":0.000000288,"q1_s":0.000000288,"q3_s":0.000000304,"checksum":0.080541,"warmup":20,"iters":80,"mode":"fresh","phase":"apply_params","phase_index":7}
{"framework":"fandhe-ai","version":"0.11.0","task":"train_phases","device":"cuda","size":64,"median_s":0.000001984,"q1_s":0.000001872,"q3_s":0.000002096,"checksum":0.080541,"warmup":20,"iters":80,"mode":"fresh","phase":"tape_drop","phase_index":8}
{"framework":"fandhe-ai","version":"0.11.0","task":"train_phases","device":"cuda","size":64,"median_s":0.000520993,"q1_s":0.000515306,"q3_s":0.000530026,"checksum":0.080541,"warmup":20,"iters":80,"mode":"fresh","phase":"step_total","phase_index":9}
== bench-fandhe train cuda size=64 mode=reuse extra=--phases ==
{"framework":"fandhe-ai","version":"0.11.0","task":"train_phases","device":"cuda","size":64,"median_s":0.000002336,"q1_s":0.000002272,"q3_s":0.000002404,"checksum":0.080541,"warmup":20,"iters":80,"mode":"reuse","init_s":0.214069869,"phase":"tape_build","phase_index":0}
{"framework":"fandhe-ai","version":"0.11.0","task":"train_phases","device":"cuda","size":64,"median_s":0.000000288,"q1_s":0.000000272,"q3_s":0.000000336,"checksum":0.080541,"warmup":20,"iters":80,"mode":"reuse","init_s":0.214069869,"phase":"leaf_register","phase_index":1}
{"framework":"fandhe-ai","version":"0.11.0","task":"train_phases","device":"cuda","size":64,"median_s":0.000154192,"q1_s":0.000153432,"q3_s":0.000154888,"checksum":0.080541,"warmup":20,"iters":80,"mode":"reuse","init_s":0.214069869,"phase":"forward_resident","phase_index":2}
{"framework":"fandhe-ai","version":"0.11.0","task":"train_phases","device":"cuda","size":64,"median_s":0.000000032,"q1_s":0.000000032,"q3_s":0.000000048,"checksum":0.080541,"warmup":20,"iters":80,"mode":"reuse","init_s":0.214069869,"phase":"loss_readout","phase_index":3}
{"framework":"fandhe-ai","version":"0.11.0","task":"train_phases","device":"cuda","size":64,"median_s":0.000163633,"q1_s":0.000162597,"q3_s":0.000168101,"checksum":0.080541,"warmup":20,"iters":80,"mode":"reuse","init_s":0.214069869,"phase":"backward","phase_index":4}
{"framework":"fandhe-ai","version":"0.11.0","task":"train_phases","device":"cuda","size":64,"median_s":0.000007984,"q1_s":0.000007756,"q3_s":0.000008096,"checksum":0.080541,"warmup":20,"iters":80,"mode":"reuse","init_s":0.214069869,"phase":"device_update","phase_index":5}
{"framework":"fandhe-ai","version":"0.11.0","task":"train_phases","device":"cuda","size":64,"median_s":0.000000864,"q1_s":0.000000848,"q3_s":0.000000880,"checksum":0.080541,"warmup":20,"iters":80,"mode":"reuse","init_s":0.214069869,"phase":"tape_drop","phase_index":6}
{"framework":"fandhe-ai","version":"0.11.0","task":"train_phases","device":"cuda","size":64,"median_s":0.000330665,"q1_s":0.000328437,"q3_s":0.000335173,"checksum":0.080541,"warmup":20,"iters":80,"mode":"reuse","init_s":0.214069869,"phase":"step_total","phase_index":7}
== bench-fandhe train cpu size=64 mode=fresh extra=--phases ==
{"framework":"fandhe-ai","version":"0.11.0","task":"train_phases","device":"cpu","size":64,"median_s":0.000000272,"q1_s":0.000000192,"q3_s":0.000000320,"checksum":0.080541,"warmup":20,"iters":80,"mode":"fresh","phase":"tape_build","phase_index":0}
{"framework":"fandhe-ai","version":"0.11.0","task":"train_phases","device":"cpu","size":64,"median_s":0.000002024,"q1_s":0.000001628,"q3_s":0.000002384,"checksum":0.080541,"warmup":20,"iters":80,"mode":"fresh","phase":"leaf_register","phase_index":1}
{"framework":"fandhe-ai","version":"0.11.0","task":"train_phases","device":"cpu","size":64,"median_s":0.000222320,"q1_s":0.000202477,"q3_s":0.000241565,"checksum":0.080541,"warmup":20,"iters":80,"mode":"fresh","phase":"forward","phase_index":2}
{"framework":"fandhe-ai","version":"0.11.0","task":"train_phases","device":"cpu","size":64,"median_s":0.000000176,"q1_s":0.000000112,"q3_s":0.000000208,"checksum":0.080541,"warmup":20,"iters":80,"mode":"fresh","phase":"loss_readout","phase_index":3}
{"framework":"fandhe-ai","version":"0.11.0","task":"train_phases","device":"cpu","size":64,"median_s":0.000440386,"q1_s":0.000407553,"q3_s":0.000557286,"checksum":0.080541,"warmup":20,"iters":80,"mode":"fresh","phase":"backward","phase_index":4}
{"framework":"fandhe-ai","version":"0.11.0","task":"train_phases","device":"cpu","size":64,"median_s":0.000038136,"q1_s":0.000034532,"q3_s":0.000043404,"checksum":0.080541,"warmup":20,"iters":80,"mode":"fresh","phase":"param_readout","phase_index":5}
{"framework":"fandhe-ai","version":"0.11.0","task":"train_phases","device":"cpu","size":64,"median_s":0.000050328,"q1_s":0.000047044,"q3_s":0.000068772,"checksum":0.080541,"warmup":20,"iters":80,"mode":"fresh","phase":"host_sgd","phase_index":6}
{"framework":"fandhe-ai","version":"0.11.0","task":"train_phases","device":"cpu","size":64,"median_s":0.000000856,"q1_s":0.000000688,"q3_s":0.000001156,"checksum":0.080541,"warmup":20,"iters":80,"mode":"fresh","phase":"apply_params","phase_index":7}
{"framework":"fandhe-ai","version":"0.11.0","task":"train_phases","device":"cpu","size":64,"median_s":0.000004024,"q1_s":0.000003576,"q3_s":0.000004700,"checksum":0.080541,"warmup":20,"iters":80,"mode":"fresh","phase":"tape_drop","phase_index":8}
{"framework":"fandhe-ai","version":"0.11.0","task":"train_phases","device":"cpu","size":64,"median_s":0.000854371,"q1_s":0.000732175,"q3_s":0.001040124,"checksum":0.080541,"warmup":20,"iters":80,"mode":"fresh","phase":"step_total","phase_index":9}
== bench-fandhe train cpu size=64 mode=reuse extra=--phases ==
{"framework":"fandhe-ai","version":"0.11.0","task":"train_phases","device":"cpu","size":64,"median_s":0.000000192,"q1_s":0.000000160,"q3_s":0.000000292,"checksum":0.080541,"warmup":20,"iters":80,"mode":"reuse","init_s":0.000928851,"phase":"tape_build","phase_index":0}
{"framework":"fandhe-ai","version":"0.11.0","task":"train_phases","device":"cpu","size":64,"median_s":0.000000760,"q1_s":0.000000540,"q3_s":0.000001000,"checksum":0.080541,"warmup":20,"iters":80,"mode":"reuse","init_s":0.000928851,"phase":"leaf_register","phase_index":1}
{"framework":"fandhe-ai","version":"0.11.0","task":"train_phases","device":"cpu","size":64,"median_s":0.000246248,"q1_s":0.000209172,"q3_s":0.000343257,"checksum":0.080541,"warmup":20,"iters":80,"mode":"reuse","init_s":0.000928851,"phase":"forward_resident","phase_index":2}
{"framework":"fandhe-ai","version":"0.11.0","task":"train_phases","device":"cpu","size":64,"median_s":0.000000144,"q1_s":0.000000064,"q3_s":0.000000192,"checksum":0.080541,"warmup":20,"iters":80,"mode":"reuse","init_s":0.000928851,"phase":"loss_readout","phase_index":3}
{"framework":"fandhe-ai","version":"0.11.0","task":"train_phases","device":"cpu","size":64,"median_s":0.000488050,"q1_s":0.000420298,"q3_s":0.000692147,"checksum":0.080541,"warmup":20,"iters":80,"mode":"reuse","init_s":0.000928851,"phase":"backward","phase_index":4}
{"framework":"fandhe-ai","version":"0.11.0","task":"train_phases","device":"cpu","size":64,"median_s":0.000268193,"q1_s":0.000244009,"q3_s":0.000297681,"checksum":0.080541,"warmup":20,"iters":80,"mode":"reuse","init_s":0.000928851,"phase":"device_update","phase_index":5}
{"framework":"fandhe-ai","version":"0.11.0","task":"train_phases","device":"cpu","size":64,"median_s":0.000001896,"q1_s":0.000001468,"q3_s":0.000002300,"checksum":0.080541,"warmup":20,"iters":80,"mode":"reuse","init_s":0.000928851,"phase":"tape_drop","phase_index":6}
{"framework":"fandhe-ai","version":"0.11.0","task":"train_phases","device":"cpu","size":64,"median_s":0.001026348,"q1_s":0.000922132,"q3_s":0.001346097,"checksum":0.080541,"warmup":20,"iters":80,"mode":"reuse","init_s":0.000928851,"phase":"step_total","phase_index":7}
== bench-fandhe infer cuda size=64 mode=reuse extra=none ==
{"framework":"fandhe-ai","version":"0.11.0","task":"infer","device":"cuda","size":64,"median_s":0.000099144,"q1_s":0.000098928,"q3_s":0.000099912,"throughput_per_s":10086.339,"checksum":13.976574,"warmup":20,"iters":20,"mode":"reuse","init_s":0.215693330}
== bench-fandhe infer cpu size=64 mode=reuse extra=none ==
{"framework":"fandhe-ai","version":"0.11.0","task":"infer","device":"cpu","size":64,"median_s":0.000186313,"q1_s":0.000168912,"q3_s":0.000203168,"throughput_per_s":5367.326,"checksum":13.976574,"warmup":20,"iters":20,"mode":"reuse","init_s":0.001236420}
== bench-fandhe infer cuda size=64 mode=fresh extra=--phases ==
{"framework":"fandhe-ai","version":"0.11.0","task":"infer_phases","device":"cuda","size":64,"median_s":0.000000240,"q1_s":0.000000240,"q3_s":0.000000240,"checksum":13.976574,"warmup":20,"iters":20,"mode":"fresh","phase":"leaf_register","phase_index":0}
{"framework":"fandhe-ai","version":"0.11.0","task":"infer_phases","device":"cuda","size":64,"median_s":0.000137472,"q1_s":0.000136284,"q3_s":0.000138244,"checksum":13.976574,"warmup":20,"iters":20,"mode":"fresh","phase":"forward","phase_index":1}
{"framework":"fandhe-ai","version":"0.11.0","task":"infer_phases","device":"cuda","size":64,"median_s":0.000019288,"q1_s":0.000019028,"q3_s":0.000020136,"checksum":13.976574,"warmup":20,"iters":20,"mode":"fresh","phase":"to_tensor","phase_index":2}
{"framework":"fandhe-ai","version":"0.11.0","task":"infer_phases","device":"cuda","size":64,"median_s":0.000000080,"q1_s":0.000000080,"q3_s":0.000000080,"checksum":13.976574,"warmup":20,"iters":20,"mode":"fresh","phase":"host_copy","phase_index":3}
{"framework":"fandhe-ai","version":"0.11.0","task":"infer_phases","device":"cuda","size":64,"median_s":0.000000576,"q1_s":0.000000528,"q3_s":0.000000592,"checksum":13.976574,"warmup":20,"iters":20,"mode":"fresh","phase":"checksum","phase_index":4}
{"framework":"fandhe-ai","version":"0.11.0","task":"infer_phases","device":"cuda","size":64,"median_s":0.000157993,"q1_s":0.000156288,"q3_s":0.000159417,"checksum":13.976574,"warmup":20,"iters":20,"mode":"fresh","phase":"iter_total","phase_index":5}
== bench-fandhe infer cuda size=64 mode=reuse extra=--phases ==
{"framework":"fandhe-ai","version":"0.11.0","task":"infer_phases","device":"cuda","size":64,"median_s":0.000097896,"q1_s":0.000097744,"q3_s":0.000098029,"checksum":13.976574,"warmup":20,"iters":20,"mode":"reuse","init_s":0.218492460,"phase":"predict_resident","phase_index":0}
{"framework":"fandhe-ai","version":"0.11.0","task":"infer_phases","device":"cuda","size":64,"median_s":0.000000064,"q1_s":0.000000048,"q3_s":0.000000064,"checksum":13.976574,"warmup":20,"iters":20,"mode":"reuse","init_s":0.218492460,"phase":"host_copy","phase_index":1}
{"framework":"fandhe-ai","version":"0.11.0","task":"infer_phases","device":"cuda","size":64,"median_s":0.000000928,"q1_s":0.000000852,"q3_s":0.000000964,"checksum":13.976574,"warmup":20,"iters":20,"mode":"reuse","init_s":0.218492460,"phase":"checksum","phase_index":2}
{"framework":"fandhe-ai","version":"0.11.0","task":"infer_phases","device":"cuda","size":64,"median_s":0.000099017,"q1_s":0.000098884,"q3_s":0.000099236,"checksum":13.976574,"warmup":20,"iters":20,"mode":"reuse","init_s":0.218492460,"phase":"iter_total","phase_index":3}
== bench-fandhe infer cpu size=64 mode=fresh extra=--phases ==
{"framework":"fandhe-ai","version":"0.11.0","task":"infer_phases","device":"cpu","size":64,"median_s":0.000179952,"q1_s":0.000166525,"q3_s":0.000194205,"checksum":13.976574,"warmup":20,"iters":20,"mode":"fresh","phase":"predict","phase_index":0}
{"framework":"fandhe-ai","version":"0.11.0","task":"infer_phases","device":"cpu","size":64,"median_s":0.000000160,"q1_s":0.000000140,"q3_s":0.000000196,"checksum":13.976574,"warmup":20,"iters":20,"mode":"fresh","phase":"host_copy","phase_index":1}
{"framework":"fandhe-ai","version":"0.11.0","task":"infer_phases","device":"cpu","size":64,"median_s":0.000000336,"q1_s":0.000000332,"q3_s":0.000000380,"checksum":13.976574,"warmup":20,"iters":20,"mode":"fresh","phase":"checksum","phase_index":2}
{"framework":"fandhe-ai","version":"0.11.0","task":"infer_phases","device":"cpu","size":64,"median_s":0.000180616,"q1_s":0.000167385,"q3_s":0.000196273,"checksum":13.976574,"warmup":20,"iters":20,"mode":"fresh","phase":"iter_total","phase_index":3}
== bench-fandhe infer cpu size=64 mode=reuse extra=--phases ==
{"framework":"fandhe-ai","version":"0.11.0","task":"infer_phases","device":"cpu","size":64,"median_s":0.000173833,"q1_s":0.000158473,"q3_s":0.000191745,"checksum":13.976574,"warmup":20,"iters":20,"mode":"reuse","init_s":0.001016260,"phase":"predict_resident","phase_index":0}
{"framework":"fandhe-ai","version":"0.11.0","task":"infer_phases","device":"cpu","size":64,"median_s":0.000000160,"q1_s":0.000000096,"q3_s":0.000000228,"checksum":13.976574,"warmup":20,"iters":20,"mode":"reuse","init_s":0.001016260,"phase":"host_copy","phase_index":1}
{"framework":"fandhe-ai","version":"0.11.0","task":"infer_phases","device":"cpu","size":64,"median_s":0.000000320,"q1_s":0.000000320,"q3_s":0.000000340,"checksum":13.976574,"warmup":20,"iters":20,"mode":"reuse","init_s":0.001016260,"phase":"checksum","phase_index":2}
{"framework":"fandhe-ai","version":"0.11.0","task":"infer_phases","device":"cpu","size":64,"median_s":0.000175041,"q1_s":0.000159145,"q3_s":0.000193337,"checksum":13.976574,"warmup":20,"iters":20,"mode":"reuse","init_s":0.001016260,"phase":"iter_total","phase_index":3}
== bench-fandhe gemm cuda size=256 mode=fresh extra=--tf32 ==
{"framework":"fandhe-ai","version":"0.11.0","task":"gemm","device":"cuda","size":256,"median_s":0.000090696,"q1_s":0.000090064,"q3_s":0.000091533,"gflops":369.966,"checksum":237.580621,"warmup":20,"iters":20,"mode":"fresh","parity_total":65536,"parity_fail_count":10538,"parity_max_abs_err":1.581430e-3,"parity_max_rel_err":1.553981e0,"parity_scaled_abs_bound":0.000000e0,"parity_scaled_abs_rescued":0,"tf32":true}
== bench-fandhe gemm cuda size=512 mode=fresh extra=--tf32 ==
{"framework":"fandhe-ai","version":"0.11.0","task":"gemm","device":"cuda","size":512,"median_s":0.000262025,"q1_s":0.000261165,"q3_s":0.000262541,"gflops":1024.465,"checksum":937.360224,"warmup":20,"iters":20,"mode":"fresh","parity_total":262144,"parity_fail_count":42361,"parity_max_abs_err":2.342582e-3,"parity_max_rel_err":1.972325e0,"parity_scaled_abs_bound":0.000000e0,"parity_scaled_abs_rescued":0,"tf32":true}
== bench-fandhe gemm cuda size=1024 mode=fresh extra=--tf32 ==
{"framework":"fandhe-ai","version":"0.11.0","task":"gemm","device":"cuda","size":1024,"median_s":0.000955187,"q1_s":0.000954763,"q3_s":0.000956620,"gflops":2248.234,"checksum":-1855.919764,"warmup":20,"iters":20,"mode":"fresh","parity_total":1048576,"parity_fail_count":169929,"parity_max_abs_err":3.642797e-3,"parity_max_rel_err":1.964783e0,"parity_scaled_abs_bound":0.000000e0,"parity_scaled_abs_rescued":0,"tf32":true}
== bench-fandhe gemm cuda size=2048 mode=fresh extra=--tf32 ==
{"framework":"fandhe-ai","version":"0.11.0","task":"gemm","device":"cuda","size":2048,"median_s":0.004372504,"q1_s":0.004364868,"q3_s":0.004423820,"gflops":3929.069,"checksum":-6017.744475,"warmup":20,"iters":20,"mode":"fresh","parity_total":4194304,"parity_fail_count":681454,"parity_max_abs_err":4.941225e-3,"parity_max_rel_err":1.986745e0,"parity_scaled_abs_bound":0.000000e0,"parity_scaled_abs_rescued":0,"tf32":true}
== bench-fandhe gemm cuda size=4096 mode=fresh extra=--tf32 ==
{"framework":"fandhe-ai","version":"0.11.0","task":"gemm","device":"cuda","size":4096,"median_s":0.035100272,"q1_s":0.035039627,"q3_s":0.035425024,"gflops":3915.609,"checksum":-25774.003763,"warmup":20,"iters":20,"mode":"fresh","parity_total":16777216,"parity_fail_count":2729050,"parity_max_abs_err":7.116556e-3,"parity_max_rel_err":1.997358e0,"parity_scaled_abs_bound":0.000000e0,"parity_scaled_abs_rescued":0,"tf32":true}
== bench-candle gemm cuda size=256 mode=fresh extra=--tf32 ==
{"framework":"candle","version":"0.11.0","task":"gemm","device":"cuda","size":256,"median_s":0.000063592,"q1_s":0.000063432,"q3_s":0.000063920,"gflops":527.652,"checksum":237.576196,"warmup":20,"iters":20,"mode":"fresh","parity_total":65536,"parity_fail_count":10522,"parity_max_abs_err":1.581907e-3,"parity_max_rel_err":1.553996e0,"parity_scaled_abs_bound":1.907255e-6,"parity_scaled_abs_rescued":0,"tf32":true}
== bench-candle gemm cuda size=512 mode=fresh extra=--tf32 ==
{"framework":"candle","version":"0.11.0","task":"gemm","device":"cuda","size":512,"median_s":0.000222512,"q1_s":0.000221884,"q3_s":0.000223377,"gflops":1206.384,"checksum":937.356025,"warmup":20,"iters":20,"mode":"fresh","parity_total":262144,"parity_fail_count":42387,"parity_max_abs_err":2.340317e-3,"parity_max_rel_err":1.969541e0,"parity_scaled_abs_bound":3.814663e-6,"parity_scaled_abs_rescued":0,"tf32":true}
== bench-candle gemm cuda size=1024 mode=fresh extra=--tf32 ==
{"framework":"candle","version":"0.11.0","task":"gemm","device":"cuda","size":1024,"median_s":0.000866700,"q1_s":0.000865775,"q3_s":0.000867567,"gflops":2477.772,"checksum":-1855.914004,"warmup":20,"iters":20,"mode":"fresh","parity_total":1048576,"parity_fail_count":169971,"parity_max_abs_err":3.649950e-3,"parity_max_rel_err":1.951418e0,"parity_scaled_abs_bound":7.629375e-6,"parity_scaled_abs_rescued":0,"tf32":true}
== bench-candle gemm cuda size=2048 mode=fresh extra=--tf32 ==
{"framework":"candle","version":"0.11.0","task":"gemm","device":"cuda","size":2048,"median_s":0.003894462,"q1_s":0.003885874,"q3_s":0.003900322,"gflops":4411.359,"checksum":-6017.991603,"warmup":20,"iters":20,"mode":"fresh","parity_total":4194304,"parity_fail_count":681418,"parity_max_abs_err":4.930019e-3,"parity_max_rel_err":1.984422e0,"parity_scaled_abs_bound":1.525878e-5,"parity_scaled_abs_rescued":33,"tf32":true}
== bench-candle gemm cuda size=4096 mode=fresh extra=--tf32 ==
{"framework":"candle","version":"0.11.0","task":"gemm","device":"cuda","size":4096,"median_s":0.058933557,"q1_s":0.057093935,"q3_s":0.059204986,"gflops":2332.100,"checksum":-25774.377339,"warmup":20,"iters":20,"mode":"fresh","parity_total":16777216,"parity_fail_count":2726683,"parity_max_abs_err":7.167101e-3,"parity_max_rel_err":1.999795e0,"parity_scaled_abs_bound":3.051757e-5,"parity_scaled_abs_rescued":646,"tf32":true}
done. results in results/raw/results-cuda.jsonl ; failures (if any) in results/raw/skipped-cuda.log
