warning: unused import: `CudaSlice`
  --> crates/backend-cuda/src/gemm_mma.rs:17:19
   |
17 |     CudaFunction, CudaSlice, CudaStream, CudaView, CudaViewMut, LaunchConfig, PushKernelArg,
   |                   ^^^^^^^^^
   |
   = note: `#[warn(unused_imports)]` (part of `#[warn(unused)]`) on by default

warning: unused import: `CudaSlice`
  --> crates/backend-cuda/src/gemm_mma_tf32x3.rs:30:36
   |
30 | use cudarc::driver::{CudaFunction, CudaSlice, CudaStream};
   |                                    ^^^^^^^^^

warning: field `tiled_pipeline_128x64_error` is never read
   --> crates/backend-cuda/src/gemm.rs:390:5
    |
237 | pub struct CudaGemm {
    |            -------- field in this struct
...
390 |     tiled_pipeline_128x64_error: Option<String>,
    |     ^^^^^^^^^^^^^^^^^^^^^^^^^^^
    |
    = note: `#[warn(dead_code)]` (part of `#[warn(unused)]`) on by default

warning: field `1` is never read
   --> crates/backend-cuda/src/gemm.rs:879:48
    |
879 | pub struct TiledPipelineFunction(CudaFunction, usize, TiledPipelineTile);
    |            ---------------------               ^^^^^
    |            |
    |            field in this struct
    |
help: consider changing the field to be of unit type to suppress this warning while preserving the field numbering, or remove the field
    |
879 - pub struct TiledPipelineFunction(CudaFunction, usize, TiledPipelineTile);
879 + pub struct TiledPipelineFunction(CudaFunction, (), TiledPipelineTile);
    |

warning: method `context_ptr` is never used
   --> crates/backend-cuda/src/gemm.rs:892:8
    |
881 | impl TiledPipelineFunction {
    | -------------------------- method in this implementation
...
892 |     fn context_ptr(&self) -> usize {
    |        ^^^^^^^^^^^

warning: function `persistent_grid_blocks` is never used
    --> crates/backend-cuda/src/gemm.rs:1055:15
     |
1055 | pub(crate) fn persistent_grid_blocks(num_tiles: u32, num_sms: u32, blocks_per_sm: u32) -> u32 {
     |               ^^^^^^^^^^^^^^^^^^^^^^

warning: function `persistent_tile_count` is never used
    --> crates/backend-cuda/src/gemm.rs:1075:15
     |
1075 | pub(crate) fn persistent_tile_count(
     |               ^^^^^^^^^^^^^^^^^^^^^

warning: struct `PersistentTiledPipelineFunction` is never constructed
    --> crates/backend-cuda/src/gemm.rs:1142:12
     |
1142 | pub struct PersistentTiledPipelineFunction {
     |            ^^^^^^^^^^^^^^^^^^^^^^^^^^^^^^^

warning: function `persistent_block_threads` is never used
    --> crates/backend-cuda/src/gemm.rs:1385:4
     |
1385 | fn persistent_block_threads(tile: TiledPipelineTile) -> u32 {
     |    ^^^^^^^^^^^^^^^^^^^^^^^^

warning: struct `StreamKPlan` is never constructed
    --> crates/backend-cuda/src/gemm.rs:1418:12
     |
1418 | pub struct StreamKPlan {
     |            ^^^^^^^^^^^

warning: method `is_active` is never used
    --> crates/backend-cuda/src/gemm.rs:1449:12
     |
1444 | impl StreamKPlan {
     | ---------------- method in this implementation
...
1449 |     pub fn is_active(&self) -> bool {
     |            ^^^^^^^^^

warning: function `streamk_plan` is never used
    --> crates/backend-cuda/src/gemm.rs:1479:15
     |
1479 | pub(crate) fn streamk_plan(
     |               ^^^^^^^^^^^^

warning: function `u32_from_u64_bounded` is never used
    --> crates/backend-cuda/src/gemm.rs:1582:4
     |
1582 | fn u32_from_u64_bounded(value: u64, context: &str) -> Result<u32, CudaError> {
     |    ^^^^^^^^^^^^^^^^^^^^

warning: struct `StreamKTiledPipelineFunction` is never constructed
    --> crates/backend-cuda/src/gemm.rs:1617:12
     |
1617 | pub struct StreamKTiledPipelineFunction {
     |            ^^^^^^^^^^^^^^^^^^^^^^^^^^^^

warning: enum `GemmVariantKind` is never used
  --> crates/backend-cuda/src/gemm_variant.rs:89:10
   |
89 | pub enum GemmVariantKind {
   |          ^^^^^^^^^^^^^^^

warning: constant `SPLITK_MIN_K` is never used
   --> crates/backend-cuda/src/gemm_variant.rs:113:11
    |
113 | pub const SPLITK_MIN_K: u32 = 1024;
    |           ^^^^^^^^^^^^

warning: constant `SPLITK_MIN_K_PER_SPLIT` is never used
   --> crates/backend-cuda/src/gemm_variant.rs:118:11
    |
118 | pub const SPLITK_MIN_K_PER_SPLIT: u32 = 32;
    |           ^^^^^^^^^^^^^^^^^^^^^^

warning: constant `SPLITK_MAX_SPLITS` is never used
   --> crates/backend-cuda/src/gemm_variant.rs:124:11
    |
124 | pub const SPLITK_MAX_SPLITS: u32 = 32;
    |           ^^^^^^^^^^^^^^^^^

warning: constant `SPLITK_PARTIAL_MAX_BYTES` is never used
   --> crates/backend-cuda/src/gemm_variant.rs:130:11
    |
130 | pub const SPLITK_PARTIAL_MAX_BYTES: u64 = 256 * 1024 * 1024;
    |           ^^^^^^^^^^^^^^^^^^^^^^^^

warning: constant `DOUBLE_BUFFER_MIN_K` is never used
   --> crates/backend-cuda/src/gemm_variant.rs:134:11
    |
134 | pub const DOUBLE_BUFFER_MIN_K: u32 = 2 * 32;
    |           ^^^^^^^^^^^^^^^^^^^

warning: constant `VARIANT_TILE` is never used
   --> crates/backend-cuda/src/gemm_variant.rs:141:7
    |
141 | const VARIANT_TILE: u32 = 32;
    |       ^^^^^^^^^^^^

warning: function `num_blocks` is never used
   --> crates/backend-cuda/src/gemm_variant.rs:147:4
    |
147 | fn num_blocks(m: u32, n: u32) -> u64 {
    |    ^^^^^^^^^^

warning: function `derive_split_count` is never used
   --> crates/backend-cuda/src/gemm_variant.rs:159:4
    |
159 | fn derive_split_count(num_blocks: u64, num_sms: u32, k: u32) -> u32 {
    |    ^^^^^^^^^^^^^^^^^^

warning: function `recommend_split_count` is never used
   --> crates/backend-cuda/src/gemm_variant.rs:206:15
    |
206 | pub(crate) fn recommend_split_count(m: u32, n: u32, k: u32, num_sms: u32) -> Option<u32> {
    |               ^^^^^^^^^^^^^^^^^^^^^

warning: function `split_k_partial_bytes` is never used
   --> crates/backend-cuda/src/gemm_variant.rs:221:4
    |
221 | fn split_k_partial_bytes(num_splits: u32, m: u32, n: u32) -> Option<u64> {
    |    ^^^^^^^^^^^^^^^^^^^^^

warning: function `select_f32_gemm_variant` is never used
   --> crates/backend-cuda/src/gemm_variant.rs:264:8
    |
264 | pub fn select_f32_gemm_variant(
    |        ^^^^^^^^^^^^^^^^^^^^^^^

warning: function `validate_split_k_launch` is never used
   --> crates/backend-cuda/src/gemm_variant.rs:301:8
    |
301 | pub fn validate_split_k_launch(m: u32, n: u32, num_splits: u32) -> Result<(), CudaError> {
    |        ^^^^^^^^^^^^^^^^^^^^^^^

warning: constant `TILED_DB_TILE` is never used
  --> crates/backend-cuda/src/kernels_gemm_variants.rs:26:11
   |
26 | pub const TILED_DB_TILE: u32 = 32;
   |           ^^^^^^^^^^^^^

warning: constant `TILED_DB_F32` is never used
  --> crates/backend-cuda/src/kernels_gemm_variants.rs:55:11
   |
55 | pub const TILED_DB_F32: &str = r#"
   |           ^^^^^^^^^^^^

warning: constant `SPLITK_PARTIAL_F32` is never used
   --> crates/backend-cuda/src/kernels_gemm_variants.rs:144:11
    |
144 | pub const SPLITK_PARTIAL_F32: &str = r#"
    |           ^^^^^^^^^^^^^^^^^^

warning: constant `SPLITK_REDUCE_BLOCK_DIM` is never used
   --> crates/backend-cuda/src/kernels_gemm_variants.rs:212:11
    |
212 | pub const SPLITK_REDUCE_BLOCK_DIM: u32 = 256;
    |           ^^^^^^^^^^^^^^^^^^^^^^^

warning: constant `SPLITK_REDUCE_F32` is never used
   --> crates/backend-cuda/src/kernels_gemm_variants.rs:228:11
    |
228 | pub const SPLITK_REDUCE_F32: &str = r#"
    |           ^^^^^^^^^^^^^^^^^

warning: function `tiled_f32_source_with_swizzle` is never used
   --> crates/backend-cuda/src/kernels.rs:731:8
    |
731 | pub fn tiled_f32_source_with_swizzle(group_width: u32) -> Result<String, crate::error::CudaError> {
    |        ^^^^^^^^^^^^^^^^^^^^^^^^^^^^^

warning: function `tiled_pipeline_f32_source_with_stages` is never used
   --> crates/backend-cuda/src/kernels_tiled_pipeline.rs:240:8
    |
240 | pub fn tiled_pipeline_f32_source_with_stages(stages: u32) -> Result<String, CudaError> {
    |        ^^^^^^^^^^^^^^^^^^^^^^^^^^^^^^^^^^^^^

warning: function `render_persistent_source` is never used
   --> crates/backend-cuda/src/kernels_tiled_pipeline.rs:302:4
    |
302 | fn render_persistent_source(stages: u32) -> String {
    |    ^^^^^^^^^^^^^^^^^^^^^^^^

warning: function `tiled_pipeline_persistent_f32_source` is never used
   --> crates/backend-cuda/src/kernels_tiled_pipeline.rs:320:8
    |
320 | pub fn tiled_pipeline_persistent_f32_source() -> &'static str {
    |        ^^^^^^^^^^^^^^^^^^^^^^^^^^^^^^^^^^^^

warning: static `TILED_PIPELINE_PERSISTENT_F32_SOURCE` is never used
   --> crates/backend-cuda/src/kernels_tiled_pipeline.rs:324:8
    |
324 | static TILED_PIPELINE_PERSISTENT_F32_SOURCE: LazyLock<String> =
    |        ^^^^^^^^^^^^^^^^^^^^^^^^^^^^^^^^^^^^

warning: function `tiled_pipeline_persistent_f32_source_with_stages` is never used
   --> crates/backend-cuda/src/kernels_tiled_pipeline.rs:331:8
    |
331 | pub fn tiled_pipeline_persistent_f32_source_with_stages(stages: u32) -> Result<String, CudaError> {
    |        ^^^^^^^^^^^^^^^^^^^^^^^^^^^^^^^^^^^^^^^^^^^^^^^^

warning: constant `TP_KERNEL_PERSISTENT_PREFIX` is never used
   --> crates/backend-cuda/src/kernels_tiled_pipeline.rs:596:7
    |
596 | const TP_KERNEL_PERSISTENT_PREFIX: &str = r#"extern "C" __global__ void gemm_tiled_pipeline_persistent_f32(
    |       ^^^^^^^^^^^^^^^^^^^^^^^^^^^

warning: constant `TP_KERNEL_PERSISTENT_SUFFIX` is never used
   --> crates/backend-cuda/src/kernels_tiled_pipeline.rs:661:7
    |
661 | const TP_KERNEL_PERSISTENT_SUFFIX: &str = "    }\n}\n";
    |       ^^^^^^^^^^^^^^^^^^^^^^^^^^^

warning: constant `TP_SK_KERNEL_PREFIX` is never used
   --> crates/backend-cuda/src/kernels_tiled_pipeline.rs:711:7
    |
711 | const TP_SK_KERNEL_PREFIX: &str = r#"extern "C" __global__ void gemm_tiled_pipeline_streamk_f32(
    |       ^^^^^^^^^^^^^^^^^^^

warning: constant `TP_SK_TILE_CORE` is never used
   --> crates/backend-cuda/src/kernels_tiled_pipeline.rs:827:7
    |
827 | const TP_SK_TILE_CORE: &str = r#"            int tid = threadIdx.x;
    |       ^^^^^^^^^^^^^^^

warning: constant `TP_SK_KERNEL_SUFFIX` is never used
   --> crates/backend-cuda/src/kernels_tiled_pipeline.rs:965:7
    |
965 | const TP_SK_KERNEL_SUFFIX: &str = "        }\n    }\n}\n";
    |       ^^^^^^^^^^^^^^^^^^^

warning: constant `TP_SK_FIXUP_BLOCK_THREADS` is never used
   --> crates/backend-cuda/src/kernels_tiled_pipeline.rs:979:11
    |
979 | pub const TP_SK_FIXUP_BLOCK_THREADS: u32 = 256;
    |           ^^^^^^^^^^^^^^^^^^^^^^^^^

warning: constant `TP_SK_FIXUP_KERNEL` is never used
    --> crates/backend-cuda/src/kernels_tiled_pipeline.rs:1036:7
     |
1036 | const TP_SK_FIXUP_KERNEL: &str = r#"
     |       ^^^^^^^^^^^^^^^^^^

warning: function `render_streamk_source` is never used
    --> crates/backend-cuda/src/kernels_tiled_pipeline.rs:1105:4
     |
1105 | fn render_streamk_source(stages: u32) -> String {
     |    ^^^^^^^^^^^^^^^^^^^^^

warning: function `tiled_pipeline_streamk_f32_source` is never used
    --> crates/backend-cuda/src/kernels_tiled_pipeline.rs:1120:8
     |
1120 | pub fn tiled_pipeline_streamk_f32_source() -> &'static str {
     |        ^^^^^^^^^^^^^^^^^^^^^^^^^^^^^^^^^

warning: static `TILED_PIPELINE_STREAMK_F32_SOURCE` is never used
    --> crates/backend-cuda/src/kernels_tiled_pipeline.rs:1124:8
     |
1124 | static TILED_PIPELINE_STREAMK_F32_SOURCE: LazyLock<String> =
     |        ^^^^^^^^^^^^^^^^^^^^^^^^^^^^^^^^^

warning: function `tiled_pipeline_streamk_f32_source_with_stages` is never used
    --> crates/backend-cuda/src/kernels_tiled_pipeline.rs:1130:8
     |
1130 | pub fn tiled_pipeline_streamk_f32_source_with_stages(stages: u32) -> Result<String, CudaError> {
     |        ^^^^^^^^^^^^^^^^^^^^^^^^^^^^^^^^^^^^^^^^^^^^^

warning: function `tiled_pipeline_128x64_f32_source_with_stages` is never used
   --> crates/backend-cuda/src/kernels_tiled_pipeline_128x64.rs:320:8
    |
320 | pub fn tiled_pipeline_128x64_f32_source_with_stages(stages: u32) -> Result<String, CudaError> {
    |        ^^^^^^^^^^^^^^^^^^^^^^^^^^^^^^^^^^^^^^^^^^^^

warning: function `render_persistent_source` is never used
   --> crates/backend-cuda/src/kernels_tiled_pipeline_128x64.rs:380:4
    |
380 | fn render_persistent_source(stages: u32) -> String {
    |    ^^^^^^^^^^^^^^^^^^^^^^^^

warning: function `tiled_pipeline_128x64_persistent_f32_source` is never used
   --> crates/backend-cuda/src/kernels_tiled_pipeline_128x64.rs:399:8
    |
399 | pub fn tiled_pipeline_128x64_persistent_f32_source() -> &'static str {
    |        ^^^^^^^^^^^^^^^^^^^^^^^^^^^^^^^^^^^^^^^^^^^

warning: static `TILED_PIPELINE_128X64_PERSISTENT_F32_SOURCE` is never used
   --> crates/backend-cuda/src/kernels_tiled_pipeline_128x64.rs:403:8
    |
403 | static TILED_PIPELINE_128X64_PERSISTENT_F32_SOURCE: LazyLock<String> =
    |        ^^^^^^^^^^^^^^^^^^^^^^^^^^^^^^^^^^^^^^^^^^^

warning: function `tiled_pipeline_128x64_persistent_f32_source_with_stages` is never used
   --> crates/backend-cuda/src/kernels_tiled_pipeline_128x64.rs:411:8
    |
411 | pub fn tiled_pipeline_128x64_persistent_f32_source_with_stages(
    |        ^^^^^^^^^^^^^^^^^^^^^^^^^^^^^^^^^^^^^^^^^^^^^^^^^^^^^^^

warning: constant `TP128_KERNEL_PERSISTENT_PREFIX` is never used
   --> crates/backend-cuda/src/kernels_tiled_pipeline_128x64.rs:695:7
    |
695 | const TP128_KERNEL_PERSISTENT_PREFIX: &str = r#"extern "C" __global__ void gemm_tiled_pipeline_128x64_persistent_f32(
    |       ^^^^^^^^^^^^^^^^^^^^^^^^^^^^^^

warning: constant `TP128_KERNEL_PERSISTENT_SUFFIX` is never used
   --> crates/backend-cuda/src/kernels_tiled_pipeline_128x64.rs:763:7
    |
763 | const TP128_KERNEL_PERSISTENT_SUFFIX: &str = "    }\n}\n";
    |       ^^^^^^^^^^^^^^^^^^^^^^^^^^^^^^

warning: variant `Pageable` is never constructed
   --> crates/backend-cuda/src/host_staging.rs:115:5
    |
 97 | pub enum HostStagingKind {
    |          --------------- variant in this enum
...
115 |     Pageable,
    |     ^^^^^^^^
    |
    = note: `HostStagingKind` has derived impls for the traits `Clone` and `Debug`, but these are intentionally ignored during dead code analysis

warning: method `stats` is never used
   --> crates/backend-cuda/src/host_staging.rs:259:19
    |
232 | impl HostStagingCache {
    | --------------------- method in this implementation
...
259 |     pub(crate) fn stats(&self) -> HostStagingStats {
    |                   ^^^^^

warning: variant `Fresh` is never constructed
   --> crates/backend-cuda/src/memory.rs:559:5
    |
555 | pub(crate) enum ReadbackDest {
    |                 ------------ variant in this enum
...
559 |     Fresh,
    |     ^^^^^
    |
    = note: `ReadbackDest` has derived impls for the traits `Clone` and `Debug`, but these are intentionally ignored during dead code analysis

warning: method `context` is never used
   --> crates/backend-cuda/src/pool.rs:319:19
    |
299 | impl<T: PoolDtype> PooledCudaHandle<T> {
    | -------------------------------------- method in this implementation
...
319 |     pub(crate) fn context(&self) -> &Arc<CudaContext> {
    |                   ^^^^^^^

warning: methods `alloc_uninit_f16` and `upload_f16` are never used
   --> crates/backend-cuda/src/pool.rs:715:19
    |
517 | impl CudaAllocator {
    | ------------------ methods in this implementation
...
715 |     pub(crate) fn alloc_uninit_f16(
    |                   ^^^^^^^^^^^^^^^^
...
730 |     pub(crate) fn upload_f16(&self, src: &[f16]) -> Result<PooledCudaHandle<f16>, CudaError> {
    |                   ^^^^^^^^^^

warning: `fandhe-ai-backend-cuda` (lib) generated 61 warnings (run `cargo fix --lib -p fandhe-ai-backend-cuda` to apply 2 suggestions)
    Finished `release` profile [optimized] target(s) in 0.10s
     Running `target/release/examples/gemm_splitk_ab_bench --max-load-avg=8.0`
== env_guard(gemm_splitk_ab_bench) ==
18:29  up 21 days,  5:41, 19 users, load averages: 3.03 3.85 4.74
env_guard_mode=gated
env_guard_load_avg one=3.03 five=3.85 fifteen=4.74 max_1min=8.00 verdict=pass
env_guard_uptime_secs=1834881 collected_at_unix_secs=1788946155
env_guard_gpu status=available processes=93 flagged=none device_utilization_percent=33 verdict=pass note=watchlist・使用率上限とも未設定のため記録のみ
env_guard_overall verdict=pass attempts=1 max_attempts=10 total_wait_secs=0.00
env_guard_attempt idx=1 waited_before_secs=0.00 load_avg_one=3.03 gpu_verdict=pass overall=pass

== phase0 self-check ==
phase0 kind=target m=32 n=32 k=2048 classic_stable=true target_tile_stable=true splitk_stable=true checksum_a=-6.869225e1 checksum_at=-6.869225e1 checksum_b=-5.168661e2 a_vs_b_fail_count=1022 a_vs_at_fail_count=0
phase0 kind=target m=32 n=32 k=4096 classic_stable=true target_tile_stable=true splitk_stable=true checksum_a=5.972820e2 checksum_at=5.972820e2 checksum_b=8.211057e2 a_vs_b_fail_count=1024 a_vs_at_fail_count=0
phase0 kind=target m=32 n=32 k=8192 classic_stable=true target_tile_stable=true splitk_stable=true checksum_a=-8.061428e2 checksum_at=-8.061428e2 checksum_b=1.409765e3 a_vs_b_fail_count=1024 a_vs_at_fail_count=0
phase0 kind=target m=64 n=64 k=2048 classic_stable=true target_tile_stable=true splitk_stable=true checksum_a=5.889423e2 checksum_at=5.889423e2 checksum_b=-4.355612e2 a_vs_b_fail_count=4095 a_vs_at_fail_count=0
phase0 kind=target m=64 n=64 k=4096 classic_stable=true target_tile_stable=true splitk_stable=true checksum_a=1.295892e3 checksum_at=1.295892e3 checksum_b=4.635942e2 a_vs_b_fail_count=4093 a_vs_at_fail_count=0
phase0 kind=target m=64 n=64 k=8192 classic_stable=true target_tile_stable=true splitk_stable=true checksum_a=1.610392e3 checksum_at=1.610392e3 checksum_b=2.237670e3 a_vs_b_fail_count=4096 a_vs_at_fail_count=0
phase0 kind=target m=128 n=128 k=2048 classic_stable=true target_tile_stable=true splitk_stable=true checksum_a=1.792582e2 checksum_at=1.792582e2 checksum_b=5.483684e3 a_vs_b_fail_count=16377 a_vs_at_fail_count=0
phase0 kind=target m=128 n=128 k=4096 classic_stable=true target_tile_stable=true splitk_stable=true checksum_a=2.508954e3 checksum_at=2.508954e3 checksum_b=2.749408e3 a_vs_b_fail_count=16381 a_vs_at_fail_count=0
phase0 kind=target m=128 n=128 k=8192 classic_stable=true target_tile_stable=true splitk_stable=true checksum_a=-1.640874e3 checksum_at=-1.640874e3 checksum_b=2.714172e2 a_vs_b_fail_count=16380 a_vs_at_fail_count=0
phase0 kind=control m=256 n=256 k=2048 classic_stable=true
phase0 kind=control m=256 n=256 k=4096 classic_stable=true
phase0 kind=control m=256 n=256 k=8192 classic_stable=true
phase0 self-check: 全形状で run-to-run bit 同一を確認した
splitk_ab kind=target m=32 n=32 k=2048 partitions=32 median_a_secs=2.084170e-4 median_b_secs=1.146250e-4 speedup=1.8183 spread_a=1.4376e0 spread_b=8.6878e-1
splitk_ab kind=target m=32 n=32 k=4096 partitions=32 median_a_secs=3.099160e-4 median_b_secs=1.155000e-4 speedup=2.6833 spread_a=1.0721e0 spread_b=5.2128e-1
splitk_ab kind=target m=32 n=32 k=8192 partitions=32 median_a_secs=6.417500e-4 median_b_secs=1.450830e-4 speedup=4.4233 spread_a=4.0982e-1 spread_b=4.8392e-1
splitk_ab kind=target m=64 n=64 k=2048 partitions=32 median_a_secs=2.315830e-4 median_b_secs=1.396670e-4 speedup=1.6581 spread_a=1.5536e0 spread_b=1.3544e-1
splitk_ab kind=target m=64 n=64 k=4096 partitions=32 median_a_secs=3.280000e-4 median_b_secs=1.431250e-4 speedup=2.2917 spread_a=8.7268e-2 spread_b=1.1645e-1
splitk_ab kind=target m=64 n=64 k=8192 partitions=32 median_a_secs=5.272500e-4 median_b_secs=1.399580e-4 speedup=3.7672 spread_a=6.2983e-2 spread_b=1.1254e-1
splitk_ab kind=target m=128 n=128 k=2048 partitions=8 median_a_secs=2.232910e-4 median_b_secs=1.376670e-4 speedup=1.6220 spread_a=7.9864e-2 spread_b=5.4174e-2
splitk_ab kind=target m=128 n=128 k=4096 partitions=16 median_a_secs=3.232920e-4 median_b_secs=1.540000e-4 speedup=2.0993 spread_a=3.1962e-2 spread_b=6.1337e-1
splitk_ab kind=target m=128 n=128 k=8192 partitions=32 median_a_secs=5.282920e-4 median_b_secs=1.942910e-4 speedup=2.7191 spread_a=5.4271e-1 spread_b=1.4519e-1
splitk_ab kind=target_tile m=32 n=32 k=2048 partitions=NA median_a_secs=1.984590e-4 median_b_secs=1.911670e-4 speedup=1.0381 spread_a=1.4329e0 spread_b=1.5900e0
splitk_ab kind=target_tile m=32 n=32 k=4096 partitions=NA median_a_secs=3.098330e-4 median_b_secs=4.935410e-4 speedup=0.6278 spread_a=7.6802e-1 spread_b=1.1465e0
splitk_ab kind=target_tile m=32 n=32 k=8192 partitions=NA median_a_secs=4.696660e-4 median_b_secs=4.664170e-4 speedup=1.0070 spread_a=6.2811e-2 spread_b=6.3338e-2
splitk_ab kind=target_tile m=64 n=64 k=2048 partitions=NA median_a_secs=2.331670e-4 median_b_secs=2.259170e-4 speedup=1.0321 spread_a=1.5084e0 spread_b=7.3847e-1
splitk_ab kind=target_tile m=64 n=64 k=4096 partitions=NA median_a_secs=3.234160e-4 median_b_secs=3.188340e-4 speedup=1.0144 spread_a=6.9959e-2 spread_b=8.3115e-2
splitk_ab kind=target_tile m=64 n=64 k=8192 partitions=NA median_a_secs=5.260840e-4 median_b_secs=5.270000e-4 speedup=0.9983 spread_a=3.0254e-2 spread_b=8.2066e-2
splitk_ab kind=target_tile m=128 n=128 k=2048 partitions=NA median_a_secs=2.270000e-4 median_b_secs=2.249170e-4 speedup=1.0093 spread_a=1.4102e0 spread_b=6.7580e-1
splitk_ab kind=target_tile m=128 n=128 k=4096 partitions=NA median_a_secs=3.342500e-4 median_b_secs=5.787080e-4 speedup=0.5776 spread_a=8.4418e-1 spread_b=5.7326e-1
splitk_ab kind=target_tile m=128 n=128 k=8192 partitions=NA median_a_secs=5.210840e-4 median_b_secs=5.288330e-4 speedup=0.9853 spread_a=3.6783e-2 spread_b=9.6834e-2
splitk_ab kind=control m=256 n=256 k=2048 partitions=NA median_a_secs=3.201670e-4 median_b_secs=5.424160e-4 speedup=0.5903 spread_a=1.0052e0 spread_b=6.1307e-1
splitk_ab kind=control m=256 n=256 k=4096 partitions=NA median_a_secs=3.207080e-4 median_b_secs=3.350000e-4 speedup=0.9573 spread_a=4.3524e-1 spread_b=6.2102e-1
splitk_ab kind=control m=256 n=256 k=8192 partitions=NA median_a_secs=5.586670e-4 median_b_secs=5.452920e-4 speedup=1.0245 spread_a=4.7397e-1 spread_b=3.3591e-1
splitk_ab kind=control_forced m=256 n=256 k=2048 partitions=2 median_a_secs=2.360000e-4 median_b_secs=3.607920e-4 speedup=0.6541 spread_a=1.2744e0 spread_b=6.1589e-1
splitk_ab kind=control_forced m=256 n=256 k=4096 partitions=4 median_a_secs=3.344590e-4 median_b_secs=2.020830e-4 speedup=1.6551 spread_a=4.0433e0 spread_b=1.3901e0
splitk_ab kind=control_forced m=256 n=256 k=8192 partitions=8 median_a_secs=5.559160e-4 median_b_secs=3.364160e-4 speedup=1.6525 spread_a=2.6765e-1 spread_b=6.9569e-1
splitk_ab kind=floor m=32 n=32 k=64 partitions=NA median_a_secs=1.106670e-4 median_b_secs=NA speedup=NA spread_a=2.1423e-1 spread_b=NA
splitk_ab kind=floor m=64 n=64 k=64 partitions=NA median_a_secs=1.101250e-4 median_b_secs=NA speedup=NA spread_a=3.4544e-1 spread_b=NA
splitk_ab kind=floor m=128 n=128 k=64 partitions=NA median_a_secs=9.487500e-5 median_b_secs=NA speedup=NA spread_a=4.8617e-1 spread_b=NA
splitk_ab kind=floor m=256 n=256 k=64 partitions=NA median_a_secs=8.766600e-5 median_b_secs=NA speedup=NA spread_a=1.2310e-1 spread_b=NA
