warning: unused import: `CudaSlice`
  --> crates/backend-cuda/src/gemm_mma.rs:17:19
   |
17 |     CudaFunction, CudaSlice, CudaStream, CudaView, CudaViewMut, LaunchConfig, PushKernelArg,
   |                   ^^^^^^^^^
   |
   = note: `#[warn(unused_imports)]` (part of `#[warn(unused)]`) on by default

warning: unused import: `CudaSlice`
  --> crates/backend-cuda/src/gemm_mma_tf32x3.rs:30:36
   |
30 | use cudarc::driver::{CudaFunction, CudaSlice, CudaStream};
   |                                    ^^^^^^^^^

warning: field `tiled_pipeline_128x64_error` is never read
   --> crates/backend-cuda/src/gemm.rs:390:5
    |
237 | pub struct CudaGemm {
    |            -------- field in this struct
...
390 |     tiled_pipeline_128x64_error: Option<String>,
    |     ^^^^^^^^^^^^^^^^^^^^^^^^^^^
    |
    = note: `#[warn(dead_code)]` (part of `#[warn(unused)]`) on by default

warning: field `1` is never read
   --> crates/backend-cuda/src/gemm.rs:879:48
    |
879 | pub struct TiledPipelineFunction(CudaFunction, usize, TiledPipelineTile);
    |            ---------------------               ^^^^^
    |            |
    |            field in this struct
    |
help: consider changing the field to be of unit type to suppress this warning while preserving the field numbering, or remove the field
    |
879 - pub struct TiledPipelineFunction(CudaFunction, usize, TiledPipelineTile);
879 + pub struct TiledPipelineFunction(CudaFunction, (), TiledPipelineTile);
    |

warning: method `context_ptr` is never used
   --> crates/backend-cuda/src/gemm.rs:892:8
    |
881 | impl TiledPipelineFunction {
    | -------------------------- method in this implementation
...
892 |     fn context_ptr(&self) -> usize {
    |        ^^^^^^^^^^^

warning: function `persistent_grid_blocks` is never used
    --> crates/backend-cuda/src/gemm.rs:1055:15
     |
1055 | pub(crate) fn persistent_grid_blocks(num_tiles: u32, num_sms: u32, blocks_per_sm: u32) -> u32 {
     |               ^^^^^^^^^^^^^^^^^^^^^^

warning: function `persistent_tile_count` is never used
    --> crates/backend-cuda/src/gemm.rs:1075:15
     |
1075 | pub(crate) fn persistent_tile_count(
     |               ^^^^^^^^^^^^^^^^^^^^^

warning: struct `PersistentTiledPipelineFunction` is never constructed
    --> crates/backend-cuda/src/gemm.rs:1142:12
     |
1142 | pub struct PersistentTiledPipelineFunction {
     |            ^^^^^^^^^^^^^^^^^^^^^^^^^^^^^^^

warning: function `persistent_block_threads` is never used
    --> crates/backend-cuda/src/gemm.rs:1385:4
     |
1385 | fn persistent_block_threads(tile: TiledPipelineTile) -> u32 {
     |    ^^^^^^^^^^^^^^^^^^^^^^^^

warning: struct `StreamKPlan` is never constructed
    --> crates/backend-cuda/src/gemm.rs:1418:12
     |
1418 | pub struct StreamKPlan {
     |            ^^^^^^^^^^^

warning: method `is_active` is never used
    --> crates/backend-cuda/src/gemm.rs:1449:12
     |
1444 | impl StreamKPlan {
     | ---------------- method in this implementation
...
1449 |     pub fn is_active(&self) -> bool {
     |            ^^^^^^^^^

warning: function `streamk_plan` is never used
    --> crates/backend-cuda/src/gemm.rs:1479:15
     |
1479 | pub(crate) fn streamk_plan(
     |               ^^^^^^^^^^^^

warning: function `u32_from_u64_bounded` is never used
    --> crates/backend-cuda/src/gemm.rs:1582:4
     |
1582 | fn u32_from_u64_bounded(value: u64, context: &str) -> Result<u32, CudaError> {
     |    ^^^^^^^^^^^^^^^^^^^^

warning: struct `StreamKTiledPipelineFunction` is never constructed
    --> crates/backend-cuda/src/gemm.rs:1617:12
     |
1617 | pub struct StreamKTiledPipelineFunction {
     |            ^^^^^^^^^^^^^^^^^^^^^^^^^^^^

warning: enum `GemmVariantKind` is never used
  --> crates/backend-cuda/src/gemm_variant.rs:89:10
   |
89 | pub enum GemmVariantKind {
   |          ^^^^^^^^^^^^^^^

warning: constant `SPLITK_MIN_K` is never used
   --> crates/backend-cuda/src/gemm_variant.rs:113:11
    |
113 | pub const SPLITK_MIN_K: u32 = 1024;
    |           ^^^^^^^^^^^^

warning: constant `SPLITK_MIN_K_PER_SPLIT` is never used
   --> crates/backend-cuda/src/gemm_variant.rs:118:11
    |
118 | pub const SPLITK_MIN_K_PER_SPLIT: u32 = 32;
    |           ^^^^^^^^^^^^^^^^^^^^^^

warning: constant `SPLITK_MAX_SPLITS` is never used
   --> crates/backend-cuda/src/gemm_variant.rs:124:11
    |
124 | pub const SPLITK_MAX_SPLITS: u32 = 32;
    |           ^^^^^^^^^^^^^^^^^

warning: constant `SPLITK_PARTIAL_MAX_BYTES` is never used
   --> crates/backend-cuda/src/gemm_variant.rs:130:11
    |
130 | pub const SPLITK_PARTIAL_MAX_BYTES: u64 = 256 * 1024 * 1024;
    |           ^^^^^^^^^^^^^^^^^^^^^^^^

warning: constant `DOUBLE_BUFFER_MIN_K` is never used
   --> crates/backend-cuda/src/gemm_variant.rs:134:11
    |
134 | pub const DOUBLE_BUFFER_MIN_K: u32 = 2 * 32;
    |           ^^^^^^^^^^^^^^^^^^^

warning: constant `VARIANT_TILE` is never used
   --> crates/backend-cuda/src/gemm_variant.rs:141:7
    |
141 | const VARIANT_TILE: u32 = 32;
    |       ^^^^^^^^^^^^

warning: function `num_blocks` is never used
   --> crates/backend-cuda/src/gemm_variant.rs:147:4
    |
147 | fn num_blocks(m: u32, n: u32) -> u64 {
    |    ^^^^^^^^^^

warning: function `derive_split_count` is never used
   --> crates/backend-cuda/src/gemm_variant.rs:159:4
    |
159 | fn derive_split_count(num_blocks: u64, num_sms: u32, k: u32) -> u32 {
    |    ^^^^^^^^^^^^^^^^^^

warning: function `recommend_split_count` is never used
   --> crates/backend-cuda/src/gemm_variant.rs:206:15
    |
206 | pub(crate) fn recommend_split_count(m: u32, n: u32, k: u32, num_sms: u32) -> Option<u32> {
    |               ^^^^^^^^^^^^^^^^^^^^^

warning: function `split_k_partial_bytes` is never used
   --> crates/backend-cuda/src/gemm_variant.rs:221:4
    |
221 | fn split_k_partial_bytes(num_splits: u32, m: u32, n: u32) -> Option<u64> {
    |    ^^^^^^^^^^^^^^^^^^^^^

warning: function `select_f32_gemm_variant` is never used
   --> crates/backend-cuda/src/gemm_variant.rs:264:8
    |
264 | pub fn select_f32_gemm_variant(
    |        ^^^^^^^^^^^^^^^^^^^^^^^

warning: function `validate_split_k_launch` is never used
   --> crates/backend-cuda/src/gemm_variant.rs:301:8
    |
301 | pub fn validate_split_k_launch(m: u32, n: u32, num_splits: u32) -> Result<(), CudaError> {
    |        ^^^^^^^^^^^^^^^^^^^^^^^

warning: constant `TILED_DB_TILE` is never used
  --> crates/backend-cuda/src/kernels_gemm_variants.rs:26:11
   |
26 | pub const TILED_DB_TILE: u32 = 32;
   |           ^^^^^^^^^^^^^

warning: constant `TILED_DB_F32` is never used
  --> crates/backend-cuda/src/kernels_gemm_variants.rs:55:11
   |
55 | pub const TILED_DB_F32: &str = r#"
   |           ^^^^^^^^^^^^

warning: constant `SPLITK_PARTIAL_F32` is never used
   --> crates/backend-cuda/src/kernels_gemm_variants.rs:144:11
    |
144 | pub const SPLITK_PARTIAL_F32: &str = r#"
    |           ^^^^^^^^^^^^^^^^^^

warning: constant `SPLITK_REDUCE_BLOCK_DIM` is never used
   --> crates/backend-cuda/src/kernels_gemm_variants.rs:212:11
    |
212 | pub const SPLITK_REDUCE_BLOCK_DIM: u32 = 256;
    |           ^^^^^^^^^^^^^^^^^^^^^^^

warning: constant `SPLITK_REDUCE_F32` is never used
   --> crates/backend-cuda/src/kernels_gemm_variants.rs:228:11
    |
228 | pub const SPLITK_REDUCE_F32: &str = r#"
    |           ^^^^^^^^^^^^^^^^^

warning: function `tiled_f32_source_with_swizzle` is never used
   --> crates/backend-cuda/src/kernels.rs:731:8
    |
731 | pub fn tiled_f32_source_with_swizzle(group_width: u32) -> Result<String, crate::error::CudaError> {
    |        ^^^^^^^^^^^^^^^^^^^^^^^^^^^^^

warning: function `tiled_pipeline_f32_source_with_stages` is never used
   --> crates/backend-cuda/src/kernels_tiled_pipeline.rs:240:8
    |
240 | pub fn tiled_pipeline_f32_source_with_stages(stages: u32) -> Result<String, CudaError> {
    |        ^^^^^^^^^^^^^^^^^^^^^^^^^^^^^^^^^^^^^

warning: function `render_persistent_source` is never used
   --> crates/backend-cuda/src/kernels_tiled_pipeline.rs:302:4
    |
302 | fn render_persistent_source(stages: u32) -> String {
    |    ^^^^^^^^^^^^^^^^^^^^^^^^

warning: function `tiled_pipeline_persistent_f32_source` is never used
   --> crates/backend-cuda/src/kernels_tiled_pipeline.rs:320:8
    |
320 | pub fn tiled_pipeline_persistent_f32_source() -> &'static str {
    |        ^^^^^^^^^^^^^^^^^^^^^^^^^^^^^^^^^^^^

warning: static `TILED_PIPELINE_PERSISTENT_F32_SOURCE` is never used
   --> crates/backend-cuda/src/kernels_tiled_pipeline.rs:324:8
    |
324 | static TILED_PIPELINE_PERSISTENT_F32_SOURCE: LazyLock<String> =
    |        ^^^^^^^^^^^^^^^^^^^^^^^^^^^^^^^^^^^^

warning: function `tiled_pipeline_persistent_f32_source_with_stages` is never used
   --> crates/backend-cuda/src/kernels_tiled_pipeline.rs:331:8
    |
331 | pub fn tiled_pipeline_persistent_f32_source_with_stages(stages: u32) -> Result<String, CudaError> {
    |        ^^^^^^^^^^^^^^^^^^^^^^^^^^^^^^^^^^^^^^^^^^^^^^^^

warning: constant `TP_KERNEL_PERSISTENT_PREFIX` is never used
   --> crates/backend-cuda/src/kernels_tiled_pipeline.rs:596:7
    |
596 | const TP_KERNEL_PERSISTENT_PREFIX: &str = r#"extern "C" __global__ void gemm_tiled_pipeline_persistent_f32(
    |       ^^^^^^^^^^^^^^^^^^^^^^^^^^^

warning: constant `TP_KERNEL_PERSISTENT_SUFFIX` is never used
   --> crates/backend-cuda/src/kernels_tiled_pipeline.rs:661:7
    |
661 | const TP_KERNEL_PERSISTENT_SUFFIX: &str = "    }\n}\n";
    |       ^^^^^^^^^^^^^^^^^^^^^^^^^^^

warning: constant `TP_SK_KERNEL_PREFIX` is never used
   --> crates/backend-cuda/src/kernels_tiled_pipeline.rs:711:7
    |
711 | const TP_SK_KERNEL_PREFIX: &str = r#"extern "C" __global__ void gemm_tiled_pipeline_streamk_f32(
    |       ^^^^^^^^^^^^^^^^^^^

warning: constant `TP_SK_TILE_CORE` is never used
   --> crates/backend-cuda/src/kernels_tiled_pipeline.rs:827:7
    |
827 | const TP_SK_TILE_CORE: &str = r#"            int tid = threadIdx.x;
    |       ^^^^^^^^^^^^^^^

warning: constant `TP_SK_KERNEL_SUFFIX` is never used
   --> crates/backend-cuda/src/kernels_tiled_pipeline.rs:965:7
    |
965 | const TP_SK_KERNEL_SUFFIX: &str = "        }\n    }\n}\n";
    |       ^^^^^^^^^^^^^^^^^^^

warning: constant `TP_SK_FIXUP_BLOCK_THREADS` is never used
   --> crates/backend-cuda/src/kernels_tiled_pipeline.rs:979:11
    |
979 | pub const TP_SK_FIXUP_BLOCK_THREADS: u32 = 256;
    |           ^^^^^^^^^^^^^^^^^^^^^^^^^

warning: constant `TP_SK_FIXUP_KERNEL` is never used
    --> crates/backend-cuda/src/kernels_tiled_pipeline.rs:1036:7
     |
1036 | const TP_SK_FIXUP_KERNEL: &str = r#"
     |       ^^^^^^^^^^^^^^^^^^

warning: function `render_streamk_source` is never used
    --> crates/backend-cuda/src/kernels_tiled_pipeline.rs:1105:4
     |
1105 | fn render_streamk_source(stages: u32) -> String {
     |    ^^^^^^^^^^^^^^^^^^^^^

warning: function `tiled_pipeline_streamk_f32_source` is never used
    --> crates/backend-cuda/src/kernels_tiled_pipeline.rs:1120:8
     |
1120 | pub fn tiled_pipeline_streamk_f32_source() -> &'static str {
     |        ^^^^^^^^^^^^^^^^^^^^^^^^^^^^^^^^^

warning: static `TILED_PIPELINE_STREAMK_F32_SOURCE` is never used
    --> crates/backend-cuda/src/kernels_tiled_pipeline.rs:1124:8
     |
1124 | static TILED_PIPELINE_STREAMK_F32_SOURCE: LazyLock<String> =
     |        ^^^^^^^^^^^^^^^^^^^^^^^^^^^^^^^^^

warning: function `tiled_pipeline_streamk_f32_source_with_stages` is never used
    --> crates/backend-cuda/src/kernels_tiled_pipeline.rs:1130:8
     |
1130 | pub fn tiled_pipeline_streamk_f32_source_with_stages(stages: u32) -> Result<String, CudaError> {
     |        ^^^^^^^^^^^^^^^^^^^^^^^^^^^^^^^^^^^^^^^^^^^^^

warning: function `tiled_pipeline_128x64_f32_source_with_stages` is never used
   --> crates/backend-cuda/src/kernels_tiled_pipeline_128x64.rs:320:8
    |
320 | pub fn tiled_pipeline_128x64_f32_source_with_stages(stages: u32) -> Result<String, CudaError> {
    |        ^^^^^^^^^^^^^^^^^^^^^^^^^^^^^^^^^^^^^^^^^^^^

warning: function `render_persistent_source` is never used
   --> crates/backend-cuda/src/kernels_tiled_pipeline_128x64.rs:380:4
    |
380 | fn render_persistent_source(stages: u32) -> String {
    |    ^^^^^^^^^^^^^^^^^^^^^^^^

warning: function `tiled_pipeline_128x64_persistent_f32_source` is never used
   --> crates/backend-cuda/src/kernels_tiled_pipeline_128x64.rs:399:8
    |
399 | pub fn tiled_pipeline_128x64_persistent_f32_source() -> &'static str {
    |        ^^^^^^^^^^^^^^^^^^^^^^^^^^^^^^^^^^^^^^^^^^^

warning: static `TILED_PIPELINE_128X64_PERSISTENT_F32_SOURCE` is never used
   --> crates/backend-cuda/src/kernels_tiled_pipeline_128x64.rs:403:8
    |
403 | static TILED_PIPELINE_128X64_PERSISTENT_F32_SOURCE: LazyLock<String> =
    |        ^^^^^^^^^^^^^^^^^^^^^^^^^^^^^^^^^^^^^^^^^^^

warning: function `tiled_pipeline_128x64_persistent_f32_source_with_stages` is never used
   --> crates/backend-cuda/src/kernels_tiled_pipeline_128x64.rs:411:8
    |
411 | pub fn tiled_pipeline_128x64_persistent_f32_source_with_stages(
    |        ^^^^^^^^^^^^^^^^^^^^^^^^^^^^^^^^^^^^^^^^^^^^^^^^^^^^^^^

warning: constant `TP128_KERNEL_PERSISTENT_PREFIX` is never used
   --> crates/backend-cuda/src/kernels_tiled_pipeline_128x64.rs:695:7
    |
695 | const TP128_KERNEL_PERSISTENT_PREFIX: &str = r#"extern "C" __global__ void gemm_tiled_pipeline_128x64_persistent_f32(
    |       ^^^^^^^^^^^^^^^^^^^^^^^^^^^^^^

warning: constant `TP128_KERNEL_PERSISTENT_SUFFIX` is never used
   --> crates/backend-cuda/src/kernels_tiled_pipeline_128x64.rs:763:7
    |
763 | const TP128_KERNEL_PERSISTENT_SUFFIX: &str = "    }\n}\n";
    |       ^^^^^^^^^^^^^^^^^^^^^^^^^^^^^^

warning: variant `Pageable` is never constructed
   --> crates/backend-cuda/src/host_staging.rs:115:5
    |
 97 | pub enum HostStagingKind {
    |          --------------- variant in this enum
...
115 |     Pageable,
    |     ^^^^^^^^
    |
    = note: `HostStagingKind` has derived impls for the traits `Clone` and `Debug`, but these are intentionally ignored during dead code analysis

warning: method `stats` is never used
   --> crates/backend-cuda/src/host_staging.rs:259:19
    |
232 | impl HostStagingCache {
    | --------------------- method in this implementation
...
259 |     pub(crate) fn stats(&self) -> HostStagingStats {
    |                   ^^^^^

warning: variant `Fresh` is never constructed
   --> crates/backend-cuda/src/memory.rs:559:5
    |
555 | pub(crate) enum ReadbackDest {
    |                 ------------ variant in this enum
...
559 |     Fresh,
    |     ^^^^^
    |
    = note: `ReadbackDest` has derived impls for the traits `Clone` and `Debug`, but these are intentionally ignored during dead code analysis

warning: method `context` is never used
   --> crates/backend-cuda/src/pool.rs:319:19
    |
299 | impl<T: PoolDtype> PooledCudaHandle<T> {
    | -------------------------------------- method in this implementation
...
319 |     pub(crate) fn context(&self) -> &Arc<CudaContext> {
    |                   ^^^^^^^

warning: methods `alloc_uninit_f16` and `upload_f16` are never used
   --> crates/backend-cuda/src/pool.rs:715:19
    |
517 | impl CudaAllocator {
    | ------------------ methods in this implementation
...
715 |     pub(crate) fn alloc_uninit_f16(
    |                   ^^^^^^^^^^^^^^^^
...
730 |     pub(crate) fn upload_f16(&self, src: &[f16]) -> Result<PooledCudaHandle<f16>, CudaError> {
    |                   ^^^^^^^^^^

warning: `fandhe-ai-backend-cuda` (lib) generated 61 warnings (run `cargo fix --lib -p fandhe-ai-backend-cuda` to apply 2 suggestions)
    Finished `release` profile [optimized] target(s) in 0.09s
     Running `target/release/examples/gemm_splitk_ab_bench --max-load-avg=8.0`
== env_guard(gemm_splitk_ab_bench) ==
18:45  up 21 days,  5:58, 19 users, load averages: 4.29 4.07 4.09
env_guard_mode=gated
env_guard_load_avg one=4.29 five=4.07 fifteen=4.09 max_1min=8.00 verdict=pass
env_guard_uptime_secs=1835866 collected_at_unix_secs=1788947140
env_guard_gpu status=available processes=93 flagged=none device_utilization_percent=35 verdict=pass note=watchlist・使用率上限とも未設定のため記録のみ
env_guard_overall verdict=pass attempts=1 max_attempts=10 total_wait_secs=0.00
env_guard_attempt idx=1 waited_before_secs=0.00 load_avg_one=4.29 gpu_verdict=pass overall=pass

== phase0 self-check ==
phase0 kind=target m=32 n=32 k=2048 classic_stable=true target_tile_stable=true splitk_stable=true checksum_a=-6.869225e1 checksum_at=-6.869225e1 checksum_b=-5.168661e2 a_vs_b_fail_count=1022 a_vs_at_fail_count=0
phase0 kind=target m=32 n=32 k=4096 classic_stable=true target_tile_stable=true splitk_stable=true checksum_a=5.972820e2 checksum_at=5.972820e2 checksum_b=8.211057e2 a_vs_b_fail_count=1024 a_vs_at_fail_count=0
phase0 kind=target m=32 n=32 k=8192 classic_stable=true target_tile_stable=true splitk_stable=true checksum_a=-8.061428e2 checksum_at=-8.061428e2 checksum_b=1.409765e3 a_vs_b_fail_count=1024 a_vs_at_fail_count=0
phase0 kind=target m=64 n=64 k=2048 classic_stable=true target_tile_stable=true splitk_stable=true checksum_a=5.889423e2 checksum_at=5.889423e2 checksum_b=-4.355612e2 a_vs_b_fail_count=4095 a_vs_at_fail_count=0
phase0 kind=target m=64 n=64 k=4096 classic_stable=true target_tile_stable=true splitk_stable=true checksum_a=1.295892e3 checksum_at=1.295892e3 checksum_b=4.635942e2 a_vs_b_fail_count=4093 a_vs_at_fail_count=0
phase0 kind=target m=64 n=64 k=8192 classic_stable=true target_tile_stable=true splitk_stable=true checksum_a=1.610392e3 checksum_at=1.610392e3 checksum_b=2.237670e3 a_vs_b_fail_count=4096 a_vs_at_fail_count=0
phase0 kind=target m=128 n=128 k=2048 classic_stable=true target_tile_stable=true splitk_stable=true checksum_a=1.792582e2 checksum_at=1.792582e2 checksum_b=5.483684e3 a_vs_b_fail_count=16377 a_vs_at_fail_count=0
phase0 kind=target m=128 n=128 k=4096 classic_stable=true target_tile_stable=true splitk_stable=true checksum_a=2.508954e3 checksum_at=2.508954e3 checksum_b=2.749408e3 a_vs_b_fail_count=16381 a_vs_at_fail_count=0
phase0 kind=target m=128 n=128 k=8192 classic_stable=true target_tile_stable=true splitk_stable=true checksum_a=-1.640874e3 checksum_at=-1.640874e3 checksum_b=2.714172e2 a_vs_b_fail_count=16380 a_vs_at_fail_count=0
phase0 kind=control m=256 n=256 k=2048 classic_stable=true
phase0 kind=control m=256 n=256 k=4096 classic_stable=true
phase0 kind=control m=256 n=256 k=8192 classic_stable=true
phase0 self-check: 全形状で run-to-run bit 同一を確認した
splitk_ab kind=target m=32 n=32 k=2048 partitions=32 median_a_secs=2.057090e-4 median_b_secs=1.189170e-4 speedup=1.7299 spread_a=7.4600e-1 spread_b=4.1836e-1
splitk_ab kind=target m=32 n=32 k=4096 partitions=32 median_a_secs=3.081660e-4 median_b_secs=1.378340e-4 speedup=2.2358 spread_a=1.6353e0 spread_b=3.6427e-1
splitk_ab kind=target m=32 n=32 k=8192 partitions=32 median_a_secs=4.691670e-4 median_b_secs=1.268750e-4 speedup=3.6979 spread_a=5.4173e-2 spread_b=4.9885e-1
splitk_ab kind=target m=64 n=64 k=2048 partitions=32 median_a_secs=2.367090e-4 median_b_secs=1.416660e-4 speedup=1.6709 spread_a=3.6102e-1 spread_b=3.6530e-1
splitk_ab kind=target m=64 n=64 k=4096 partitions=32 median_a_secs=4.532080e-4 median_b_secs=1.465000e-4 speedup=3.0936 spread_a=7.2437e-1 spread_b=1.6838e-1
splitk_ab kind=target m=64 n=64 k=8192 partitions=32 median_a_secs=5.574580e-4 median_b_secs=1.375000e-4 speedup=4.0542 spread_a=2.9726e-1 spread_b=6.3878e-1
splitk_ab kind=target m=128 n=128 k=2048 partitions=8 median_a_secs=2.352500e-4 median_b_secs=1.339590e-4 speedup=1.7561 spread_a=3.6842e0 spread_b=4.6781e-1
splitk_ab kind=target m=128 n=128 k=4096 partitions=16 median_a_secs=5.860830e-4 median_b_secs=2.319170e-4 speedup=2.5271 spread_a=4.8187e-1 spread_b=4.1843e-1
splitk_ab kind=target m=128 n=128 k=8192 partitions=32 median_a_secs=6.527500e-4 median_b_secs=3.515000e-4 speedup=1.8570 spread_a=3.2156e0 spread_b=5.8061e-1
splitk_ab kind=target_tile m=32 n=32 k=2048 partitions=NA median_a_secs=2.270830e-4 median_b_secs=2.183750e-4 speedup=1.0399 spread_a=1.2112e0 spread_b=2.2705e-1
splitk_ab kind=target_tile m=32 n=32 k=4096 partitions=NA median_a_secs=2.990830e-4 median_b_secs=3.022500e-4 speedup=0.9895 spread_a=2.4655e-2 spread_b=7.3545e-1
splitk_ab kind=target_tile m=32 n=32 k=8192 partitions=NA median_a_secs=4.692500e-4 median_b_secs=4.845420e-4 speedup=0.9684 spread_a=4.2888e-2 spread_b=3.8748e-1
splitk_ab kind=target_tile m=64 n=64 k=2048 partitions=NA median_a_secs=2.314170e-4 median_b_secs=2.300420e-4 speedup=1.0060 spread_a=3.8528e-2 spread_b=8.0420e-2
splitk_ab kind=target_tile m=64 n=64 k=4096 partitions=NA median_a_secs=3.324580e-4 median_b_secs=3.324170e-4 speedup=1.0001 spread_a=4.4992e-2 spread_b=1.1657e-2
splitk_ab kind=target_tile m=64 n=64 k=8192 partitions=NA median_a_secs=5.306250e-4 median_b_secs=5.290000e-4 speedup=1.0031 spread_a=4.9549e-2 spread_b=2.3866e-2
splitk_ab kind=target_tile m=128 n=128 k=2048 partitions=NA median_a_secs=2.352500e-4 median_b_secs=2.340420e-4 speedup=1.0052 spread_a=7.8640e-2 spread_b=2.1203e-1
splitk_ab kind=target_tile m=128 n=128 k=4096 partitions=NA median_a_secs=3.324170e-4 median_b_secs=3.342080e-4 speedup=0.9946 spread_a=3.6725e-2 spread_b=9.1021e-3
splitk_ab kind=target_tile m=128 n=128 k=8192 partitions=NA median_a_secs=5.375410e-4 median_b_secs=5.835000e-4 speedup=0.9212 spread_a=1.0201e-1 spread_b=2.3700e-1
splitk_ab kind=control m=256 n=256 k=2048 partitions=NA median_a_secs=2.736670e-4 median_b_secs=2.335410e-4 speedup=1.1718 spread_a=1.1882e0 spread_b=1.9679e-1
splitk_ab kind=control m=256 n=256 k=4096 partitions=NA median_a_secs=3.322500e-4 median_b_secs=3.354580e-4 speedup=0.9904 spread_a=1.5275e-1 spread_b=5.3211e-1
splitk_ab kind=control m=256 n=256 k=8192 partitions=NA median_a_secs=5.582920e-4 median_b_secs=5.600830e-4 speedup=0.9968 spread_a=5.1795e-2 spread_b=7.2980e-2
splitk_ab kind=control_forced m=256 n=256 k=2048 partitions=2 median_a_secs=2.377500e-4 median_b_secs=1.732920e-4 speedup=1.3720 spread_a=1.5524e0 spread_b=5.1457e-2
splitk_ab kind=control_forced m=256 n=256 k=4096 partitions=4 median_a_secs=3.343750e-4 median_b_secs=1.994160e-4 speedup=1.6768 spread_a=5.8070e-2 spread_b=1.3491e0
splitk_ab kind=control_forced m=256 n=256 k=8192 partitions=8 median_a_secs=5.652080e-4 median_b_secs=3.401250e-4 speedup=1.6618 spread_a=1.2584e-1 spread_b=1.5238e0
splitk_ab kind=floor m=32 n=32 k=64 partitions=NA median_a_secs=8.887500e-5 median_b_secs=NA speedup=NA spread_a=2.8410e-1 spread_b=NA
splitk_ab kind=floor m=64 n=64 k=64 partitions=NA median_a_secs=8.920800e-5 median_b_secs=NA speedup=NA spread_a=4.1710e-1 spread_b=NA
splitk_ab kind=floor m=128 n=128 k=64 partitions=NA median_a_secs=8.841600e-5 median_b_secs=NA speedup=NA spread_a=8.4826e-2 spread_b=NA
splitk_ab kind=floor m=256 n=256 k=64 partitions=NA median_a_secs=8.629200e-5 median_b_secs=NA speedup=NA spread_a=4.5244e-1 spread_b=NA
