   Compiling fandhe-ai-tensor-core v0.6.0
   Compiling fandhe-ai-backend-cpu v0.6.0
   Compiling bench-common v0.1.0 (/Users/nancy/fandhe/library/rust-ai-library/scripts/bench/framework-compare/bench-common)
   Compiling bench-burn v0.1.0 (/Users/nancy/fandhe/library/rust-ai-library/scripts/bench/framework-compare/bench-burn)
   Compiling bench-candle v0.1.0 (/Users/nancy/fandhe/library/rust-ai-library/scripts/bench/framework-compare/bench-candle)
   Compiling fandhe-ai-autodiff v0.6.0
   Compiling fandhe-ai-backend-metal v0.6.0
   Compiling fandhe-ai-backend-cuda v0.6.0
   Compiling fandhe-ai v0.6.0
   Compiling bench-fandhe v0.1.0 (/Users/nancy/fandhe/library/rust-ai-library/scripts/bench/framework-compare/bench-fandhe)
    Finished `release` profile [optimized] target(s) in 21.92s
== bench-fandhe gemm cpu size=256 mode=fresh extra=none ==
{"framework":"fandhe-ai","version":"0.6.0","task":"gemm","device":"cpu","size":256,"median_s":0.000313521,"q1_s":0.000277187,"q3_s":0.000331885,"gflops":107.025,"checksum":237.546660,"warmup":20,"iters":20,"mode":"fresh","parity_total":65536,"parity_fail_count":0,"parity_max_abs_err":0.000000e0,"parity_max_rel_err":0.000000e0}
== bench-fandhe gemm cpu size=512 mode=fresh extra=none ==
{"framework":"fandhe-ai","version":"0.6.0","task":"gemm","device":"cpu","size":512,"median_s":0.000746917,"q1_s":0.000730344,"q3_s":0.000776583,"gflops":359.391,"checksum":937.743233,"warmup":20,"iters":20,"mode":"fresh","parity_total":262144,"parity_fail_count":0,"parity_max_abs_err":0.000000e0,"parity_max_rel_err":0.000000e0}
== bench-fandhe gemm cpu size=1024 mode=fresh extra=none ==
{"framework":"fandhe-ai","version":"0.6.0","task":"gemm","device":"cpu","size":1024,"median_s":0.003563271,"q1_s":0.003515594,"q3_s":0.003712219,"gflops":602.672,"checksum":-1855.597736,"warmup":20,"iters":20,"mode":"fresh","parity_total":1048576,"parity_fail_count":0,"parity_max_abs_err":0.000000e0,"parity_max_rel_err":0.000000e0}
== bench-fandhe gemm cpu size=2048 mode=fresh extra=none ==
{"framework":"fandhe-ai","version":"0.6.0","task":"gemm","device":"cpu","size":2048,"median_s":0.021454166,"q1_s":0.021050552,"q3_s":0.022034438,"gflops":800.771,"checksum":-6016.774008,"warmup":20,"iters":20,"mode":"fresh","parity_total":4194304,"parity_fail_count":0,"parity_max_abs_err":0.000000e0,"parity_max_rel_err":0.000000e0}
== bench-fandhe gemm metal size=256 mode=fresh extra=none ==
{"framework":"fandhe-ai","version":"0.6.0","task":"gemm","device":"metal","size":256,"median_s":0.000285520,"q1_s":0.000263510,"q3_s":0.000294895,"gflops":117.520,"checksum":237.546660,"warmup":20,"iters":20,"mode":"fresh","parity_total":65536,"parity_fail_count":0,"parity_max_abs_err":0.000000e0,"parity_max_rel_err":0.000000e0}
== bench-fandhe gemm metal size=512 mode=fresh extra=none ==
{"framework":"fandhe-ai","version":"0.6.0","task":"gemm","device":"metal","size":512,"median_s":0.000693854,"q1_s":0.000681698,"q3_s":0.000716917,"gflops":386.876,"checksum":937.743233,"warmup":20,"iters":20,"mode":"fresh","parity_total":262144,"parity_fail_count":0,"parity_max_abs_err":0.000000e0,"parity_max_rel_err":0.000000e0}
== bench-fandhe gemm metal size=1024 mode=fresh extra=none ==
{"framework":"fandhe-ai","version":"0.6.0","task":"gemm","device":"metal","size":1024,"median_s":0.002792500,"q1_s":0.002050875,"q3_s":0.002814135,"gflops":769.018,"checksum":-1855.597736,"warmup":20,"iters":20,"mode":"fresh","parity_total":1048576,"parity_fail_count":0,"parity_max_abs_err":0.000000e0,"parity_max_rel_err":0.000000e0}
== bench-fandhe gemm metal size=2048 mode=fresh extra=none ==
{"framework":"fandhe-ai","version":"0.6.0","task":"gemm","device":"metal","size":2048,"median_s":0.008655855,"q1_s":0.007048770,"q3_s":0.011059167,"gflops":1984.769,"checksum":-6016.774008,"warmup":20,"iters":20,"mode":"fresh","parity_total":4194304,"parity_fail_count":0,"parity_max_abs_err":0.000000e0,"parity_max_rel_err":0.000000e0}
== bench-fandhe gemm metal size=4096 mode=fresh extra=none ==
{"framework":"fandhe-ai","version":"0.6.0","task":"gemm","device":"metal","size":4096,"median_s":0.034333292,"q1_s":0.034024677,"q3_s":0.044611229,"gflops":4003.081,"checksum":-25768.747284,"warmup":20,"iters":20,"mode":"fresh","parity_total":16777216,"parity_fail_count":0,"parity_max_abs_err":0.000000e0,"parity_max_rel_err":0.000000e0}
== bench-fandhe train cpu size=64 mode=fresh extra=none ==
{"framework":"fandhe-ai","version":"0.6.0","task":"train","device":"cpu","size":64,"median_s":0.017295229,"q1_s":0.017193677,"q3_s":0.017434281,"checksum":0.080541,"warmup":20,"iters":80,"mode":"fresh"}
== bench-fandhe infer cpu size=64 mode=fresh extra=none ==
{"framework":"fandhe-ai","version":"0.6.0","task":"infer","device":"cpu","size":64,"median_s":0.000567479,"q1_s":0.000519667,"q3_s":0.000576041,"throughput_per_s":1762.180,"checksum":13.976574,"warmup":20,"iters":20,"mode":"fresh"}
== bench-fandhe train metal size=64 mode=fresh extra=none ==
{"framework":"fandhe-ai","version":"0.6.0","task":"train","device":"metal","size":64,"median_s":0.019136416,"q1_s":0.018983792,"q3_s":0.019245188,"checksum":0.080541,"warmup":20,"iters":80,"mode":"fresh"}
== bench-fandhe infer metal size=64 mode=fresh extra=none ==
{"framework":"fandhe-ai","version":"0.6.0","task":"infer","device":"metal","size":64,"median_s":0.000805854,"q1_s":0.000783333,"q3_s":0.000811792,"throughput_per_s":1240.920,"checksum":13.976574,"warmup":20,"iters":20,"mode":"fresh"}
== bench-candle gemm cpu size=256 mode=fresh extra=none ==
{"framework":"candle","version":"0.11.0","task":"gemm","device":"cpu","size":256,"median_s":0.000362645,"q1_s":0.000321364,"q3_s":0.000404333,"gflops":92.527,"checksum":237.546660,"warmup":20,"iters":20,"mode":"fresh","parity_total":65536,"parity_fail_count":0,"parity_max_abs_err":0.000000e0,"parity_max_rel_err":0.000000e0}
== bench-candle gemm cpu size=512 mode=fresh extra=none ==
{"framework":"candle","version":"0.11.0","task":"gemm","device":"cpu","size":512,"median_s":0.000802000,"q1_s":0.000755677,"q3_s":0.000819990,"gflops":334.708,"checksum":937.743233,"warmup":20,"iters":20,"mode":"fresh","parity_total":262144,"parity_fail_count":0,"parity_max_abs_err":0.000000e0,"parity_max_rel_err":0.000000e0}
== bench-candle gemm cpu size=1024 mode=fresh extra=none ==
{"framework":"candle","version":"0.11.0","task":"gemm","device":"cpu","size":1024,"median_s":0.002725042,"q1_s":0.002706240,"q3_s":0.002992156,"gflops":788.055,"checksum":-1855.597736,"warmup":20,"iters":20,"mode":"fresh","parity_total":1048576,"parity_fail_count":0,"parity_max_abs_err":0.000000e0,"parity_max_rel_err":0.000000e0}
== bench-candle gemm cpu size=2048 mode=fresh extra=none ==
{"framework":"candle","version":"0.11.0","task":"gemm","device":"cpu","size":2048,"median_s":0.017690042,"q1_s":0.017479604,"q3_s":0.019729667,"gflops":971.160,"checksum":-6016.774008,"warmup":20,"iters":20,"mode":"fresh","parity_total":4194304,"parity_fail_count":0,"parity_max_abs_err":0.000000e0,"parity_max_rel_err":0.000000e0}
== bench-candle gemm metal size=256 mode=fresh extra=none ==
{"framework":"candle","version":"0.11.0","task":"gemm","device":"metal","size":256,"median_s":0.000250521,"q1_s":0.000247615,"q3_s":0.000258291,"gflops":133.939,"checksum":237.546660,"warmup":20,"iters":20,"mode":"fresh","parity_total":65536,"parity_fail_count":0,"parity_max_abs_err":0.000000e0,"parity_max_rel_err":0.000000e0}
== bench-candle gemm metal size=512 mode=fresh extra=none ==
{"framework":"candle","version":"0.11.0","task":"gemm","device":"metal","size":512,"median_s":0.000517291,"q1_s":0.000512375,"q3_s":0.000525114,"gflops":518.925,"checksum":937.743233,"warmup":20,"iters":20,"mode":"fresh","parity_total":262144,"parity_fail_count":0,"parity_max_abs_err":0.000000e0,"parity_max_rel_err":0.000000e0}
== bench-candle gemm metal size=1024 mode=fresh extra=none ==
{"framework":"candle","version":"0.11.0","task":"gemm","device":"metal","size":1024,"median_s":0.002148833,"q1_s":0.001582416,"q3_s":0.002198573,"gflops":999.372,"checksum":-1855.597736,"warmup":20,"iters":20,"mode":"fresh","parity_total":1048576,"parity_fail_count":0,"parity_max_abs_err":0.000000e0,"parity_max_rel_err":0.000000e0}
== bench-candle gemm metal size=2048 mode=fresh extra=none ==
{"framework":"candle","version":"0.11.0","task":"gemm","device":"metal","size":2048,"median_s":0.006413937,"q1_s":0.006032000,"q3_s":0.009878948,"gflops":2678.521,"checksum":-6016.774008,"warmup":20,"iters":20,"mode":"fresh","parity_total":4194304,"parity_fail_count":0,"parity_max_abs_err":0.000000e0,"parity_max_rel_err":0.000000e0}
== bench-candle gemm metal size=4096 mode=fresh extra=none ==
{"framework":"candle","version":"0.11.0","task":"gemm","device":"metal","size":4096,"median_s":0.032409021,"q1_s":0.029616594,"q3_s":0.034762875,"gflops":4240.762,"checksum":-25768.747284,"warmup":20,"iters":20,"mode":"fresh","parity_total":16777216,"parity_fail_count":0,"parity_max_abs_err":0.000000e0,"parity_max_rel_err":0.000000e0}
== bench-candle train cpu size=64 mode=fresh extra=none ==
{"framework":"candle","version":"0.11.0","task":"train","device":"cpu","size":64,"median_s":0.000880834,"q1_s":0.000814573,"q3_s":0.000949261,"checksum":0.117550,"warmup":20,"iters":80,"mode":"fresh"}
== bench-candle infer cpu size=64 mode=fresh extra=none ==
{"framework":"candle","version":"0.11.0","task":"infer","device":"cpu","size":64,"median_s":0.000202750,"q1_s":0.000148740,"q3_s":0.000285552,"throughput_per_s":4932.182,"checksum":1381.708783,"warmup":20,"iters":20,"mode":"fresh"}
== bench-candle train metal size=64 mode=fresh extra=none ==
{"framework":"candle","version":"0.11.0","task":"train","device":"metal","size":64,"median_s":0.000661625,"q1_s":0.000622385,"q3_s":0.001267459,"checksum":0.117550,"warmup":20,"iters":80,"mode":"fresh"}
== bench-candle infer metal size=64 mode=fresh extra=none ==
{"framework":"candle","version":"0.11.0","task":"infer","device":"metal","size":64,"median_s":0.000409813,"q1_s":0.000235760,"q3_s":0.000420271,"throughput_per_s":2440.140,"checksum":1381.708809,"warmup":20,"iters":20,"mode":"fresh"}
== bench-burn gemm cpu size=256 mode=fresh extra=none ==
{"framework":"burn","version":"0.21.0","task":"gemm","device":"cpu","size":256,"median_s":0.000509792,"q1_s":0.000506687,"q3_s":0.000555260,"gflops":65.820,"checksum":237.546660,"warmup":20,"iters":20,"mode":"fresh","parity_total":65536,"parity_fail_count":0,"parity_max_abs_err":0.000000e0,"parity_max_rel_err":0.000000e0}
== bench-burn gemm cpu size=512 mode=fresh extra=none ==
{"framework":"burn","version":"0.21.0","task":"gemm","device":"cpu","size":512,"median_s":0.002617792,"q1_s":0.002615323,"q3_s":0.002629740,"gflops":102.543,"checksum":937.743112,"warmup":20,"iters":20,"mode":"fresh","parity_total":262144,"parity_fail_count":0,"parity_max_abs_err":9.059906e-6,"parity_max_rel_err":8.316180e-3}
== bench-burn gemm cpu size=1024 mode=fresh extra=none ==
{"framework":"burn","version":"0.21.0","task":"gemm","device":"cpu","size":1024,"median_s":0.020099354,"q1_s":0.020034553,"q3_s":0.020244354,"gflops":106.843,"checksum":-1855.595863,"warmup":20,"iters":20,"mode":"fresh","parity_total":1048576,"parity_fail_count":0,"parity_max_abs_err":2.050400e-5,"parity_max_rel_err":1.834505e-1}
== bench-burn gemm cpu size=2048 mode=fresh extra=none ==
{"framework":"burn","version":"0.21.0","task":"gemm","device":"cpu","size":2048,"median_s":0.158389520,"q1_s":0.157826751,"q3_s":0.159318104,"gflops":108.466,"checksum":-6016.774966,"warmup":20,"iters":20,"mode":"fresh","parity_total":4194304,"parity_fail_count":5,"parity_max_abs_err":3.528595e-5,"parity_max_rel_err":3.051549e-1}
== bench-burn gemm metal size=256 mode=fresh extra=none ==
{"framework":"burn","version":"0.21.0","task":"gemm","device":"metal","size":256,"median_s":0.001396813,"q1_s":0.001369063,"q3_s":0.001548458,"gflops":24.022,"checksum":237.546660,"warmup":20,"iters":20,"mode":"fresh","parity_total":65536,"parity_fail_count":0,"parity_max_abs_err":0.000000e0,"parity_max_rel_err":0.000000e0}
== bench-burn gemm metal size=512 mode=fresh extra=none ==
  -> FAILED (recorded in results/raw/skipped.log)
== bench-burn gemm metal size=1024 mode=fresh extra=none ==
  -> FAILED (recorded in results/raw/skipped.log)
== bench-burn gemm metal size=2048 mode=fresh extra=none ==
  -> FAILED (recorded in results/raw/skipped.log)
== bench-burn gemm metal size=4096 mode=fresh extra=none ==
  -> FAILED (recorded in results/raw/skipped.log)
== bench-burn train cpu size=64 mode=fresh extra=none ==
{"framework":"burn","version":"0.21.0","task":"train","device":"cpu","size":64,"median_s":0.000626125,"q1_s":0.000625584,"q3_s":0.000627761,"checksum":0.117549,"warmup":20,"iters":80,"mode":"fresh"}
== bench-burn infer cpu size=64 mode=fresh extra=none ==
{"framework":"burn","version":"0.21.0","task":"infer","device":"cpu","size":64,"median_s":0.000282166,"q1_s":0.000282000,"q3_s":0.000283188,"throughput_per_s":3544.007,"checksum":1381.708825,"warmup":20,"iters":20,"mode":"fresh"}
== bench-burn train metal size=64 mode=fresh extra=none ==
{"framework":"burn","version":"0.21.0","task":"train","device":"metal","size":64,"median_s":0.001603313,"q1_s":0.001595157,"q3_s":0.001624781,"checksum":0.117550,"warmup":20,"iters":80,"mode":"fresh"}
== bench-burn infer metal size=64 mode=fresh extra=none ==
{"framework":"burn","version":"0.21.0","task":"infer","device":"metal","size":64,"median_s":0.001501334,"q1_s":0.001495032,"q3_s":0.001510073,"throughput_per_s":666.075,"checksum":1381.708783,"warmup":20,"iters":20,"mode":"fresh"}
== bench-fandhe gemm metal size=256 mode=reuse extra=none ==
{"framework":"fandhe-ai","version":"0.6.0","task":"gemm","device":"metal","size":256,"median_s":0.000306666,"q1_s":0.000294136,"q3_s":0.000322678,"gflops":109.417,"checksum":237.546660,"warmup":20,"iters":20,"mode":"reuse","init_s":0.035970417,"parity_total":65536,"parity_fail_count":0,"parity_max_abs_err":0.000000e0,"parity_max_rel_err":0.000000e0}
== bench-fandhe gemm metal size=512 mode=reuse extra=none ==
{"framework":"fandhe-ai","version":"0.6.0","task":"gemm","device":"metal","size":512,"median_s":0.000738500,"q1_s":0.000726355,"q3_s":0.000758573,"gflops":363.487,"checksum":937.743233,"warmup":20,"iters":20,"mode":"reuse","init_s":0.035964500,"parity_total":262144,"parity_fail_count":0,"parity_max_abs_err":0.000000e0,"parity_max_rel_err":0.000000e0}
== bench-fandhe gemm metal size=1024 mode=reuse extra=none ==
{"framework":"fandhe-ai","version":"0.6.0","task":"gemm","device":"metal","size":1024,"median_s":0.003086292,"q1_s":0.002898136,"q3_s":0.003107323,"gflops":695.814,"checksum":-1855.597736,"warmup":20,"iters":20,"mode":"reuse","init_s":0.040482125,"parity_total":1048576,"parity_fail_count":0,"parity_max_abs_err":0.000000e0,"parity_max_rel_err":0.000000e0}
== bench-fandhe gemm metal size=2048 mode=reuse extra=none ==
{"framework":"fandhe-ai","version":"0.6.0","task":"gemm","device":"metal","size":2048,"median_s":0.009888000,"q1_s":0.009032146,"q3_s":0.010685229,"gflops":1737.446,"checksum":-6016.774008,"warmup":20,"iters":20,"mode":"reuse","init_s":0.052157042,"parity_total":4194304,"parity_fail_count":0,"parity_max_abs_err":0.000000e0,"parity_max_rel_err":0.000000e0}
== bench-fandhe gemm metal size=4096 mode=reuse extra=none ==
{"framework":"fandhe-ai","version":"0.6.0","task":"gemm","device":"metal","size":4096,"median_s":0.048865084,"q1_s":0.040644407,"q3_s":0.049924792,"gflops":2812.621,"checksum":-25768.747284,"warmup":20,"iters":20,"mode":"reuse","init_s":0.101235666,"parity_total":16777216,"parity_fail_count":0,"parity_max_abs_err":0.000000e0,"parity_max_rel_err":0.000000e0}
== bench-fandhe train cpu size=64 mode=reuse extra=none ==
{"framework":"fandhe-ai","version":"0.6.0","task":"train","device":"cpu","size":64,"median_s":0.008072750,"q1_s":0.007971324,"q3_s":0.008129459,"checksum":0.080541,"warmup":20,"iters":80,"mode":"reuse","init_s":0.000166125}
== bench-fandhe train metal size=64 mode=reuse extra=none ==
{"framework":"fandhe-ai","version":"0.6.0","task":"train","device":"metal","size":64,"median_s":0.009108001,"q1_s":0.008937667,"q3_s":0.009323167,"checksum":0.080541,"warmup":20,"iters":80,"mode":"reuse","init_s":0.033044125}
== bench-fandhe train cpu size=64 mode=fresh extra=--phases ==
{"framework":"fandhe-ai","version":"0.6.0","task":"train_phases","device":"cpu","size":64,"median_s":0.000000042,"q1_s":0.000000041,"q3_s":0.000000083,"checksum":0.080541,"warmup":20,"iters":80,"mode":"fresh","phase":"tape_build","phase_index":0}
{"framework":"fandhe-ai","version":"0.6.0","task":"train_phases","device":"cpu","size":64,"median_s":0.000000646,"q1_s":0.000000541,"q3_s":0.000000875,"checksum":0.080541,"warmup":20,"iters":80,"mode":"fresh","phase":"leaf_register","phase_index":1}
{"framework":"fandhe-ai","version":"0.6.0","task":"train_phases","device":"cpu","size":64,"median_s":0.000621250,"q1_s":0.000499542,"q3_s":0.000664854,"checksum":0.080541,"warmup":20,"iters":80,"mode":"fresh","phase":"forward","phase_index":2}
{"framework":"fandhe-ai","version":"0.6.0","task":"train_phases","device":"cpu","size":64,"median_s":0.000000042,"q1_s":0.000000041,"q3_s":0.000000083,"checksum":0.080541,"warmup":20,"iters":80,"mode":"fresh","phase":"loss_readout","phase_index":3}
{"framework":"fandhe-ai","version":"0.6.0","task":"train_phases","device":"cpu","size":64,"median_s":0.016528500,"q1_s":0.016388584,"q3_s":0.016614073,"checksum":0.080541,"warmup":20,"iters":80,"mode":"fresh","phase":"backward","phase_index":4}
{"framework":"fandhe-ai","version":"0.6.0","task":"train_phases","device":"cpu","size":64,"median_s":0.000022521,"q1_s":0.000021646,"q3_s":0.000023177,"checksum":0.080541,"warmup":20,"iters":80,"mode":"fresh","phase":"param_readout","phase_index":5}
{"framework":"fandhe-ai","version":"0.6.0","task":"train_phases","device":"cpu","size":64,"median_s":0.000033042,"q1_s":0.000031406,"q3_s":0.000033677,"checksum":0.080541,"warmup":20,"iters":80,"mode":"fresh","phase":"host_sgd","phase_index":6}
{"framework":"fandhe-ai","version":"0.6.0","task":"train_phases","device":"cpu","size":64,"median_s":0.000000375,"q1_s":0.000000291,"q3_s":0.000000417,"checksum":0.080541,"warmup":20,"iters":80,"mode":"fresh","phase":"apply_params","phase_index":7}
{"framework":"fandhe-ai","version":"0.6.0","task":"train_phases","device":"cpu","size":64,"median_s":0.000000833,"q1_s":0.000000709,"q3_s":0.000001011,"checksum":0.080541,"warmup":20,"iters":80,"mode":"fresh","phase":"tape_drop","phase_index":8}
{"framework":"fandhe-ai","version":"0.6.0","task":"train_phases","device":"cpu","size":64,"median_s":0.017129542,"q1_s":0.017048823,"q3_s":0.017315875,"checksum":0.080541,"warmup":20,"iters":80,"mode":"fresh","phase":"step_total","phase_index":9}
== bench-fandhe train cpu size=64 mode=reuse extra=--phases ==
{"framework":"fandhe-ai","version":"0.6.0","task":"train_phases","device":"cpu","size":64,"median_s":0.000000042,"q1_s":0.000000042,"q3_s":0.000000083,"checksum":0.080541,"warmup":20,"iters":80,"mode":"reuse","init_s":0.000158750,"phase":"tape_build","phase_index":0}
{"framework":"fandhe-ai","version":"0.6.0","task":"train_phases","device":"cpu","size":64,"median_s":0.000000209,"q1_s":0.000000167,"q3_s":0.000000292,"checksum":0.080541,"warmup":20,"iters":80,"mode":"reuse","init_s":0.000158750,"phase":"leaf_register","phase_index":1}
{"framework":"fandhe-ai","version":"0.6.0","task":"train_phases","device":"cpu","size":64,"median_s":0.000487625,"q1_s":0.000422052,"q3_s":0.000531771,"checksum":0.080541,"warmup":20,"iters":80,"mode":"reuse","init_s":0.000158750,"phase":"forward_resident","phase_index":2}
{"framework":"fandhe-ai","version":"0.6.0","task":"train_phases","device":"cpu","size":64,"median_s":0.000000042,"q1_s":0.000000041,"q3_s":0.000000083,"checksum":0.080541,"warmup":20,"iters":80,"mode":"reuse","init_s":0.000158750,"phase":"loss_readout","phase_index":3}
{"framework":"fandhe-ai","version":"0.6.0","task":"train_phases","device":"cpu","size":64,"median_s":0.007292771,"q1_s":0.007219000,"q3_s":0.007405938,"checksum":0.080541,"warmup":20,"iters":80,"mode":"reuse","init_s":0.000158750,"phase":"backward","phase_index":4}
{"framework":"fandhe-ai","version":"0.6.0","task":"train_phases","device":"cpu","size":64,"median_s":0.000137542,"q1_s":0.000136562,"q3_s":0.000138614,"checksum":0.080541,"warmup":20,"iters":80,"mode":"reuse","init_s":0.000158750,"phase":"device_update","phase_index":5}
{"framework":"fandhe-ai","version":"0.6.0","task":"train_phases","device":"cpu","size":64,"median_s":0.000000500,"q1_s":0.000000417,"q3_s":0.000000583,"checksum":0.080541,"warmup":20,"iters":80,"mode":"reuse","init_s":0.000158750,"phase":"tape_drop","phase_index":6}
{"framework":"fandhe-ai","version":"0.6.0","task":"train_phases","device":"cpu","size":64,"median_s":0.007937105,"q1_s":0.007849479,"q3_s":0.008043761,"checksum":0.080541,"warmup":20,"iters":80,"mode":"reuse","init_s":0.000158750,"phase":"step_total","phase_index":7}
== bench-fandhe train metal size=64 mode=fresh extra=--phases ==
{"framework":"fandhe-ai","version":"0.6.0","task":"train_phases","device":"metal","size":64,"median_s":0.000041230,"q1_s":0.000028010,"q3_s":0.000057021,"checksum":0.080541,"warmup":20,"iters":80,"mode":"fresh","phase":"tape_build","phase_index":0}
{"framework":"fandhe-ai","version":"0.6.0","task":"train_phases","device":"metal","size":64,"median_s":0.000001062,"q1_s":0.000000740,"q3_s":0.000001416,"checksum":0.080541,"warmup":20,"iters":80,"mode":"fresh","phase":"leaf_register","phase_index":1}
{"framework":"fandhe-ai","version":"0.6.0","task":"train_phases","device":"metal","size":64,"median_s":0.002075416,"q1_s":0.002011281,"q3_s":0.002174604,"checksum":0.080541,"warmup":20,"iters":80,"mode":"fresh","phase":"forward","phase_index":2}
{"framework":"fandhe-ai","version":"0.6.0","task":"train_phases","device":"metal","size":64,"median_s":0.000000083,"q1_s":0.000000042,"q3_s":0.000000125,"checksum":0.080541,"warmup":20,"iters":80,"mode":"fresh","phase":"loss_readout","phase_index":3}
{"framework":"fandhe-ai","version":"0.6.0","task":"train_phases","device":"metal","size":64,"median_s":0.016966208,"q1_s":0.016841313,"q3_s":0.017111604,"checksum":0.080541,"warmup":20,"iters":80,"mode":"fresh","phase":"backward","phase_index":4}
{"framework":"fandhe-ai","version":"0.6.0","task":"train_phases","device":"metal","size":64,"median_s":0.000023730,"q1_s":0.000022282,"q3_s":0.000025906,"checksum":0.080541,"warmup":20,"iters":80,"mode":"fresh","phase":"param_readout","phase_index":5}
{"framework":"fandhe-ai","version":"0.6.0","task":"train_phases","device":"metal","size":64,"median_s":0.000033041,"q1_s":0.000031709,"q3_s":0.000034708,"checksum":0.080541,"warmup":20,"iters":80,"mode":"fresh","phase":"host_sgd","phase_index":6}
{"framework":"fandhe-ai","version":"0.6.0","task":"train_phases","device":"metal","size":64,"median_s":0.000000542,"q1_s":0.000000417,"q3_s":0.000000708,"checksum":0.080541,"warmup":20,"iters":80,"mode":"fresh","phase":"apply_params","phase_index":7}
{"framework":"fandhe-ai","version":"0.6.0","task":"train_phases","device":"metal","size":64,"median_s":0.000001124,"q1_s":0.000000864,"q3_s":0.000001500,"checksum":0.080541,"warmup":20,"iters":80,"mode":"fresh","phase":"tape_drop","phase_index":8}
{"framework":"fandhe-ai","version":"0.6.0","task":"train_phases","device":"metal","size":64,"median_s":0.019211125,"q1_s":0.019046114,"q3_s":0.019316385,"checksum":0.080541,"warmup":20,"iters":80,"mode":"fresh","phase":"step_total","phase_index":9}
== bench-fandhe train metal size=64 mode=reuse extra=--phases ==
{"framework":"fandhe-ai","version":"0.6.0","task":"train_phases","device":"metal","size":64,"median_s":0.000019916,"q1_s":0.000015729,"q3_s":0.000030730,"checksum":0.080541,"warmup":20,"iters":80,"mode":"reuse","init_s":0.033547667,"phase":"tape_build","phase_index":0}
{"framework":"fandhe-ai","version":"0.6.0","task":"train_phases","device":"metal","size":64,"median_s":0.000000208,"q1_s":0.000000166,"q3_s":0.000000302,"checksum":0.080541,"warmup":20,"iters":80,"mode":"reuse","init_s":0.033547667,"phase":"leaf_register","phase_index":1}
{"framework":"fandhe-ai","version":"0.6.0","task":"train_phases","device":"metal","size":64,"median_s":0.001427917,"q1_s":0.001332302,"q3_s":0.001509605,"checksum":0.080541,"warmup":20,"iters":80,"mode":"reuse","init_s":0.033547667,"phase":"forward_resident","phase_index":2}
{"framework":"fandhe-ai","version":"0.6.0","task":"train_phases","device":"metal","size":64,"median_s":0.000000042,"q1_s":0.000000042,"q3_s":0.000000084,"checksum":0.080541,"warmup":20,"iters":80,"mode":"reuse","init_s":0.033547667,"phase":"loss_readout","phase_index":3}
{"framework":"fandhe-ai","version":"0.6.0","task":"train_phases","device":"metal","size":64,"median_s":0.007579979,"q1_s":0.007500990,"q3_s":0.007707291,"checksum":0.080541,"warmup":20,"iters":80,"mode":"reuse","init_s":0.033547667,"phase":"backward","phase_index":4}
{"framework":"fandhe-ai","version":"0.6.0","task":"train_phases","device":"metal","size":64,"median_s":0.000076083,"q1_s":0.000071219,"q3_s":0.000085167,"checksum":0.080541,"warmup":20,"iters":80,"mode":"reuse","init_s":0.033547667,"phase":"device_update","phase_index":5}
{"framework":"fandhe-ai","version":"0.6.0","task":"train_phases","device":"metal","size":64,"median_s":0.000000417,"q1_s":0.000000333,"q3_s":0.000000510,"checksum":0.080541,"warmup":20,"iters":80,"mode":"reuse","init_s":0.033547667,"phase":"tape_drop","phase_index":6}
{"framework":"fandhe-ai","version":"0.6.0","task":"train_phases","device":"metal","size":64,"median_s":0.009120500,"q1_s":0.008959969,"q3_s":0.009329677,"checksum":0.080541,"warmup":20,"iters":80,"mode":"reuse","init_s":0.033547667,"phase":"step_total","phase_index":7}
done. results in results/raw/results.jsonl ; failures (if any) in results/raw/skipped.log
