== run=1 train cuda mode=fresh --phases ==
== run=1 train cuda mode=reuse --phases ==
== run=1 train cpu mode=fresh --phases ==
== run=1 train cpu mode=reuse --phases ==
== run=2 train cuda mode=fresh --phases ==
== run=2 train cuda mode=reuse --phases ==
== run=2 train cpu mode=fresh --phases ==
== run=2 train cpu mode=reuse --phases ==
== run=3 train cuda mode=fresh --phases ==
== run=3 train cuda mode=reuse --phases ==
== run=3 train cpu mode=fresh --phases ==
== run=3 train cpu mode=reuse --phases ==
== run=4 train cuda mode=fresh --phases ==
== run=4 train cuda mode=reuse --phases ==
== run=4 train cpu mode=fresh --phases ==
== run=4 train cpu mode=reuse --phases ==
== run=5 train cuda mode=fresh --phases ==
== run=5 train cuda mode=reuse --phases ==
== run=5 train cpu mode=fresh --phases ==
== run=5 train cpu mode=reuse --phases ==
done.
