== build bench-fandhe  ==
== build bench-candle --no-default-features --features cuda ==
== build bench-burn --no-default-features --features cuda ==
== bench-fandhe gemm cuda size=256 mode=fresh extra=none ==
{"framework":"fandhe-ai","version":"0.5.0","task":"gemm","device":"cuda","size":256,"median_s":0.000109168,"q1_s":0.000108872,"q3_s":0.000109552,"gflops":307.365,"checksum":237.546660,"warmup":20,"iters":20,"mode":"fresh","parity_total":65536,"parity_fail_count":0,"parity_max_abs_err":0.000000e0,"parity_max_rel_err":0.000000e0}
== bench-fandhe gemm cuda size=512 mode=fresh extra=none ==
{"framework":"fandhe-ai","version":"0.5.0","task":"gemm","device":"cuda","size":512,"median_s":0.000328728,"q1_s":0.000328452,"q3_s":0.000329672,"gflops":816.588,"checksum":937.743233,"warmup":20,"iters":20,"mode":"fresh","parity_total":262144,"parity_fail_count":0,"parity_max_abs_err":0.000000e0,"parity_max_rel_err":0.000000e0}
== bench-fandhe gemm cuda size=1024 mode=fresh extra=none ==
{"framework":"fandhe-ai","version":"0.5.0","task":"gemm","device":"cuda","size":1024,"median_s":0.001268569,"q1_s":0.001267837,"q3_s":0.001271241,"gflops":1692.839,"checksum":-1855.597736,"warmup":20,"iters":20,"mode":"fresh","parity_total":1048576,"parity_fail_count":0,"parity_max_abs_err":0.000000e0,"parity_max_rel_err":0.000000e0}
== bench-fandhe gemm cuda size=2048 mode=fresh extra=none ==
{"framework":"fandhe-ai","version":"0.5.0","task":"gemm","device":"cuda","size":2048,"median_s":0.140213686,"q1_s":0.137226140,"q3_s":0.144053718,"gflops":122.526,"checksum":-6016.774008,"warmup":20,"iters":20,"mode":"fresh","parity_total":4194304,"parity_fail_count":0,"parity_max_abs_err":0.000000e0,"parity_max_rel_err":0.000000e0}
== bench-fandhe gemm cuda size=4096 mode=fresh extra=none ==
{"framework":"fandhe-ai","version":"0.5.0","task":"gemm","device":"cuda","size":4096,"median_s":0.069214536,"q1_s":0.068882447,"q3_s":0.069853601,"gflops":1985.695,"checksum":-25768.747284,"warmup":20,"iters":20,"mode":"fresh","parity_total":16777216,"parity_fail_count":0,"parity_max_abs_err":0.000000e0,"parity_max_rel_err":0.000000e0}
== bench-fandhe gemm cpu size=256 mode=fresh extra=none ==
{"framework":"fandhe-ai","version":"0.5.0","task":"gemm","device":"cpu","size":256,"median_s":0.000544593,"q1_s":0.000414869,"q3_s":0.000671680,"gflops":61.614,"checksum":237.546660,"warmup":20,"iters":20,"mode":"fresh","parity_total":65536,"parity_fail_count":0,"parity_max_abs_err":0.000000e0,"parity_max_rel_err":0.000000e0}
== bench-fandhe gemm cpu size=512 mode=fresh extra=none ==
{"framework":"fandhe-ai","version":"0.5.0","task":"gemm","device":"cpu","size":512,"median_s":0.002631714,"q1_s":0.002327134,"q3_s":0.002713834,"gflops":102.000,"checksum":937.743233,"warmup":20,"iters":20,"mode":"fresh","parity_total":262144,"parity_fail_count":0,"parity_max_abs_err":0.000000e0,"parity_max_rel_err":0.000000e0}
== bench-fandhe gemm cpu size=1024 mode=fresh extra=none ==
{"framework":"fandhe-ai","version":"0.5.0","task":"gemm","device":"cpu","size":1024,"median_s":0.007574279,"q1_s":0.007356295,"q3_s":0.007906195,"gflops":283.523,"checksum":-1855.597736,"warmup":20,"iters":20,"mode":"fresh","parity_total":1048576,"parity_fail_count":0,"parity_max_abs_err":0.000000e0,"parity_max_rel_err":0.000000e0}
== bench-fandhe gemm cpu size=2048 mode=fresh extra=none ==
{"framework":"fandhe-ai","version":"0.5.0","task":"gemm","device":"cpu","size":2048,"median_s":0.036029305,"q1_s":0.035558985,"q3_s":0.037081810,"gflops":476.830,"checksum":-6016.774008,"warmup":20,"iters":20,"mode":"fresh","parity_total":4194304,"parity_fail_count":0,"parity_max_abs_err":0.000000e0,"parity_max_rel_err":0.000000e0}
== bench-fandhe train cuda size=64 mode=fresh extra=none ==
{"framework":"fandhe-ai","version":"0.5.0","task":"train","device":"cuda","size":64,"median_s":0.011489979,"q1_s":0.011481938,"q3_s":0.011503311,"checksum":0.080541,"warmup":20,"iters":80,"mode":"fresh"}
== bench-fandhe infer cuda size=64 mode=fresh extra=none ==
{"framework":"fandhe-ai","version":"0.5.0","task":"infer","device":"cuda","size":64,"median_s":0.000152848,"q1_s":0.000151572,"q3_s":0.000154012,"throughput_per_s":6542.426,"checksum":13.976574,"warmup":20,"iters":20,"mode":"fresh"}
== bench-fandhe train cpu size=64 mode=fresh extra=none ==
{"framework":"fandhe-ai","version":"0.5.0","task":"train","device":"cpu","size":64,"median_s":0.013496053,"q1_s":0.013060821,"q3_s":0.014069625,"checksum":0.080541,"warmup":20,"iters":80,"mode":"fresh"}
== bench-fandhe infer cpu size=64 mode=fresh extra=none ==
{"framework":"fandhe-ai","version":"0.5.0","task":"infer","device":"cpu","size":64,"median_s":0.000403648,"q1_s":0.000342604,"q3_s":0.000680425,"throughput_per_s":2477.406,"checksum":13.976574,"warmup":20,"iters":20,"mode":"fresh"}
== bench-candle gemm cuda size=256 mode=fresh extra=none ==
{"framework":"candle","version":"0.11.0","task":"gemm","device":"cuda","size":256,"median_s":0.000076577,"q1_s":0.000076224,"q3_s":0.000076864,"gflops":438.182,"checksum":237.546670,"warmup":20,"iters":20,"mode":"fresh","parity_total":65536,"parity_fail_count":0,"parity_max_abs_err":4.053116e-6,"parity_max_rel_err":2.549727e-2}
== bench-candle gemm cuda size=512 mode=fresh extra=none ==
{"framework":"candle","version":"0.11.0","task":"gemm","device":"cuda","size":512,"median_s":0.000235856,"q1_s":0.000235188,"q3_s":0.000236212,"gflops":1138.133,"checksum":937.743128,"warmup":20,"iters":20,"mode":"fresh","parity_total":262144,"parity_fail_count":0,"parity_max_abs_err":9.536743e-6,"parity_max_rel_err":8.516808e-3}
== bench-candle gemm cuda size=1024 mode=fresh extra=none ==
{"framework":"candle","version":"0.11.0","task":"gemm","device":"cuda","size":1024,"median_s":0.000924392,"q1_s":0.000923149,"q3_s":0.000925569,"gflops":2323.130,"checksum":-1855.594967,"warmup":20,"iters":20,"mode":"fresh","parity_total":1048576,"parity_fail_count":0,"parity_max_abs_err":1.811981e-5,"parity_max_rel_err":3.398111e-1}
== bench-candle gemm cuda size=2048 mode=fresh extra=none ==
{"framework":"candle","version":"0.11.0","task":"gemm","device":"cuda","size":2048,"median_s":0.004202684,"q1_s":0.004194492,"q3_s":0.004207115,"gflops":4087.833,"checksum":-6016.775802,"warmup":20,"iters":20,"mode":"fresh","parity_total":4194304,"parity_fail_count":2,"parity_max_abs_err":3.623962e-5,"parity_max_rel_err":2.811288e-1}
== bench-candle gemm cuda size=4096 mode=fresh extra=none ==
{"framework":"candle","version":"0.11.0","task":"gemm","device":"cuda","size":4096,"median_s":0.055508677,"q1_s":0.053931904,"q3_s":0.056124722,"gflops":2475.990,"checksum":-25768.747284,"warmup":20,"iters":20,"mode":"fresh","parity_total":16777216,"parity_fail_count":0,"parity_max_abs_err":0.000000e0,"parity_max_rel_err":0.000000e0}
== bench-candle gemm cpu size=256 mode=fresh extra=none ==
{"framework":"candle","version":"0.11.0","task":"gemm","device":"cpu","size":256,"median_s":0.000340656,"q1_s":0.000265132,"q3_s":0.000360972,"gflops":98.499,"checksum":237.546660,"warmup":20,"iters":20,"mode":"fresh","parity_total":65536,"parity_fail_count":0,"parity_max_abs_err":0.000000e0,"parity_max_rel_err":0.000000e0}
== bench-candle gemm cpu size=512 mode=fresh extra=none ==
{"framework":"candle","version":"0.11.0","task":"gemm","device":"cpu","size":512,"median_s":0.001789986,"q1_s":0.001584310,"q3_s":0.002148346,"gflops":149.965,"checksum":937.743233,"warmup":20,"iters":20,"mode":"fresh","parity_total":262144,"parity_fail_count":0,"parity_max_abs_err":0.000000e0,"parity_max_rel_err":0.000000e0}
== bench-candle gemm cpu size=1024 mode=fresh extra=none ==
{"framework":"candle","version":"0.11.0","task":"gemm","device":"cpu","size":1024,"median_s":0.005360053,"q1_s":0.005299025,"q3_s":0.005574101,"gflops":400.646,"checksum":-1855.597736,"warmup":20,"iters":20,"mode":"fresh","parity_total":1048576,"parity_fail_count":0,"parity_max_abs_err":0.000000e0,"parity_max_rel_err":0.000000e0}
== bench-candle gemm cpu size=2048 mode=fresh extra=none ==
{"framework":"candle","version":"0.11.0","task":"gemm","device":"cpu","size":2048,"median_s":0.033490152,"q1_s":0.032758115,"q3_s":0.034592165,"gflops":512.983,"checksum":-6016.773874,"warmup":20,"iters":20,"mode":"fresh","parity_total":4194304,"parity_fail_count":2,"parity_max_abs_err":3.814697e-5,"parity_max_rel_err":3.944416e-1}
== bench-candle train cuda size=64 mode=fresh extra=none ==
{"framework":"candle","version":"0.11.0","task":"train","device":"cuda","size":64,"median_s":0.000268729,"q1_s":0.000266580,"q3_s":0.000271864,"checksum":0.117549,"warmup":20,"iters":80,"mode":"fresh"}
== bench-candle infer cuda size=64 mode=fresh extra=none ==
{"framework":"candle","version":"0.11.0","task":"infer","device":"cuda","size":64,"median_s":0.000039896,"q1_s":0.000039416,"q3_s":0.000040949,"throughput_per_s":25065.169,"checksum":1381.708740,"warmup":20,"iters":20,"mode":"fresh"}
== bench-candle train cpu size=64 mode=fresh extra=none ==
{"framework":"candle","version":"0.11.0","task":"train","device":"cpu","size":64,"median_s":0.002567522,"q1_s":0.002227347,"q3_s":0.002828631,"checksum":0.117550,"warmup":20,"iters":80,"mode":"fresh"}
== bench-candle infer cpu size=64 mode=fresh extra=none ==
{"framework":"candle","version":"0.11.0","task":"infer","device":"cpu","size":64,"median_s":0.000229824,"q1_s":0.000216380,"q3_s":0.000260988,"throughput_per_s":4351.156,"checksum":1381.708783,"warmup":20,"iters":20,"mode":"fresh"}
== bench-burn gemm cuda size=256 mode=fresh extra=none ==
{"framework":"burn","version":"0.21.0","task":"gemm","device":"cuda","size":256,"median_s":0.000701721,"q1_s":0.000279069,"q3_s":0.000839737,"gflops":47.817,"checksum":237.580621,"warmup":20,"iters":20,"mode":"fresh","parity_total":65536,"parity_fail_count":10538,"parity_max_abs_err":1.581430e-3,"parity_max_rel_err":1.553981e0,"tf32":true}
== bench-burn gemm cuda size=512 mode=fresh extra=none ==
{"framework":"burn","version":"0.21.0","task":"gemm","device":"cuda","size":512,"median_s":0.000638617,"q1_s":0.000379628,"q3_s":0.000665813,"gflops":420.339,"checksum":937.360224,"warmup":20,"iters":20,"mode":"fresh","parity_total":262144,"parity_fail_count":42361,"parity_max_abs_err":2.342582e-3,"parity_max_rel_err":1.972325e0,"tf32":true}
== bench-burn gemm cuda size=1024 mode=fresh extra=none ==
{"framework":"burn","version":"0.21.0","task":"gemm","device":"cuda","size":1024,"median_s":0.000962377,"q1_s":0.000958409,"q3_s":0.001015105,"gflops":2231.437,"checksum":-1855.919764,"warmup":20,"iters":20,"mode":"fresh","parity_total":1048576,"parity_fail_count":169929,"parity_max_abs_err":3.642797e-3,"parity_max_rel_err":1.964783e0,"tf32":true}
== bench-burn gemm cuda size=2048 mode=fresh extra=none ==
{"framework":"burn","version":"0.21.0","task":"gemm","device":"cuda","size":2048,"median_s":0.004136900,"q1_s":0.004090408,"q3_s":0.004184612,"gflops":4152.836,"checksum":-6017.744475,"warmup":20,"iters":20,"mode":"fresh","parity_total":4194304,"parity_fail_count":681454,"parity_max_abs_err":4.941225e-3,"parity_max_rel_err":1.986745e0,"tf32":true}
== bench-burn gemm cuda size=4096 mode=fresh extra=none ==
{"framework":"burn","version":"0.21.0","task":"gemm","device":"cuda","size":4096,"median_s":0.037566125,"q1_s":0.037500461,"q3_s":0.037623790,"gflops":3658.587,"checksum":-25774.003763,"warmup":20,"iters":20,"mode":"fresh","parity_total":16777216,"parity_fail_count":2729050,"parity_max_abs_err":7.116556e-3,"parity_max_rel_err":1.997358e0,"tf32":true}
== bench-burn gemm cpu size=256 mode=fresh extra=none ==
{"framework":"burn","version":"0.21.0","task":"gemm","device":"cpu","size":256,"median_s":0.000513768,"q1_s":0.000499385,"q3_s":0.000516128,"gflops":65.310,"checksum":237.546660,"warmup":20,"iters":20,"mode":"fresh","parity_total":65536,"parity_fail_count":0,"parity_max_abs_err":0.000000e0,"parity_max_rel_err":0.000000e0}
== bench-burn gemm cpu size=512 mode=fresh extra=none ==
{"framework":"burn","version":"0.21.0","task":"gemm","device":"cpu","size":512,"median_s":0.003303491,"q1_s":0.003228492,"q3_s":0.003362731,"gflops":81.258,"checksum":937.743112,"warmup":20,"iters":20,"mode":"fresh","parity_total":262144,"parity_fail_count":0,"parity_max_abs_err":9.059906e-6,"parity_max_rel_err":8.316180e-3}
== bench-burn gemm cpu size=1024 mode=fresh extra=none ==
{"framework":"burn","version":"0.21.0","task":"gemm","device":"cpu","size":1024,"median_s":0.021740877,"q1_s":0.021638469,"q3_s":0.021757997,"gflops":98.776,"checksum":-1855.595863,"warmup":20,"iters":20,"mode":"fresh","parity_total":1048576,"parity_fail_count":0,"parity_max_abs_err":2.050400e-5,"parity_max_rel_err":1.834505e-1}
== bench-burn gemm cpu size=2048 mode=fresh extra=none ==
{"framework":"burn","version":"0.21.0","task":"gemm","device":"cpu","size":2048,"median_s":0.155015483,"q1_s":0.153731931,"q3_s":0.155658772,"gflops":110.827,"checksum":-6016.774966,"warmup":20,"iters":20,"mode":"fresh","parity_total":4194304,"parity_fail_count":5,"parity_max_abs_err":3.528595e-5,"parity_max_rel_err":3.051549e-1}
== bench-burn train cuda size=64 mode=fresh extra=none ==
{"framework":"burn","version":"0.21.0","task":"train","device":"cuda","size":64,"median_s":0.000774737,"q1_s":0.000521989,"q3_s":0.000927109,"checksum":0.117643,"warmup":20,"iters":80,"mode":"fresh","tf32":true}
== bench-burn infer cuda size=64 mode=fresh extra=none ==
{"framework":"burn","version":"0.21.0","task":"infer","device":"cuda","size":64,"median_s":0.000432648,"q1_s":0.000210208,"q3_s":0.000483589,"throughput_per_s":2311.348,"checksum":1381.643178,"warmup":20,"iters":20,"mode":"fresh","tf32":true}
== bench-burn train cpu size=64 mode=fresh extra=none ==
{"framework":"burn","version":"0.21.0","task":"train","device":"cpu","size":64,"median_s":0.000737313,"q1_s":0.000734665,"q3_s":0.000747717,"checksum":0.117549,"warmup":20,"iters":80,"mode":"fresh"}
== bench-burn infer cpu size=64 mode=fresh extra=none ==
{"framework":"burn","version":"0.21.0","task":"infer","device":"cpu","size":64,"median_s":0.000230544,"q1_s":0.000230049,"q3_s":0.000231412,"throughput_per_s":4337.567,"checksum":1381.708825,"warmup":20,"iters":20,"mode":"fresh"}
== bench-fandhe gemm cuda size=256 mode=reuse extra=none ==
{"framework":"fandhe-ai","version":"0.5.0","task":"gemm","device":"cuda","size":256,"median_s":0.000108984,"q1_s":0.000108192,"q3_s":0.000173976,"gflops":307.884,"checksum":237.546660,"warmup":20,"iters":20,"mode":"reuse","init_s":0.389344666,"parity_total":65536,"parity_fail_count":0,"parity_max_abs_err":0.000000e0,"parity_max_rel_err":0.000000e0}
== bench-fandhe gemm cuda size=512 mode=reuse extra=none ==
{"framework":"fandhe-ai","version":"0.5.0","task":"gemm","device":"cuda","size":512,"median_s":0.000614089,"q1_s":0.000611013,"q3_s":0.000623480,"gflops":437.128,"checksum":937.743233,"warmup":20,"iters":20,"mode":"reuse","init_s":0.415681061,"parity_total":262144,"parity_fail_count":0,"parity_max_abs_err":0.000000e0,"parity_max_rel_err":0.000000e0}
== bench-fandhe gemm cuda size=1024 mode=reuse extra=none ==
{"framework":"fandhe-ai","version":"0.5.0","task":"gemm","device":"cuda","size":1024,"median_s":0.002460339,"q1_s":0.002366954,"q3_s":0.002476246,"gflops":872.841,"checksum":-1855.597736,"warmup":20,"iters":20,"mode":"reuse","init_s":0.403691337,"parity_total":1048576,"parity_fail_count":0,"parity_max_abs_err":0.000000e0,"parity_max_rel_err":0.000000e0}
== bench-fandhe gemm cuda size=2048 mode=reuse extra=none ==
{"framework":"fandhe-ai","version":"0.5.0","task":"gemm","device":"cuda","size":2048,"median_s":0.010521634,"q1_s":0.010276994,"q3_s":0.010582935,"gflops":1632.814,"checksum":-6016.774008,"warmup":20,"iters":20,"mode":"reuse","init_s":0.423616958,"parity_total":4194304,"parity_fail_count":0,"parity_max_abs_err":0.000000e0,"parity_max_rel_err":0.000000e0}
== bench-fandhe gemm cuda size=4096 mode=reuse extra=none ==
{"framework":"fandhe-ai","version":"0.5.0","task":"gemm","device":"cuda","size":4096,"median_s":0.067917590,"q1_s":0.064895839,"q3_s":0.068456591,"gflops":2023.614,"checksum":-25768.747284,"warmup":20,"iters":20,"mode":"reuse","init_s":0.464910939,"parity_total":16777216,"parity_fail_count":0,"parity_max_abs_err":0.000000e0,"parity_max_rel_err":0.000000e0}
== bench-fandhe train cuda size=64 mode=reuse extra=none ==
{"framework":"fandhe-ai","version":"0.5.0","task":"train","device":"cuda","size":64,"median_s":0.005373717,"q1_s":0.005364321,"q3_s":0.005380829,"checksum":0.080541,"warmup":20,"iters":80,"mode":"reuse","init_s":0.211199290}
== bench-fandhe train cpu size=64 mode=reuse extra=none ==
{"framework":"fandhe-ai","version":"0.5.0","task":"train","device":"cpu","size":64,"median_s":0.007886600,"q1_s":0.007275344,"q3_s":0.008730293,"checksum":0.080541,"warmup":20,"iters":80,"mode":"reuse","init_s":0.000899953}
== bench-fandhe train cuda size=64 mode=fresh extra=--phases ==
{"framework":"fandhe-ai","version":"0.5.0","task":"train_phases","device":"cuda","size":64,"median_s":0.000003344,"q1_s":0.000003216,"q3_s":0.000003460,"checksum":0.080541,"warmup":20,"iters":80,"mode":"fresh","phase":"tape_build","phase_index":0}
{"framework":"fandhe-ai","version":"0.5.0","task":"train_phases","device":"cuda","size":64,"median_s":0.000001104,"q1_s":0.000000960,"q3_s":0.000001328,"checksum":0.080541,"warmup":20,"iters":80,"mode":"fresh","phase":"leaf_register","phase_index":1}
{"framework":"fandhe-ai","version":"0.5.0","task":"train_phases","device":"cuda","size":64,"median_s":0.000179001,"q1_s":0.000174313,"q3_s":0.000182697,"checksum":0.080541,"warmup":20,"iters":80,"mode":"fresh","phase":"forward","phase_index":2}
{"framework":"fandhe-ai","version":"0.5.0","task":"train_phases","device":"cuda","size":64,"median_s":0.000000032,"q1_s":0.000000032,"q3_s":0.000000048,"checksum":0.080541,"warmup":20,"iters":80,"mode":"fresh","phase":"loss_readout","phase_index":3}
{"framework":"fandhe-ai","version":"0.5.0","task":"train_phases","device":"cuda","size":64,"median_s":0.011231980,"q1_s":0.011224820,"q3_s":0.011243436,"checksum":0.080541,"warmup":20,"iters":80,"mode":"fresh","phase":"backward","phase_index":4}
{"framework":"fandhe-ai","version":"0.5.0","task":"train_phases","device":"cuda","size":64,"median_s":0.000027688,"q1_s":0.000026904,"q3_s":0.000028480,"checksum":0.080541,"warmup":20,"iters":80,"mode":"fresh","phase":"param_readout","phase_index":5}
{"framework":"fandhe-ai","version":"0.5.0","task":"train_phases","device":"cuda","size":64,"median_s":0.000052896,"q1_s":0.000052568,"q3_s":0.000053468,"checksum":0.080541,"warmup":20,"iters":80,"mode":"fresh","phase":"host_sgd","phase_index":6}
{"framework":"fandhe-ai","version":"0.5.0","task":"train_phases","device":"cuda","size":64,"median_s":0.000000240,"q1_s":0.000000224,"q3_s":0.000000240,"checksum":0.080541,"warmup":20,"iters":80,"mode":"fresh","phase":"apply_params","phase_index":7}
{"framework":"fandhe-ai","version":"0.5.0","task":"train_phases","device":"cuda","size":64,"median_s":0.000002024,"q1_s":0.000001888,"q3_s":0.000002208,"checksum":0.080541,"warmup":20,"iters":80,"mode":"fresh","phase":"tape_drop","phase_index":8}
{"framework":"fandhe-ai","version":"0.5.0","task":"train_phases","device":"cuda","size":64,"median_s":0.011502036,"q1_s":0.011490180,"q3_s":0.011512076,"checksum":0.080541,"warmup":20,"iters":80,"mode":"fresh","phase":"step_total","phase_index":9}
== bench-fandhe train cuda size=64 mode=reuse extra=--phases ==
{"framework":"fandhe-ai","version":"0.5.0","task":"train_phases","device":"cuda","size":64,"median_s":0.000002768,"q1_s":0.000002704,"q3_s":0.000002832,"checksum":0.080541,"warmup":20,"iters":80,"mode":"reuse","init_s":0.207691641,"phase":"tape_build","phase_index":0}
{"framework":"fandhe-ai","version":"0.5.0","task":"train_phases","device":"cuda","size":64,"median_s":0.000000096,"q1_s":0.000000096,"q3_s":0.000000112,"checksum":0.080541,"warmup":20,"iters":80,"mode":"reuse","init_s":0.207691641,"phase":"leaf_register","phase_index":1}
{"framework":"fandhe-ai","version":"0.5.0","task":"train_phases","device":"cuda","size":64,"median_s":0.000155976,"q1_s":0.000154564,"q3_s":0.000157040,"checksum":0.080541,"warmup":20,"iters":80,"mode":"reuse","init_s":0.207691641,"phase":"forward_resident","phase_index":2}
{"framework":"fandhe-ai","version":"0.5.0","task":"train_phases","device":"cuda","size":64,"median_s":0.000000032,"q1_s":0.000000032,"q3_s":0.000000048,"checksum":0.080541,"warmup":20,"iters":80,"mode":"reuse","init_s":0.207691641,"phase":"loss_readout","phase_index":3}
{"framework":"fandhe-ai","version":"0.5.0","task":"train_phases","device":"cuda","size":64,"median_s":0.005172869,"q1_s":0.005168117,"q3_s":0.005178670,"checksum":0.080541,"warmup":20,"iters":80,"mode":"reuse","init_s":0.207691641,"phase":"backward","phase_index":4}
{"framework":"fandhe-ai","version":"0.5.0","task":"train_phases","device":"cuda","size":64,"median_s":0.000040248,"q1_s":0.000039988,"q3_s":0.000040500,"checksum":0.080541,"warmup":20,"iters":80,"mode":"reuse","init_s":0.207691641,"phase":"device_update","phase_index":5}
{"framework":"fandhe-ai","version":"0.5.0","task":"train_phases","device":"cuda","size":64,"median_s":0.000000928,"q1_s":0.000000896,"q3_s":0.000000944,"checksum":0.080541,"warmup":20,"iters":80,"mode":"reuse","init_s":0.207691641,"phase":"tape_drop","phase_index":6}
{"framework":"fandhe-ai","version":"0.5.0","task":"train_phases","device":"cuda","size":64,"median_s":0.005373294,"q1_s":0.005367554,"q3_s":0.005380738,"checksum":0.080541,"warmup":20,"iters":80,"mode":"reuse","init_s":0.207691641,"phase":"step_total","phase_index":7}
== bench-fandhe train cpu size=64 mode=fresh extra=--phases ==
{"framework":"fandhe-ai","version":"0.5.0","task":"train_phases","device":"cpu","size":64,"median_s":0.000000192,"q1_s":0.000000144,"q3_s":0.000000228,"checksum":0.080541,"warmup":20,"iters":80,"mode":"fresh","phase":"tape_build","phase_index":0}
{"framework":"fandhe-ai","version":"0.5.0","task":"train_phases","device":"cpu","size":64,"median_s":0.000001216,"q1_s":0.000000984,"q3_s":0.000001488,"checksum":0.080541,"warmup":20,"iters":80,"mode":"fresh","phase":"leaf_register","phase_index":1}
{"framework":"fandhe-ai","version":"0.5.0","task":"train_phases","device":"cpu","size":64,"median_s":0.001580698,"q1_s":0.001255985,"q3_s":0.002061690,"checksum":0.080541,"warmup":20,"iters":80,"mode":"fresh","phase":"forward","phase_index":2}
{"framework":"fandhe-ai","version":"0.5.0","task":"train_phases","device":"cpu","size":64,"median_s":0.000000112,"q1_s":0.000000080,"q3_s":0.000000144,"checksum":0.080541,"warmup":20,"iters":80,"mode":"fresh","phase":"loss_readout","phase_index":3}
{"framework":"fandhe-ai","version":"0.5.0","task":"train_phases","device":"cpu","size":64,"median_s":0.011507868,"q1_s":0.011402679,"q3_s":0.011843825,"checksum":0.080541,"warmup":20,"iters":80,"mode":"fresh","phase":"backward","phase_index":4}
{"framework":"fandhe-ai","version":"0.5.0","task":"train_phases","device":"cpu","size":64,"median_s":0.000032145,"q1_s":0.000029004,"q3_s":0.000226937,"checksum":0.080541,"warmup":20,"iters":80,"mode":"fresh","phase":"param_readout","phase_index":5}
{"framework":"fandhe-ai","version":"0.5.0","task":"train_phases","device":"cpu","size":64,"median_s":0.000265505,"q1_s":0.000043056,"q3_s":0.000422009,"checksum":0.080541,"warmup":20,"iters":80,"mode":"fresh","phase":"host_sgd","phase_index":6}
{"framework":"fandhe-ai","version":"0.5.0","task":"train_phases","device":"cpu","size":64,"median_s":0.000000520,"q1_s":0.000000336,"q3_s":0.000000720,"checksum":0.080541,"warmup":20,"iters":80,"mode":"fresh","phase":"apply_params","phase_index":7}
{"framework":"fandhe-ai","version":"0.5.0","task":"train_phases","device":"cpu","size":64,"median_s":0.000001696,"q1_s":0.000001500,"q3_s":0.000001956,"checksum":0.080541,"warmup":20,"iters":80,"mode":"fresh","phase":"tape_drop","phase_index":8}
{"framework":"fandhe-ai","version":"0.5.0","task":"train_phases","device":"cpu","size":64,"median_s":0.013491374,"q1_s":0.013278182,"q3_s":0.014292759,"checksum":0.080541,"warmup":20,"iters":80,"mode":"fresh","phase":"step_total","phase_index":9}
== bench-fandhe train cpu size=64 mode=reuse extra=--phases ==
{"framework":"fandhe-ai","version":"0.5.0","task":"train_phases","device":"cpu","size":64,"median_s":0.000000296,"q1_s":0.000000204,"q3_s":0.000000352,"checksum":0.080541,"warmup":20,"iters":80,"mode":"reuse","init_s":0.001060513,"phase":"tape_build","phase_index":0}
{"framework":"fandhe-ai","version":"0.5.0","task":"train_phases","device":"cpu","size":64,"median_s":0.000000248,"q1_s":0.000000176,"q3_s":0.000000352,"checksum":0.080541,"warmup":20,"iters":80,"mode":"reuse","init_s":0.001060513,"phase":"leaf_register","phase_index":1}
{"framework":"fandhe-ai","version":"0.5.0","task":"train_phases","device":"cpu","size":64,"median_s":0.001625233,"q1_s":0.001331506,"q3_s":0.002065450,"checksum":0.080541,"warmup":20,"iters":80,"mode":"reuse","init_s":0.001060513,"phase":"forward_resident","phase_index":2}
{"framework":"fandhe-ai","version":"0.5.0","task":"train_phases","device":"cpu","size":64,"median_s":0.000000128,"q1_s":0.000000092,"q3_s":0.000000192,"checksum":0.080541,"warmup":20,"iters":80,"mode":"reuse","init_s":0.001060513,"phase":"loss_readout","phase_index":3}
{"framework":"fandhe-ai","version":"0.5.0","task":"train_phases","device":"cpu","size":64,"median_s":0.005887239,"q1_s":0.005464725,"q3_s":0.006519827,"checksum":0.080541,"warmup":20,"iters":80,"mode":"reuse","init_s":0.001060513,"phase":"backward","phase_index":4}
{"framework":"fandhe-ai","version":"0.5.0","task":"train_phases","device":"cpu","size":64,"median_s":0.000270449,"q1_s":0.000212884,"q3_s":0.000294628,"checksum":0.080541,"warmup":20,"iters":80,"mode":"reuse","init_s":0.001060513,"phase":"device_update","phase_index":5}
{"framework":"fandhe-ai","version":"0.5.0","task":"train_phases","device":"cpu","size":64,"median_s":0.000001488,"q1_s":0.000001212,"q3_s":0.000001908,"checksum":0.080541,"warmup":20,"iters":80,"mode":"reuse","init_s":0.001060513,"phase":"tape_drop","phase_index":6}
{"framework":"fandhe-ai","version":"0.5.0","task":"train_phases","device":"cpu","size":64,"median_s":0.007673360,"q1_s":0.007161040,"q3_s":0.008853297,"checksum":0.080541,"warmup":20,"iters":80,"mode":"reuse","init_s":0.001060513,"phase":"step_total","phase_index":7}
done. results in results/raw/results-cuda.jsonl ; failures (if any) in results/raw/skipped-cuda.log
