    Finished `release` profile [optimized] target(s) in 44.33s
== bench-fandhe gemm cpu size=256 ==
{"framework":"fandhe-ai","version":"0.3.0","task":"gemm","device":"cpu","size":256,"median_s":0.000363480,"q1_s":0.000351980,"q3_s":0.000399886,"gflops":92.315,"checksum":237.546660,"warmup":20,"iters":20}
== bench-fandhe gemm cpu size=512 ==
{"framework":"fandhe-ai","version":"0.3.0","task":"gemm","device":"cpu","size":512,"median_s":0.000797437,"q1_s":0.000774916,"q3_s":0.000826031,"gflops":336.623,"checksum":937.743233,"warmup":20,"iters":20}
== bench-fandhe gemm cpu size=1024 ==
{"framework":"fandhe-ai","version":"0.3.0","task":"gemm","device":"cpu","size":1024,"median_s":0.003536145,"q1_s":0.003339479,"q3_s":0.003596771,"gflops":607.295,"checksum":-1855.597736,"warmup":20,"iters":20}
== bench-fandhe gemm cpu size=2048 ==
{"framework":"fandhe-ai","version":"0.3.0","task":"gemm","device":"cpu","size":2048,"median_s":0.024101541,"q1_s":0.022125989,"q3_s":0.024950802,"gflops":712.812,"checksum":-6016.774008,"warmup":20,"iters":20}
== bench-fandhe gemm metal size=256 ==
{"framework":"fandhe-ai","version":"0.3.0","task":"gemm","device":"metal","size":256,"median_s":0.005441334,"q1_s":0.005352375,"q3_s":0.005711490,"gflops":6.167,"checksum":237.546660,"warmup":20,"iters":20}
== bench-fandhe gemm metal size=512 ==
{"framework":"fandhe-ai","version":"0.3.0","task":"gemm","device":"metal","size":512,"median_s":0.005723896,"q1_s":0.005570052,"q3_s":0.005889104,"gflops":46.897,"checksum":937.743233,"warmup":20,"iters":20}
== bench-fandhe gemm metal size=1024 ==
{"framework":"fandhe-ai","version":"0.3.0","task":"gemm","device":"metal","size":1024,"median_s":0.007893687,"q1_s":0.007738083,"q3_s":0.008029094,"gflops":272.051,"checksum":-1855.597736,"warmup":20,"iters":20}
== bench-fandhe gemm metal size=2048 ==
{"framework":"fandhe-ai","version":"0.3.0","task":"gemm","device":"metal","size":2048,"median_s":0.014576146,"q1_s":0.014074521,"q3_s":0.017032166,"gflops":1178.629,"checksum":-6016.774008,"warmup":20,"iters":20}
== bench-fandhe gemm metal size=4096 ==
{"framework":"fandhe-ai","version":"0.3.0","task":"gemm","device":"metal","size":4096,"median_s":0.046414791,"q1_s":0.045855208,"q3_s":0.047355187,"gflops":2961.102,"checksum":-25768.747284,"warmup":20,"iters":20}
== bench-fandhe train cpu size=64 ==
{"framework":"fandhe-ai","version":"0.3.0","task":"train","device":"cpu","size":64,"median_s":0.018185021,"q1_s":0.017954896,"q3_s":0.018416854,"checksum":0.080541,"warmup":20,"iters":80}
== bench-fandhe infer cpu size=64 ==
{"framework":"fandhe-ai","version":"0.3.0","task":"infer","device":"cpu","size":64,"median_s":0.000505709,"q1_s":0.000477594,"q3_s":0.000537521,"throughput_per_s":1977.424,"checksum":13.976574,"warmup":20,"iters":20}
== bench-fandhe train metal size=64 ==
{"framework":"fandhe-ai","version":"0.3.0","task":"train","device":"metal","size":64,"median_s":0.048845063,"q1_s":0.044349594,"q3_s":0.051604823,"checksum":0.080541,"warmup":20,"iters":80}
== bench-fandhe infer metal size=64 ==
{"framework":"fandhe-ai","version":"0.3.0","task":"infer","device":"metal","size":64,"median_s":0.024124896,"q1_s":0.022485636,"q3_s":0.025086249,"throughput_per_s":41.451,"checksum":13.976574,"warmup":20,"iters":20}
== bench-candle gemm cpu size=256 ==
{"framework":"candle","version":"0.11.0","task":"gemm","device":"cpu","size":256,"median_s":0.000339792,"q1_s":0.000306062,"q3_s":0.000403093,"gflops":98.750,"checksum":237.546660,"warmup":20,"iters":20}
== bench-candle gemm cpu size=512 ==
{"framework":"candle","version":"0.11.0","task":"gemm","device":"cpu","size":512,"median_s":0.000818708,"q1_s":0.000772646,"q3_s":0.000876448,"gflops":327.877,"checksum":937.743233,"warmup":20,"iters":20}
== bench-candle gemm cpu size=1024 ==
{"framework":"candle","version":"0.11.0","task":"gemm","device":"cpu","size":1024,"median_s":0.003677083,"q1_s":0.003502146,"q3_s":0.003786677,"gflops":584.018,"checksum":-1855.597736,"warmup":20,"iters":20}
== bench-candle gemm cpu size=2048 ==
{"framework":"candle","version":"0.11.0","task":"gemm","device":"cpu","size":2048,"median_s":0.025014416,"q1_s":0.023895469,"q3_s":0.026976313,"gflops":686.799,"checksum":-6016.774008,"warmup":20,"iters":20}
== bench-candle gemm metal size=256 ==
{"framework":"candle","version":"0.11.0","task":"gemm","device":"metal","size":256,"median_s":0.000257625,"q1_s":0.000242313,"q3_s":0.000286615,"gflops":130.245,"checksum":237.546660,"warmup":20,"iters":20}
== bench-candle gemm metal size=512 ==
{"framework":"candle","version":"0.11.0","task":"gemm","device":"metal","size":512,"median_s":0.000519020,"q1_s":0.000499521,"q3_s":0.000613812,"gflops":517.196,"checksum":937.743233,"warmup":20,"iters":20}
== bench-candle gemm metal size=1024 ==
{"framework":"candle","version":"0.11.0","task":"gemm","device":"metal","size":1024,"median_s":0.001086396,"q1_s":0.001079198,"q3_s":0.001113312,"gflops":1976.704,"checksum":-1855.597736,"warmup":20,"iters":20}
== bench-candle gemm metal size=2048 ==
{"framework":"candle","version":"0.11.0","task":"gemm","device":"metal","size":2048,"median_s":0.004958271,"q1_s":0.004647240,"q3_s":0.005125302,"gflops":3464.891,"checksum":-6016.774008,"warmup":20,"iters":20}
== bench-candle gemm metal size=4096 ==
{"framework":"candle","version":"0.11.0","task":"gemm","device":"metal","size":4096,"median_s":0.023634958,"q1_s":0.023415760,"q3_s":0.023911417,"gflops":5815.071,"checksum":-25768.747284,"warmup":20,"iters":20}
== bench-candle train cpu size=64 ==
{"framework":"candle","version":"0.11.0","task":"train","device":"cpu","size":64,"median_s":0.000797520,"q1_s":0.000770572,"q3_s":0.000856614,"checksum":0.117550,"warmup":20,"iters":80}
== bench-candle infer cpu size=64 ==
{"framework":"candle","version":"0.11.0","task":"infer","device":"cpu","size":64,"median_s":0.000195729,"q1_s":0.000131511,"q3_s":0.000240448,"throughput_per_s":5109.105,"checksum":1381.708783,"warmup":20,"iters":20}
== bench-candle train metal size=64 ==
{"framework":"candle","version":"0.11.0","task":"train","device":"metal","size":64,"median_s":0.000751833,"q1_s":0.000706083,"q3_s":0.000808063,"checksum":0.117550,"warmup":20,"iters":80}
== bench-candle infer metal size=64 ==
{"framework":"candle","version":"0.11.0","task":"infer","device":"metal","size":64,"median_s":0.000251313,"q1_s":0.000244875,"q3_s":0.000270312,"throughput_per_s":3979.110,"checksum":1381.708809,"warmup":20,"iters":20}
== bench-burn gemm cpu size=256 ==
{"framework":"burn","version":"0.21.0","task":"gemm","device":"cpu","size":256,"median_s":0.000364209,"q1_s":0.000359709,"q3_s":0.000369114,"gflops":92.130,"checksum":237.546660,"warmup":20,"iters":20}
== bench-burn gemm cpu size=512 ==
{"framework":"burn","version":"0.21.0","task":"gemm","device":"cpu","size":512,"median_s":0.002719416,"q1_s":0.002680750,"q3_s":0.002775969,"gflops":98.711,"checksum":937.743112,"warmup":20,"iters":20}
== bench-burn gemm cpu size=1024 ==
{"framework":"burn","version":"0.21.0","task":"gemm","device":"cpu","size":1024,"median_s":0.020678833,"q1_s":0.020519250,"q3_s":0.020916740,"gflops":103.849,"checksum":-1855.595863,"warmup":20,"iters":20}
== bench-burn gemm cpu size=2048 ==
{"framework":"burn","version":"0.21.0","task":"gemm","device":"cpu","size":2048,"median_s":0.162351334,"q1_s":0.161524854,"q3_s":0.164625531,"gflops":105.819,"checksum":-6016.774966,"warmup":20,"iters":20}
== bench-burn gemm metal size=256 ==
{"framework":"burn","version":"0.21.0","task":"gemm","device":"metal","size":256,"median_s":0.001492834,"q1_s":0.001478542,"q3_s":0.001509281,"gflops":22.477,"checksum":237.546660,"warmup":20,"iters":20}
== bench-burn gemm metal size=512 ==
{"framework":"burn","version":"0.21.0","task":"gemm","device":"metal","size":512,"median_s":0.003044459,"q1_s":0.003017416,"q3_s":0.003199990,"gflops":88.172,"checksum":0.000000,"warmup":20,"iters":20}
== bench-burn gemm metal size=1024 ==
{"framework":"burn","version":"0.21.0","task":"gemm","device":"metal","size":1024,"median_s":0.003613374,"q1_s":0.003594563,"q3_s":0.003622969,"gflops":594.315,"checksum":0.000000,"warmup":20,"iters":20}
== bench-burn gemm metal size=2048 ==
{"framework":"burn","version":"0.21.0","task":"gemm","device":"metal","size":2048,"median_s":0.005547833,"q1_s":0.005531510,"q3_s":0.005586271,"gflops":3096.681,"checksum":0.000000,"warmup":20,"iters":20}
== bench-burn gemm metal size=4096 ==
{"framework":"burn","version":"0.21.0","task":"gemm","device":"metal","size":4096,"median_s":0.013193896,"q1_s":0.013170771,"q3_s":0.013241114,"gflops":10416.859,"checksum":0.000000,"warmup":20,"iters":20}
== bench-burn train cpu size=64 ==
{"framework":"burn","version":"0.21.0","task":"train","device":"cpu","size":64,"median_s":0.000626541,"q1_s":0.000625459,"q3_s":0.000634792,"checksum":0.117549,"warmup":20,"iters":80}
== bench-burn infer cpu size=64 ==
{"framework":"burn","version":"0.21.0","task":"infer","device":"cpu","size":64,"median_s":0.000282125,"q1_s":0.000281958,"q3_s":0.000282302,"throughput_per_s":3544.528,"checksum":1381.708825,"warmup":20,"iters":20}
== bench-burn train metal size=64 ==
{"framework":"burn","version":"0.21.0","task":"train","device":"metal","size":64,"median_s":0.001606229,"q1_s":0.001600614,"q3_s":0.001611938,"checksum":0.117550,"warmup":20,"iters":80}
== bench-burn infer metal size=64 ==
{"framework":"burn","version":"0.21.0","task":"infer","device":"metal","size":64,"median_s":0.001502771,"q1_s":0.001499657,"q3_s":0.001506697,"throughput_per_s":665.438,"checksum":1381.708783,"warmup":20,"iters":20}
done. results in results/raw/results.jsonl ; failures (if any) in results/raw/skipped.log
