== build bench-fandhe ==
== build bench-candle (cpu) ==
== manifest 記録: results/raw/manifest-m4max-cpu-gemm-gate-0.6.0.json ==
{"label":"0.6.0","device":"cpu","bench_fandhe_sha256":"cd1ab6f27f20b04853758ce27d5e9645ef60776735f0ee1ba2f3f3dada52778c","fandhe_ai_source":"registry","bench_candle_sha256":"8a9d6fa8878f8d60f40b21705924f3a711df3a46367f79c1c388d286335072e3","candle_core_source":"registry","recorded_at":"2026-09-04T04:19:55Z"}
== バイナリ sha256 検証 OK: bench-fandhe=cd1ab6f27f20b04853758ce27d5e9645ef60776735f0ee1ba2f3f3dada52778c（label '0.6.0'・device 'cpu'） ==
== 依存元検証 OK: fandhe_ai_source=registry（label '0.6.0'） ==
== バイナリ sha256 検証 OK: bench-candle=8a9d6fa8878f8d60f40b21705924f3a711df3a46367f79c1c388d286335072e3（label '0.6.0'） ==
== 依存元検証 OK: candle_core_source=registry（label '0.6.0'） ==
== cpu status (before) ==
RAYON_NUM_THREADS=<未設定=全コア既定>
Apple M4 Max
hw.ncpu: 16
hw.perflevel0.logicalcpu: 12
hw.perflevel1.logicalcpu: 4
13:19  up 16 days, 32 mins, 19 users, load averages: 7.49 5.37 4.17
Note: No thermal warning level has been recorded
Note: No performance warning level has been recorded
Note: No CPU power status has been recorded
== bench-fandhe gemm cpu size=512 mode=reuse extra=none ==
{"framework":"fandhe-ai","version":"0.6.0","task":"gemm","device":"cpu","size":512,"median_s":0.000771104,"q1_s":0.000744782,"q3_s":0.000812552,"gflops":348.118,"checksum":937.743233,"warmup":20,"iters":20,"mode":"reuse","init_s":0.001734958,"parity_total":262144,"parity_fail_count":0,"parity_max_abs_err":0.000000e0,"parity_max_rel_err":0.000000e0}
== bench-candle gemm cpu size=512 mode=fresh extra=none ==
{"framework":"candle","version":"0.11.0","task":"gemm","device":"cpu","size":512,"median_s":0.000705438,"q1_s":0.000642032,"q3_s":0.000737875,"gflops":380.523,"checksum":937.743233,"warmup":20,"iters":20,"mode":"fresh","parity_total":262144,"parity_fail_count":0,"parity_max_abs_err":0.000000e0,"parity_max_rel_err":0.000000e0}
== bench-fandhe gemm cpu size=512 mode=fresh extra=none ==
{"framework":"fandhe-ai","version":"0.6.0","task":"gemm","device":"cpu","size":512,"median_s":0.000732312,"q1_s":0.000706437,"q3_s":0.000746990,"gflops":366.559,"checksum":937.743233,"warmup":20,"iters":20,"mode":"fresh","parity_total":262144,"parity_fail_count":0,"parity_max_abs_err":0.000000e0,"parity_max_rel_err":0.000000e0}
== bench-fandhe gemm cpu size=1024 mode=reuse extra=none ==
{"framework":"fandhe-ai","version":"0.6.0","task":"gemm","device":"cpu","size":1024,"median_s":0.003787333,"q1_s":0.003646740,"q3_s":0.003877208,"gflops":567.017,"checksum":-1855.597736,"warmup":20,"iters":20,"mode":"reuse","init_s":0.004491209,"parity_total":1048576,"parity_fail_count":0,"parity_max_abs_err":0.000000e0,"parity_max_rel_err":0.000000e0}
== bench-candle gemm cpu size=1024 mode=fresh extra=none ==
{"framework":"candle","version":"0.11.0","task":"gemm","device":"cpu","size":1024,"median_s":0.003827542,"q1_s":0.002753979,"q3_s":0.004346208,"gflops":561.061,"checksum":-1855.597736,"warmup":20,"iters":20,"mode":"fresh","parity_total":1048576,"parity_fail_count":0,"parity_max_abs_err":0.000000e0,"parity_max_rel_err":0.000000e0}
== bench-fandhe gemm cpu size=1024 mode=fresh extra=none ==
{"framework":"fandhe-ai","version":"0.6.0","task":"gemm","device":"cpu","size":1024,"median_s":0.003666146,"q1_s":0.003631094,"q3_s":0.003700594,"gflops":585.761,"checksum":-1855.597736,"warmup":20,"iters":20,"mode":"fresh","parity_total":1048576,"parity_fail_count":0,"parity_max_abs_err":0.000000e0,"parity_max_rel_err":0.000000e0}
== bench-fandhe gemm cpu size=2048 mode=reuse extra=none ==
{"framework":"fandhe-ai","version":"0.6.0","task":"gemm","device":"cpu","size":2048,"median_s":0.023154333,"q1_s":0.022561615,"q3_s":0.024693021,"gflops":741.972,"checksum":-6016.774008,"warmup":20,"iters":20,"mode":"reuse","init_s":0.024343542,"parity_total":4194304,"parity_fail_count":0,"parity_max_abs_err":0.000000e0,"parity_max_rel_err":0.000000e0}
== bench-candle gemm cpu size=2048 mode=fresh extra=none ==
{"framework":"candle","version":"0.11.0","task":"gemm","device":"cpu","size":2048,"median_s":0.017438125,"q1_s":0.017088427,"q3_s":0.018160656,"gflops":985.190,"checksum":-6016.774008,"warmup":20,"iters":20,"mode":"fresh","parity_total":4194304,"parity_fail_count":0,"parity_max_abs_err":0.000000e0,"parity_max_rel_err":0.000000e0}
== bench-fandhe gemm cpu size=2048 mode=fresh extra=none ==
{"framework":"fandhe-ai","version":"0.6.0","task":"gemm","device":"cpu","size":2048,"median_s":0.022350125,"q1_s":0.022112396,"q3_s":0.022841292,"gflops":768.670,"checksum":-6016.774008,"warmup":20,"iters":20,"mode":"fresh","parity_total":4194304,"parity_fail_count":0,"parity_max_abs_err":0.000000e0,"parity_max_rel_err":0.000000e0}
== bench-fandhe gemm cpu size=512 mode=reuse extra=none ==
{"framework":"fandhe-ai","version":"0.6.0","task":"gemm","device":"cpu","size":512,"median_s":0.000744000,"q1_s":0.000696062,"q3_s":0.000763406,"gflops":360.801,"checksum":937.743233,"warmup":20,"iters":20,"mode":"reuse","init_s":0.000959459,"parity_total":262144,"parity_fail_count":0,"parity_max_abs_err":0.000000e0,"parity_max_rel_err":0.000000e0}
== bench-candle gemm cpu size=512 mode=fresh extra=none ==
{"framework":"candle","version":"0.11.0","task":"gemm","device":"cpu","size":512,"median_s":0.000695916,"q1_s":0.000677906,"q3_s":0.000738886,"gflops":385.729,"checksum":937.743233,"warmup":20,"iters":20,"mode":"fresh","parity_total":262144,"parity_fail_count":0,"parity_max_abs_err":0.000000e0,"parity_max_rel_err":0.000000e0}
== bench-fandhe gemm cpu size=512 mode=fresh extra=none ==
{"framework":"fandhe-ai","version":"0.6.0","task":"gemm","device":"cpu","size":512,"median_s":0.000726125,"q1_s":0.000712208,"q3_s":0.000742552,"gflops":369.682,"checksum":937.743233,"warmup":20,"iters":20,"mode":"fresh","parity_total":262144,"parity_fail_count":0,"parity_max_abs_err":0.000000e0,"parity_max_rel_err":0.000000e0}
== bench-fandhe gemm cpu size=1024 mode=reuse extra=none ==
{"framework":"fandhe-ai","version":"0.6.0","task":"gemm","device":"cpu","size":1024,"median_s":0.003813520,"q1_s":0.003649437,"q3_s":0.003875375,"gflops":563.124,"checksum":-1855.597736,"warmup":20,"iters":20,"mode":"reuse","init_s":0.004231500,"parity_total":1048576,"parity_fail_count":0,"parity_max_abs_err":0.000000e0,"parity_max_rel_err":0.000000e0}
== bench-candle gemm cpu size=1024 mode=fresh extra=none ==
{"framework":"candle","version":"0.11.0","task":"gemm","device":"cpu","size":1024,"median_s":0.002695834,"q1_s":0.002679636,"q3_s":0.002792323,"gflops":796.594,"checksum":-1855.597736,"warmup":20,"iters":20,"mode":"fresh","parity_total":1048576,"parity_fail_count":0,"parity_max_abs_err":0.000000e0,"parity_max_rel_err":0.000000e0}
== bench-fandhe gemm cpu size=1024 mode=fresh extra=none ==
{"framework":"fandhe-ai","version":"0.6.0","task":"gemm","device":"cpu","size":1024,"median_s":0.003640333,"q1_s":0.003576656,"q3_s":0.003688364,"gflops":589.914,"checksum":-1855.597736,"warmup":20,"iters":20,"mode":"fresh","parity_total":1048576,"parity_fail_count":0,"parity_max_abs_err":0.000000e0,"parity_max_rel_err":0.000000e0}
== bench-fandhe gemm cpu size=2048 mode=reuse extra=none ==
{"framework":"fandhe-ai","version":"0.6.0","task":"gemm","device":"cpu","size":2048,"median_s":0.024730083,"q1_s":0.023282750,"q3_s":0.025099135,"gflops":694.695,"checksum":-6016.774008,"warmup":20,"iters":20,"mode":"reuse","init_s":0.024857084,"parity_total":4194304,"parity_fail_count":0,"parity_max_abs_err":0.000000e0,"parity_max_rel_err":0.000000e0}
== bench-candle gemm cpu size=2048 mode=fresh extra=none ==
{"framework":"candle","version":"0.11.0","task":"gemm","device":"cpu","size":2048,"median_s":0.017694146,"q1_s":0.017225291,"q3_s":0.021379229,"gflops":970.935,"checksum":-6016.774008,"warmup":20,"iters":20,"mode":"fresh","parity_total":4194304,"parity_fail_count":0,"parity_max_abs_err":0.000000e0,"parity_max_rel_err":0.000000e0}
== bench-fandhe gemm cpu size=2048 mode=fresh extra=none ==
{"framework":"fandhe-ai","version":"0.6.0","task":"gemm","device":"cpu","size":2048,"median_s":0.021909417,"q1_s":0.021549458,"q3_s":0.022363938,"gflops":784.132,"checksum":-6016.774008,"warmup":20,"iters":20,"mode":"fresh","parity_total":4194304,"parity_fail_count":0,"parity_max_abs_err":0.000000e0,"parity_max_rel_err":0.000000e0}
== bench-fandhe gemm cpu size=512 mode=reuse extra=none ==
{"framework":"fandhe-ai","version":"0.6.0","task":"gemm","device":"cpu","size":512,"median_s":0.000720396,"q1_s":0.000698031,"q3_s":0.000770906,"gflops":372.622,"checksum":937.743233,"warmup":20,"iters":20,"mode":"reuse","init_s":0.000983041,"parity_total":262144,"parity_fail_count":0,"parity_max_abs_err":0.000000e0,"parity_max_rel_err":0.000000e0}
== bench-candle gemm cpu size=512 mode=fresh extra=none ==
{"framework":"candle","version":"0.11.0","task":"gemm","device":"cpu","size":512,"median_s":0.000705583,"q1_s":0.000672812,"q3_s":0.000735948,"gflops":380.445,"checksum":937.743233,"warmup":20,"iters":20,"mode":"fresh","parity_total":262144,"parity_fail_count":0,"parity_max_abs_err":0.000000e0,"parity_max_rel_err":0.000000e0}
== bench-fandhe gemm cpu size=512 mode=fresh extra=none ==
{"framework":"fandhe-ai","version":"0.6.0","task":"gemm","device":"cpu","size":512,"median_s":0.000716896,"q1_s":0.000696698,"q3_s":0.000747885,"gflops":374.442,"checksum":937.743233,"warmup":20,"iters":20,"mode":"fresh","parity_total":262144,"parity_fail_count":0,"parity_max_abs_err":0.000000e0,"parity_max_rel_err":0.000000e0}
== bench-fandhe gemm cpu size=1024 mode=reuse extra=none ==
{"framework":"fandhe-ai","version":"0.6.0","task":"gemm","device":"cpu","size":1024,"median_s":0.003667355,"q1_s":0.003594156,"q3_s":0.003746896,"gflops":585.568,"checksum":-1855.597736,"warmup":20,"iters":20,"mode":"reuse","init_s":0.004196291,"parity_total":1048576,"parity_fail_count":0,"parity_max_abs_err":0.000000e0,"parity_max_rel_err":0.000000e0}
== bench-candle gemm cpu size=1024 mode=fresh extra=none ==
{"framework":"candle","version":"0.11.0","task":"gemm","device":"cpu","size":1024,"median_s":0.002692437,"q1_s":0.002668896,"q3_s":0.002815125,"gflops":797.598,"checksum":-1855.597736,"warmup":20,"iters":20,"mode":"fresh","parity_total":1048576,"parity_fail_count":0,"parity_max_abs_err":0.000000e0,"parity_max_rel_err":0.000000e0}
== bench-fandhe gemm cpu size=1024 mode=fresh extra=none ==
{"framework":"fandhe-ai","version":"0.6.0","task":"gemm","device":"cpu","size":1024,"median_s":0.003410042,"q1_s":0.003339667,"q3_s":0.003544177,"gflops":629.753,"checksum":-1855.597736,"warmup":20,"iters":20,"mode":"fresh","parity_total":1048576,"parity_fail_count":0,"parity_max_abs_err":0.000000e0,"parity_max_rel_err":0.000000e0}
== bench-fandhe gemm cpu size=2048 mode=reuse extra=none ==
{"framework":"fandhe-ai","version":"0.6.0","task":"gemm","device":"cpu","size":2048,"median_s":0.024206917,"q1_s":0.023475260,"q3_s":0.024855958,"gflops":709.709,"checksum":-6016.774008,"warmup":20,"iters":20,"mode":"reuse","init_s":0.024795042,"parity_total":4194304,"parity_fail_count":0,"parity_max_abs_err":0.000000e0,"parity_max_rel_err":0.000000e0}
== bench-candle gemm cpu size=2048 mode=fresh extra=none ==
{"framework":"candle","version":"0.11.0","task":"gemm","device":"cpu","size":2048,"median_s":0.017643729,"q1_s":0.017406094,"q3_s":0.018081073,"gflops":973.710,"checksum":-6016.774008,"warmup":20,"iters":20,"mode":"fresh","parity_total":4194304,"parity_fail_count":0,"parity_max_abs_err":0.000000e0,"parity_max_rel_err":0.000000e0}
== bench-fandhe gemm cpu size=2048 mode=fresh extra=none ==
{"framework":"fandhe-ai","version":"0.6.0","task":"gemm","device":"cpu","size":2048,"median_s":0.023120354,"q1_s":0.022221604,"q3_s":0.023998761,"gflops":743.063,"checksum":-6016.774008,"warmup":20,"iters":20,"mode":"fresh","parity_total":4194304,"parity_fail_count":0,"parity_max_abs_err":0.000000e0,"parity_max_rel_err":0.000000e0}
== bench-fandhe gemm cpu size=512 mode=reuse extra=none ==
{"framework":"fandhe-ai","version":"0.6.0","task":"gemm","device":"cpu","size":512,"median_s":0.000759417,"q1_s":0.000734729,"q3_s":0.000793083,"gflops":353.476,"checksum":937.743233,"warmup":20,"iters":20,"mode":"reuse","init_s":0.000945125,"parity_total":262144,"parity_fail_count":0,"parity_max_abs_err":0.000000e0,"parity_max_rel_err":0.000000e0}
== bench-candle gemm cpu size=512 mode=fresh extra=none ==
{"framework":"candle","version":"0.11.0","task":"gemm","device":"cpu","size":512,"median_s":0.000699063,"q1_s":0.000609490,"q3_s":0.000725989,"gflops":383.993,"checksum":937.743233,"warmup":20,"iters":20,"mode":"fresh","parity_total":262144,"parity_fail_count":0,"parity_max_abs_err":0.000000e0,"parity_max_rel_err":0.000000e0}
== bench-fandhe gemm cpu size=512 mode=fresh extra=none ==
{"framework":"fandhe-ai","version":"0.6.0","task":"gemm","device":"cpu","size":512,"median_s":0.000727813,"q1_s":0.000701646,"q3_s":0.000743625,"gflops":368.825,"checksum":937.743233,"warmup":20,"iters":20,"mode":"fresh","parity_total":262144,"parity_fail_count":0,"parity_max_abs_err":0.000000e0,"parity_max_rel_err":0.000000e0}
== bench-fandhe gemm cpu size=1024 mode=reuse extra=none ==
{"framework":"fandhe-ai","version":"0.6.0","task":"gemm","device":"cpu","size":1024,"median_s":0.003688792,"q1_s":0.003584750,"q3_s":0.003778906,"gflops":582.164,"checksum":-1855.597736,"warmup":20,"iters":20,"mode":"reuse","init_s":0.004195958,"parity_total":1048576,"parity_fail_count":0,"parity_max_abs_err":0.000000e0,"parity_max_rel_err":0.000000e0}
== bench-candle gemm cpu size=1024 mode=fresh extra=none ==
{"framework":"candle","version":"0.11.0","task":"gemm","device":"cpu","size":1024,"median_s":0.002853312,"q1_s":0.002718959,"q3_s":0.003778073,"gflops":752.628,"checksum":-1855.597736,"warmup":20,"iters":20,"mode":"fresh","parity_total":1048576,"parity_fail_count":0,"parity_max_abs_err":0.000000e0,"parity_max_rel_err":0.000000e0}
== bench-fandhe gemm cpu size=1024 mode=fresh extra=none ==
{"framework":"fandhe-ai","version":"0.6.0","task":"gemm","device":"cpu","size":1024,"median_s":0.003408417,"q1_s":0.003336927,"q3_s":0.003583376,"gflops":630.053,"checksum":-1855.597736,"warmup":20,"iters":20,"mode":"fresh","parity_total":1048576,"parity_fail_count":0,"parity_max_abs_err":0.000000e0,"parity_max_rel_err":0.000000e0}
== bench-fandhe gemm cpu size=2048 mode=reuse extra=none ==
{"framework":"fandhe-ai","version":"0.6.0","task":"gemm","device":"cpu","size":2048,"median_s":0.023324417,"q1_s":0.023069344,"q3_s":0.023935073,"gflops":736.562,"checksum":-6016.774008,"warmup":20,"iters":20,"mode":"reuse","init_s":0.024611958,"parity_total":4194304,"parity_fail_count":0,"parity_max_abs_err":0.000000e0,"parity_max_rel_err":0.000000e0}
== bench-candle gemm cpu size=2048 mode=fresh extra=none ==
{"framework":"candle","version":"0.11.0","task":"gemm","device":"cpu","size":2048,"median_s":0.018130875,"q1_s":0.017964583,"q3_s":0.018262500,"gflops":947.548,"checksum":-6016.774008,"warmup":20,"iters":20,"mode":"fresh","parity_total":4194304,"parity_fail_count":0,"parity_max_abs_err":0.000000e0,"parity_max_rel_err":0.000000e0}
== bench-fandhe gemm cpu size=2048 mode=fresh extra=none ==
{"framework":"fandhe-ai","version":"0.6.0","task":"gemm","device":"cpu","size":2048,"median_s":0.023425813,"q1_s":0.022730188,"q3_s":0.024559823,"gflops":733.373,"checksum":-6016.774008,"warmup":20,"iters":20,"mode":"fresh","parity_total":4194304,"parity_fail_count":0,"parity_max_abs_err":0.000000e0,"parity_max_rel_err":0.000000e0}
== bench-fandhe gemm cpu size=512 mode=reuse extra=none ==
{"framework":"fandhe-ai","version":"0.6.0","task":"gemm","device":"cpu","size":512,"median_s":0.000736688,"q1_s":0.000709604,"q3_s":0.000768271,"gflops":364.382,"checksum":937.743233,"warmup":20,"iters":20,"mode":"reuse","init_s":0.001044834,"parity_total":262144,"parity_fail_count":0,"parity_max_abs_err":0.000000e0,"parity_max_rel_err":0.000000e0}
== bench-candle gemm cpu size=512 mode=fresh extra=none ==
{"framework":"candle","version":"0.11.0","task":"gemm","device":"cpu","size":512,"median_s":0.000678667,"q1_s":0.000641260,"q3_s":0.000698458,"gflops":395.534,"checksum":937.743233,"warmup":20,"iters":20,"mode":"fresh","parity_total":262144,"parity_fail_count":0,"parity_max_abs_err":0.000000e0,"parity_max_rel_err":0.000000e0}
== bench-fandhe gemm cpu size=512 mode=fresh extra=none ==
{"framework":"fandhe-ai","version":"0.6.0","task":"gemm","device":"cpu","size":512,"median_s":0.000753750,"q1_s":0.000735520,"q3_s":0.000773052,"gflops":356.133,"checksum":937.743233,"warmup":20,"iters":20,"mode":"fresh","parity_total":262144,"parity_fail_count":0,"parity_max_abs_err":0.000000e0,"parity_max_rel_err":0.000000e0}
== bench-fandhe gemm cpu size=1024 mode=reuse extra=none ==
{"framework":"fandhe-ai","version":"0.6.0","task":"gemm","device":"cpu","size":1024,"median_s":0.003863938,"q1_s":0.003795771,"q3_s":0.003926896,"gflops":555.776,"checksum":-1855.597736,"warmup":20,"iters":20,"mode":"reuse","init_s":0.004224584,"parity_total":1048576,"parity_fail_count":0,"parity_max_abs_err":0.000000e0,"parity_max_rel_err":0.000000e0}
== bench-candle gemm cpu size=1024 mode=fresh extra=none ==
{"framework":"candle","version":"0.11.0","task":"gemm","device":"cpu","size":1024,"median_s":0.002749209,"q1_s":0.002696760,"q3_s":0.002798698,"gflops":781.128,"checksum":-1855.597736,"warmup":20,"iters":20,"mode":"fresh","parity_total":1048576,"parity_fail_count":0,"parity_max_abs_err":0.000000e0,"parity_max_rel_err":0.000000e0}
== bench-fandhe gemm cpu size=1024 mode=fresh extra=none ==
{"framework":"fandhe-ai","version":"0.6.0","task":"gemm","device":"cpu","size":1024,"median_s":0.003494146,"q1_s":0.003386094,"q3_s":0.003576115,"gflops":614.595,"checksum":-1855.597736,"warmup":20,"iters":20,"mode":"fresh","parity_total":1048576,"parity_fail_count":0,"parity_max_abs_err":0.000000e0,"parity_max_rel_err":0.000000e0}
== bench-fandhe gemm cpu size=2048 mode=reuse extra=none ==
{"framework":"fandhe-ai","version":"0.6.0","task":"gemm","device":"cpu","size":2048,"median_s":0.024097812,"q1_s":0.023715792,"q3_s":0.024566886,"gflops":712.922,"checksum":-6016.774008,"warmup":20,"iters":20,"mode":"reuse","init_s":0.025595083,"parity_total":4194304,"parity_fail_count":0,"parity_max_abs_err":0.000000e0,"parity_max_rel_err":0.000000e0}
== bench-candle gemm cpu size=2048 mode=fresh extra=none ==
{"framework":"candle","version":"0.11.0","task":"gemm","device":"cpu","size":2048,"median_s":0.018331188,"q1_s":0.018144125,"q3_s":0.018763636,"gflops":937.193,"checksum":-6016.774008,"warmup":20,"iters":20,"mode":"fresh","parity_total":4194304,"parity_fail_count":0,"parity_max_abs_err":0.000000e0,"parity_max_rel_err":0.000000e0}
== bench-fandhe gemm cpu size=2048 mode=fresh extra=none ==
{"framework":"fandhe-ai","version":"0.6.0","task":"gemm","device":"cpu","size":2048,"median_s":0.023417167,"q1_s":0.023010166,"q3_s":0.023910323,"gflops":733.644,"checksum":-6016.774008,"warmup":20,"iters":20,"mode":"fresh","parity_total":4194304,"parity_fail_count":0,"parity_max_abs_err":0.000000e0,"parity_max_rel_err":0.000000e0}
== cpu status (after) ==
Note: No thermal warning level has been recorded
Note: No performance warning level has been recorded
Note: No CPU power status has been recorded
13:20  up 16 days, 32 mins, 19 users, load averages: 9.30 6.00 4.43
done. results in results/raw/results-m4max-cpu-gemm-gate-0.6.0.jsonl ; failures (if any) in results/raw/skipped-m4max-cpu-gemm-gate-0.6.0.log
