warning: field `1` is never read
   --> crates/backend-cuda/src/gemm.rs:768:48
    |
768 | pub struct TiledPipelineFunction(CudaFunction, usize);
    |            ---------------------               ^^^^^
    |            |
    |            field in this struct
    |
    = help: consider removing this field
    = note: `#[warn(dead_code)]` (part of `#[warn(unused)]`) on by default

warning: method `context_ptr` is never used
   --> crates/backend-cuda/src/gemm.rs:781:8
    |
770 | impl TiledPipelineFunction {
    | -------------------------- method in this implementation
...
781 |     fn context_ptr(&self) -> usize {
    |        ^^^^^^^^^^^

warning: enum `GemmVariantKind` is never used
  --> crates/backend-cuda/src/gemm_variant.rs:89:10
   |
89 | pub enum GemmVariantKind {
   |          ^^^^^^^^^^^^^^^

warning: constant `SPLITK_MIN_K` is never used
   --> crates/backend-cuda/src/gemm_variant.rs:113:11
    |
113 | pub const SPLITK_MIN_K: u32 = 1024;
    |           ^^^^^^^^^^^^

warning: constant `SPLITK_MIN_K_PER_SPLIT` is never used
   --> crates/backend-cuda/src/gemm_variant.rs:118:11
    |
118 | pub const SPLITK_MIN_K_PER_SPLIT: u32 = 32;
    |           ^^^^^^^^^^^^^^^^^^^^^^

warning: constant `SPLITK_MAX_SPLITS` is never used
   --> crates/backend-cuda/src/gemm_variant.rs:124:11
    |
124 | pub const SPLITK_MAX_SPLITS: u32 = 32;
    |           ^^^^^^^^^^^^^^^^^

warning: constant `SPLITK_PARTIAL_MAX_BYTES` is never used
   --> crates/backend-cuda/src/gemm_variant.rs:130:11
    |
130 | pub const SPLITK_PARTIAL_MAX_BYTES: u64 = 256 * 1024 * 1024;
    |           ^^^^^^^^^^^^^^^^^^^^^^^^

warning: constant `DOUBLE_BUFFER_MIN_K` is never used
   --> crates/backend-cuda/src/gemm_variant.rs:134:11
    |
134 | pub const DOUBLE_BUFFER_MIN_K: u32 = 2 * 32;
    |           ^^^^^^^^^^^^^^^^^^^

warning: constant `VARIANT_TILE` is never used
   --> crates/backend-cuda/src/gemm_variant.rs:141:7
    |
141 | const VARIANT_TILE: u32 = 32;
    |       ^^^^^^^^^^^^

warning: function `num_blocks` is never used
   --> crates/backend-cuda/src/gemm_variant.rs:147:4
    |
147 | fn num_blocks(m: u32, n: u32) -> u64 {
    |    ^^^^^^^^^^

warning: function `derive_split_count` is never used
   --> crates/backend-cuda/src/gemm_variant.rs:159:4
    |
159 | fn derive_split_count(num_blocks: u64, num_sms: u32, k: u32) -> u32 {
    |    ^^^^^^^^^^^^^^^^^^

warning: function `recommend_split_count` is never used
   --> crates/backend-cuda/src/gemm_variant.rs:206:15
    |
206 | pub(crate) fn recommend_split_count(m: u32, n: u32, k: u32, num_sms: u32) -> Option<u32> {
    |               ^^^^^^^^^^^^^^^^^^^^^

warning: function `split_k_partial_bytes` is never used
   --> crates/backend-cuda/src/gemm_variant.rs:221:4
    |
221 | fn split_k_partial_bytes(num_splits: u32, m: u32, n: u32) -> Option<u64> {
    |    ^^^^^^^^^^^^^^^^^^^^^

warning: function `select_f32_gemm_variant` is never used
   --> crates/backend-cuda/src/gemm_variant.rs:264:8
    |
264 | pub fn select_f32_gemm_variant(
    |        ^^^^^^^^^^^^^^^^^^^^^^^

warning: function `validate_split_k_launch` is never used
   --> crates/backend-cuda/src/gemm_variant.rs:301:8
    |
301 | pub fn validate_split_k_launch(m: u32, n: u32, num_splits: u32) -> Result<(), CudaError> {
    |        ^^^^^^^^^^^^^^^^^^^^^^^

warning: constant `TILED_DB_TILE` is never used
  --> crates/backend-cuda/src/kernels_gemm_variants.rs:26:11
   |
26 | pub const TILED_DB_TILE: u32 = 32;
   |           ^^^^^^^^^^^^^

warning: constant `TILED_DB_F32` is never used
  --> crates/backend-cuda/src/kernels_gemm_variants.rs:55:11
   |
55 | pub const TILED_DB_F32: &str = r#"
   |           ^^^^^^^^^^^^

warning: constant `SPLITK_PARTIAL_F32` is never used
   --> crates/backend-cuda/src/kernels_gemm_variants.rs:144:11
    |
144 | pub const SPLITK_PARTIAL_F32: &str = r#"
    |           ^^^^^^^^^^^^^^^^^^

warning: constant `SPLITK_REDUCE_BLOCK_DIM` is never used
   --> crates/backend-cuda/src/kernels_gemm_variants.rs:212:11
    |
212 | pub const SPLITK_REDUCE_BLOCK_DIM: u32 = 256;
    |           ^^^^^^^^^^^^^^^^^^^^^^^

warning: constant `SPLITK_REDUCE_F32` is never used
   --> crates/backend-cuda/src/kernels_gemm_variants.rs:228:11
    |
228 | pub const SPLITK_REDUCE_F32: &str = r#"
    |           ^^^^^^^^^^^^^^^^^

warning: function `tiled_f32_source_with_swizzle` is never used
   --> crates/backend-cuda/src/kernels.rs:731:8
    |
731 | pub fn tiled_f32_source_with_swizzle(group_width: u32) -> Result<String, crate::error::CudaError> {
    |        ^^^^^^^^^^^^^^^^^^^^^^^^^^^^^

warning: function `tiled_pipeline_f32_source_with_stages` is never used
   --> crates/backend-cuda/src/kernels_tiled_pipeline.rs:226:8
    |
226 | pub fn tiled_pipeline_f32_source_with_stages(stages: u32) -> Result<String, CudaError> {
    |        ^^^^^^^^^^^^^^^^^^^^^^^^^^^^^^^^^^^^^

warning: `fandhe-ai-backend-cuda` (lib) generated 22 warnings
warning: variant `SplitK` is never constructed
   --> crates/backend-cuda/src/gemm_variant.rs:101:5
    |
 89 | pub enum GemmVariantKind {
    |          --------------- variant in this enum
...
101 |     SplitK {
    |     ^^^^^^
    |
    = note: `GemmVariantKind` has derived impls for the traits `Clone` and `Debug`, but these are intentionally ignored during dead code analysis

warning: `fandhe-ai-backend-cuda` (lib test) generated 4 warnings (3 duplicates)
    Finished `release` profile [optimized] target(s) in 0.02s
     Running unittests src/lib.rs (work/rust-ai-library-run/target/release/deps/fandhe_ai_backend_cuda-687cbd219b19d395)

running 2 tests
test gemm_reuse_phase_diag_tests::gemm_reuse_phase_diag_classic ...   N=1024 kernel=Classic (median over 20 trials, 20 warmup):
    h2d_a: median=0.0849 ms  q1=0.0843 ms  q3=0.0853 ms
    h2d_b: median=0.0787 ms  q1=0.0783 ms  q3=0.0792 ms
    alloc_c: median=0.0002 ms  q1=0.0001 ms  q3=0.0002 ms
    launch_issue: median=0.0048 ms  q1=0.0046 ms  q3=0.0050 ms
    kernel_wait: median=0.3186 ms  q1=0.3182 ms  q3=0.3190 ms
    d2h: median=0.0756 ms  q1=0.0753 ms  q3=0.0758 ms
    host_copy: median=1.3472 ms  q1=1.2960 ms  q3=1.3507 ms
    sum of medians: 1.9101 ms
  N=2048 kernel=Classic (median over 20 trials, 20 warmup):
    h2d_a: median=0.3037 ms  q1=0.3024 ms  q3=0.3045 ms
    h2d_b: median=0.2911 ms  q1=0.2907 ms  q3=0.2915 ms
    alloc_c: median=0.0004 ms  q1=0.0003 ms  q3=0.0004 ms
    launch_issue: median=0.0075 ms  q1=0.0073 ms  q3=0.0076 ms
    kernel_wait: median=2.2647 ms  q1=2.2626 ms  q3=2.2788 ms
    d2h: median=0.2836 ms  q1=0.2833 ms  q3=0.2839 ms
    host_copy: median=5.2745 ms  q1=5.0513 ms  q3=5.3752 ms
    sum of medians: 8.4255 ms
  N=4096 kernel=Classic (median over 20 trials, 20 warmup):
    h2d_a: median=1.1612 ms  q1=1.1606 ms  q3=1.1619 ms
    h2d_b: median=1.1413 ms  q1=1.1408 ms  q3=1.1422 ms
    alloc_c: median=0.0006 ms  q1=0.0006 ms  q3=0.0006 ms
    launch_issue: median=0.0082 ms  q1=0.0080 ms  q3=0.0082 ms
    kernel_wait: median=20.2845 ms  q1=20.2658 ms  q3=20.3648 ms
    d2h: median=635.5907 ms  q1=26.7996 ms  q3=656.3181 ms
    host_copy: median=20.2314 ms  q1=19.5283 ms  q3=20.6509 ms
    sum of medians: 678.4178 ms
ok
test gemm_reuse_phase_diag_tests::gemm_reuse_phase_diag_select ...   N=1024 kernel=Select (median over 20 trials, 20 warmup):
    h2d_a: median=0.0846 ms  q1=0.0839 ms  q3=0.0855 ms
    h2d_b: median=0.0786 ms  q1=0.0783 ms  q3=0.0788 ms
    alloc_c: median=0.0002 ms  q1=0.0002 ms  q3=0.0003 ms
    launch_issue: median=0.0050 ms  q1=0.0048 ms  q3=0.0052 ms
    kernel_wait: median=0.1912 ms  q1=0.1900 ms  q3=0.1922 ms
    d2h: median=0.0750 ms  q1=0.0748 ms  q3=0.0752 ms
    host_copy: median=1.3367 ms  q1=1.2865 ms  q3=1.3425 ms
    sum of medians: 1.7713 ms
  N=2048 kernel=Select (median over 20 trials, 20 warmup):
    h2d_a: median=0.3049 ms  q1=0.3043 ms  q3=0.3061 ms
    h2d_b: median=0.2913 ms  q1=0.2908 ms  q3=0.2915 ms
    alloc_c: median=0.0005 ms  q1=0.0005 ms  q3=0.0005 ms
    launch_issue: median=0.0080 ms  q1=0.0078 ms  q3=0.0081 ms
    kernel_wait: median=1.3146 ms  q1=1.3104 ms  q3=1.3251 ms
    d2h: median=0.2823 ms  q1=0.2817 ms  q3=0.2827 ms
    host_copy: median=6.1620 ms  q1=5.9762 ms  q3=6.2248 ms
    sum of medians: 8.3635 ms
  N=4096 kernel=Select (median over 20 trials, 20 warmup):
    h2d_a: median=1.1612 ms  q1=1.1604 ms  q3=1.1628 ms
    h2d_b: median=1.1414 ms  q1=1.1401 ms  q3=1.1418 ms
    alloc_c: median=0.0007 ms  q1=0.0006 ms  q3=0.0008 ms
    launch_issue: median=0.0083 ms  q1=0.0081 ms  q3=0.0084 ms
    kernel_wait: median=14.4591 ms  q1=13.9467 ms  q3=14.7193 ms
    d2h: median=495.0667 ms  q1=476.1490 ms  q3=574.5477 ms
    host_copy: median=21.1339 ms  q1=20.9102 ms  q3=21.7436 ms
    sum of medians: 532.9713 ms
ok

test result: ok. 2 passed; 0 failed; 0 ignored; 0 measured; 620 filtered out; finished in 39.30s

