warning: field `1` is never read
   --> crates/backend-cuda/src/gemm.rs:768:48
    |
768 | pub struct TiledPipelineFunction(CudaFunction, usize);
    |            ---------------------               ^^^^^
    |            |
    |            field in this struct
    |
    = help: consider removing this field
    = note: `#[warn(dead_code)]` (part of `#[warn(unused)]`) on by default

warning: method `context_ptr` is never used
   --> crates/backend-cuda/src/gemm.rs:781:8
    |
770 | impl TiledPipelineFunction {
    | -------------------------- method in this implementation
...
781 |     fn context_ptr(&self) -> usize {
    |        ^^^^^^^^^^^

warning: enum `GemmVariantKind` is never used
  --> crates/backend-cuda/src/gemm_variant.rs:89:10
   |
89 | pub enum GemmVariantKind {
   |          ^^^^^^^^^^^^^^^

warning: constant `SPLITK_MIN_K` is never used
   --> crates/backend-cuda/src/gemm_variant.rs:113:11
    |
113 | pub const SPLITK_MIN_K: u32 = 1024;
    |           ^^^^^^^^^^^^

warning: constant `SPLITK_MIN_K_PER_SPLIT` is never used
   --> crates/backend-cuda/src/gemm_variant.rs:118:11
    |
118 | pub const SPLITK_MIN_K_PER_SPLIT: u32 = 32;
    |           ^^^^^^^^^^^^^^^^^^^^^^

warning: constant `SPLITK_MAX_SPLITS` is never used
   --> crates/backend-cuda/src/gemm_variant.rs:124:11
    |
124 | pub const SPLITK_MAX_SPLITS: u32 = 32;
    |           ^^^^^^^^^^^^^^^^^

warning: constant `SPLITK_PARTIAL_MAX_BYTES` is never used
   --> crates/backend-cuda/src/gemm_variant.rs:130:11
    |
130 | pub const SPLITK_PARTIAL_MAX_BYTES: u64 = 256 * 1024 * 1024;
    |           ^^^^^^^^^^^^^^^^^^^^^^^^

warning: constant `DOUBLE_BUFFER_MIN_K` is never used
   --> crates/backend-cuda/src/gemm_variant.rs:134:11
    |
134 | pub const DOUBLE_BUFFER_MIN_K: u32 = 2 * 32;
    |           ^^^^^^^^^^^^^^^^^^^

warning: constant `VARIANT_TILE` is never used
   --> crates/backend-cuda/src/gemm_variant.rs:141:7
    |
141 | const VARIANT_TILE: u32 = 32;
    |       ^^^^^^^^^^^^

warning: function `num_blocks` is never used
   --> crates/backend-cuda/src/gemm_variant.rs:147:4
    |
147 | fn num_blocks(m: u32, n: u32) -> u64 {
    |    ^^^^^^^^^^

warning: function `derive_split_count` is never used
   --> crates/backend-cuda/src/gemm_variant.rs:159:4
    |
159 | fn derive_split_count(num_blocks: u64, num_sms: u32, k: u32) -> u32 {
    |    ^^^^^^^^^^^^^^^^^^

warning: function `recommend_split_count` is never used
   --> crates/backend-cuda/src/gemm_variant.rs:206:15
    |
206 | pub(crate) fn recommend_split_count(m: u32, n: u32, k: u32, num_sms: u32) -> Option<u32> {
    |               ^^^^^^^^^^^^^^^^^^^^^

warning: function `split_k_partial_bytes` is never used
   --> crates/backend-cuda/src/gemm_variant.rs:221:4
    |
221 | fn split_k_partial_bytes(num_splits: u32, m: u32, n: u32) -> Option<u64> {
    |    ^^^^^^^^^^^^^^^^^^^^^

warning: function `select_f32_gemm_variant` is never used
   --> crates/backend-cuda/src/gemm_variant.rs:264:8
    |
264 | pub fn select_f32_gemm_variant(
    |        ^^^^^^^^^^^^^^^^^^^^^^^

warning: function `validate_split_k_launch` is never used
   --> crates/backend-cuda/src/gemm_variant.rs:301:8
    |
301 | pub fn validate_split_k_launch(m: u32, n: u32, num_splits: u32) -> Result<(), CudaError> {
    |        ^^^^^^^^^^^^^^^^^^^^^^^

warning: constant `TILED_DB_TILE` is never used
  --> crates/backend-cuda/src/kernels_gemm_variants.rs:26:11
   |
26 | pub const TILED_DB_TILE: u32 = 32;
   |           ^^^^^^^^^^^^^

warning: constant `TILED_DB_F32` is never used
  --> crates/backend-cuda/src/kernels_gemm_variants.rs:55:11
   |
55 | pub const TILED_DB_F32: &str = r#"
   |           ^^^^^^^^^^^^

warning: constant `SPLITK_PARTIAL_F32` is never used
   --> crates/backend-cuda/src/kernels_gemm_variants.rs:144:11
    |
144 | pub const SPLITK_PARTIAL_F32: &str = r#"
    |           ^^^^^^^^^^^^^^^^^^

warning: constant `SPLITK_REDUCE_BLOCK_DIM` is never used
   --> crates/backend-cuda/src/kernels_gemm_variants.rs:212:11
    |
212 | pub const SPLITK_REDUCE_BLOCK_DIM: u32 = 256;
    |           ^^^^^^^^^^^^^^^^^^^^^^^

warning: constant `SPLITK_REDUCE_F32` is never used
   --> crates/backend-cuda/src/kernels_gemm_variants.rs:228:11
    |
228 | pub const SPLITK_REDUCE_F32: &str = r#"
    |           ^^^^^^^^^^^^^^^^^

warning: function `tiled_f32_source_with_swizzle` is never used
   --> crates/backend-cuda/src/kernels.rs:731:8
    |
731 | pub fn tiled_f32_source_with_swizzle(group_width: u32) -> Result<String, crate::error::CudaError> {
    |        ^^^^^^^^^^^^^^^^^^^^^^^^^^^^^

warning: function `tiled_pipeline_f32_source_with_stages` is never used
   --> crates/backend-cuda/src/kernels_tiled_pipeline.rs:226:8
    |
226 | pub fn tiled_pipeline_f32_source_with_stages(stages: u32) -> Result<String, CudaError> {
    |        ^^^^^^^^^^^^^^^^^^^^^^^^^^^^^^^^^^^^^

warning: `fandhe-ai-backend-cuda` (lib) generated 22 warnings
warning: variant `SplitK` is never constructed
   --> crates/backend-cuda/src/gemm_variant.rs:101:5
    |
 89 | pub enum GemmVariantKind {
    |          --------------- variant in this enum
...
101 |     SplitK {
    |     ^^^^^^
    |
    = note: `GemmVariantKind` has derived impls for the traits `Clone` and `Debug`, but these are intentionally ignored during dead code analysis

warning: `fandhe-ai-backend-cuda` (lib test) generated 4 warnings (3 duplicates)
    Finished `release` profile [optimized] target(s) in 0.02s
     Running unittests src/lib.rs (work/rust-ai-library-run/target/release/deps/fandhe_ai_backend_cuda-687cbd219b19d395)

running 2 tests
test gemm_reuse_phase_diag_tests::gemm_reuse_phase_diag_classic ...   N=1024 kernel=Classic (median over 20 trials, 20 warmup):
    h2d_a: median=0.0843 ms  q1=0.0841 ms  q3=0.0848 ms
    h2d_b: median=0.0783 ms  q1=0.0781 ms  q3=0.0784 ms
    alloc_c: median=0.0002 ms  q1=0.0002 ms  q3=0.0002 ms
    launch_issue: median=0.0050 ms  q1=0.0048 ms  q3=0.0051 ms
    kernel_wait: median=0.3186 ms  q1=0.3180 ms  q3=0.3190 ms
    d2h: median=0.0752 ms  q1=0.0750 ms  q3=0.0756 ms
    host_copy: median=1.6513 ms  q1=1.4047 ms  q3=1.7005 ms
    sum of medians: 2.2129 ms
  N=2048 kernel=Classic (median over 20 trials, 20 warmup):
    h2d_a: median=0.3032 ms  q1=0.3024 ms  q3=0.3039 ms
    h2d_b: median=0.2907 ms  q1=0.2903 ms  q3=0.2911 ms
    alloc_c: median=0.0004 ms  q1=0.0004 ms  q3=0.0005 ms
    launch_issue: median=0.0078 ms  q1=0.0076 ms  q3=0.0080 ms
    kernel_wait: median=2.2644 ms  q1=2.2626 ms  q3=2.2798 ms
    d2h: median=0.2826 ms  q1=0.2823 ms  q3=0.2828 ms
    host_copy: median=5.8019 ms  q1=5.5630 ms  q3=5.8417 ms
    sum of medians: 8.9510 ms
  N=4096 kernel=Classic (median over 20 trials, 20 warmup):
    h2d_a: median=1.1612 ms  q1=1.1603 ms  q3=1.1617 ms
    h2d_b: median=1.1445 ms  q1=1.1439 ms  q3=1.1455 ms
    alloc_c: median=0.0005 ms  q1=0.0005 ms  q3=0.0005 ms
    launch_issue: median=0.0082 ms  q1=0.0080 ms  q3=0.0085 ms
    kernel_wait: median=20.8976 ms  q1=20.2601 ms  q3=21.0530 ms
    d2h: median=26.8625 ms  q1=26.1068 ms  q3=625.3461 ms
    host_copy: median=20.3596 ms  q1=19.8665 ms  q3=20.6812 ms
    sum of medians: 70.4341 ms
ok
test gemm_reuse_phase_diag_tests::gemm_reuse_phase_diag_select ...   N=1024 kernel=Select (median over 20 trials, 20 warmup):
    h2d_a: median=0.0845 ms  q1=0.0840 ms  q3=0.0847 ms
    h2d_b: median=0.0787 ms  q1=0.0783 ms  q3=0.0792 ms
    alloc_c: median=0.0002 ms  q1=0.0001 ms  q3=0.0002 ms
    launch_issue: median=0.0048 ms  q1=0.0046 ms  q3=0.0051 ms
    kernel_wait: median=0.1908 ms  q1=0.1902 ms  q3=0.1917 ms
    d2h: median=0.0752 ms  q1=0.0751 ms  q3=0.0754 ms
    host_copy: median=1.4272 ms  q1=1.3828 ms  q3=1.4492 ms
    sum of medians: 1.8614 ms
  N=2048 kernel=Select (median over 20 trials, 20 warmup):
    h2d_a: median=0.3039 ms  q1=0.3032 ms  q3=0.3045 ms
    h2d_b: median=0.2913 ms  q1=0.2908 ms  q3=0.2972 ms
    alloc_c: median=0.0004 ms  q1=0.0004 ms  q3=0.0005 ms
    launch_issue: median=0.0077 ms  q1=0.0075 ms  q3=0.0079 ms
    kernel_wait: median=1.3147 ms  q1=1.3120 ms  q3=1.3166 ms
    d2h: median=0.2815 ms  q1=0.2811 ms  q3=0.2819 ms
    host_copy: median=5.9194 ms  q1=5.3202 ms  q3=6.1761 ms
    sum of medians: 8.1189 ms
  N=4096 kernel=Select (median over 20 trials, 20 warmup):
    h2d_a: median=1.1634 ms  q1=1.1624 ms  q3=1.1647 ms
    h2d_b: median=1.1420 ms  q1=1.1412 ms  q3=1.1428 ms
    alloc_c: median=0.0005 ms  q1=0.0005 ms  q3=0.0005 ms
    launch_issue: median=0.0081 ms  q1=0.0079 ms  q3=0.0083 ms
    kernel_wait: median=12.7848 ms  q1=12.5564 ms  q3=13.8096 ms
    d2h: median=26.4122 ms  q1=24.1716 ms  q3=618.1204 ms
    host_copy: median=20.6810 ms  q1=20.3081 ms  q3=20.8724 ms
    sum of medians: 62.1920 ms
ok

test result: ok. 2 passed; 0 failed; 0 ignored; 0 measured; 620 filtered out; finished in 28.62s

