shape=(512,512,512) pattern=NN candidate=cand0_64x64_wm2wn2 tflops=0.2375 resolved_matches_requested=true
shape=(512,512,512) pattern=NN candidate=cand1_64x32_wm2wn2_tall tflops=0.7073 resolved_matches_requested=true
shape=(512,512,512) pattern=NN candidate=cand2_32x64_wm2wn2_wide tflops=0.6878 resolved_matches_requested=true
shape=(512,512,512) pattern=NN candidate=cand3_32x32_wm2wn2 tflops=0.7357 resolved_matches_requested=true
shape=(512,512,512) pattern=NN candidate=cand4_64x64_wm1wn2 tflops=0.3033 resolved_matches_requested=true
shape=(512,512,512) pattern=NN candidate=cand5_64x32x32_wm2wn2 tflops=1.0236 resolved_matches_requested=true
shape=(512,512,512) pattern=NN candidate=cand6_64x32x8_wm4wn1 tflops=0.9927 resolved_matches_requested=true
shape=(512,512,512) pattern=NN candidate=cand7_single_simdgroup_8x8 tflops=0.6872 resolved_matches_requested=true
shape=(512,512,512) pattern=NT candidate=strided_classic_tiled tflops=0.5620 resolved_matches_requested=true
shape=(512,512,512) pattern=TN candidate=strided_classic_tiled tflops=0.5297 resolved_matches_requested=true
shape=(512,512,512) pattern=TT candidate=strided_classic_tiled tflops=0.5596 resolved_matches_requested=true
shape=(1024,1024,1024) pattern=NN candidate=cand0_64x64_wm2wn2 tflops=0.8879 resolved_matches_requested=true
shape=(1024,1024,1024) pattern=NN candidate=cand1_64x32_wm2wn2_tall tflops=4.6315 resolved_matches_requested=true
shape=(1024,1024,1024) pattern=NN candidate=cand2_32x64_wm2wn2_wide tflops=5.0126 resolved_matches_requested=true
shape=(1024,1024,1024) pattern=NN candidate=cand3_32x32_wm2wn2 tflops=5.6482 resolved_matches_requested=true
shape=(1024,1024,1024) pattern=NN candidate=cand4_64x64_wm1wn2 tflops=0.8374 resolved_matches_requested=true
shape=(1024,1024,1024) pattern=NN candidate=cand5_64x32x32_wm2wn2 tflops=5.0918 resolved_matches_requested=true
shape=(1024,1024,1024) pattern=NN candidate=cand6_64x32x8_wm4wn1 tflops=5.7696 resolved_matches_requested=true
shape=(1024,1024,1024) pattern=NN candidate=cand7_single_simdgroup_8x8 tflops=2.1375 resolved_matches_requested=true
shape=(1024,1024,1024) pattern=NT candidate=strided_classic_tiled tflops=1.4437 resolved_matches_requested=true
shape=(1024,1024,1024) pattern=TN candidate=strided_classic_tiled tflops=1.4705 resolved_matches_requested=true
shape=(1024,1024,1024) pattern=TT candidate=strided_classic_tiled tflops=1.4642 resolved_matches_requested=true
shape=(2048,2048,2048) pattern=NN candidate=cand0_64x64_wm2wn2 tflops=1.2167 resolved_matches_requested=true
shape=(2048,2048,2048) pattern=NN candidate=cand1_64x32_wm2wn2_tall tflops=9.4559 resolved_matches_requested=true
shape=(2048,2048,2048) pattern=NN candidate=cand2_32x64_wm2wn2_wide tflops=9.1824 resolved_matches_requested=true
shape=(2048,2048,2048) pattern=NN candidate=cand3_32x32_wm2wn2 tflops=8.8489 resolved_matches_requested=true
shape=(2048,2048,2048) pattern=NN candidate=cand4_64x64_wm1wn2 tflops=0.5043 resolved_matches_requested=true
shape=(2048,2048,2048) pattern=NN candidate=cand5_64x32x32_wm2wn2 tflops=8.2854 resolved_matches_requested=true
shape=(2048,2048,2048) pattern=NN candidate=cand6_64x32x8_wm4wn1 tflops=8.8213 resolved_matches_requested=true
shape=(2048,2048,2048) pattern=NN candidate=cand7_single_simdgroup_8x8 tflops=2.6767 resolved_matches_requested=true
shape=(2048,2048,2048) pattern=NT candidate=strided_classic_tiled tflops=1.6936 resolved_matches_requested=true
shape=(2048,2048,2048) pattern=TN candidate=strided_classic_tiled tflops=1.6810 resolved_matches_requested=true
shape=(2048,2048,2048) pattern=TT candidate=strided_classic_tiled tflops=1.6772 resolved_matches_requested=true
shape=(4096,4096,4096) pattern=NN candidate=cand0_64x64_wm2wn2 tflops=1.2187 resolved_matches_requested=true
shape=(4096,4096,4096) pattern=NN candidate=cand1_64x32_wm2wn2_tall tflops=8.9022 resolved_matches_requested=true
shape=(4096,4096,4096) pattern=NN candidate=cand2_32x64_wm2wn2_wide tflops=9.9051 resolved_matches_requested=true
shape=(4096,4096,4096) pattern=NN candidate=cand3_32x32_wm2wn2 tflops=8.3567 resolved_matches_requested=true
shape=(4096,4096,4096) pattern=NN candidate=cand4_64x64_wm1wn2 tflops=0.4906 resolved_matches_requested=true
shape=(4096,4096,4096) pattern=NN candidate=cand5_64x32x32_wm2wn2 tflops=7.8190 resolved_matches_requested=true
shape=(4096,4096,4096) pattern=NN candidate=cand6_64x32x8_wm4wn1 tflops=7.7750 resolved_matches_requested=true
shape=(4096,4096,4096) pattern=NN candidate=cand7_single_simdgroup_8x8 tflops=2.7740 resolved_matches_requested=true
shape=(4096,4096,4096) pattern=NT candidate=strided_classic_tiled tflops=1.6885 resolved_matches_requested=true
shape=(4096,4096,4096) pattern=TN candidate=strided_classic_tiled tflops=1.6214 resolved_matches_requested=true
shape=(4096,4096,4096) pattern=TT candidate=strided_classic_tiled tflops=1.5252 resolved_matches_requested=true
shape=(2048,2048,64) pattern=NN candidate=cand0_64x64_wm2wn2 tflops=0.6648 resolved_matches_requested=true
shape=(2048,2048,64) pattern=NN candidate=cand1_64x32_wm2wn2_tall tflops=2.2705 resolved_matches_requested=true
shape=(2048,2048,64) pattern=NN candidate=cand2_32x64_wm2wn2_wide tflops=2.0365 resolved_matches_requested=true
shape=(2048,2048,64) pattern=NN candidate=cand3_32x32_wm2wn2 tflops=2.0508 resolved_matches_requested=true
shape=(2048,2048,64) pattern=NN candidate=cand4_64x64_wm1wn2 tflops=0.4206 resolved_matches_requested=true
shape=(2048,2048,64) pattern=NN candidate=cand5_64x32x32_wm2wn2 tflops=2.0567 resolved_matches_requested=true
shape=(2048,2048,64) pattern=NN candidate=cand6_64x32x8_wm4wn1 tflops=2.0391 resolved_matches_requested=true
shape=(2048,2048,64) pattern=NN candidate=cand7_single_simdgroup_8x8 tflops=1.2938 resolved_matches_requested=true
shape=(2048,2048,64) pattern=NT candidate=strided_classic_tiled tflops=0.9953 resolved_matches_requested=true
shape=(2048,2048,64) pattern=TN candidate=strided_classic_tiled tflops=1.0040 resolved_matches_requested=true
shape=(2048,2048,64) pattern=TT candidate=strided_classic_tiled tflops=0.9934 resolved_matches_requested=true
shape=(2048,2048,512) pattern=NN candidate=cand0_64x64_wm2wn2 tflops=1.1641 resolved_matches_requested=true
shape=(2048,2048,512) pattern=NN candidate=cand1_64x32_wm2wn2_tall tflops=7.2647 resolved_matches_requested=true
shape=(2048,2048,512) pattern=NN candidate=cand2_32x64_wm2wn2_wide tflops=6.6153 resolved_matches_requested=true
shape=(2048,2048,512) pattern=NN candidate=cand3_32x32_wm2wn2 tflops=6.5389 resolved_matches_requested=true
shape=(2048,2048,512) pattern=NN candidate=cand4_64x64_wm1wn2 tflops=0.5117 resolved_matches_requested=true
shape=(2048,2048,512) pattern=NN candidate=cand5_64x32x32_wm2wn2 tflops=6.9353 resolved_matches_requested=true
shape=(2048,2048,512) pattern=NN candidate=cand6_64x32x8_wm4wn1 tflops=7.5076 resolved_matches_requested=true
shape=(2048,2048,512) pattern=NN candidate=cand7_single_simdgroup_8x8 tflops=2.4428 resolved_matches_requested=true
shape=(2048,2048,512) pattern=NT candidate=strided_classic_tiled tflops=1.4863 resolved_matches_requested=true
shape=(2048,2048,512) pattern=TN candidate=strided_classic_tiled tflops=1.4961 resolved_matches_requested=true
shape=(2048,2048,512) pattern=TT candidate=strided_classic_tiled tflops=1.5032 resolved_matches_requested=true
shape=(1536,1024,1024) pattern=NN candidate=cand0_64x64_wm2wn2 tflops=1.1804 resolved_matches_requested=true
shape=(1536,1024,1024) pattern=NN candidate=cand1_64x32_wm2wn2_tall tflops=6.3535 resolved_matches_requested=true
shape=(1536,1024,1024) pattern=NN candidate=cand2_32x64_wm2wn2_wide tflops=6.0979 resolved_matches_requested=true
shape=(1536,1024,1024) pattern=NN candidate=cand3_32x32_wm2wn2 tflops=6.0168 resolved_matches_requested=true
shape=(1536,1024,1024) pattern=NN candidate=cand4_64x64_wm1wn2 tflops=0.4984 resolved_matches_requested=true
shape=(1536,1024,1024) pattern=NN candidate=cand5_64x32x32_wm2wn2 tflops=5.8822 resolved_matches_requested=true
shape=(1536,1024,1024) pattern=NN candidate=cand6_64x32x8_wm4wn1 tflops=6.0455 resolved_matches_requested=true
shape=(1536,1024,1024) pattern=NN candidate=cand7_single_simdgroup_8x8 tflops=2.3182 resolved_matches_requested=true
shape=(1536,1024,1024) pattern=NT candidate=strided_classic_tiled tflops=1.4404 resolved_matches_requested=true
shape=(1536,1024,1024) pattern=TN candidate=strided_classic_tiled tflops=1.4347 resolved_matches_requested=true
shape=(1536,1024,1024) pattern=TT candidate=strided_classic_tiled tflops=1.4165 resolved_matches_requested=true
shape=(1024,1536,1536) pattern=NN candidate=cand0_64x64_wm2wn2 tflops=1.2068 resolved_matches_requested=true
shape=(1024,1536,1536) pattern=NN candidate=cand1_64x32_wm2wn2_tall tflops=6.8146 resolved_matches_requested=true
shape=(1024,1536,1536) pattern=NN candidate=cand2_32x64_wm2wn2_wide tflops=6.6804 resolved_matches_requested=true
shape=(1024,1536,1536) pattern=NN candidate=cand3_32x32_wm2wn2 tflops=6.6061 resolved_matches_requested=true
shape=(1024,1536,1536) pattern=NN candidate=cand4_64x64_wm1wn2 tflops=0.5110 resolved_matches_requested=true
shape=(1024,1536,1536) pattern=NN candidate=cand5_64x32x32_wm2wn2 tflops=6.4271 resolved_matches_requested=true
shape=(1024,1536,1536) pattern=NN candidate=cand6_64x32x8_wm4wn1 tflops=6.8932 resolved_matches_requested=true
shape=(1024,1536,1536) pattern=NN candidate=cand7_single_simdgroup_8x8 tflops=2.5011 resolved_matches_requested=true
shape=(1024,1536,1536) pattern=NT candidate=strided_classic_tiled tflops=1.4863 resolved_matches_requested=true
shape=(1024,1536,1536) pattern=TN candidate=strided_classic_tiled tflops=1.4831 resolved_matches_requested=true
shape=(1024,1536,1536) pattern=TT candidate=strided_classic_tiled tflops=1.4674 resolved_matches_requested=true
shape=(4096,1024,1024) pattern=NN candidate=cand0_64x64_wm2wn2 tflops=1.1733 resolved_matches_requested=true
shape=(4096,1024,1024) pattern=NN candidate=cand1_64x32_wm2wn2_tall tflops=8.2190 resolved_matches_requested=true
shape=(4096,1024,1024) pattern=NN candidate=cand2_32x64_wm2wn2_wide tflops=7.4200 resolved_matches_requested=true
shape=(4096,1024,1024) pattern=NN candidate=cand3_32x32_wm2wn2 tflops=7.1052 resolved_matches_requested=true
shape=(4096,1024,1024) pattern=NN candidate=cand4_64x64_wm1wn2 tflops=0.5097 resolved_matches_requested=true
shape=(4096,1024,1024) pattern=NN candidate=cand5_64x32x32_wm2wn2 tflops=7.5111 resolved_matches_requested=true
shape=(4096,1024,1024) pattern=NN candidate=cand6_64x32x8_wm4wn1 tflops=7.6440 resolved_matches_requested=true
shape=(4096,1024,1024) pattern=NN candidate=cand7_single_simdgroup_8x8 tflops=2.4247 resolved_matches_requested=true
shape=(4096,1024,1024) pattern=NT candidate=strided_classic_tiled tflops=1.4843 resolved_matches_requested=true
shape=(4096,1024,1024) pattern=TN candidate=strided_classic_tiled tflops=1.5345 resolved_matches_requested=true
shape=(4096,1024,1024) pattern=TT candidate=strided_classic_tiled tflops=1.4711 resolved_matches_requested=true
shape=(1024,4096,1024) pattern=NN candidate=cand0_64x64_wm2wn2 tflops=1.2262 resolved_matches_requested=true
shape=(1024,4096,1024) pattern=NN candidate=cand1_64x32_wm2wn2_tall tflops=8.2602 resolved_matches_requested=true
shape=(1024,4096,1024) pattern=NN candidate=cand2_32x64_wm2wn2_wide tflops=7.8369 resolved_matches_requested=true
shape=(1024,4096,1024) pattern=NN candidate=cand3_32x32_wm2wn2 tflops=7.4657 resolved_matches_requested=true
shape=(1024,4096,1024) pattern=NN candidate=cand4_64x64_wm1wn2 tflops=0.5089 resolved_matches_requested=true
shape=(1024,4096,1024) pattern=NN candidate=cand5_64x32x32_wm2wn2 tflops=8.2652 resolved_matches_requested=true
shape=(1024,4096,1024) pattern=NN candidate=cand6_64x32x8_wm4wn1 tflops=7.7271 resolved_matches_requested=true
shape=(1024,4096,1024) pattern=NN candidate=cand7_single_simdgroup_8x8 tflops=2.4220 resolved_matches_requested=true
shape=(1024,4096,1024) pattern=NT candidate=strided_classic_tiled tflops=1.4909 resolved_matches_requested=true
shape=(1024,4096,1024) pattern=TN candidate=strided_classic_tiled tflops=1.4814 resolved_matches_requested=true
shape=(1024,4096,1024) pattern=TT candidate=strided_classic_tiled tflops=1.4520 resolved_matches_requested=true
