== build bench-fandhe ==
== build bench-candle (cpu) ==
== manifest 記録: results/raw/manifest-m4max-cpu-gemm-gate-0.8.0-1522.json ==
{"label":"0.8.0-1522","device":"cpu","bench_fandhe_sha256":"74ef85d60cc5d63b4f108c581c1727cbe4ba54a7d8cd991f6ca8056d02a8954b","fandhe_ai_source":"registry","bench_fandhe_features":"","readout_method":"borrowed-view-default-1438","bench_candle_sha256":"6b80ce56f06185a9b19ef63289f7395feaf879364a617cc4526cf10892e7fb4c","candle_core_source":"registry","recorded_at":"2026-09-11T12:44:30Z"}
== バイナリ sha256 検証 OK: bench-fandhe=74ef85d60cc5d63b4f108c581c1727cbe4ba54a7d8cd991f6ca8056d02a8954b（label '0.8.0-1522'・device 'cpu'） ==
== 依存元検証 OK: fandhe_ai_source=registry（label '0.8.0-1522'） ==
== feature 検証 OK: bench_fandhe_features=''（#1438 で常時既定経路。label '0.8.0-1522'） ==
== readout 方式検証 OK: readout_method=borrowed-view-default-1438（label '0.8.0-1522'） ==
== バイナリ sha256 検証 OK: bench-candle=6b80ce56f06185a9b19ef63289f7395feaf879364a617cc4526cf10892e7fb4c（label '0.8.0-1522'） ==
== 依存元検証 OK: candle_core_source=registry（label '0.8.0-1522'） ==
== cpu status (before) ==
RAYON_NUM_THREADS=<未設定=全コア既定>
Apple M4 Max
hw.ncpu: 16
hw.perflevel0.logicalcpu: 12
hw.perflevel1.logicalcpu: 4
21:44  up 23 days,  8:57, 20 users, load averages: 4.84 6.79 6.16
Note: No thermal warning level has been recorded
Note: No performance warning level has been recorded
Note: No CPU power status has been recorded
== bench-fandhe gemm cpu size=512 mode=reuse extra=none ==
{"framework":"fandhe-ai","version":"0.8.0","task":"gemm","device":"cpu","size":512,"median_s":0.000669354,"q1_s":0.000627729,"q3_s":0.000700041,"gflops":401.036,"checksum":937.743233,"warmup":20,"iters":20,"mode":"reuse","init_s":0.004771042,"parity_total":262144,"parity_fail_count":0,"parity_max_abs_err":0.000000e0,"parity_max_rel_err":0.000000e0,"parity_scaled_abs_bound":0.000000e0,"parity_scaled_abs_rescued":0}
== bench-candle gemm cpu size=512 mode=fresh extra=none ==
{"framework":"candle","version":"0.11.0","task":"gemm","device":"cpu","size":512,"median_s":0.000663000,"q1_s":0.000647156,"q3_s":0.000692449,"gflops":404.880,"checksum":937.743233,"warmup":20,"iters":20,"mode":"fresh","parity_total":262144,"parity_fail_count":0,"parity_max_abs_err":0.000000e0,"parity_max_rel_err":0.000000e0,"parity_scaled_abs_bound":3.814663e-6,"parity_scaled_abs_rescued":0}
== bench-fandhe gemm cpu size=512 mode=fresh extra=none ==
{"framework":"fandhe-ai","version":"0.8.0","task":"gemm","device":"cpu","size":512,"median_s":0.000655917,"q1_s":0.000643521,"q3_s":0.000680000,"gflops":409.252,"checksum":937.743233,"warmup":20,"iters":20,"mode":"fresh","parity_total":262144,"parity_fail_count":0,"parity_max_abs_err":0.000000e0,"parity_max_rel_err":0.000000e0,"parity_scaled_abs_bound":0.000000e0,"parity_scaled_abs_rescued":0}
== bench-fandhe gemm cpu size=1024 mode=reuse extra=none ==
{"framework":"fandhe-ai","version":"0.8.0","task":"gemm","device":"cpu","size":1024,"median_s":0.003092791,"q1_s":0.002937781,"q3_s":0.003194395,"gflops":694.351,"checksum":-1855.597736,"warmup":20,"iters":20,"mode":"reuse","init_s":0.005724583,"parity_total":1048576,"parity_fail_count":0,"parity_max_abs_err":0.000000e0,"parity_max_rel_err":0.000000e0,"parity_scaled_abs_bound":0.000000e0,"parity_scaled_abs_rescued":0}
== bench-candle gemm cpu size=1024 mode=fresh extra=none ==
{"framework":"candle","version":"0.11.0","task":"gemm","device":"cpu","size":1024,"median_s":0.002726521,"q1_s":0.002685094,"q3_s":0.002771584,"gflops":787.628,"checksum":-1855.597736,"warmup":20,"iters":20,"mode":"fresh","parity_total":1048576,"parity_fail_count":0,"parity_max_abs_err":0.000000e0,"parity_max_rel_err":0.000000e0,"parity_scaled_abs_bound":7.629375e-6,"parity_scaled_abs_rescued":0}
== bench-fandhe gemm cpu size=1024 mode=fresh extra=none ==
{"framework":"fandhe-ai","version":"0.8.0","task":"gemm","device":"cpu","size":1024,"median_s":0.002913646,"q1_s":0.002887761,"q3_s":0.002940458,"gflops":737.044,"checksum":-1855.597736,"warmup":20,"iters":20,"mode":"fresh","parity_total":1048576,"parity_fail_count":0,"parity_max_abs_err":0.000000e0,"parity_max_rel_err":0.000000e0,"parity_scaled_abs_bound":0.000000e0,"parity_scaled_abs_rescued":0}
== bench-fandhe gemm cpu size=2048 mode=reuse extra=none ==
{"framework":"fandhe-ai","version":"0.8.0","task":"gemm","device":"cpu","size":2048,"median_s":0.019521687,"q1_s":0.019372333,"q3_s":0.019990031,"gflops":880.040,"checksum":-6016.774008,"warmup":20,"iters":20,"mode":"reuse","init_s":0.022179708,"parity_total":4194304,"parity_fail_count":0,"parity_max_abs_err":0.000000e0,"parity_max_rel_err":0.000000e0,"parity_scaled_abs_bound":0.000000e0,"parity_scaled_abs_rescued":0}
== bench-candle gemm cpu size=2048 mode=fresh extra=none ==
{"framework":"candle","version":"0.11.0","task":"gemm","device":"cpu","size":2048,"median_s":0.017180355,"q1_s":0.017007239,"q3_s":0.017555677,"gflops":999.972,"checksum":-6016.774008,"warmup":20,"iters":20,"mode":"fresh","parity_total":4194304,"parity_fail_count":0,"parity_max_abs_err":0.000000e0,"parity_max_rel_err":0.000000e0,"parity_scaled_abs_bound":1.525878e-5,"parity_scaled_abs_rescued":0}
== bench-fandhe gemm cpu size=2048 mode=fresh extra=none ==
{"framework":"fandhe-ai","version":"0.8.0","task":"gemm","device":"cpu","size":2048,"median_s":0.017084292,"q1_s":0.017036157,"q3_s":0.017233385,"gflops":1005.594,"checksum":-6016.774008,"warmup":20,"iters":20,"mode":"fresh","parity_total":4194304,"parity_fail_count":0,"parity_max_abs_err":0.000000e0,"parity_max_rel_err":0.000000e0,"parity_scaled_abs_bound":0.000000e0,"parity_scaled_abs_rescued":0}
== bench-fandhe gemm cpu size=512 mode=reuse extra=none ==
{"framework":"fandhe-ai","version":"0.8.0","task":"gemm","device":"cpu","size":512,"median_s":0.000647417,"q1_s":0.000637261,"q3_s":0.000671532,"gflops":414.626,"checksum":937.743233,"warmup":20,"iters":20,"mode":"reuse","init_s":0.003274333,"parity_total":262144,"parity_fail_count":0,"parity_max_abs_err":0.000000e0,"parity_max_rel_err":0.000000e0,"parity_scaled_abs_bound":0.000000e0,"parity_scaled_abs_rescued":0}
== bench-candle gemm cpu size=512 mode=fresh extra=none ==
{"framework":"candle","version":"0.11.0","task":"gemm","device":"cpu","size":512,"median_s":0.000699042,"q1_s":0.000627667,"q3_s":0.000726365,"gflops":384.005,"checksum":937.743233,"warmup":20,"iters":20,"mode":"fresh","parity_total":262144,"parity_fail_count":0,"parity_max_abs_err":0.000000e0,"parity_max_rel_err":0.000000e0,"parity_scaled_abs_bound":3.814663e-6,"parity_scaled_abs_rescued":0}
== bench-fandhe gemm cpu size=512 mode=fresh extra=none ==
{"framework":"fandhe-ai","version":"0.8.0","task":"gemm","device":"cpu","size":512,"median_s":0.000664520,"q1_s":0.000639219,"q3_s":0.000671709,"gflops":403.954,"checksum":937.743233,"warmup":20,"iters":20,"mode":"fresh","parity_total":262144,"parity_fail_count":0,"parity_max_abs_err":0.000000e0,"parity_max_rel_err":0.000000e0,"parity_scaled_abs_bound":0.000000e0,"parity_scaled_abs_rescued":0}
== bench-fandhe gemm cpu size=1024 mode=reuse extra=none ==
{"framework":"fandhe-ai","version":"0.8.0","task":"gemm","device":"cpu","size":1024,"median_s":0.003204938,"q1_s":0.003134823,"q3_s":0.003253125,"gflops":670.055,"checksum":-1855.597736,"warmup":20,"iters":20,"mode":"reuse","init_s":0.005847125,"parity_total":1048576,"parity_fail_count":0,"parity_max_abs_err":0.000000e0,"parity_max_rel_err":0.000000e0,"parity_scaled_abs_bound":0.000000e0,"parity_scaled_abs_rescued":0}
== bench-candle gemm cpu size=1024 mode=fresh extra=none ==
{"framework":"candle","version":"0.11.0","task":"gemm","device":"cpu","size":1024,"median_s":0.002749438,"q1_s":0.002709177,"q3_s":0.003233594,"gflops":781.063,"checksum":-1855.597736,"warmup":20,"iters":20,"mode":"fresh","parity_total":1048576,"parity_fail_count":0,"parity_max_abs_err":0.000000e0,"parity_max_rel_err":0.000000e0,"parity_scaled_abs_bound":7.629375e-6,"parity_scaled_abs_rescued":0}
== bench-fandhe gemm cpu size=1024 mode=fresh extra=none ==
{"framework":"fandhe-ai","version":"0.8.0","task":"gemm","device":"cpu","size":1024,"median_s":0.002907042,"q1_s":0.002876667,"q3_s":0.002948365,"gflops":738.718,"checksum":-1855.597736,"warmup":20,"iters":20,"mode":"fresh","parity_total":1048576,"parity_fail_count":0,"parity_max_abs_err":0.000000e0,"parity_max_rel_err":0.000000e0,"parity_scaled_abs_bound":0.000000e0,"parity_scaled_abs_rescued":0}
== bench-fandhe gemm cpu size=2048 mode=reuse extra=none ==
{"framework":"fandhe-ai","version":"0.8.0","task":"gemm","device":"cpu","size":2048,"median_s":0.019351687,"q1_s":0.019225573,"q3_s":0.019662167,"gflops":887.771,"checksum":-6016.774008,"warmup":20,"iters":20,"mode":"reuse","init_s":0.022958417,"parity_total":4194304,"parity_fail_count":0,"parity_max_abs_err":0.000000e0,"parity_max_rel_err":0.000000e0,"parity_scaled_abs_bound":0.000000e0,"parity_scaled_abs_rescued":0}
== bench-candle gemm cpu size=2048 mode=fresh extra=none ==
{"framework":"candle","version":"0.11.0","task":"gemm","device":"cpu","size":2048,"median_s":0.017149271,"q1_s":0.017038844,"q3_s":0.017585802,"gflops":1001.784,"checksum":-6016.774008,"warmup":20,"iters":20,"mode":"fresh","parity_total":4194304,"parity_fail_count":0,"parity_max_abs_err":0.000000e0,"parity_max_rel_err":0.000000e0,"parity_scaled_abs_bound":1.525878e-5,"parity_scaled_abs_rescued":0}
== bench-fandhe gemm cpu size=2048 mode=fresh extra=none ==
{"framework":"fandhe-ai","version":"0.8.0","task":"gemm","device":"cpu","size":2048,"median_s":0.017236166,"q1_s":0.017095302,"q3_s":0.017355916,"gflops":996.734,"checksum":-6016.774008,"warmup":20,"iters":20,"mode":"fresh","parity_total":4194304,"parity_fail_count":0,"parity_max_abs_err":0.000000e0,"parity_max_rel_err":0.000000e0,"parity_scaled_abs_bound":0.000000e0,"parity_scaled_abs_rescued":0}
== bench-fandhe gemm cpu size=512 mode=reuse extra=none ==
{"framework":"fandhe-ai","version":"0.8.0","task":"gemm","device":"cpu","size":512,"median_s":0.000674354,"q1_s":0.000646125,"q3_s":0.000683750,"gflops":398.063,"checksum":937.743233,"warmup":20,"iters":20,"mode":"reuse","init_s":0.003314792,"parity_total":262144,"parity_fail_count":0,"parity_max_abs_err":0.000000e0,"parity_max_rel_err":0.000000e0,"parity_scaled_abs_bound":0.000000e0,"parity_scaled_abs_rescued":0}
== bench-candle gemm cpu size=512 mode=fresh extra=none ==
{"framework":"candle","version":"0.11.0","task":"gemm","device":"cpu","size":512,"median_s":0.000676583,"q1_s":0.000645167,"q3_s":0.000747896,"gflops":396.751,"checksum":937.743233,"warmup":20,"iters":20,"mode":"fresh","parity_total":262144,"parity_fail_count":0,"parity_max_abs_err":0.000000e0,"parity_max_rel_err":0.000000e0,"parity_scaled_abs_bound":3.814663e-6,"parity_scaled_abs_rescued":0}
== bench-fandhe gemm cpu size=512 mode=fresh extra=none ==
{"framework":"fandhe-ai","version":"0.8.0","task":"gemm","device":"cpu","size":512,"median_s":0.000663772,"q1_s":0.000641917,"q3_s":0.000690657,"gflops":404.409,"checksum":937.743233,"warmup":20,"iters":20,"mode":"fresh","parity_total":262144,"parity_fail_count":0,"parity_max_abs_err":0.000000e0,"parity_max_rel_err":0.000000e0,"parity_scaled_abs_bound":0.000000e0,"parity_scaled_abs_rescued":0}
== bench-fandhe gemm cpu size=1024 mode=reuse extra=none ==
{"framework":"fandhe-ai","version":"0.8.0","task":"gemm","device":"cpu","size":1024,"median_s":0.003108167,"q1_s":0.002988219,"q3_s":0.003270635,"gflops":690.916,"checksum":-1855.597736,"warmup":20,"iters":20,"mode":"reuse","init_s":0.005795334,"parity_total":1048576,"parity_fail_count":0,"parity_max_abs_err":0.000000e0,"parity_max_rel_err":0.000000e0,"parity_scaled_abs_bound":0.000000e0,"parity_scaled_abs_rescued":0}
== bench-candle gemm cpu size=1024 mode=fresh extra=none ==
{"framework":"candle","version":"0.11.0","task":"gemm","device":"cpu","size":1024,"median_s":0.002726958,"q1_s":0.002688968,"q3_s":0.002790479,"gflops":787.502,"checksum":-1855.597736,"warmup":20,"iters":20,"mode":"fresh","parity_total":1048576,"parity_fail_count":0,"parity_max_abs_err":0.000000e0,"parity_max_rel_err":0.000000e0,"parity_scaled_abs_bound":7.629375e-6,"parity_scaled_abs_rescued":0}
== bench-fandhe gemm cpu size=1024 mode=fresh extra=none ==
{"framework":"fandhe-ai","version":"0.8.0","task":"gemm","device":"cpu","size":1024,"median_s":0.002876021,"q1_s":0.002857104,"q3_s":0.002928844,"gflops":746.686,"checksum":-1855.597736,"warmup":20,"iters":20,"mode":"fresh","parity_total":1048576,"parity_fail_count":0,"parity_max_abs_err":0.000000e0,"parity_max_rel_err":0.000000e0,"parity_scaled_abs_bound":0.000000e0,"parity_scaled_abs_rescued":0}
== bench-fandhe gemm cpu size=2048 mode=reuse extra=none ==
{"framework":"fandhe-ai","version":"0.8.0","task":"gemm","device":"cpu","size":2048,"median_s":0.019461334,"q1_s":0.019193208,"q3_s":0.019790594,"gflops":882.769,"checksum":-6016.774008,"warmup":20,"iters":20,"mode":"reuse","init_s":0.021932958,"parity_total":4194304,"parity_fail_count":0,"parity_max_abs_err":0.000000e0,"parity_max_rel_err":0.000000e0,"parity_scaled_abs_bound":0.000000e0,"parity_scaled_abs_rescued":0}
== bench-candle gemm cpu size=2048 mode=fresh extra=none ==
{"framework":"candle","version":"0.11.0","task":"gemm","device":"cpu","size":2048,"median_s":0.017372709,"q1_s":0.017056511,"q3_s":0.017945646,"gflops":988.900,"checksum":-6016.774008,"warmup":20,"iters":20,"mode":"fresh","parity_total":4194304,"parity_fail_count":0,"parity_max_abs_err":0.000000e0,"parity_max_rel_err":0.000000e0,"parity_scaled_abs_bound":1.525878e-5,"parity_scaled_abs_rescued":0}
== bench-fandhe gemm cpu size=2048 mode=fresh extra=none ==
{"framework":"fandhe-ai","version":"0.8.0","task":"gemm","device":"cpu","size":2048,"median_s":0.017261375,"q1_s":0.017085584,"q3_s":0.017377812,"gflops":995.278,"checksum":-6016.774008,"warmup":20,"iters":20,"mode":"fresh","parity_total":4194304,"parity_fail_count":0,"parity_max_abs_err":0.000000e0,"parity_max_rel_err":0.000000e0,"parity_scaled_abs_bound":0.000000e0,"parity_scaled_abs_rescued":0}
== bench-fandhe gemm cpu size=512 mode=reuse extra=none ==
{"framework":"fandhe-ai","version":"0.8.0","task":"gemm","device":"cpu","size":512,"median_s":0.000638584,"q1_s":0.000627667,"q3_s":0.000672927,"gflops":420.361,"checksum":937.743233,"warmup":20,"iters":20,"mode":"reuse","init_s":0.003272250,"parity_total":262144,"parity_fail_count":0,"parity_max_abs_err":0.000000e0,"parity_max_rel_err":0.000000e0,"parity_scaled_abs_bound":0.000000e0,"parity_scaled_abs_rescued":0}
== bench-candle gemm cpu size=512 mode=fresh extra=none ==
{"framework":"candle","version":"0.11.0","task":"gemm","device":"cpu","size":512,"median_s":0.000808062,"q1_s":0.000775145,"q3_s":0.000834594,"gflops":332.197,"checksum":937.743233,"warmup":20,"iters":20,"mode":"fresh","parity_total":262144,"parity_fail_count":0,"parity_max_abs_err":0.000000e0,"parity_max_rel_err":0.000000e0,"parity_scaled_abs_bound":3.814663e-6,"parity_scaled_abs_rescued":0}
== bench-fandhe gemm cpu size=512 mode=fresh extra=none ==
{"framework":"fandhe-ai","version":"0.8.0","task":"gemm","device":"cpu","size":512,"median_s":0.000668542,"q1_s":0.000649323,"q3_s":0.000699750,"gflops":401.524,"checksum":937.743233,"warmup":20,"iters":20,"mode":"fresh","parity_total":262144,"parity_fail_count":0,"parity_max_abs_err":0.000000e0,"parity_max_rel_err":0.000000e0,"parity_scaled_abs_bound":0.000000e0,"parity_scaled_abs_rescued":0}
== bench-fandhe gemm cpu size=1024 mode=reuse extra=none ==
{"framework":"fandhe-ai","version":"0.8.0","task":"gemm","device":"cpu","size":1024,"median_s":0.003173875,"q1_s":0.003059135,"q3_s":0.003234823,"gflops":676.613,"checksum":-1855.597736,"warmup":20,"iters":20,"mode":"reuse","init_s":0.006000541,"parity_total":1048576,"parity_fail_count":0,"parity_max_abs_err":0.000000e0,"parity_max_rel_err":0.000000e0,"parity_scaled_abs_bound":0.000000e0,"parity_scaled_abs_rescued":0}
== bench-candle gemm cpu size=1024 mode=fresh extra=none ==
{"framework":"candle","version":"0.11.0","task":"gemm","device":"cpu","size":1024,"median_s":0.002715709,"q1_s":0.002682386,"q3_s":0.002771510,"gflops":790.764,"checksum":-1855.597736,"warmup":20,"iters":20,"mode":"fresh","parity_total":1048576,"parity_fail_count":0,"parity_max_abs_err":0.000000e0,"parity_max_rel_err":0.000000e0,"parity_scaled_abs_bound":7.629375e-6,"parity_scaled_abs_rescued":0}
== bench-fandhe gemm cpu size=1024 mode=fresh extra=none ==
{"framework":"fandhe-ai","version":"0.8.0","task":"gemm","device":"cpu","size":1024,"median_s":0.002910125,"q1_s":0.002888625,"q3_s":0.002924177,"gflops":737.935,"checksum":-1855.597736,"warmup":20,"iters":20,"mode":"fresh","parity_total":1048576,"parity_fail_count":0,"parity_max_abs_err":0.000000e0,"parity_max_rel_err":0.000000e0,"parity_scaled_abs_bound":0.000000e0,"parity_scaled_abs_rescued":0}
== bench-fandhe gemm cpu size=2048 mode=reuse extra=none ==
{"framework":"fandhe-ai","version":"0.8.0","task":"gemm","device":"cpu","size":2048,"median_s":0.019627792,"q1_s":0.019272000,"q3_s":0.020153802,"gflops":875.283,"checksum":-6016.774008,"warmup":20,"iters":20,"mode":"reuse","init_s":0.022669584,"parity_total":4194304,"parity_fail_count":0,"parity_max_abs_err":0.000000e0,"parity_max_rel_err":0.000000e0,"parity_scaled_abs_bound":0.000000e0,"parity_scaled_abs_rescued":0}
== bench-candle gemm cpu size=2048 mode=fresh extra=none ==
{"framework":"candle","version":"0.11.0","task":"gemm","device":"cpu","size":2048,"median_s":0.017266250,"q1_s":0.017072459,"q3_s":0.017455761,"gflops":994.997,"checksum":-6016.774008,"warmup":20,"iters":20,"mode":"fresh","parity_total":4194304,"parity_fail_count":0,"parity_max_abs_err":0.000000e0,"parity_max_rel_err":0.000000e0,"parity_scaled_abs_bound":1.525878e-5,"parity_scaled_abs_rescued":0}
== bench-fandhe gemm cpu size=2048 mode=fresh extra=none ==
{"framework":"fandhe-ai","version":"0.8.0","task":"gemm","device":"cpu","size":2048,"median_s":0.017196438,"q1_s":0.017139334,"q3_s":0.017409708,"gflops":999.036,"checksum":-6016.774008,"warmup":20,"iters":20,"mode":"fresh","parity_total":4194304,"parity_fail_count":0,"parity_max_abs_err":0.000000e0,"parity_max_rel_err":0.000000e0,"parity_scaled_abs_bound":0.000000e0,"parity_scaled_abs_rescued":0}
== bench-fandhe gemm cpu size=512 mode=reuse extra=none ==
{"framework":"fandhe-ai","version":"0.8.0","task":"gemm","device":"cpu","size":512,"median_s":0.000666626,"q1_s":0.000646677,"q3_s":0.000694677,"gflops":402.678,"checksum":937.743233,"warmup":20,"iters":20,"mode":"reuse","init_s":0.003215583,"parity_total":262144,"parity_fail_count":0,"parity_max_abs_err":0.000000e0,"parity_max_rel_err":0.000000e0,"parity_scaled_abs_bound":0.000000e0,"parity_scaled_abs_rescued":0}
== bench-candle gemm cpu size=512 mode=fresh extra=none ==
{"framework":"candle","version":"0.11.0","task":"gemm","device":"cpu","size":512,"median_s":0.000635584,"q1_s":0.000604479,"q3_s":0.000714219,"gflops":422.345,"checksum":937.743233,"warmup":20,"iters":20,"mode":"fresh","parity_total":262144,"parity_fail_count":0,"parity_max_abs_err":0.000000e0,"parity_max_rel_err":0.000000e0,"parity_scaled_abs_bound":3.814663e-6,"parity_scaled_abs_rescued":0}
== bench-fandhe gemm cpu size=512 mode=fresh extra=none ==
{"framework":"fandhe-ai","version":"0.8.0","task":"gemm","device":"cpu","size":512,"median_s":0.000673917,"q1_s":0.000645052,"q3_s":0.000699740,"gflops":398.321,"checksum":937.743233,"warmup":20,"iters":20,"mode":"fresh","parity_total":262144,"parity_fail_count":0,"parity_max_abs_err":0.000000e0,"parity_max_rel_err":0.000000e0,"parity_scaled_abs_bound":0.000000e0,"parity_scaled_abs_rescued":0}
== bench-fandhe gemm cpu size=1024 mode=reuse extra=none ==
{"framework":"fandhe-ai","version":"0.8.0","task":"gemm","device":"cpu","size":1024,"median_s":0.003234313,"q1_s":0.003044281,"q3_s":0.003273021,"gflops":663.969,"checksum":-1855.597736,"warmup":20,"iters":20,"mode":"reuse","init_s":0.006314125,"parity_total":1048576,"parity_fail_count":0,"parity_max_abs_err":0.000000e0,"parity_max_rel_err":0.000000e0,"parity_scaled_abs_bound":0.000000e0,"parity_scaled_abs_rescued":0}
== bench-candle gemm cpu size=1024 mode=fresh extra=none ==
{"framework":"candle","version":"0.11.0","task":"gemm","device":"cpu","size":1024,"median_s":0.002747563,"q1_s":0.002686635,"q3_s":0.002792583,"gflops":781.596,"checksum":-1855.597736,"warmup":20,"iters":20,"mode":"fresh","parity_total":1048576,"parity_fail_count":0,"parity_max_abs_err":0.000000e0,"parity_max_rel_err":0.000000e0,"parity_scaled_abs_bound":7.629375e-6,"parity_scaled_abs_rescued":0}
== bench-fandhe gemm cpu size=1024 mode=fresh extra=none ==
{"framework":"fandhe-ai","version":"0.8.0","task":"gemm","device":"cpu","size":1024,"median_s":0.002887313,"q1_s":0.002846396,"q3_s":0.002941000,"gflops":743.766,"checksum":-1855.597736,"warmup":20,"iters":20,"mode":"fresh","parity_total":1048576,"parity_fail_count":0,"parity_max_abs_err":0.000000e0,"parity_max_rel_err":0.000000e0,"parity_scaled_abs_bound":0.000000e0,"parity_scaled_abs_rescued":0}
== bench-fandhe gemm cpu size=2048 mode=reuse extra=none ==
{"framework":"fandhe-ai","version":"0.8.0","task":"gemm","device":"cpu","size":2048,"median_s":0.019551271,"q1_s":0.019266042,"q3_s":0.019730542,"gflops":878.709,"checksum":-6016.774008,"warmup":20,"iters":20,"mode":"reuse","init_s":0.022198541,"parity_total":4194304,"parity_fail_count":0,"parity_max_abs_err":0.000000e0,"parity_max_rel_err":0.000000e0,"parity_scaled_abs_bound":0.000000e0,"parity_scaled_abs_rescued":0}
== bench-candle gemm cpu size=2048 mode=fresh extra=none ==
{"framework":"candle","version":"0.11.0","task":"gemm","device":"cpu","size":2048,"median_s":0.017530479,"q1_s":0.017344114,"q3_s":0.018018677,"gflops":980.000,"checksum":-6016.774008,"warmup":20,"iters":20,"mode":"fresh","parity_total":4194304,"parity_fail_count":0,"parity_max_abs_err":0.000000e0,"parity_max_rel_err":0.000000e0,"parity_scaled_abs_bound":1.525878e-5,"parity_scaled_abs_rescued":0}
== bench-fandhe gemm cpu size=2048 mode=fresh extra=none ==
{"framework":"fandhe-ai","version":"0.8.0","task":"gemm","device":"cpu","size":2048,"median_s":0.017530646,"q1_s":0.017433802,"q3_s":0.017655406,"gflops":979.991,"checksum":-6016.774008,"warmup":20,"iters":20,"mode":"fresh","parity_total":4194304,"parity_fail_count":0,"parity_max_abs_err":0.000000e0,"parity_max_rel_err":0.000000e0,"parity_scaled_abs_bound":0.000000e0,"parity_scaled_abs_rescued":0}
== cpu status (after) ==
Note: No thermal warning level has been recorded
Note: No performance warning level has been recorded
Note: No CPU power status has been recorded
21:44  up 23 days,  8:57, 20 users, load averages: 5.64 6.85 6.20
done. results in results/raw/results-m4max-cpu-gemm-gate-0.8.0-1522.jsonl ; failures (if any) in results/raw/skipped-m4max-cpu-gemm-gate-0.8.0-1522.log
