   Compiling fandhe-ai-backend-cuda v0.9.0 (<home>/work/rust-ai-library-run/crates/backend-cuda)
   Compiling bench-harness v0.9.0 (<home>/work/rust-ai-library-run/crates/bench-harness)
    Finished `release` profile [optimized] target(s) in 4.87s
   Compiling fandhe-ai-backend-cuda v0.9.0 (<home>/work/rust-ai-library-run/crates/backend-cuda)
    Finished `release` profile [optimized] target(s) in 7.79s
  Executable unittests src/lib.rs (<home>/work/target-fandhe-ai/release/deps/fandhe_ai_backend_cuda-a14a0084143ccb4e)
  Executable tests/async_ordering_real_device.rs (<home>/work/target-fandhe-ai/release/deps/async_ordering_real_device-dc09bab25571f760)
  Executable tests/backend_ops_real_device.rs (<home>/work/target-fandhe-ai/release/deps/backend_ops_real_device-9e5166560e58c890)
  Executable tests/batch_norm_parity.rs (<home>/work/target-fandhe-ai/release/deps/batch_norm_parity-1d5e929656445475)
  Executable tests/bce_parity.rs (<home>/work/target-fandhe-ai/release/deps/bce_parity-5884ab53db050a2d)
  Executable tests/cast_ops_contract.rs (<home>/work/target-fandhe-ai/release/deps/cast_ops_contract-ea3bc4e3508adb5a)
  Executable tests/cast_parity.rs (<home>/work/target-fandhe-ai/release/deps/cast_parity-8b4b5925b7a707ea)
  Executable tests/constant_pad_parity.rs (<home>/work/target-fandhe-ai/release/deps/constant_pad_parity-2a9ccbab67753c12)
  Executable tests/cpu_cuda_mma_parity.rs (<home>/work/target-fandhe-ai/release/deps/cpu_cuda_mma_parity-5f9964c2db6b40c8)
  Executable tests/cpu_cuda_parity.rs (<home>/work/target-fandhe-ai/release/deps/cpu_cuda_parity-51a3e8e64ffbf01c)
  Executable tests/cpu_cuda_tiled_pipeline_parity.rs (<home>/work/target-fandhe-ai/release/deps/cpu_cuda_tiled_pipeline_parity-c3ef926de7b05167)
  Executable tests/cpu_cuda_tiled_pipeline_persistent_parity.rs (<home>/work/target-fandhe-ai/release/deps/cpu_cuda_tiled_pipeline_persistent_parity-631b5573bfee9fbf)
  Executable tests/cpu_cuda_tiled_pipeline_streamk_parity.rs (<home>/work/target-fandhe-ai/release/deps/cpu_cuda_tiled_pipeline_streamk_parity-a23c0d1981cd1e4a)
  Executable tests/cpu_cuda_tiled_pipeline_tma_parity.rs (<home>/work/target-fandhe-ai/release/deps/cpu_cuda_tiled_pipeline_tma_parity-fcc969184c55623f)
  Executable tests/cpu_cuda_wmma_parity.rs (<home>/work/target-fandhe-ai/release/deps/cpu_cuda_wmma_parity-f9d586483df40a0a)
  Executable tests/device.rs (<home>/work/target-fandhe-ai/release/deps/device-86e90e208816d4aa)
  Executable tests/device_init.rs (<home>/work/target-fandhe-ai/release/deps/device_init-4697e7012c1b5889)
  Executable tests/dispatch_boundary.rs (<home>/work/target-fandhe-ai/release/deps/dispatch_boundary-3c39ff642167fff9)
  Executable tests/elementwise_device_real_device.rs (<home>/work/target-fandhe-ai/release/deps/elementwise_device_real_device-47ebbcb19a7c4156)
  Executable tests/gather_scatter_parity.rs (<home>/work/target-fandhe-ai/release/deps/gather_scatter_parity-119b68cea4d07afd)
  Executable tests/gemm_auto.rs (<home>/work/target-fandhe-ai/release/deps/gemm_auto-6ed0e095cf172ab9)
  Executable tests/gemm_batched_parity.rs (<home>/work/target-fandhe-ai/release/deps/gemm_batched_parity-039fc844d2f4e92d)
  Executable tests/gemm_bias_act_parity.rs (<home>/work/target-fandhe-ai/release/deps/gemm_bias_act_parity-eb04213570b07da7)
  Executable tests/gemm_f32_variants.rs (<home>/work/target-fandhe-ai/release/deps/gemm_f32_variants-a0769874900ee6f5)
  Executable tests/gemm_fp32_strict_into_parity.rs (<home>/work/target-fandhe-ai/release/deps/gemm_fp32_strict_into_parity-1ffd03a5619dc643)
  Executable tests/gemm_mma.rs (<home>/work/target-fandhe-ai/release/deps/gemm_mma-ad7fa898865cd7b3)
  Executable tests/gemm_mma_tf32.rs (<home>/work/target-fandhe-ai/release/deps/gemm_mma_tf32-8865da338c3d9949)
  Executable tests/gemm_mma_tf32_triage.rs (<home>/work/target-fandhe-ai/release/deps/gemm_mma_tf32_triage-792dad8b74190eb9)
  Executable tests/gemm_mma_tf32x3.rs (<home>/work/target-fandhe-ai/release/deps/gemm_mma_tf32x3-b74b7aad00a9cbc5)
  Executable tests/gemm_naive.rs (<home>/work/target-fandhe-ai/release/deps/gemm_naive-2c0b04f08e9b6053)
  Executable tests/gemm_resident_real_device.rs (<home>/work/target-fandhe-ai/release/deps/gemm_resident_real_device-e9e18b43e29ba448)
  Executable tests/gemm_tf32_optin.rs (<home>/work/target-fandhe-ai/release/deps/gemm_tf32_optin-49c7185d2380ab92)
  Executable tests/gemm_tiled.rs (<home>/work/target-fandhe-ai/release/deps/gemm_tiled-6b2196f28c624515)
  Executable tests/gemm_tiled_naive_speedup_triage_1203.rs (<home>/work/target-fandhe-ai/release/deps/gemm_tiled_naive_speedup_triage_1203-fc0f3f42992a189a)
  Executable tests/gemm_transposed_parity.rs (<home>/work/target-fandhe-ai/release/deps/gemm_transposed_parity-a977831f1abcd656)
  Executable tests/gemm_transposed_perf.rs (<home>/work/target-fandhe-ai/release/deps/gemm_transposed_perf-d6cc49cb58affc7a)
  Executable tests/gemm_wmma.rs (<home>/work/target-fandhe-ai/release/deps/gemm_wmma-32270bc364640f3d)
  Executable tests/gemm_wmma_f16_opt.rs (<home>/work/target-fandhe-ai/release/deps/gemm_wmma_f16_opt-d700c5bb54215ad1)
  Executable tests/gemm_wmma_tf32.rs (<home>/work/target-fandhe-ai/release/deps/gemm_wmma_tf32-8ef5e72a143c90b1)
  Executable tests/gemm_wmma_tf32_opt.rs (<home>/work/target-fandhe-ai/release/deps/gemm_wmma_tf32_opt-4e029d36b594757c)
  Executable tests/gemm_wmma_tf32_staged.rs (<home>/work/target-fandhe-ai/release/deps/gemm_wmma_tf32_staged-183040f79e4624e4)
  Executable tests/graph_capture_real_device.rs (<home>/work/target-fandhe-ai/release/deps/graph_capture_real_device-8d613768337f63f2)
  Executable tests/graph_capture_real_device_optin_off.rs (<home>/work/target-fandhe-ai/release/deps/graph_capture_real_device_optin_off-9a7fe9e7326bca72)
  Executable tests/host_view_real_device.rs (<home>/work/target-fandhe-ai/release/deps/host_view_real_device-a2b2a24ff91c6435)
  Executable tests/host_view_staging_readout_ab_1336.rs (<home>/work/target-fandhe-ai/release/deps/host_view_staging_readout_ab_1336-3aeddbc7778d84e2)
  Executable tests/huber_parity.rs (<home>/work/target-fandhe-ai/release/deps/huber_parity-bb5efe8e1b9fcbf3)
  Executable tests/im2col_col2im_parity.rs (<home>/work/target-fandhe-ai/release/deps/im2col_col2im_parity-700d1c4704aface9)
  Executable tests/interpolate_parity.rs (<home>/work/target-fandhe-ai/release/deps/interpolate_parity-04426bb0f50c7cf2)
  Executable tests/kl_div_parity.rs (<home>/work/target-fandhe-ai/release/deps/kl_div_parity-12c02879f4484f97)
  Executable tests/large_buffer_percall_alloc_ab_1149.rs (<home>/work/target-fandhe-ai/release/deps/large_buffer_percall_alloc_ab_1149-6be0f22c16e93c9a)
  Executable tests/large_buffer_percall_alloc_transfer_triage.rs (<home>/work/target-fandhe-ai/release/deps/large_buffer_percall_alloc_transfer_triage-b64429d3ed9e5dd5)
  Executable tests/layer_norm_parity.rs (<home>/work/target-fandhe-ai/release/deps/layer_norm_parity-39427212931bceef)
  Executable tests/linear_forward_device_real_device.rs (<home>/work/target-fandhe-ai/release/deps/linear_forward_device_real_device-1cae1f538c2fa966)
  Executable tests/log_softmax_backward_parity.rs (<home>/work/target-fandhe-ai/release/deps/log_softmax_backward_parity-1bf2081cd56a11c1)
  Executable tests/managed_placement_bandwidth_real_device.rs (<home>/work/target-fandhe-ai/release/deps/managed_placement_bandwidth_real_device-f777f4e50b2ba0f5)
  Executable tests/managed_placement_real_device.rs (<home>/work/target-fandhe-ai/release/deps/managed_placement_real_device-fabfb717e64b1965)
  Executable tests/memory_real_device.rs (<home>/work/target-fandhe-ai/release/deps/memory_real_device-f1641079bd1d0246)
  Executable tests/mma_tf32_vs_wmma_tf32_staged.rs (<home>/work/target-fandhe-ai/release/deps/mma_tf32_vs_wmma_tf32_staged-2fed2705a3f2b89a)
  Executable tests/mse_parity.rs (<home>/work/target-fandhe-ai/release/deps/mse_parity-1136f88f220daef4)
  Executable tests/nll_parity.rs (<home>/work/target-fandhe-ai/release/deps/nll_parity-b8dfca3a73c249d9)
  Executable tests/norm_backward_parity.rs (<home>/work/target-fandhe-ai/release/deps/norm_backward_parity-4bc14b97a157cd08)
  Executable tests/parity_nonregression.rs (<home>/work/target-fandhe-ai/release/deps/parity_nonregression-4d5d2719d2dfedcf)
  Executable tests/pinned_h2d_real_device.rs (<home>/work/target-fandhe-ai/release/deps/pinned_h2d_real_device-ec96f8cb4092de0f)
  Executable tests/pinned_h2d_upload_ab_1585.rs (<home>/work/target-fandhe-ai/release/deps/pinned_h2d_upload_ab_1585-ce44064d949409d9)
  Executable tests/readback_pretouched_bit_match_1437.rs (<home>/work/target-fandhe-ai/release/deps/readback_pretouched_bit_match_1437-a35dcc346c45b6e8)
  Executable tests/reduce_parity.rs (<home>/work/target-fandhe-ai/release/deps/reduce_parity-9363fa0a85ab02f3)
  Executable tests/rmsnorm_backward_parity.rs (<home>/work/target-fandhe-ai/release/deps/rmsnorm_backward_parity-b24a18ca3b414f9a)
  Executable tests/rmsnorm_parity.rs (<home>/work/target-fandhe-ai/release/deps/rmsnorm_parity-f836beb51e877c41)
  Executable tests/rnn_cell_parity.rs (<home>/work/target-fandhe-ai/release/deps/rnn_cell_parity-91d90564782816b3)
  Executable tests/scalar_op_parity.rs (<home>/work/target-fandhe-ai/release/deps/scalar_op_parity-fd4fb3dbf0436c19)
  Executable tests/scan_parity.rs (<home>/work/target-fandhe-ai/release/deps/scan_parity-3e7c07b1d110986f)
  Executable tests/setmaxnreg_probe_dec_accel_real_device.rs (<home>/work/target-fandhe-ai/release/deps/setmaxnreg_probe_dec_accel_real_device-de8257f657bc0996)
  Executable tests/setmaxnreg_probe_dec_base_real_device.rs (<home>/work/target-fandhe-ai/release/deps/setmaxnreg_probe_dec_base_real_device-62c1df732513336f)
  Executable tests/setmaxnreg_probe_incdec_accel_real_device.rs (<home>/work/target-fandhe-ai/release/deps/setmaxnreg_probe_incdec_accel_real_device-53d7a9e67a669a45)
  Executable tests/setmaxnreg_probe_incdec_base_real_device.rs (<home>/work/target-fandhe-ai/release/deps/setmaxnreg_probe_incdec_base_real_device-f7a0534a301cccf8)
  Executable tests/sgd_device_real_device.rs (<home>/work/target-fandhe-ai/release/deps/sgd_device_real_device-aceb2786d6b418b2)
  Executable tests/softmax_parity.rs (<home>/work/target-fandhe-ai/release/deps/softmax_parity-0c733011f1344475)
  Executable tests/sort_topk_parity.rs (<home>/work/target-fandhe-ai/release/deps/sort_topk_parity-6cd11c2e629a26da)
  Executable tests/specialized_mma_f16_sweep_1159.rs (<home>/work/target-fandhe-ai/release/deps/specialized_mma_f16_sweep_1159-635b7cb93c5fdfb4)
  Executable tests/specialized_mma_f16_triage.rs (<home>/work/target-fandhe-ai/release/deps/specialized_mma_f16_triage-f394b2a8cd75fee9)
  Executable tests/specialized_mma_parity.rs (<home>/work/target-fandhe-ai/release/deps/specialized_mma_parity-2eeb9408a4ef4ac2)
  Executable tests/splitk_reorder_error_host_model.rs (<home>/work/target-fandhe-ai/release/deps/splitk_reorder_error_host_model-52017f94a3435b28)
  Executable tests/tensor_core_real_device.rs (<home>/work/target-fandhe-ai/release/deps/tensor_core_real_device-7bab8bffabe22efe)
  Executable tests/tma_probe_real_device.rs (<home>/work/target-fandhe-ai/release/deps/tma_probe_real_device-833e830dfe5947e1)
  Executable tests/transpose_parity.rs (<home>/work/target-fandhe-ai/release/deps/transpose_parity-1cbeb7fd4f9acdfe)
  Executable tests/typed_ops_bf16_parity.rs (<home>/work/target-fandhe-ai/release/deps/typed_ops_bf16_parity-796e40a71a1fe186)
  Executable tests/typed_ops_f16_parity.rs (<home>/work/target-fandhe-ai/release/deps/typed_ops_f16_parity-d3bb48d839e5edaf)
  Executable tests/typed_ops_f64_contract.rs (<home>/work/target-fandhe-ai/release/deps/typed_ops_f64_contract-78f4670e4a7e49f0)
  Executable tests/unique_parity.rs (<home>/work/target-fandhe-ai/release/deps/unique_parity-70a8d08bf1d6588b)
  Executable tests/where_masked_fill_parity.rs (<home>/work/target-fandhe-ai/release/deps/where_masked_fill_parity-6ec7f1f8f13a057e)
  Executable tests/wmma_f16_opt_perf_triage.rs (<home>/work/target-fandhe-ai/release/deps/wmma_f16_opt_perf_triage-04c3a8cf4b92525a)
  Executable unittests examples/cuda_floor_bench.rs (<home>/work/target-fandhe-ai/release/examples/cuda_floor_bench-bdaa9bcf1bfe19eb)
  Executable unittests examples/device_attributes_dump.rs (<home>/work/target-fandhe-ai/release/examples/device_attributes_dump-75768b8b61aab2b7)
  Executable unittests examples/gemm_tf32x3_kernel_time_bench.rs (<home>/work/target-fandhe-ai/release/examples/gemm_tf32x3_kernel_time_bench-56acd6486d2396ec)
  Executable unittests examples/wmma_tolerance_probe.rs (<home>/work/target-fandhe-ai/release/examples/wmma_tolerance_probe-c58a5be92ceb2277)
