effective_rounds=10 effective_cooldown_secs=8 effective_min_warmup_secs=3
--- フェーズ 0: base/head 出力 bit 一致の自己検証 ---
m=512 n=512 k=512 bit-exact match: OK
m=1024 n=1024 k=1024 bit-exact match: OK
m=2048 n=2048 k=2048 bit-exact match: OK
m=4096 n=4096 k=4096 bit-exact match: OK
m=2048 n=2048 k=512 bit-exact match: OK
m=4096 n=4096 k=1024 bit-exact match: OK
--- フェーズ 1: 安定性セルフチェック（対照カーネル: 本番既定 dispatch_auto）---
m=512 n=512 k=512 spread=0.6686 (NG: gate 超過) round_tflops=[0.3390, 0.6608, 0.4904, 0.4654, 0.5105, 0.6490, 0.4714, 0.4595, 0.4583, 0.4656]
m=1024 n=1024 k=1024 spread=0.1090 (NG: gate 超過) round_tflops=[1.0403, 1.0180, 0.9403, 1.0270, 0.9923, 1.0468, 0.9830, 1.0279, 0.9918, 0.9389]
m=2048 n=2048 k=2048 spread=0.6896 (NG: gate 超過) round_tflops=[2.6273, 1.6674, 2.7424, 1.8341, 1.5296, 2.8833, 2.0477, 3.0092, 2.0387, 3.1547]
m=4096 n=4096 k=4096 spread=0.0509 (NG: gate 超過) round_tflops=[4.6417, 4.6629, 4.6822, 4.6903, 4.6175, 4.6708, 4.4619, 4.6725, 4.6838, 4.6461]
m=2048 n=2048 k=512 spread=0.7303 (NG: gate 超過) round_tflops=[0.8180, 0.7876, 0.8188, 0.7862, 0.4718, 0.5812, 0.7345, 0.8033, 0.8397, 0.7571]
m=4096 n=4096 k=1024 spread=0.0591 (NG: gate 超過) round_tflops=[0.9808, 0.9766, 0.9649, 0.9789, 0.9778, 0.9737, 0.9632, 0.9660, 0.9253, 0.9624]
--- フェーズ 1 判定: 一部形状が spread ≤0.05 相当を満たさなかった。フェーズ 2・3（A/B 判定）は実行するが verdict は undetermined に倒す（安全側判断: 判定不可のまま採否を確定しない）。
--- フェーズ 1 が一部形状で安定性ゲートを満たさなかったが、フェーズ 2・3 は実行を継続する（verdict は undetermined に倒す）。
--- フェーズ 2: 条件付き loop unroll A/B（prepared 境界。base=off / head=on）---
m=512 n=512 k=512 supplementary=false base_resolved=(64x32, resolved=requested) head_resolved=(64x32, resolved=requested) acc_product=8 head_unroll_expected=false base_median_tflops=0.8840 head_median_tflops=0.8999 head_over_base=1.0180 spread_base=0.7039 spread_head=0.7011 base_round_tflops=[1.6782, 2.1368, 0.8455, 0.7910, 0.8840, 1.7816, 1.7021, 0.8038, 1.8647, 0.8253] head_round_tflops=[1.8777, 0.8999, 2.1206, 0.8407, 1.8739, 1.3164, 0.7996, 0.8408, 0.8393, 2.0014]
m=1024 n=1024 k=1024 supplementary=false base_resolved=(64x32, resolved=requested) head_resolved=(64x32, resolved=requested) acc_product=8 head_unroll_expected=false base_median_tflops=5.7426 head_median_tflops=5.7503 head_over_base=1.0013 spread_base=2.5471 spread_head=0.9820 base_round_tflops=[5.7793, 5.5725, 5.7426, 3.0884, 1.6381, 5.9909, 5.8990, 5.9405, 5.8694, 3.1272] head_round_tflops=[5.7503, 3.7752, 5.8896, 4.0963, 3.0432, 6.3363, 5.8515, 3.9081, 5.9221, 5.8748]
m=2048 n=2048 k=2048 supplementary=false base_resolved=(64x32, resolved=requested) head_resolved=(64x32, resolved=requested) acc_product=8 head_unroll_expected=false base_median_tflops=6.5328 head_median_tflops=7.6478 head_over_base=1.1707 spread_base=0.9598 spread_head=0.7220 base_round_tflops=[7.9764, 7.8843, 7.9871, 7.9226, 8.0658, 6.5328, 5.0979, 3.6915, 6.4709, 5.2947] head_round_tflops=[8.7498, 8.1720, 8.5385, 8.4451, 8.2634, 7.6478, 5.3624, 4.7917, 5.9576, 5.9946]
m=4096 n=4096 k=4096 supplementary=false base_resolved=(32x64, resolved=requested) head_resolved=(32x64, resolved=requested) acc_product=8 head_unroll_expected=false base_median_tflops=5.5380 head_median_tflops=6.5222 head_over_base=1.1777 spread_base=1.1853 spread_head=2.4794 base_round_tflops=[3.0186, 2.8752, 5.3593, 6.3112, 5.5380, 5.3746, 7.3225, 6.7232, 7.4177, 7.4754] head_round_tflops=[3.3691, 1.9679, 6.6161, 6.5222, 5.8916, 5.4522, 7.8120, 7.0308, 7.3349, 6.9654]
m=2048 n=2048 k=512 supplementary=true base_resolved=(64x64, resolved=requested) head_resolved=(64x64, resolved=requested) acc_product=16 head_unroll_expected=true base_median_tflops=1.1767 head_median_tflops=6.3196 head_over_base=5.3705 spread_base=0.1870 spread_head=0.4151 base_round_tflops=[1.0106, 1.0015, 1.1795, 1.1697, 1.1778, 1.1777, 1.1767, 1.1749, 1.1831, 1.1910] head_round_tflops=[7.9610, 7.0918, 5.3046, 6.3196, 8.0796, 8.1408, 5.7413, 6.6766, 6.2594, 5.8889]
m=4096 n=4096 k=1024 supplementary=true base_resolved=(64x64, resolved=requested) head_resolved=(64x64, resolved=requested) acc_product=16 head_unroll_expected=true base_median_tflops=1.1718 head_median_tflops=10.3114 head_over_base=8.7993 spread_base=0.1960 spread_head=0.1477 base_round_tflops=[1.1500, 1.0171, 1.1718, 1.2170, 1.0288, 1.1995, 1.1933, 1.0600, 1.2255, 1.2135] head_round_tflops=[9.4593, 9.4243, 10.6392, 10.3114, 10.2133, 10.3210, 10.7593, 10.1063, 10.8947, 10.7329]
--- フェーズ 2 完了（prepared 境界。本 Issue の主判定対象）。`docs/perf/metal-gemm-n4096-kernel-gap.md` §7.10 へ記録すること。
--- フェーズ 3: 条件付き loop unroll A/B（転送込み境界・参考値。base=off / head=on）---
m=512 n=512 k=512 supplementary=false base_median_tflops=0.4710 head_median_tflops=0.5039 head_over_base=1.0699 spread_base=0.3938 spread_head=0.4100 base_round_tflops=[0.6250, 0.4604, 0.6590, 0.4750, 0.6990, 0.7484, 0.4684, 0.4604, 0.4710, 0.4710] head_round_tflops=[0.4584, 0.4479, 0.4928, 0.6903, 0.7012, 0.4736, 0.6855, 0.7048, 0.5039, 0.6640]
m=1024 n=1024 k=1024 supplementary=false base_median_tflops=1.0282 head_median_tflops=1.5621 head_over_base=1.5193 spread_base=0.4972 spread_head=0.8498 base_round_tflops=[1.0106, 1.8353, 1.7464, 1.7440, 1.8351, 0.9724, 0.9732, 1.0282, 0.9841, 1.6165] head_round_tflops=[1.5621, 1.8338, 1.7995, 1.0621, 1.8873, 1.8127, 1.0162, 0.9312, 1.6474, 0.9482]
m=2048 n=2048 k=2048 supplementary=false base_median_tflops=3.0961 head_median_tflops=3.1240 head_over_base=1.0090 spread_base=0.3858 spread_head=0.2790 base_round_tflops=[2.2975, 3.0090, 3.1522, 3.1817, 2.9894, 3.1275, 3.0584, 3.2190, 3.1723, 3.0961] head_round_tflops=[3.1240, 3.1309, 3.1542, 2.9801, 3.0884, 3.0673, 3.1953, 3.2358, 2.5104, 3.1472]
m=4096 n=4096 k=4096 supplementary=false base_median_tflops=4.3989 head_median_tflops=4.4449 head_over_base=1.0105 spread_base=0.7446 spread_head=1.2439 base_round_tflops=[4.3989, 4.6848, 4.4255, 4.7433, 4.3771, 3.8135, 4.7191, 2.6309, 3.9649, 4.5199] head_round_tflops=[4.6819, 4.6638, 4.4111, 4.5910, 4.4598, 2.7818, 4.4449, 2.0266, 4.3094, 4.5578]
m=2048 n=2048 k=512 supplementary=true base_median_tflops=0.7894 head_median_tflops=1.7341 head_over_base=2.1968 spread_base=0.8078 spread_head=0.7482 base_round_tflops=[0.8191, 0.6428, 0.8057, 0.6954, 0.4517, 0.7894, 0.8400, 0.8030, 0.8355, 0.7786] head_round_tflops=[1.0681, 1.8192, 1.7990, 1.9246, 1.0515, 1.7341, 1.8412, 1.6485, 1.4417, 1.7830]
m=4096 n=4096 k=1024 supplementary=true base_median_tflops=0.9488 head_median_tflops=2.7455 head_over_base=2.8937 spread_base=0.0458 spread_head=0.9969 base_round_tflops=[0.9462, 0.9453, 0.9782, 0.9905, 0.9729, 0.9709, 0.9603, 0.9459, 0.9488, 0.9478] head_round_tflops=[2.9906, 3.1115, 3.1856, 3.0723, 3.1139, 2.7455, 1.8785, 2.2779, 2.0605, 1.4771]
--- フェーズ 3 完了（転送込み境界。参考値）。`docs/perf/metal-gemm-n4096-kernel-gap.md` §7.10 へ記録すること。
--- 実行完了。採否判定基準（正方 4 形状・補助 2 形状すべての head_over_base が 0.95 以上であること。改善は要求しない。実装計画§1.2(A) 参照）に従い、5 run 中央値を `docs/perf/metal-gemm-n4096-kernel-gap.md` §7.10 へ記録すること。フェーズ 3（転送込み境界）の ratios は参考値: [(512, false, 1.0699331288274454), (1024, false, 1.5192762320421893), (2048, false, 1.0090317097240356), (4096, false, 1.0104636264137932), (2048, true, 2.1967837952637126), (4096, true, 2.8936852808102196)]
verdict=undetermined (フェーズ 2〈prepared 境界〉基準・単一 run の参考値。5 run 中央値で最終判断する)
