effective_rounds=6 effective_cooldown_secs=2 effective_min_warmup_secs=1
--- フェーズ 0: base/head 出力 bit 一致の自己検証 ---
m=512 n=512 k=512 bit-exact match: OK
m=1024 n=1024 k=1024 bit-exact match: OK
m=2048 n=2048 k=2048 bit-exact match: OK
m=4096 n=4096 k=4096 bit-exact match: OK
m=2048 n=2048 k=512 bit-exact match: OK
m=4096 n=4096 k=1024 bit-exact match: OK
--- フェーズ 1: 安定性セルフチェック（対照カーネル: 本番既定 dispatch_auto）---
m=512 n=512 k=512 spread=0.0876 (NG: gate 超過) round_tflops=[0.4500, 0.4850, 0.4596, 0.4666, 0.4440, 0.4650]
m=1024 n=1024 k=1024 spread=0.0449 (OK) round_tflops=[1.0414, 1.0063, 1.0258, 0.9963, 1.0257, 1.0418]
m=2048 n=2048 k=2048 spread=0.1778 (NG: gate 超過) round_tflops=[2.2427, 2.5355, 2.3796, 2.1111, 2.1547, 2.4141]
m=4096 n=4096 k=4096 spread=0.0468 (OK) round_tflops=[4.6954, 4.6832, 4.7788, 4.7797, 4.6836, 4.5617]
m=2048 n=2048 k=512 spread=0.4542 (NG: gate 超過) round_tflops=[0.8123, 0.5279, 0.4991, 0.5878, 0.8012, 0.8052]
m=4096 n=4096 k=1024 spread=0.0513 (NG: gate 超過) round_tflops=[0.9888, 0.9974, 0.9499, 1.0002, 0.9693, 0.9605]
--- フェーズ 1 判定: 一部形状が spread ≤0.05 相当を満たさなかった。フェーズ 2・3（A/B 判定）は実行するが verdict は undetermined に倒す（安全側判断: 判定不可のまま採否を確定しない）。
--- フェーズ 1 が一部形状で安定性ゲートを満たさなかったが、フェーズ 2・3 は実行を継続する（verdict は undetermined に倒す）。
--- フェーズ 2: 条件付き loop unroll A/B（prepared 境界。base=off / head=on）---
m=512 n=512 k=512 supplementary=false base_resolved=(64x32, resolved=requested) head_resolved=(64x32, resolved=requested) acc_product=8 head_unroll_expected=false base_median_tflops=0.9142 head_median_tflops=0.7933 head_over_base=0.8678 spread_base=3.5426 spread_head=0.6354 base_round_tflops=[0.9142, 0.2304, 1.5173, 2.1227, 2.1511, 0.7937] head_round_tflops=[0.7489, 1.7660, 0.7933, 1.8712, 0.7837, 0.8130]
m=1024 n=1024 k=1024 supplementary=false base_resolved=(64x32, resolved=requested) head_resolved=(64x32, resolved=requested) acc_product=8 head_unroll_expected=false base_median_tflops=3.5781 head_median_tflops=3.6530 head_over_base=1.0209 spread_base=0.3652 spread_head=0.3302 base_round_tflops=[3.5976, 2.9773, 3.5781, 3.7353, 3.1198, 4.2768] head_round_tflops=[3.0998, 3.7997, 3.0486, 4.2084, 3.7775, 3.6530]
m=2048 n=2048 k=2048 supplementary=false base_resolved=(64x32, resolved=requested) head_resolved=(64x32, resolved=requested) acc_product=8 head_unroll_expected=false base_median_tflops=9.5373 head_median_tflops=9.5256 head_over_base=0.9988 spread_base=0.2247 spread_head=0.0262 base_round_tflops=[7.9092, 9.7203, 9.6230, 9.6363, 9.5373, 9.4065] head_round_tflops=[9.4838, 9.7176, 9.4648, 9.5311, 9.5256, 9.5433]
m=4096 n=4096 k=4096 supplementary=false base_resolved=(32x64, resolved=requested) head_resolved=(32x64, resolved=requested) acc_product=8 head_unroll_expected=false base_median_tflops=6.7133 head_median_tflops=7.8629 head_over_base=1.1712 spread_base=0.4681 spread_head=0.4977 base_round_tflops=[9.3848, 8.1659, 8.0821, 6.7133, 5.6726, 6.0278] head_round_tflops=[8.8807, 7.8629, 8.0274, 8.0134, 5.6852, 6.9146]
m=2048 n=2048 k=512 supplementary=true base_resolved=(64x64, resolved=requested) head_resolved=(64x64, resolved=requested) acc_product=16 head_unroll_expected=true base_median_tflops=1.1716 head_median_tflops=6.6310 head_over_base=5.6598 spread_base=0.0202 spread_head=0.2280 base_round_tflops=[1.1612, 1.1849, 1.1746, 1.1792, 1.1691, 1.1716] head_round_tflops=[6.6310, 6.5954, 7.6485, 7.2286, 6.1448, 7.7913]
m=4096 n=4096 k=1024 supplementary=true base_resolved=(64x64, resolved=requested) head_resolved=(64x64, resolved=requested) acc_product=16 head_unroll_expected=true base_median_tflops=1.2152 head_median_tflops=8.9613 head_over_base=7.3746 spread_base=0.1802 spread_head=0.1561 base_round_tflops=[1.0322, 1.2189, 1.2066, 1.2183, 1.2171, 1.2152] head_round_tflops=[8.1209, 8.6190, 9.0880, 9.4591, 8.9613, 9.0285]
--- フェーズ 2 完了（prepared 境界。本 Issue の主判定対象）。`docs/perf/metal-gemm-n4096-kernel-gap.md` §7.10 へ記録すること。
--- フェーズ 3: 条件付き loop unroll A/B（転送込み境界・参考値。base=off / head=on）---
m=512 n=512 k=512 supplementary=false base_median_tflops=0.6570 head_median_tflops=0.6312 head_over_base=0.9607 spread_base=0.1068 spread_head=0.3704 base_round_tflops=[0.6218, 0.6570, 0.6917, 0.6439, 0.6645, 0.6887] head_round_tflops=[0.6457, 0.6668, 0.6312, 0.6441, 0.6259, 0.4792]
m=1024 n=1024 k=1024 supplementary=false base_median_tflops=1.8121 head_median_tflops=1.6655 head_over_base=0.9191 spread_base=0.0543 spread_head=0.8265 base_round_tflops=[1.8121, 1.8255, 1.7962, 1.7834, 1.8841, 1.8249] head_round_tflops=[1.0311, 1.7296, 1.8782, 1.8531, 0.9721, 1.6655]
m=2048 n=2048 k=2048 supplementary=false base_median_tflops=2.6979 head_median_tflops=3.0628 head_over_base=1.1352 spread_base=0.6861 spread_head=0.6172 base_round_tflops=[2.6979, 2.2311, 1.7557, 3.1720, 2.9250, 3.1335] head_round_tflops=[3.1107, 1.9904, 3.1368, 3.3234, 3.0628, 3.0541]
m=4096 n=4096 k=4096 supplementary=false base_median_tflops=4.5734 head_median_tflops=4.6124 head_over_base=1.0085 spread_base=0.0410 spread_head=0.0358 base_round_tflops=[4.5734, 4.7037, 4.5133, 4.6787, 4.6782, 4.5555] head_round_tflops=[4.5947, 4.6094, 4.7647, 4.6251, 4.7245, 4.6124]
m=2048 n=2048 k=512 supplementary=true base_median_tflops=0.8111 head_median_tflops=1.7450 head_over_base=2.1514 spread_base=0.0489 spread_head=0.8107 base_round_tflops=[0.8361, 0.7960, 0.8209, 0.8319, 0.7998, 0.8111] head_round_tflops=[1.0128, 1.7767, 1.7450, 1.0577, 1.9083, 1.9127]
m=4096 n=4096 k=1024 supplementary=true base_median_tflops=0.9625 head_median_tflops=2.9913 head_over_base=3.1079 spread_base=0.0337 spread_head=0.0997 base_round_tflops=[0.9832, 0.9505, 0.9625, 0.9674, 0.9565, 0.9819] head_round_tflops=[3.1346, 2.8381, 3.0493, 2.9129, 3.0773, 2.9913]
--- フェーズ 3 完了（転送込み境界。参考値）。`docs/perf/metal-gemm-n4096-kernel-gap.md` §7.10 へ記録すること。
--- 実行完了。採否判定基準（正方 4 形状・補助 2 形状すべての head_over_base が 0.95 以上であること。改善は要求しない。実装計画§1.2(A) 参照）に従い、5 run 中央値を `docs/perf/metal-gemm-n4096-kernel-gap.md` §7.10 へ記録すること。フェーズ 3（転送込み境界）の ratios は参考値: [(512, false, 0.9607163095386452), (1024, false, 0.9190843613819268), (2048, false, 1.1352368534210735), (4096, false, 1.0085269765759504), (2048, true, 2.1513915427128305), (4096, true, 3.1078555654039026)]
verdict=undetermined (フェーズ 2〈prepared 境界〉基準・単一 run の参考値。5 run 中央値で最終判断する)
