effective_rounds=6 effective_cooldown_secs=2 effective_min_warmup_secs=1
--- フェーズ 0: base/head 出力 bit 一致の自己検証 ---
m=512 n=512 k=512 bit-exact match: OK
m=1024 n=1024 k=1024 bit-exact match: OK
m=2048 n=2048 k=2048 bit-exact match: OK
m=4096 n=4096 k=4096 bit-exact match: OK
m=2048 n=2048 k=512 bit-exact match: OK
m=4096 n=4096 k=1024 bit-exact match: OK
--- フェーズ 1: 安定性セルフチェック（対照カーネル: 本番既定 dispatch_auto）---
m=512 n=512 k=512 spread=0.5482 (NG: gate 超過) round_tflops=[0.4414, 0.4761, 0.6709, 0.6746, 0.6712, 0.6904]
m=1024 n=1024 k=1024 spread=0.0492 (OK) round_tflops=[1.7440, 1.7083, 1.6903, 1.7105, 1.7350, 1.7766]
m=2048 n=2048 k=2048 spread=0.0655 (NG: gate 超過) round_tflops=[3.2316, 3.2230, 3.0545, 3.1877, 3.0719, 3.0233]
m=4096 n=4096 k=4096 spread=0.0960 (NG: gate 超過) round_tflops=[4.2912, 4.5800, 4.6767, 4.5848, 4.7151, 4.6559]
m=2048 n=2048 k=512 spread=0.0605 (NG: gate 超過) round_tflops=[0.8078, 0.8256, 0.7760, 0.7763, 0.8048, 0.7827]
m=4096 n=4096 k=1024 spread=0.0236 (OK) round_tflops=[0.9582, 0.9700, 0.9556, 0.9701, 0.9693, 0.9475]
--- フェーズ 1 判定: 一部形状が spread ≤0.05 相当を満たさなかった。フェーズ 2・3（A/B 判定）は実行するが verdict は undetermined に倒す（安全側判断: 判定不可のまま採否を確定しない）。
--- フェーズ 1 が一部形状で安定性ゲートを満たさなかったが、フェーズ 2・3 は実行を継続する（verdict は undetermined に倒す）。
--- フェーズ 2: 条件付き loop unroll A/B（prepared 境界。base=off / head=on）---
m=512 n=512 k=512 supplementary=false base_resolved=(64x32, resolved=requested) head_resolved=(64x32, resolved=requested) acc_product=8 head_unroll_expected=false base_median_tflops=1.9446 head_median_tflops=1.9921 head_over_base=1.0244 spread_base=0.1696 spread_head=0.0563 base_round_tflops=[1.9594, 2.0742, 1.9890, 1.9446, 1.7564, 1.7597] head_round_tflops=[1.9289, 1.9564, 2.0304, 1.9921, 1.9983, 2.0400]
m=1024 n=1024 k=1024 supplementary=false base_resolved=(64x32, resolved=requested) head_resolved=(64x32, resolved=requested) acc_product=8 head_unroll_expected=false base_median_tflops=5.2282 head_median_tflops=5.2543 head_over_base=1.0050 spread_base=0.6991 spread_head=0.4610 base_round_tflops=[6.2283, 6.0021, 5.9112, 5.2240, 3.3981, 5.2282] head_round_tflops=[4.0804, 5.2543, 3.8854, 5.8608, 5.8950, 5.3564]
m=2048 n=2048 k=2048 supplementary=false base_resolved=(64x32, resolved=requested) head_resolved=(64x32, resolved=requested) acc_product=8 head_unroll_expected=false base_median_tflops=8.4637 head_median_tflops=8.6961 head_over_base=1.0275 spread_base=0.1117 spread_head=0.0942 base_round_tflops=[9.2921, 8.9541, 8.9061, 8.4637, 8.2766, 8.3244] head_round_tflops=[9.2266, 9.0083, 8.9385, 8.6961, 8.4133, 8.3881]
m=4096 n=4096 k=4096 supplementary=false base_resolved=(32x64, resolved=requested) head_resolved=(32x64, resolved=requested) acc_product=8 head_unroll_expected=false base_median_tflops=8.2026 head_median_tflops=8.3136 head_over_base=1.0135 spread_base=0.5160 spread_head=0.0322 base_round_tflops=[8.0956, 8.2026, 5.5323, 8.3312, 8.3748, 8.4856] head_round_tflops=[8.2310, 8.2405, 8.5019, 8.3136, 8.4852, 8.4003]
m=2048 n=2048 k=512 supplementary=true base_resolved=(64x64, resolved=requested) head_resolved=(64x64, resolved=requested) acc_product=16 head_unroll_expected=true base_median_tflops=1.1718 head_median_tflops=5.8788 head_over_base=5.0168 spread_base=0.0164 spread_head=0.3115 base_round_tflops=[1.1665, 1.1828, 1.1852, 1.1859, 1.1715, 1.1718] head_round_tflops=[5.1963, 7.1707, 6.5685, 5.8788, 6.7376, 5.3626]
m=4096 n=4096 k=1024 supplementary=true base_resolved=(64x64, resolved=requested) head_resolved=(64x64, resolved=requested) acc_product=16 head_unroll_expected=true base_median_tflops=0.6025 head_median_tflops=3.2135 head_over_base=5.3337 spread_base=0.3133 spread_head=0.6344 base_round_tflops=[0.6011, 0.5302, 0.7320, 0.6110, 0.6025, 0.6286] head_round_tflops=[3.2211, 4.5501, 3.2135, 2.4523, 4.7536, 3.1333]
--- フェーズ 2 完了（prepared 境界。本 Issue の主判定対象）。`docs/perf/metal-gemm-n4096-kernel-gap.md` §7.10 へ記録すること。
--- フェーズ 3: 条件付き loop unroll A/B（転送込み境界・参考値。base=off / head=on）---
m=512 n=512 k=512 supplementary=false base_median_tflops=0.4012 head_median_tflops=0.2418 head_over_base=0.6026 spread_base=0.8330 spread_head=0.5216 base_round_tflops=[0.2652, 0.3845, 0.4324, 0.4696, 0.4012, 0.5903] head_round_tflops=[0.2325, 0.2418, 0.2351, 0.2917, 0.4588, 0.4664]
m=1024 n=1024 k=1024 supplementary=false base_median_tflops=0.9711 head_median_tflops=0.9896 head_over_base=1.0190 spread_base=0.1333 spread_head=2.2427 base_round_tflops=[1.0183, 0.9293, 0.9045, 0.9848, 0.9711, 1.0328] head_round_tflops=[1.0149, 1.0074, 0.9896, 0.3075, 1.0005, 0.9678]
m=2048 n=2048 k=2048 supplementary=false base_median_tflops=1.9125 head_median_tflops=2.2863 head_over_base=1.1955 spread_base=0.6570 spread_head=0.7973 base_round_tflops=[1.4052, 2.7168, 1.9125, 2.1207, 1.6310, 2.1278] head_round_tflops=[2.6385, 2.8765, 2.2863, 2.2917, 1.4360, 2.2825]
m=4096 n=4096 k=4096 supplementary=false base_median_tflops=3.1342 head_median_tflops=2.7734 head_over_base=0.8849 spread_base=0.6612 spread_head=0.5668 base_round_tflops=[3.5790, 4.3251, 3.7897, 2.2616, 3.1342, 2.7154] head_round_tflops=[3.5020, 2.2925, 4.3134, 3.1333, 2.7734, 2.3848]
m=2048 n=2048 k=512 supplementary=true base_median_tflops=0.6409 head_median_tflops=1.1227 head_over_base=1.7516 spread_base=0.4211 spread_head=0.5713 base_round_tflops=[0.7655, 0.6409, 0.5093, 0.6818, 0.5825, 0.7199] head_round_tflops=[0.9503, 1.8402, 1.7553, 1.1227, 0.9847, 1.6212]
m=4096 n=4096 k=1024 supplementary=true base_median_tflops=0.9611 head_median_tflops=2.3102 head_over_base=2.4035 spread_base=0.0321 spread_head=0.3603 base_round_tflops=[0.9387, 0.9513, 0.9614, 0.9691, 0.9657, 0.9611] head_round_tflops=[2.3102, 2.2771, 2.9164, 2.0885, 3.0973, 2.9321]
--- フェーズ 3 完了（転送込み境界。参考値）。`docs/perf/metal-gemm-n4096-kernel-gap.md` §7.10 へ記録すること。
--- 実行完了。採否判定基準（正方 4 形状・補助 2 形状すべての head_over_base が 0.95 以上であること。改善は要求しない。実装計画§1.2(A) 参照）に従い、5 run 中央値を `docs/perf/metal-gemm-n4096-kernel-gap.md` §7.10 へ記録すること。フェーズ 3（転送込み境界）の ratios は参考値: [(512, false, 0.602618950690449), (1024, false, 1.0190277423201946), (2048, false, 1.1954984778666844), (4096, false, 0.8849021210489488), (2048, true, 1.7515931691598003), (4096, true, 2.403535441585286)]
verdict=undetermined (フェーズ 2〈prepared 境界〉基準・単一 run の参考値。5 run 中央値で最終判断する)
