2026-09-08T19:04:26+0900 elapsed=0s load1=19.27 load5=11.32 util=1% proc_count=8 procs=[cargo,python3,] gate_ok=0 consecutive_ok=0
2026-09-08T19:04:59+0900 elapsed=33s load1=12.69 load5=10.56 util=1% proc_count=8 procs=[cargo,python3,] gate_ok=0 consecutive_ok=0
2026-09-08T19:05:31+0900 elapsed=65s load1=12.20 load5=10.58 util=49% proc_count=9 procs=[cargo,python3,] gate_ok=0 consecutive_ok=0
2026-09-08T19:06:03+0900 elapsed=97s load1=8.23 load5=9.76 util=1% proc_count=8 procs=[cargo,python3,] gate_ok=0 consecutive_ok=0
2026-09-08T19:06:35+0900 elapsed=129s load1=5.75 load5=9.02 util=1% proc_count=8 procs=[cargo,python3,] gate_ok=0 consecutive_ok=0
2026-09-08T19:07:08+0900 elapsed=162s load1=4.52 load5=8.35 util=2% proc_count=7 procs=[python3,] gate_ok=0 consecutive_ok=0
2026-09-08T19:07:40+0900 elapsed=194s load1=7.67 load5=8.65 util=16% proc_count=8 procs=[cargo,python3,] gate_ok=0 consecutive_ok=0
2026-09-08T19:08:12+0900 elapsed=226s load1=6.04 load5=8.12 util=17% proc_count=10 procs=[cargo,python3,rustc,] gate_ok=0 consecutive_ok=0
2026-09-08T19:08:46+0900 elapsed=260s load1=5.34 load5=7.76 util=14% proc_count=8 procs=[cargo,python3,] gate_ok=0 consecutive_ok=0
2026-09-08T19:09:18+0900 elapsed=292s load1=5.11 load5=7.45 util=7% proc_count=8 procs=[cargo,python3,] gate_ok=0 consecutive_ok=0
2026-09-08T19:09:50+0900 elapsed=324s load1=4.90 load5=7.17 util=7% proc_count=8 procs=[cargo,python3,] gate_ok=0 consecutive_ok=0
2026-09-08T19:10:25+0900 elapsed=359s load1=4.52 load5=6.82 util=8% proc_count=8 procs=[cargo,python3,] gate_ok=0 consecutive_ok=0
2026-09-08T19:10:57+0900 elapsed=391s load1=5.11 load5=6.71 util=7% proc_count=9 procs=[cargo,python3,] gate_ok=0 consecutive_ok=0
2026-09-08T19:11:29+0900 elapsed=423s load1=6.69 load5=6.91 util=7% proc_count=9 procs=[cargo,python3,] gate_ok=0 consecutive_ok=0
2026-09-08T19:12:02+0900 elapsed=456s load1=6.31 load5=6.79 util=7% proc_count=8 procs=[cargo,python3,] gate_ok=0 consecutive_ok=0
2026-09-08T19:12:34+0900 elapsed=488s load1=5.63 load5=6.57 util=11% proc_count=8 procs=[cargo,python3,] gate_ok=0 consecutive_ok=0
2026-09-08T19:13:07+0900 elapsed=521s load1=5.38 load5=6.41 util=7% proc_count=8 procs=[cargo,python3,] gate_ok=0 consecutive_ok=0
2026-09-08T19:13:39+0900 elapsed=553s load1=4.26 load5=6.02 util=7% proc_count=10 procs=[cargo,python3,rustc,] gate_ok=0 consecutive_ok=0
2026-09-08T19:14:13+0900 elapsed=587s load1=9.27 load5=7.41 util=7% proc_count=8 procs=[cargo,python3,] gate_ok=0 consecutive_ok=0
2026-09-08T19:14:45+0900 elapsed=619s load1=10.77 load5=7.91 util=7% proc_count=9 procs=[cargo,python3,] gate_ok=0 consecutive_ok=0
2026-09-08T19:15:18+0900 elapsed=652s load1=11.63 load5=8.34 util=7% proc_count=10 procs=[cargo,python3,] gate_ok=0 consecutive_ok=0
2026-09-08T19:15:51+0900 elapsed=685s load1=16.85 load5=9.87 util=7% proc_count=9 procs=[cargo,python3,] gate_ok=0 consecutive_ok=0
2026-09-08T19:16:24+0900 elapsed=718s load1=15.57 load5=10.22 util=7% proc_count=10 procs=[cargo,python3,] gate_ok=0 consecutive_ok=0
2026-09-08T19:16:57+0900 elapsed=751s load1=13.92 load5=10.40 util=7% proc_count=10 procs=[cargo,python3,] gate_ok=0 consecutive_ok=0
2026-09-08T19:17:35+0900 elapsed=789s load1=16.74 load5=11.69 util=13% proc_count=11 procs=[cargo,python3,] gate_ok=0 consecutive_ok=0
2026-09-08T19:18:10+0900 elapsed=824s load1=14.80 load5=11.75 util=8% proc_count=10 procs=[cargo,python3,] gate_ok=0 consecutive_ok=0
2026-09-08T19:18:43+0900 elapsed=857s load1=13.00 load5=11.59 util=7% proc_count=10 procs=[cargo,python3,] gate_ok=0 consecutive_ok=0
2026-09-08T19:19:16+0900 elapsed=890s load1=12.93 load5=11.78 util=7% proc_count=10 procs=[cargo,python3,] gate_ok=0 consecutive_ok=0
2026-09-08T19:19:49+0900 elapsed=923s load1=12.35 load5=11.72 util=7% proc_count=10 procs=[cargo,python3,] gate_ok=0 consecutive_ok=0
2026-09-08T19:20:22+0900 elapsed=956s load1=11.56 load5=11.67 util=8% proc_count=9 procs=[cargo,python3,] gate_ok=0 consecutive_ok=0
2026-09-08T19:20:54+0900 elapsed=988s load1=13.21 load5=11.99 util=10% proc_count=9 procs=[cargo,python3,] gate_ok=0 consecutive_ok=0
2026-09-08T19:21:27+0900 elapsed=1021s load1=23.86 load5=14.27 util=10% proc_count=11 procs=[cargo,python3,rustc,] gate_ok=0 consecutive_ok=0
2026-09-08T19:22:01+0900 elapsed=1055s load1=16.16 load5=13.46 util=19% proc_count=9 procs=[cargo,python3,] gate_ok=0 consecutive_ok=0
2026-09-08T19:22:34+0900 elapsed=1088s load1=14.15 load5=13.22 util=6% proc_count=9 procs=[cargo,python3,] gate_ok=0 consecutive_ok=0
2026-09-08T19:23:06+0900 elapsed=1120s load1=12.23 load5=12.83 util=6% proc_count=9 procs=[cargo,python3,] gate_ok=0 consecutive_ok=0
2026-09-08T19:23:38+0900 elapsed=1152s load1=11.27 load5=12.52 util=6% proc_count=10 procs=[cargo,python3,] gate_ok=0 consecutive_ok=0
2026-09-08T19:24:11+0900 elapsed=1185s load1=10.69 load5=12.25 util=6% proc_count=9 procs=[cargo,python3,] gate_ok=0 consecutive_ok=0
2026-09-08T19:24:44+0900 elapsed=1218s load1=9.47 load5=11.82 util=9% proc_count=10 procs=[cargo,python3,] gate_ok=0 consecutive_ok=0
2026-09-08T19:25:16+0900 elapsed=1250s load1=10.23 load5=11.77 util=8% proc_count=11 procs=[cargo,python3,rustc,] gate_ok=0 consecutive_ok=0
2026-09-08T19:25:49+0900 elapsed=1283s load1=10.21 load5=11.66 util=7% proc_count=9 procs=[cargo,python3,] gate_ok=0 consecutive_ok=0
2026-09-08T19:26:21+0900 elapsed=1315s load1=7.90 load5=10.93 util=7% proc_count=9 procs=[cargo,python3,] gate_ok=0 consecutive_ok=0
2026-09-08T19:26:54+0900 elapsed=1348s load1=6.72 load5=10.35 util=12% proc_count=8 procs=[cargo,python3,] gate_ok=0 consecutive_ok=0
2026-09-08T19:27:26+0900 elapsed=1380s load1=6.70 load5=9.92 util=7% proc_count=7 procs=[python3,] gate_ok=0 consecutive_ok=0
2026-09-08T19:27:58+0900 elapsed=1412s load1=5.00 load5=9.22 util=7% proc_count=7 procs=[python3,] gate_ok=0 consecutive_ok=0
2026-09-08T19:28:30+0900 elapsed=1444s load1=4.44 load5=8.67 util=8% proc_count=7 procs=[python3,] gate_ok=0 consecutive_ok=0
2026-09-08T19:29:02+0900 elapsed=1476s load1=3.37 load5=7.95 util=8% proc_count=7 procs=[python3,] gate_ok=0 consecutive_ok=0
2026-09-08T19:29:34+0900 elapsed=1508s load1=2.59 load5=7.31 util=8% proc_count=7 procs=[python3,] gate_ok=0 consecutive_ok=0
2026-09-08T19:30:06+0900 elapsed=1540s load1=3.33 load5=6.94 util=8% proc_count=8 procs=[cargo,python3,] gate_ok=0 consecutive_ok=0
2026-09-08T19:30:39+0900 elapsed=1573s load1=3.66 load5=6.67 util=8% proc_count=7 procs=[python3,] gate_ok=0 consecutive_ok=0
2026-09-08T19:31:11+0900 elapsed=1605s load1=2.94 load5=6.20 util=8% proc_count=7 procs=[python3,] gate_ok=0 consecutive_ok=0
2026-09-08T19:31:43+0900 elapsed=1637s load1=2.94 load5=5.80 util=7% proc_count=7 procs=[python3,] gate_ok=0 consecutive_ok=0
2026-09-08T19:32:15+0900 elapsed=1669s load1=4.02 load5=5.79 util=13% proc_count=8 procs=[cargo,python3,] gate_ok=0 consecutive_ok=0
2026-09-08T19:32:47+0900 elapsed=1701s load1=3.11 load5=5.37 util=7% proc_count=8 procs=[cargo,python3,] gate_ok=0 consecutive_ok=0
2026-09-08T19:33:19+0900 elapsed=1733s load1=3.58 load5=5.27 util=7% proc_count=8 procs=[cargo,python3,] gate_ok=0 consecutive_ok=0
2026-09-08T19:33:52+0900 elapsed=1766s load1=4.67 load5=5.36 util=6% proc_count=8 procs=[cargo,python3,] gate_ok=0 consecutive_ok=0
2026-09-08T19:34:24+0900 elapsed=1798s load1=4.83 load5=5.31 util=6% proc_count=8 procs=[cargo,python3,] gate_ok=0 consecutive_ok=0
2026-09-08T19:34:56+0900 elapsed=1830s load1=4.85 load5=5.28 util=6% proc_count=8 procs=[cargo,python3,] gate_ok=0 consecutive_ok=0
2026-09-08T19:35:29+0900 elapsed=1863s load1=4.43 load5=5.15 util=6% proc_count=8 procs=[cargo,python3,] gate_ok=0 consecutive_ok=0
2026-09-08T19:36:01+0900 elapsed=1895s load1=3.48 load5=4.84 util=7% proc_count=7 procs=[python3,] gate_ok=0 consecutive_ok=0
2026-09-08T19:36:33+0900 elapsed=1927s load1=3.02 load5=4.57 util=39% proc_count=7 procs=[python3,] gate_ok=0 consecutive_ok=0
2026-09-08T19:37:05+0900 elapsed=1959s load1=3.11 load5=4.44 util=43% proc_count=7 procs=[python3,] gate_ok=0 consecutive_ok=0
2026-09-08T19:37:37+0900 elapsed=1991s load1=3.60 load5=4.45 util=41% proc_count=7 procs=[python3,] gate_ok=0 consecutive_ok=0
2026-09-08T19:38:09+0900 elapsed=2023s load1=3.08 load5=4.22 util=8% proc_count=7 procs=[python3,] gate_ok=0 consecutive_ok=0
2026-09-08T19:38:41+0900 elapsed=2055s load1=2.26 load5=3.91 util=8% proc_count=7 procs=[python3,] gate_ok=0 consecutive_ok=0
2026-09-08T19:39:13+0900 elapsed=2087s load1=2.50 load5=3.77 util=13% proc_count=7 procs=[python3,] gate_ok=0 consecutive_ok=0
2026-09-08T19:39:45+0900 elapsed=2119s load1=3.38 load5=3.85 util=19% proc_count=8 procs=[cargo,python3,] gate_ok=0 consecutive_ok=0
2026-09-08T19:40:18+0900 elapsed=2152s load1=4.39 load5=4.07 util=7% proc_count=8 procs=[cargo,python3,] gate_ok=0 consecutive_ok=0
2026-09-08T19:40:50+0900 elapsed=2184s load1=5.19 load5=4.29 util=6% proc_count=8 procs=[cargo,python3,] gate_ok=0 consecutive_ok=0
2026-09-08T19:41:22+0900 elapsed=2216s load1=5.57 load5=4.48 util=7% proc_count=8 procs=[cargo,python3,] gate_ok=0 consecutive_ok=0
2026-09-08T19:41:55+0900 elapsed=2249s load1=5.81 load5=4.64 util=9% proc_count=8 procs=[cargo,python3,] gate_ok=0 consecutive_ok=0
2026-09-08T19:42:27+0900 elapsed=2281s load1=4.57 load5=4.45 util=7% proc_count=7 procs=[python3,] gate_ok=0 consecutive_ok=0
2026-09-08T19:42:59+0900 elapsed=2313s load1=3.68 load5=4.24 util=6% proc_count=7 procs=[python3,] gate_ok=0 consecutive_ok=0
2026-09-08T19:43:31+0900 elapsed=2345s load1=3.33 load5=4.10 util=7% proc_count=7 procs=[python3,] gate_ok=0 consecutive_ok=0
2026-09-08T19:44:03+0900 elapsed=2377s load1=2.79 load5=3.89 util=7% proc_count=7 procs=[python3,] gate_ok=0 consecutive_ok=0
2026-09-08T19:44:35+0900 elapsed=2409s load1=6.67 load5=4.70 util=6% proc_count=8 procs=[cargo,python3,] gate_ok=0 consecutive_ok=0
2026-09-08T19:45:07+0900 elapsed=2441s load1=6.64 load5=4.83 util=7% proc_count=8 procs=[cargo,python3,] gate_ok=0 consecutive_ok=0
2026-09-08T19:45:40+0900 elapsed=2474s load1=5.85 load5=4.81 util=6% proc_count=8 procs=[cargo,python3,] gate_ok=0 consecutive_ok=0
2026-09-08T19:46:13+0900 elapsed=2507s load1=6.23 load5=5.02 util=6% proc_count=8 procs=[cargo,python3,] gate_ok=0 consecutive_ok=0
2026-09-08T19:46:45+0900 elapsed=2539s load1=5.59 load5=4.97 util=6% proc_count=8 procs=[cargo,python3,] gate_ok=0 consecutive_ok=0
2026-09-08T19:47:17+0900 elapsed=2571s load1=5.59 load5=5.02 util=11% proc_count=8 procs=[cargo,python3,] gate_ok=0 consecutive_ok=0
2026-09-08T19:47:49+0900 elapsed=2603s load1=5.91 load5=5.16 util=6% proc_count=8 procs=[cargo,python3,] gate_ok=0 consecutive_ok=0
2026-09-08T19:48:22+0900 elapsed=2636s load1=5.63 load5=5.15 util=6% proc_count=8 procs=[cargo,python3,] gate_ok=0 consecutive_ok=0
2026-09-08T19:48:54+0900 elapsed=2668s load1=5.92 load5=5.25 util=7% proc_count=10 procs=[cargo,python3,rustc,] gate_ok=0 consecutive_ok=0
2026-09-08T19:49:27+0900 elapsed=2701s load1=12.38 load5=6.78 util=6% proc_count=8 procs=[cargo,python3,] gate_ok=0 consecutive_ok=0
2026-09-08T19:49:59+0900 elapsed=2733s load1=9.68 load5=6.70 util=6% proc_count=8 procs=[cargo,python3,] gate_ok=0 consecutive_ok=0
2026-09-08T19:50:31+0900 elapsed=2765s load1=8.75 load5=6.75 util=7% proc_count=8 procs=[cargo,python3,] gate_ok=0 consecutive_ok=0
2026-09-08T19:51:03+0900 elapsed=2797s load1=8.94 load5=6.97 util=6% proc_count=15 procs=[cargo,python3,rustc,] gate_ok=0 consecutive_ok=0
2026-09-08T19:51:37+0900 elapsed=2831s load1=8.32 load5=7.01 util=6% proc_count=9 procs=[cargo,python3,] gate_ok=0 consecutive_ok=0
2026-09-08T19:52:09+0900 elapsed=2863s load1=9.51 load5=7.44 util=13% proc_count=9 procs=[cargo,python3,] gate_ok=0 consecutive_ok=0
2026-09-08T19:52:42+0900 elapsed=2896s load1=9.42 load5=7.63 util=18% proc_count=9 procs=[cargo,python3,] gate_ok=0 consecutive_ok=0
2026-09-08T19:53:15+0900 elapsed=2929s load1=8.71 load5=7.68 util=8% proc_count=9 procs=[cargo,python3,] gate_ok=0 consecutive_ok=0
2026-09-08T19:53:47+0900 elapsed=2961s load1=7.54 load5=7.49 util=7% proc_count=9 procs=[cargo,python3,] gate_ok=0 consecutive_ok=0
2026-09-08T19:54:20+0900 elapsed=2994s load1=6.65 load5=7.28 util=8% proc_count=8 procs=[cargo,python3,] gate_ok=0 consecutive_ok=0
2026-09-08T19:54:52+0900 elapsed=3026s load1=5.64 load5=6.97 util=7% proc_count=8 procs=[cargo,python3,] gate_ok=0 consecutive_ok=0
2026-09-08T19:55:24+0900 elapsed=3058s load1=4.73 load5=6.61 util=8% proc_count=8 procs=[cargo,python3,] gate_ok=0 consecutive_ok=0
2026-09-08T19:55:56+0900 elapsed=3090s load1=5.88 load5=6.71 util=7% proc_count=9 procs=[cargo,python3,] gate_ok=0 consecutive_ok=0
2026-09-08T19:56:29+0900 elapsed=3123s load1=8.44 load5=7.28 util=8% proc_count=9 procs=[cargo,python3,] gate_ok=0 consecutive_ok=0
2026-09-08T19:57:01+0900 elapsed=3155s load1=8.19 load5=7.33 util=7% proc_count=9 procs=[cargo,python3,] gate_ok=0 consecutive_ok=0
2026-09-08T19:57:34+0900 elapsed=3188s load1=7.76 load5=7.34 util=11% proc_count=9 procs=[cargo,python3,] gate_ok=0 consecutive_ok=0
2026-09-08T19:58:06+0900 elapsed=3220s load1=11.93 load5=8.22 util=8% proc_count=17 procs=[cargo,python3,rustc,] gate_ok=0 consecutive_ok=0
2026-09-08T19:58:39+0900 elapsed=3253s load1=7.79 load5=7.59 util=8% proc_count=8 procs=[cargo,python3,] gate_ok=0 consecutive_ok=0
2026-09-08T19:59:11+0900 elapsed=3285s load1=5.59 load5=7.07 util=8% proc_count=21 procs=[cargo,python3,rustc,] gate_ok=0 consecutive_ok=0
2026-09-08T19:59:44+0900 elapsed=3318s load1=5.48 load5=6.85 util=8% proc_count=7 procs=[python3,] gate_ok=0 consecutive_ok=0
2026-09-08T20:00:16+0900 elapsed=3350s load1=3.97 load5=6.35 util=29% proc_count=7 procs=[python3,] gate_ok=0 consecutive_ok=0
2026-09-08T20:00:48+0900 elapsed=3382s load1=3.11 load5=5.92 util=42% proc_count=7 procs=[python3,] gate_ok=0 consecutive_ok=0
2026-09-08T20:01:20+0900 elapsed=3414s load1=3.03 load5=5.59 util=8% proc_count=7 procs=[python3,] gate_ok=0 consecutive_ok=0
2026-09-08T20:01:52+0900 elapsed=3446s load1=2.38 load5=5.19 util=7% proc_count=7 procs=[python3,] gate_ok=0 consecutive_ok=0
2026-09-08T20:02:24+0900 elapsed=3478s load1=3.84 load5=5.32 util=13% proc_count=7 procs=[python3,] gate_ok=0 consecutive_ok=0
2026-09-08T20:02:56+0900 elapsed=3510s load1=2.98 load5=4.95 util=8% proc_count=7 procs=[python3,] gate_ok=0 consecutive_ok=0
2026-09-08T20:03:28+0900 elapsed=3542s load1=2.21 load5=4.58 util=8% proc_count=7 procs=[python3,] gate_ok=0 consecutive_ok=0
2026-09-08T20:04:00+0900 elapsed=3574s load1=2.21 load5=4.29 util=8% proc_count=7 procs=[python3,] gate_ok=0 consecutive_ok=0
2026-09-08T20:04:32+0900 elapsed=3606s load1=2.11 load5=4.07 util=9% proc_count=7 procs=[python3,] gate_ok=0 consecutive_ok=0
2026-09-08T20:05:04+0900 elapsed=3638s load1=2.14 load5=3.86 util=8% proc_count=7 procs=[python3,] gate_ok=0 consecutive_ok=0
2026-09-08T20:05:36+0900 elapsed=3670s load1=2.49 load5=3.76 util=7% proc_count=7 procs=[python3,] gate_ok=0 consecutive_ok=0
2026-09-08T20:06:08+0900 elapsed=3702s load1=1.86 load5=3.50 util=8% proc_count=7 procs=[python3,] gate_ok=0 consecutive_ok=0
2026-09-08T20:06:40+0900 elapsed=3734s load1=2.37 load5=3.43 util=8% proc_count=7 procs=[python3,] gate_ok=0 consecutive_ok=0
2026-09-08T20:07:12+0900 elapsed=3766s load1=3.23 load5=3.55 util=8% proc_count=7 procs=[python3,] gate_ok=0 consecutive_ok=0
2026-09-08T20:07:44+0900 elapsed=3798s load1=2.96 load5=3.47 util=11% proc_count=7 procs=[python3,] gate_ok=0 consecutive_ok=0
2026-09-08T20:08:16+0900 elapsed=3830s load1=3.23 load5=3.48 util=9% proc_count=7 procs=[python3,] gate_ok=0 consecutive_ok=0
2026-09-08T20:08:48+0900 elapsed=3862s load1=2.81 load5=3.34 util=8% proc_count=7 procs=[python3,] gate_ok=0 consecutive_ok=0
2026-09-08T20:09:21+0900 elapsed=3895s load1=2.84 load5=3.28 util=9% proc_count=7 procs=[python3,] gate_ok=0 consecutive_ok=0
2026-09-08T20:09:53+0900 elapsed=3927s load1=2.86 load5=3.25 util=7% proc_count=7 procs=[python3,] gate_ok=0 consecutive_ok=0
2026-09-08T20:10:25+0900 elapsed=3959s load1=2.38 load5=3.10 util=9% proc_count=7 procs=[python3,] gate_ok=0 consecutive_ok=0
2026-09-08T20:10:57+0900 elapsed=3991s load1=2.73 load5=3.12 util=8% proc_count=7 procs=[python3,] gate_ok=0 consecutive_ok=0
2026-09-08T20:11:29+0900 elapsed=4023s load1=2.47 load5=3.02 util=8% proc_count=7 procs=[python3,] gate_ok=0 consecutive_ok=0
2026-09-08T20:12:01+0900 elapsed=4055s load1=2.19 load5=2.87 util=7% proc_count=7 procs=[python3,] gate_ok=0 consecutive_ok=0
2026-09-08T20:12:33+0900 elapsed=4087s load1=2.96 load5=3.00 util=32% proc_count=7 procs=[python3,] gate_ok=0 consecutive_ok=0
2026-09-08T20:13:05+0900 elapsed=4119s load1=2.82 load5=2.95 util=32% proc_count=7 procs=[python3,] gate_ok=0 consecutive_ok=0
2026-09-08T20:13:37+0900 elapsed=4151s load1=3.15 load5=3.02 util=33% proc_count=7 procs=[python3,] gate_ok=0 consecutive_ok=0
2026-09-08T20:14:09+0900 elapsed=4183s load1=2.48 load5=2.87 util=33% proc_count=7 procs=[python3,] gate_ok=0 consecutive_ok=0
2026-09-08T20:14:41+0900 elapsed=4215s load1=3.09 load5=2.97 util=33% proc_count=7 procs=[python3,] gate_ok=0 consecutive_ok=0
2026-09-08T20:15:13+0900 elapsed=4247s load1=4.57 load5=3.34 util=33% proc_count=7 procs=[python3,] gate_ok=0 consecutive_ok=0
2026-09-08T20:15:45+0900 elapsed=4279s load1=3.84 load5=3.30 util=32% proc_count=7 procs=[python3,] gate_ok=0 consecutive_ok=0
2026-09-08T20:16:17+0900 elapsed=4311s load1=3.34 load5=3.22 util=33% proc_count=7 procs=[python3,] gate_ok=0 consecutive_ok=0
2026-09-08T20:16:49+0900 elapsed=4343s load1=3.87 load5=3.34 util=32% proc_count=8 procs=[cargo,python3,] gate_ok=0 consecutive_ok=0
2026-09-08T20:17:21+0900 elapsed=4375s load1=4.95 load5=3.67 util=32% proc_count=8 procs=[cargo,python3,] gate_ok=0 consecutive_ok=0
2026-09-08T20:17:53+0900 elapsed=4407s load1=5.62 load5=3.94 util=32% proc_count=8 procs=[cargo,python3,] gate_ok=0 consecutive_ok=0
2026-09-08T20:18:26+0900 elapsed=4440s load1=5.97 load5=4.21 util=32% proc_count=8 procs=[cargo,python3,] gate_ok=0 consecutive_ok=0
2026-09-08T20:18:58+0900 elapsed=4472s load1=8.10 load5=4.92 util=32% proc_count=8 procs=[cargo,python3,] gate_ok=0 consecutive_ok=0
2026-09-08T20:19:31+0900 elapsed=4505s load1=7.92 load5=5.24 util=32% proc_count=8 procs=[cargo,python3,] gate_ok=0 consecutive_ok=0
2026-09-08T20:20:03+0900 elapsed=4537s load1=7.45 load5=5.43 util=32% proc_count=7 procs=[python3,] gate_ok=0 consecutive_ok=0
2026-09-08T20:20:35+0900 elapsed=4569s load1=6.05 load5=5.27 util=33% proc_count=7 procs=[python3,] gate_ok=0 consecutive_ok=0
2026-09-08T20:21:07+0900 elapsed=4601s load1=4.73 load5=5.02 util=33% proc_count=7 procs=[python3,] gate_ok=0 consecutive_ok=0
2026-09-08T20:21:39+0900 elapsed=4633s load1=4.52 load5=4.95 util=33% proc_count=7 procs=[python3,] gate_ok=0 consecutive_ok=0
2026-09-08T20:22:11+0900 elapsed=4665s load1=4.55 load5=4.91 util=32% proc_count=7 procs=[python3,] gate_ok=0 consecutive_ok=0
2026-09-08T20:22:43+0900 elapsed=4697s load1=3.78 load5=4.68 util=32% proc_count=7 procs=[python3,] gate_ok=0 consecutive_ok=0
2026-09-08T20:23:15+0900 elapsed=4729s load1=4.71 load5=4.81 util=32% proc_count=7 procs=[python3,] gate_ok=0 consecutive_ok=0
2026-09-08T20:23:47+0900 elapsed=4761s load1=4.32 load5=4.70 util=33% proc_count=7 procs=[python3,] gate_ok=0 consecutive_ok=0
2026-09-08T20:24:19+0900 elapsed=4793s load1=3.73 load5=4.52 util=32% proc_count=7 procs=[python3,] gate_ok=0 consecutive_ok=0
2026-09-08T20:24:51+0900 elapsed=4825s load1=3.70 load5=4.43 util=32% proc_count=7 procs=[python3,] gate_ok=0 consecutive_ok=0
2026-09-08T20:25:24+0900 elapsed=4858s load1=4.03 load5=4.43 util=33% proc_count=7 procs=[python3,] gate_ok=0 consecutive_ok=0
2026-09-08T20:25:56+0900 elapsed=4889s load1=4.87 load5=4.62 util=33% proc_count=7 procs=[python3,] gate_ok=0 consecutive_ok=0
2026-09-08T20:26:28+0900 elapsed=4922s load1=4.89 load5=4.64 util=32% proc_count=9 procs=[cargo,python3,rustc,] gate_ok=0 consecutive_ok=0
2026-09-08T20:27:00+0900 elapsed=4954s load1=5.38 load5=4.78 util=32% proc_count=7 procs=[python3,] gate_ok=0 consecutive_ok=0
2026-09-08T20:27:32+0900 elapsed=4986s load1=4.68 load5=4.68 util=33% proc_count=7 procs=[python3,] gate_ok=0 consecutive_ok=0
2026-09-08T20:28:04+0900 elapsed=5018s load1=4.51 load5=4.65 util=32% proc_count=7 procs=[python3,] gate_ok=0 consecutive_ok=0
2026-09-08T20:28:36+0900 elapsed=5050s load1=4.82 load5=4.69 util=31% proc_count=9 procs=[cargo,python3,rustc,] gate_ok=0 consecutive_ok=0
2026-09-08T20:29:09+0900 elapsed=5083s load1=4.03 load5=4.50 util=32% proc_count=8 procs=[cargo,python3,] gate_ok=0 consecutive_ok=0
2026-09-08T20:29:41+0900 elapsed=5115s load1=3.96 load5=4.43 util=32% proc_count=7 procs=[python3,] gate_ok=0 consecutive_ok=0
2026-09-08T20:30:13+0900 elapsed=5147s load1=4.14 load5=4.45 util=32% proc_count=7 procs=[python3,] gate_ok=0 consecutive_ok=0
2026-09-08T20:30:45+0900 elapsed=5179s load1=4.10 load5=4.41 util=32% proc_count=7 procs=[python3,] gate_ok=0 consecutive_ok=0
2026-09-08T20:31:17+0900 elapsed=5211s load1=3.78 load5=4.32 util=33% proc_count=7 procs=[python3,] gate_ok=0 consecutive_ok=0
2026-09-08T20:31:49+0900 elapsed=5243s load1=3.06 load5=4.09 util=33% proc_count=9 procs=[cargo,python3,rustc,] gate_ok=0 consecutive_ok=0
2026-09-08T20:32:21+0900 elapsed=5275s load1=3.57 load5=4.14 util=33% proc_count=7 procs=[python3,] gate_ok=0 consecutive_ok=0
2026-09-08T20:32:54+0900 elapsed=5308s load1=3.33 load5=4.01 util=32% proc_count=7 procs=[python3,] gate_ok=0 consecutive_ok=0
2026-09-08T20:33:27+0900 elapsed=5341s load1=3.89 load5=4.09 util=32% proc_count=8 procs=[cargo,python3,] gate_ok=0 consecutive_ok=0
2026-09-08T20:33:59+0900 elapsed=5373s load1=5.09 load5=4.31 util=32% proc_count=8 procs=[cargo,python3,] gate_ok=0 consecutive_ok=0
2026-09-08T20:34:32+0900 elapsed=5406s load1=4.93 load5=4.35 util=31% proc_count=7 procs=[python3,] gate_ok=0 consecutive_ok=0
2026-09-08T20:35:04+0900 elapsed=5438s load1=4.25 load5=4.24 util=32% proc_count=7 procs=[python3,] gate_ok=0 consecutive_ok=0
2026-09-08T20:35:36+0900 elapsed=5470s load1=5.61 load5=4.60 util=32% proc_count=8 procs=[cargo,python3,] gate_ok=0 consecutive_ok=0
2026-09-08T20:36:08+0900 elapsed=5502s load1=4.99 load5=4.53 util=33% proc_count=8 procs=[cargo,python3,] gate_ok=0 consecutive_ok=0
2026-09-08T20:36:41+0900 elapsed=5535s load1=5.24 load5=4.65 util=32% proc_count=8 procs=[cargo,python3,] gate_ok=0 consecutive_ok=0
2026-09-08T20:37:13+0900 elapsed=5567s load1=6.72 load5=5.07 util=32% proc_count=8 procs=[cargo,python3,] gate_ok=0 consecutive_ok=0
2026-09-08T20:37:45+0900 elapsed=5599s load1=7.46 load5=5.43 util=31% proc_count=8 procs=[cargo,python3,] gate_ok=0 consecutive_ok=0
2026-09-08T20:38:22+0900 elapsed=5636s load1=13.52 load5=7.44 util=31% proc_count=15 procs=[cargo,python3,rustc,] gate_ok=0 consecutive_ok=0
2026-09-08T20:38:54+0900 elapsed=5668s load1=11.50 load5=7.52 util=31% proc_count=9 procs=[cargo,python3,] gate_ok=0 consecutive_ok=0
2026-09-08T20:39:27+0900 elapsed=5701s load1=10.45 load5=7.74 util=32% proc_count=9 procs=[cargo,python3,] gate_ok=0 consecutive_ok=0
2026-09-08T20:40:03+0900 elapsed=5737s load1=10.18 load5=8.01 util=32% proc_count=14 procs=[cargo,python3,] gate_ok=0 consecutive_ok=0
2026-09-08T20:40:37+0900 elapsed=5771s load1=12.75 load5=8.96 util=32% proc_count=10 procs=[cargo,python3,] gate_ok=0 consecutive_ok=0
2026-09-08T20:41:15+0900 elapsed=5809s load1=13.87 load5=9.76 util=32% proc_count=10 procs=[cargo,python3,] gate_ok=0 consecutive_ok=0
2026-09-08T20:41:54+0900 elapsed=5848s load1=12.95 load5=10.04 util=31% proc_count=10 procs=[cargo,python3,] gate_ok=0 consecutive_ok=0
2026-09-08T20:42:27+0900 elapsed=5881s load1=12.53 load5=10.24 util=31% proc_count=10 procs=[cargo,python3,] gate_ok=0 consecutive_ok=0
2026-09-08T20:43:00+0900 elapsed=5914s load1=11.69 load5=10.29 util=31% proc_count=10 procs=[cargo,python3,] gate_ok=0 consecutive_ok=0
2026-09-08T20:43:33+0900 elapsed=5947s load1=11.01 load5=10.26 util=32% proc_count=9 procs=[cargo,python3,] gate_ok=0 consecutive_ok=0
2026-09-08T20:44:05+0900 elapsed=5979s load1=9.46 load5=9.93 util=32% proc_count=9 procs=[cargo,python3,] gate_ok=0 consecutive_ok=0
2026-09-08T20:44:38+0900 elapsed=6012s load1=7.98 load5=9.53 util=32% proc_count=9 procs=[cargo,python3,] gate_ok=0 consecutive_ok=0
2026-09-08T20:45:11+0900 elapsed=6045s load1=6.07 load5=8.88 util=32% proc_count=7 procs=[python3,] gate_ok=0 consecutive_ok=0
2026-09-08T20:45:43+0900 elapsed=6077s load1=5.50 load5=8.48 util=32% proc_count=7 procs=[python3,] gate_ok=0 consecutive_ok=0
2026-09-08T20:46:15+0900 elapsed=6109s load1=4.48 load5=7.94 util=32% proc_count=7 procs=[python3,] gate_ok=0 consecutive_ok=0
2026-09-08T20:46:47+0900 elapsed=6141s load1=4.38 load5=7.52 util=32% proc_count=7 procs=[python3,] gate_ok=0 consecutive_ok=0
2026-09-08T20:47:19+0900 elapsed=6173s load1=4.90 load5=7.32 util=32% proc_count=8 procs=[cargo,python3,] gate_ok=0 consecutive_ok=0
2026-09-08T20:47:51+0900 elapsed=6205s load1=4.75 load5=7.02 util=32% proc_count=10 procs=[cargo,python3,rustc,] gate_ok=0 consecutive_ok=0
2026-09-08T20:48:23+0900 elapsed=6237s load1=4.61 load5=6.78 util=32% proc_count=8 procs=[cargo,python3,] gate_ok=0 consecutive_ok=0
2026-09-08T20:48:55+0900 elapsed=6269s load1=5.38 load5=6.72 util=32% proc_count=8 procs=[cargo,python3,] gate_ok=0 consecutive_ok=0
2026-09-08T20:49:28+0900 elapsed=6302s load1=7.87 load5=7.19 util=32% proc_count=10 procs=[cargo,python3,rustc,] gate_ok=0 consecutive_ok=0
2026-09-08T20:50:00+0900 elapsed=6334s load1=6.95 load5=7.04 util=32% proc_count=8 procs=[cargo,python3,] gate_ok=0 consecutive_ok=0
2026-09-08T20:50:33+0900 elapsed=6367s load1=6.44 load5=6.91 util=32% proc_count=8 procs=[cargo,python3,] gate_ok=0 consecutive_ok=0
2026-09-08T20:51:05+0900 elapsed=6399s load1=7.97 load5=7.24 util=32% proc_count=9 procs=[cargo,python3,] gate_ok=0 consecutive_ok=0
2026-09-08T20:51:37+0900 elapsed=6431s load1=10.14 load5=7.88 util=32% proc_count=9 procs=[cargo,python3,] gate_ok=0 consecutive_ok=0
2026-09-08T20:52:10+0900 elapsed=6464s load1=8.63 load5=7.73 util=31% proc_count=8 procs=[cargo,python3,] gate_ok=0 consecutive_ok=0
2026-09-08T20:52:42+0900 elapsed=6496s load1=8.04 load5=7.69 util=31% proc_count=8 procs=[cargo,python3,] gate_ok=0 consecutive_ok=0
2026-09-08T20:53:15+0900 elapsed=6529s load1=8.31 load5=7.79 util=32% proc_count=8 procs=[cargo,python3,] gate_ok=0 consecutive_ok=0
2026-09-08T20:53:47+0900 elapsed=6561s load1=10.16 load5=8.39 util=32% proc_count=7 procs=[python3,] gate_ok=0 consecutive_ok=0
2026-09-08T20:54:19+0900 elapsed=6593s load1=7.73 load5=7.97 util=32% proc_count=7 procs=[python3,] gate_ok=0 consecutive_ok=0
2026-09-08T20:54:51+0900 elapsed=6625s load1=7.08 load5=7.77 util=32% proc_count=7 procs=[python3,] gate_ok=0 consecutive_ok=0
2026-09-08T20:55:23+0900 elapsed=6657s load1=6.24 load5=7.49 util=33% proc_count=7 procs=[python3,] gate_ok=0 consecutive_ok=0
2026-09-08T20:55:56+0900 elapsed=6690s load1=5.95 load5=7.27 util=33% proc_count=7 procs=[python3,] gate_ok=0 consecutive_ok=0
2026-09-08T20:56:28+0900 elapsed=6722s load1=5.52 load5=7.05 util=32% proc_count=7 procs=[python3,] gate_ok=0 consecutive_ok=0
2026-09-08T20:57:00+0900 elapsed=6754s load1=4.96 load5=6.77 util=32% proc_count=7 procs=[python3,] gate_ok=0 consecutive_ok=0
2026-09-08T20:57:32+0900 elapsed=6786s load1=4.61 load5=6.47 util=33% proc_count=7 procs=[python3,] gate_ok=0 consecutive_ok=0
2026-09-08T20:58:04+0900 elapsed=6818s load1=6.95 load5=6.82 util=32% proc_count=7 procs=[python3,] gate_ok=0 consecutive_ok=0
2026-09-08T20:58:36+0900 elapsed=6850s load1=5.92 load5=6.57 util=32% proc_count=7 procs=[python3,] gate_ok=0 consecutive_ok=0
2026-09-08T20:59:08+0900 elapsed=6882s load1=5.39 load5=6.38 util=32% proc_count=7 procs=[python3,] gate_ok=0 consecutive_ok=0
2026-09-08T20:59:40+0900 elapsed=6914s load1=5.23 load5=6.24 util=32% proc_count=7 procs=[python3,] gate_ok=0 consecutive_ok=0
2026-09-08T21:00:12+0900 elapsed=6946s load1=5.43 load5=6.18 util=32% proc_count=7 procs=[python3,] gate_ok=0 consecutive_ok=0
2026-09-08T21:00:44+0900 elapsed=6978s load1=4.53 load5=5.87 util=32% proc_count=7 procs=[python3,] gate_ok=0 consecutive_ok=0
2026-09-08T21:01:16+0900 elapsed=7010s load1=5.00 load5=5.84 util=33% proc_count=7 procs=[python3,] gate_ok=0 consecutive_ok=0
2026-09-08T21:01:48+0900 elapsed=7042s load1=4.85 load5=5.72 util=32% proc_count=7 procs=[python3,] gate_ok=0 consecutive_ok=0
2026-09-08T21:02:20+0900 elapsed=7074s load1=4.85 load5=5.64 util=32% proc_count=7 procs=[python3,] gate_ok=0 consecutive_ok=0
2026-09-08T21:02:52+0900 elapsed=7106s load1=5.16 load5=5.63 util=32% proc_count=7 procs=[python3,] gate_ok=0 consecutive_ok=0
2026-09-08T21:03:24+0900 elapsed=7138s load1=5.40 load5=5.63 util=32% proc_count=7 procs=[python3,] gate_ok=0 consecutive_ok=0
2026-09-08T21:03:56+0900 elapsed=7170s load1=5.16 load5=5.54 util=32% proc_count=7 procs=[python3,] gate_ok=0 consecutive_ok=0
2026-09-08T21:04:28+0900 elapsed=7202s load1=4.99 load5=5.47 util=31% proc_count=7 procs=[python3,] gate_ok=0 consecutive_ok=0
2026-09-08T21:05:00+0900 elapsed=7234s load1=5.13 load5=5.44 util=32% proc_count=7 procs=[python3,] gate_ok=0 consecutive_ok=0
2026-09-08T21:05:32+0900 elapsed=7266s load1=4.32 load5=5.22 util=33% proc_count=7 procs=[python3,] gate_ok=0 consecutive_ok=0
2026-09-08T21:06:05+0900 elapsed=7298s load1=4.32 load5=5.13 util=33% proc_count=7 procs=[python3,] gate_ok=0 consecutive_ok=0
2026-09-08T21:06:37+0900 elapsed=7331s load1=4.20 load5=4.99 util=32% proc_count=7 procs=[python3,] gate_ok=0 consecutive_ok=0
2026-09-08T21:07:09+0900 elapsed=7363s load1=4.52 load5=4.99 util=31% proc_count=7 procs=[python3,] gate_ok=0 consecutive_ok=0
2026-09-08T21:07:41+0900 elapsed=7395s load1=4.56 load5=4.95 util=31% proc_count=7 procs=[python3,] gate_ok=0 consecutive_ok=0
2026-09-08T21:08:13+0900 elapsed=7427s load1=5.13 load5=5.03 util=32% proc_count=7 procs=[python3,] gate_ok=0 consecutive_ok=0
2026-09-08T21:08:45+0900 elapsed=7459s load1=4.65 load5=4.93 util=32% proc_count=7 procs=[python3,] gate_ok=0 consecutive_ok=0
2026-09-08T21:09:17+0900 elapsed=7491s load1=4.27 load5=4.81 util=33% proc_count=7 procs=[python3,] gate_ok=0 consecutive_ok=0
2026-09-08T21:09:49+0900 elapsed=7523s load1=3.92 load5=4.68 util=33% proc_count=7 procs=[python3,] gate_ok=0 consecutive_ok=0
2026-09-08T21:10:21+0900 elapsed=7555s load1=3.94 load5=4.61 util=33% proc_count=7 procs=[python3,] gate_ok=0 consecutive_ok=0
2026-09-08T21:10:53+0900 elapsed=7587s load1=4.37 load5=4.66 util=32% proc_count=7 procs=[python3,] gate_ok=0 consecutive_ok=0
2026-09-08T21:11:25+0900 elapsed=7619s load1=4.02 load5=4.54 util=33% proc_count=7 procs=[python3,] gate_ok=0 consecutive_ok=0
2026-09-08T21:11:57+0900 elapsed=7651s load1=5.48 load5=4.87 util=33% proc_count=7 procs=[python3,] gate_ok=0 consecutive_ok=0
2026-09-08T21:12:29+0900 elapsed=7683s load1=5.18 load5=4.85 util=32% proc_count=7 procs=[python3,] gate_ok=0 consecutive_ok=0
2026-09-08T21:13:02+0900 elapsed=7716s load1=5.51 load5=4.96 util=31% proc_count=7 procs=[python3,] gate_ok=0 consecutive_ok=0
2026-09-08T21:13:34+0900 elapsed=7748s load1=5.82 load5=5.08 util=33% proc_count=7 procs=[python3,] gate_ok=0 consecutive_ok=0
2026-09-08T21:14:06+0900 elapsed=7780s load1=5.59 load5=5.08 util=33% proc_count=7 procs=[python3,] gate_ok=0 consecutive_ok=0
2026-09-08T21:14:38+0900 elapsed=7812s load1=5.21 load5=5.04 util=32% proc_count=7 procs=[python3,] gate_ok=0 consecutive_ok=0
2026-09-08T21:15:10+0900 elapsed=7844s load1=5.71 load5=5.17 util=31% proc_count=9 procs=[cargo,python3,] gate_ok=0 consecutive_ok=0
2026-09-08T21:15:43+0900 elapsed=7877s load1=5.59 load5=5.18 util=32% proc_count=8 procs=[cargo,python3,] gate_ok=0 consecutive_ok=0
2026-09-08T21:16:15+0900 elapsed=7909s load1=6.38 load5=5.39 util=32% proc_count=8 procs=[cargo,python3,] gate_ok=0 consecutive_ok=0
2026-09-08T21:16:47+0900 elapsed=7941s load1=8.37 load5=5.98 util=32% proc_count=22 procs=[cargo,python3,rustc,] gate_ok=0 consecutive_ok=0
2026-09-08T21:17:20+0900 elapsed=7974s load1=8.13 load5=6.16 util=32% proc_count=8 procs=[cargo,python3,] gate_ok=0 consecutive_ok=0
2026-09-08T21:17:52+0900 elapsed=8006s load1=8.87 load5=6.57 util=32% proc_count=8 procs=[cargo,python3,] gate_ok=0 consecutive_ok=0
2026-09-08T21:18:25+0900 elapsed=8039s load1=9.95 load5=7.01 util=37% proc_count=8 procs=[cargo,python3,] gate_ok=0 consecutive_ok=0
2026-09-08T21:18:57+0900 elapsed=8071s load1=7.63 load5=6.77 util=4% proc_count=8 procs=[cargo,python3,] gate_ok=0 consecutive_ok=0
2026-09-08T21:19:29+0900 elapsed=8103s load1=6.19 load5=6.50 util=5% proc_count=8 procs=[cargo,python3,] gate_ok=0 consecutive_ok=0
2026-09-08T21:20:02+0900 elapsed=8136s load1=5.47 load5=6.27 util=7% proc_count=8 procs=[cargo,python3,] gate_ok=0 consecutive_ok=0
2026-09-08T21:20:34+0900 elapsed=8168s load1=4.86 load5=6.05 util=8% proc_count=8 procs=[cargo,python3,] gate_ok=0 consecutive_ok=0
2026-09-08T21:21:06+0900 elapsed=8200s load1=5.92 load5=6.15 util=39% proc_count=8 procs=[cargo,python3,] gate_ok=0 consecutive_ok=0
2026-09-08T21:21:39+0900 elapsed=8233s load1=5.70 load5=6.07 util=45% proc_count=10 procs=[cargo,python3,rustc,] gate_ok=0 consecutive_ok=0
2026-09-08T21:22:11+0900 elapsed=8265s load1=8.08 load5=6.57 util=36% proc_count=9 procs=[cargo,python3,] gate_ok=0 consecutive_ok=0
2026-09-08T21:22:44+0900 elapsed=8298s load1=7.05 load5=6.47 util=39% proc_count=9 procs=[cargo,python3,] gate_ok=0 consecutive_ok=0
2026-09-08T21:23:16+0900 elapsed=8330s load1=6.33 load5=6.36 util=38% proc_count=9 procs=[cargo,python3,] gate_ok=0 consecutive_ok=0
2026-09-08T21:23:49+0900 elapsed=8363s load1=5.86 load5=6.29 util=4% proc_count=7 procs=[python3,] gate_ok=0 consecutive_ok=0
2026-09-08T21:24:21+0900 elapsed=8395s load1=4.30 load5=5.87 util=6% proc_count=8 procs=[cargo,python3,] gate_ok=0 consecutive_ok=0
2026-09-08T21:24:53+0900 elapsed=8427s load1=4.73 load5=5.77 util=4% proc_count=8 procs=[cargo,python3,] gate_ok=0 consecutive_ok=0
2026-09-08T21:25:26+0900 elapsed=8460s load1=5.29 load5=5.81 util=5% proc_count=8 procs=[cargo,python3,] gate_ok=0 consecutive_ok=0
2026-09-08T21:25:58+0900 elapsed=8492s load1=5.12 load5=5.70 util=3% proc_count=8 procs=[cargo,python3,] gate_ok=0 consecutive_ok=0
2026-09-08T21:26:30+0900 elapsed=8524s load1=5.03 load5=5.63 util=17% proc_count=8 procs=[cargo,python3,] gate_ok=0 consecutive_ok=0
2026-09-08T21:27:02+0900 elapsed=8556s load1=6.19 load5=5.84 util=5% proc_count=9 procs=[cargo,python3,] gate_ok=0 consecutive_ok=0
2026-09-08T21:27:35+0900 elapsed=8589s load1=6.69 load5=5.98 util=33% proc_count=8 procs=[cargo,python3,] gate_ok=0 consecutive_ok=0
2026-09-08T21:28:07+0900 elapsed=8621s load1=5.85 load5=5.84 util=36% proc_count=8 procs=[cargo,python3,] gate_ok=0 consecutive_ok=0
2026-09-08T21:28:39+0900 elapsed=8653s load1=5.29 load5=5.71 util=32% proc_count=8 procs=[cargo,python3,] gate_ok=0 consecutive_ok=0
2026-09-08T21:29:12+0900 elapsed=8686s load1=5.19 load5=5.63 util=5% proc_count=8 procs=[cargo,python3,] gate_ok=0 consecutive_ok=0
2026-09-08T21:29:44+0900 elapsed=8718s load1=5.22 load5=5.60 util=25% proc_count=8 procs=[cargo,python3,] gate_ok=0 consecutive_ok=0
2026-09-08T21:30:16+0900 elapsed=8750s load1=5.82 load5=5.66 util=33% proc_count=7 procs=[python3,] gate_ok=0 consecutive_ok=0
2026-09-08T21:30:48+0900 elapsed=8782s load1=5.20 load5=5.50 util=13% proc_count=8 procs=[cargo,python3,] gate_ok=0 consecutive_ok=0
2026-09-08T21:31:20+0900 elapsed=8814s load1=5.06 load5=5.42 util=5% proc_count=10 procs=[cargo,python3,rustc,] gate_ok=0 consecutive_ok=0
2026-09-08T21:31:53+0900 elapsed=8847s load1=6.34 load5=5.77 util=3% proc_count=8 procs=[cargo,python3,] gate_ok=0 consecutive_ok=0
2026-09-08T21:32:25+0900 elapsed=8879s load1=5.28 load5=5.56 util=5% proc_count=8 procs=[cargo,python3,] gate_ok=0 consecutive_ok=0
2026-09-08T21:32:58+0900 elapsed=8912s load1=4.48 load5=5.34 util=3% proc_count=8 procs=[cargo,python3,] gate_ok=0 consecutive_ok=0
2026-09-08T21:33:30+0900 elapsed=8944s load1=4.37 load5=5.23 util=15% proc_count=11 procs=[cargo,python3,rustc,] gate_ok=0 consecutive_ok=0
2026-09-08T21:34:04+0900 elapsed=8978s load1=7.63 load5=6.08 util=8% proc_count=10 procs=[cargo,python3,rustc,] gate_ok=0 consecutive_ok=0
2026-09-08T21:34:37+0900 elapsed=9011s load1=5.39 load5=5.70 util=7% proc_count=8 procs=[cargo,python3,] gate_ok=0 consecutive_ok=0
2026-09-08T21:35:09+0900 elapsed=9043s load1=3.93 load5=5.29 util=36% proc_count=8 procs=[cargo,python3,] gate_ok=0 consecutive_ok=0
2026-09-08T21:35:41+0900 elapsed=9075s load1=3.19 load5=4.98 util=42% proc_count=7 procs=[python3,] gate_ok=0 consecutive_ok=0
2026-09-08T21:36:13+0900 elapsed=9107s load1=3.16 load5=4.77 util=40% proc_count=7 procs=[python3,] gate_ok=0 consecutive_ok=0
2026-09-08T21:36:45+0900 elapsed=9139s load1=2.92 load5=4.54 util=39% proc_count=7 procs=[python3,] gate_ok=0 consecutive_ok=0
2026-09-08T21:37:17+0900 elapsed=9171s load1=2.57 load5=4.26 util=43% proc_count=7 procs=[python3,] gate_ok=0 consecutive_ok=0
2026-09-08T21:37:50+0900 elapsed=9204s load1=2.30 load5=4.03 util=42% proc_count=7 procs=[python3,] gate_ok=0 consecutive_ok=0
2026-09-08T21:38:22+0900 elapsed=9236s load1=2.70 load5=3.95 util=43% proc_count=8 procs=[python3,] gate_ok=0 consecutive_ok=0
2026-09-08T21:38:54+0900 elapsed=9268s load1=3.00 load5=3.89 util=43% proc_count=7 procs=[python3,] gate_ok=0 consecutive_ok=0
2026-09-08T21:39:26+0900 elapsed=9300s load1=2.66 load5=3.72 util=41% proc_count=7 procs=[python3,] gate_ok=0 consecutive_ok=0
2026-09-08T21:39:58+0900 elapsed=9332s load1=2.25 load5=3.50 util=4% proc_count=7 procs=[python3,] gate_ok=0 consecutive_ok=0
2026-09-08T21:40:30+0900 elapsed=9364s load1=2.19 load5=3.37 util=6% proc_count=8 procs=[cargo,python3,] gate_ok=0 consecutive_ok=0
2026-09-08T21:41:02+0900 elapsed=9396s load1=1.92 load5=3.19 util=17% proc_count=7 procs=[python3,] gate_ok=0 consecutive_ok=0
2026-09-08T21:41:35+0900 elapsed=9429s load1=2.72 load5=3.23 util=15% proc_count=7 procs=[python3,] gate_ok=0 consecutive_ok=0
2026-09-08T21:42:07+0900 elapsed=9461s load1=2.86 load5=3.20 util=5% proc_count=10 procs=[cargo,python3,rustc,] gate_ok=0 consecutive_ok=0
2026-09-08T21:42:40+0900 elapsed=9494s load1=2.60 load5=3.11 util=51% proc_count=8 procs=[gemm_transpose_route_ab_bench,python3,] gate_ok=0 consecutive_ok=0
2026-09-08T21:43:12+0900 elapsed=9526s load1=6.23 load5=3.81 util=51% proc_count=8 procs=[cargo,python3,] gate_ok=0 consecutive_ok=0
2026-09-08T21:43:44+0900 elapsed=9558s load1=4.15 load5=3.56 util=32% proc_count=7 procs=[python3,] gate_ok=0 consecutive_ok=0
2026-09-08T21:44:17+0900 elapsed=9591s load1=3.33 load5=3.41 util=16% proc_count=7 procs=[python3,] gate_ok=0 consecutive_ok=0
2026-09-08T21:44:49+0900 elapsed=9623s load1=14.40 load5=5.69 util=15% proc_count=8 procs=[cargo,python3,] gate_ok=0 consecutive_ok=0
2026-09-08T21:45:21+0900 elapsed=9655s load1=10.73 load5=5.65 util=16% proc_count=7 procs=[python3,] gate_ok=0 consecutive_ok=0
2026-09-08T21:45:53+0900 elapsed=9687s load1=6.85 load5=5.24 util=9% proc_count=8 procs=[cargo,python3,] gate_ok=0 consecutive_ok=0
2026-09-08T21:46:25+0900 elapsed=9719s load1=4.87 load5=4.92 util=14% proc_count=8 procs=[cargo,python3,] gate_ok=0 consecutive_ok=0
2026-09-08T21:46:58+0900 elapsed=9752s load1=4.22 load5=4.75 util=14% proc_count=7 procs=[python3,] gate_ok=0 consecutive_ok=0
2026-09-08T21:47:30+0900 elapsed=9784s load1=5.03 load5=4.91 util=11% proc_count=8 procs=[cargo,python3,] gate_ok=0 consecutive_ok=0
2026-09-08T21:48:03+0900 elapsed=9817s load1=5.33 load5=4.98 util=12% proc_count=8 procs=[cargo,python3,] gate_ok=0 consecutive_ok=0
2026-09-08T21:48:36+0900 elapsed=9850s load1=6.09 load5=5.23 util=16% proc_count=8 procs=[cargo,python3,] gate_ok=0 consecutive_ok=0
2026-09-08T21:49:08+0900 elapsed=9882s load1=5.65 load5=5.19 util=14% proc_count=8 procs=[cargo,python3,] gate_ok=0 consecutive_ok=0
2026-09-08T21:49:41+0900 elapsed=9915s load1=5.34 load5=5.17 util=10% proc_count=9 procs=[cargo,python3,] gate_ok=0 consecutive_ok=0
2026-09-08T21:50:13+0900 elapsed=9947s load1=5.90 load5=5.34 util=9% proc_count=8 procs=[cargo,python3,] gate_ok=0 consecutive_ok=0
2026-09-08T21:50:46+0900 elapsed=9980s load1=5.70 load5=5.35 util=6% proc_count=9 procs=[cargo,python3,rustc,] gate_ok=0 consecutive_ok=0
2026-09-08T21:51:19+0900 elapsed=10013s load1=3.80 load5=4.93 util=7% proc_count=7 procs=[python3,] gate_ok=0 consecutive_ok=0
2026-09-08T21:51:51+0900 elapsed=10045s load1=3.14 load5=4.66 util=5% proc_count=7 procs=[python3,] gate_ok=0 consecutive_ok=0
2026-09-08T21:52:23+0900 elapsed=10077s load1=2.74 load5=4.42 util=6% proc_count=7 procs=[python3,] gate_ok=0 consecutive_ok=0
2026-09-08T21:52:55+0900 elapsed=10109s load1=5.31 load5=4.81 util=13% proc_count=7 procs=[python3,] gate_ok=0 consecutive_ok=0
2026-09-08T21:53:27+0900 elapsed=10141s load1=5.63 load5=4.94 util=10% proc_count=7 procs=[python3,] gate_ok=0 consecutive_ok=0
2026-09-08T21:53:59+0900 elapsed=10173s load1=11.60 load5=6.55 util=13% proc_count=8 procs=[cargo,python3,] gate_ok=0 consecutive_ok=0
2026-09-08T21:54:32+0900 elapsed=10206s load1=10.28 load5=6.70 util=10% proc_count=8 procs=[cargo,python3,] gate_ok=0 consecutive_ok=0
2026-09-08T21:55:04+0900 elapsed=10238s load1=8.04 load5=6.51 util=11% proc_count=8 procs=[cargo,python3,] gate_ok=0 consecutive_ok=0
2026-09-08T21:55:36+0900 elapsed=10270s load1=11.63 load5=7.49 util=11% proc_count=9 procs=[cargo,python3,] gate_ok=0 consecutive_ok=0
2026-09-08T21:56:09+0900 elapsed=10303s load1=10.36 load5=7.61 util=10% proc_count=9 procs=[cargo,python3,] gate_ok=0 consecutive_ok=0
2026-09-08T21:56:42+0900 elapsed=10336s load1=7.65 load5=7.22 util=31% proc_count=9 procs=[cargo,python3,] gate_ok=0 consecutive_ok=0
2026-09-08T21:57:14+0900 elapsed=10368s load1=15.69 load5=9.32 util=9% proc_count=7 procs=[python3,] gate_ok=0 consecutive_ok=0
2026-09-08T21:57:46+0900 elapsed=10400s load1=10.25 load5=8.60 util=8% proc_count=8 procs=[cargo,python3,] gate_ok=0 consecutive_ok=0
2026-09-08T21:58:18+0900 elapsed=10432s load1=7.28 load5=8.03 util=7% proc_count=8 procs=[cargo,python3,] gate_ok=0 consecutive_ok=0
2026-09-08T21:58:51+0900 elapsed=10465s load1=5.62 load5=7.52 util=9% proc_count=8 procs=[cargo,python3,] gate_ok=0 consecutive_ok=0
2026-09-08T21:59:23+0900 elapsed=10497s load1=4.46 load5=7.06 util=11% proc_count=7 procs=[python3,] gate_ok=0 consecutive_ok=0
2026-09-08T21:59:55+0900 elapsed=10529s load1=3.68 load5=6.56 util=10% proc_count=7 procs=[python3,] gate_ok=0 consecutive_ok=0
2026-09-08T22:00:27+0900 elapsed=10561s load1=3.30 load5=6.19 util=19% proc_count=9 procs=[cargo,python3,] gate_ok=0 consecutive_ok=0
2026-09-08T22:01:03+0900 elapsed=10597s load1=4.10 load5=6.07 util=17% proc_count=12 procs=[cargo,python3,rustc,] gate_ok=0 consecutive_ok=0
2026-09-08T22:01:35+0900 elapsed=10629s load1=7.77 load5=6.76 util=8% proc_count=9 procs=[cargo,python3,] gate_ok=0 consecutive_ok=0
2026-09-08T22:02:10+0900 elapsed=10664s load1=11.72 load5=7.84 util=1% proc_count=14 procs=[cargo,python3,rustc,] gate_ok=0 consecutive_ok=0
2026-09-08T22:02:45+0900 elapsed=10699s load1=8.22 load5=7.41 util=9% proc_count=8 procs=[cargo,python3,] gate_ok=0 consecutive_ok=0
2026-09-08T22:03:17+0900 elapsed=10731s load1=7.19 load5=7.24 util=14% proc_count=13 procs=[cargo,python3,rustc,] gate_ok=0 consecutive_ok=0
2026-09-08T22:03:50+0900 elapsed=10764s load1=6.15 load5=6.98 util=19% proc_count=8 procs=[cargo,python3,] gate_ok=0 consecutive_ok=0
2026-09-08T22:04:22+0900 elapsed=10796s load1=6.72 load5=7.02 util=11% proc_count=8 procs=[cargo,python3,] gate_ok=0 consecutive_ok=0
2026-09-08T22:04:54+0900 elapsed=10828s load1=6.13 load5=6.84 util=10% proc_count=10 procs=[cargo,python3,rustc,] gate_ok=0 consecutive_ok=0
TIMEOUT at 2026-09-08T22:04:54+0900 (elapsed=10828s)
