== build bench-fandhe  ==
== build bench-candle --no-default-features --features cuda ==
== build bench-burn --no-default-features --features cuda ==
== bench-fandhe gemm cuda size=256 mode=fresh extra=none ==
{"framework":"fandhe-ai","version":"0.10.0","task":"gemm","device":"cuda","size":256,"median_s":0.000086728,"q1_s":0.000086420,"q3_s":0.000086921,"gflops":386.890,"checksum":237.546660,"warmup":20,"iters":20,"mode":"fresh","parity_total":65536,"parity_fail_count":0,"parity_max_abs_err":0.000000e0,"parity_max_rel_err":0.000000e0,"parity_scaled_abs_bound":0.000000e0,"parity_scaled_abs_rescued":0}
== bench-fandhe gemm cuda size=512 mode=fresh extra=none ==
{"framework":"fandhe-ai","version":"0.10.0","task":"gemm","device":"cuda","size":512,"median_s":0.000258784,"q1_s":0.000258484,"q3_s":0.000259069,"gflops":1037.295,"checksum":937.743233,"warmup":20,"iters":20,"mode":"fresh","parity_total":262144,"parity_fail_count":0,"parity_max_abs_err":0.000000e0,"parity_max_rel_err":0.000000e0,"parity_scaled_abs_bound":0.000000e0,"parity_scaled_abs_rescued":0}
== bench-fandhe gemm cuda size=1024 mode=fresh extra=none ==
{"framework":"fandhe-ai","version":"0.10.0","task":"gemm","device":"cuda","size":1024,"median_s":0.000963721,"q1_s":0.000960806,"q3_s":0.000964533,"gflops":2228.325,"checksum":-1855.597736,"warmup":20,"iters":20,"mode":"fresh","parity_total":1048576,"parity_fail_count":0,"parity_max_abs_err":0.000000e0,"parity_max_rel_err":0.000000e0,"parity_scaled_abs_bound":0.000000e0,"parity_scaled_abs_rescued":0}
== bench-fandhe gemm cuda size=2048 mode=fresh extra=none ==
{"framework":"fandhe-ai","version":"0.10.0","task":"gemm","device":"cuda","size":2048,"median_s":0.004193783,"q1_s":0.004189883,"q3_s":0.004208666,"gflops":4096.509,"checksum":-6016.774008,"warmup":20,"iters":20,"mode":"fresh","parity_total":4194304,"parity_fail_count":0,"parity_max_abs_err":0.000000e0,"parity_max_rel_err":0.000000e0,"parity_scaled_abs_bound":0.000000e0,"parity_scaled_abs_rescued":0}
== bench-fandhe gemm cuda size=4096 mode=fresh extra=none ==
{"framework":"fandhe-ai","version":"0.10.0","task":"gemm","device":"cuda","size":4096,"median_s":0.039822970,"q1_s":0.039705370,"q3_s":0.039933699,"gflops":3451.248,"checksum":-25768.747284,"warmup":20,"iters":20,"mode":"fresh","parity_total":16777216,"parity_fail_count":0,"parity_max_abs_err":0.000000e0,"parity_max_rel_err":0.000000e0,"parity_scaled_abs_bound":0.000000e0,"parity_scaled_abs_rescued":0}
== bench-fandhe gemm cpu size=256 mode=fresh extra=none ==
{"framework":"fandhe-ai","version":"0.10.0","task":"gemm","device":"cpu","size":256,"median_s":0.000200249,"q1_s":0.000187877,"q3_s":0.000240680,"gflops":167.564,"checksum":237.546660,"warmup":20,"iters":20,"mode":"fresh","parity_total":65536,"parity_fail_count":0,"parity_max_abs_err":0.000000e0,"parity_max_rel_err":0.000000e0,"parity_scaled_abs_bound":0.000000e0,"parity_scaled_abs_rescued":0}
== bench-fandhe gemm cpu size=512 mode=fresh extra=none ==
{"framework":"fandhe-ai","version":"0.10.0","task":"gemm","device":"cpu","size":512,"median_s":0.001694803,"q1_s":0.001584083,"q3_s":0.001884743,"gflops":158.387,"checksum":937.743233,"warmup":20,"iters":20,"mode":"fresh","parity_total":262144,"parity_fail_count":0,"parity_max_abs_err":0.000000e0,"parity_max_rel_err":0.000000e0,"parity_scaled_abs_bound":0.000000e0,"parity_scaled_abs_rescued":0}
== bench-fandhe gemm cpu size=1024 mode=fresh extra=none ==
{"framework":"fandhe-ai","version":"0.10.0","task":"gemm","device":"cpu","size":1024,"median_s":0.004969609,"q1_s":0.004744812,"q3_s":0.005390853,"gflops":432.123,"checksum":-1855.597736,"warmup":20,"iters":20,"mode":"fresh","parity_total":1048576,"parity_fail_count":0,"parity_max_abs_err":0.000000e0,"parity_max_rel_err":0.000000e0,"parity_scaled_abs_bound":0.000000e0,"parity_scaled_abs_rescued":0}
== bench-fandhe gemm cpu size=2048 mode=fresh extra=none ==
{"framework":"fandhe-ai","version":"0.10.0","task":"gemm","device":"cpu","size":2048,"median_s":0.017141356,"q1_s":0.016974196,"q3_s":0.017283745,"gflops":1002.247,"checksum":-6016.774008,"warmup":20,"iters":20,"mode":"fresh","parity_total":4194304,"parity_fail_count":0,"parity_max_abs_err":0.000000e0,"parity_max_rel_err":0.000000e0,"parity_scaled_abs_bound":0.000000e0,"parity_scaled_abs_rescued":0}
== bench-fandhe train cuda size=64 mode=fresh extra=none ==
{"framework":"fandhe-ai","version":"0.10.0","task":"train","device":"cuda","size":64,"median_s":0.000512872,"q1_s":0.000506037,"q3_s":0.000518689,"checksum":0.080541,"warmup":20,"iters":80,"mode":"fresh"}
== bench-fandhe infer cuda size=64 mode=fresh extra=none ==
{"framework":"fandhe-ai","version":"0.10.0","task":"infer","device":"cuda","size":64,"median_s":0.000161073,"q1_s":0.000160313,"q3_s":0.000162776,"throughput_per_s":6208.384,"checksum":13.976574,"warmup":20,"iters":20,"mode":"fresh"}
== bench-fandhe train cpu size=64 mode=fresh extra=none ==
{"framework":"fandhe-ai","version":"0.10.0","task":"train","device":"cpu","size":64,"median_s":0.001015458,"q1_s":0.000759753,"q3_s":0.001332323,"checksum":0.080541,"warmup":20,"iters":80,"mode":"fresh"}
== bench-fandhe infer cpu size=64 mode=fresh extra=none ==
{"framework":"fandhe-ai","version":"0.10.0","task":"infer","device":"cpu","size":64,"median_s":0.000168464,"q1_s":0.000141828,"q3_s":0.000176420,"throughput_per_s":5935.986,"checksum":13.976574,"warmup":20,"iters":20,"mode":"fresh"}
== bench-candle gemm cuda size=256 mode=fresh extra=none ==
{"framework":"candle","version":"0.11.0","task":"gemm","device":"cuda","size":256,"median_s":0.000075384,"q1_s":0.000075088,"q3_s":0.000075925,"gflops":445.113,"checksum":237.546670,"warmup":20,"iters":20,"mode":"fresh","parity_total":65536,"parity_fail_count":0,"parity_max_abs_err":4.053116e-6,"parity_max_rel_err":2.549727e-2,"parity_scaled_abs_bound":1.907255e-6,"parity_scaled_abs_rescued":0}
== bench-candle gemm cuda size=512 mode=fresh extra=none ==
{"framework":"candle","version":"0.11.0","task":"gemm","device":"cuda","size":512,"median_s":0.000241457,"q1_s":0.000239713,"q3_s":0.000241885,"gflops":1111.732,"checksum":937.743128,"warmup":20,"iters":20,"mode":"fresh","parity_total":262144,"parity_fail_count":0,"parity_max_abs_err":9.536743e-6,"parity_max_rel_err":8.516808e-3,"parity_scaled_abs_bound":3.814663e-6,"parity_scaled_abs_rescued":0}
== bench-candle gemm cuda size=1024 mode=fresh extra=none ==
{"framework":"candle","version":"0.11.0","task":"gemm","device":"cuda","size":1024,"median_s":0.000931722,"q1_s":0.000916010,"q3_s":0.000935037,"gflops":2304.855,"checksum":-1855.594967,"warmup":20,"iters":20,"mode":"fresh","parity_total":1048576,"parity_fail_count":0,"parity_max_abs_err":1.811981e-5,"parity_max_rel_err":3.398111e-1,"parity_scaled_abs_bound":7.629375e-6,"parity_scaled_abs_rescued":0}
== bench-candle gemm cuda size=2048 mode=fresh extra=none ==
{"framework":"candle","version":"0.11.0","task":"gemm","device":"cuda","size":2048,"median_s":0.004228055,"q1_s":0.004219191,"q3_s":0.004232007,"gflops":4063.303,"checksum":-6016.775802,"warmup":20,"iters":20,"mode":"fresh","parity_total":4194304,"parity_fail_count":0,"parity_max_abs_err":3.623962e-5,"parity_max_rel_err":2.811288e-1,"parity_scaled_abs_bound":1.525878e-5,"parity_scaled_abs_rescued":2}
== bench-candle gemm cuda size=4096 mode=fresh extra=none ==
{"framework":"candle","version":"0.11.0","task":"gemm","device":"cuda","size":4096,"median_s":0.058552026,"q1_s":0.057952897,"q3_s":0.058698770,"gflops":2347.296,"checksum":-25768.747284,"warmup":20,"iters":20,"mode":"fresh","parity_total":16777216,"parity_fail_count":0,"parity_max_abs_err":0.000000e0,"parity_max_rel_err":0.000000e0,"parity_scaled_abs_bound":3.051757e-5,"parity_scaled_abs_rescued":0}
== bench-candle gemm cpu size=256 mode=fresh extra=none ==
{"framework":"candle","version":"0.11.0","task":"gemm","device":"cpu","size":256,"median_s":0.000350353,"q1_s":0.000328565,"q3_s":0.000447977,"gflops":95.773,"checksum":237.546660,"warmup":20,"iters":20,"mode":"fresh","parity_total":65536,"parity_fail_count":0,"parity_max_abs_err":0.000000e0,"parity_max_rel_err":0.000000e0,"parity_scaled_abs_bound":1.907255e-6,"parity_scaled_abs_rescued":0}
== bench-candle gemm cpu size=512 mode=fresh extra=none ==
{"framework":"candle","version":"0.11.0","task":"gemm","device":"cpu","size":512,"median_s":0.001793859,"q1_s":0.001667515,"q3_s":0.001925216,"gflops":149.641,"checksum":937.743233,"warmup":20,"iters":20,"mode":"fresh","parity_total":262144,"parity_fail_count":0,"parity_max_abs_err":0.000000e0,"parity_max_rel_err":0.000000e0,"parity_scaled_abs_bound":3.814663e-6,"parity_scaled_abs_rescued":0}
== bench-candle gemm cpu size=1024 mode=fresh extra=none ==
{"framework":"candle","version":"0.11.0","task":"gemm","device":"cpu","size":1024,"median_s":0.005461018,"q1_s":0.005329553,"q3_s":0.005583282,"gflops":393.239,"checksum":-1855.597736,"warmup":20,"iters":20,"mode":"fresh","parity_total":1048576,"parity_fail_count":0,"parity_max_abs_err":0.000000e0,"parity_max_rel_err":0.000000e0,"parity_scaled_abs_bound":7.629375e-6,"parity_scaled_abs_rescued":0}
== bench-candle gemm cpu size=2048 mode=fresh extra=none ==
{"framework":"candle","version":"0.11.0","task":"gemm","device":"cpu","size":2048,"median_s":0.033401784,"q1_s":0.032756523,"q3_s":0.034569806,"gflops":514.340,"checksum":-6016.773874,"warmup":20,"iters":20,"mode":"fresh","parity_total":4194304,"parity_fail_count":0,"parity_max_abs_err":3.814697e-5,"parity_max_rel_err":3.944416e-1,"parity_scaled_abs_bound":1.525878e-5,"parity_scaled_abs_rescued":2}
== bench-candle train cuda size=64 mode=fresh extra=none ==
{"framework":"candle","version":"0.11.0","task":"train","device":"cuda","size":64,"median_s":0.000273104,"q1_s":0.000269088,"q3_s":0.000277340,"checksum":0.117549,"warmup":20,"iters":80,"mode":"fresh"}
== bench-candle infer cuda size=64 mode=fresh extra=none ==
{"framework":"candle","version":"0.11.0","task":"infer","device":"cuda","size":64,"median_s":0.000040344,"q1_s":0.000039504,"q3_s":0.000041280,"throughput_per_s":24786.526,"checksum":1381.708740,"warmup":20,"iters":20,"mode":"fresh"}
== bench-candle train cpu size=64 mode=fresh extra=none ==
{"framework":"candle","version":"0.11.0","task":"train","device":"cpu","size":64,"median_s":0.002589964,"q1_s":0.002230312,"q3_s":0.002976765,"checksum":0.117550,"warmup":20,"iters":80,"mode":"fresh"}
== bench-candle infer cpu size=64 mode=fresh extra=none ==
{"framework":"candle","version":"0.11.0","task":"infer","device":"cpu","size":64,"median_s":0.000223760,"q1_s":0.000199236,"q3_s":0.000284204,"throughput_per_s":4469.064,"checksum":1381.708783,"warmup":20,"iters":20,"mode":"fresh"}
== bench-burn gemm cuda size=256 mode=fresh extra=none ==
{"framework":"burn","version":"0.21.0","task":"gemm","device":"cuda","size":256,"median_s":0.000171696,"q1_s":0.000156581,"q3_s":0.000333596,"gflops":195.429,"checksum":237.580621,"warmup":20,"iters":20,"mode":"fresh","parity_total":65536,"parity_fail_count":0,"parity_max_abs_err":1.581430e-3,"parity_max_rel_err":1.553981e0,"parity_scaled_abs_bound":1.562424e-2,"parity_scaled_abs_rescued":10538,"tf32":true}
== bench-burn gemm cuda size=512 mode=fresh extra=none ==
{"framework":"burn","version":"0.21.0","task":"gemm","device":"cuda","size":512,"median_s":0.000361721,"q1_s":0.000359580,"q3_s":0.000364140,"gflops":742.106,"checksum":937.360224,"warmup":20,"iters":20,"mode":"fresh","parity_total":262144,"parity_fail_count":0,"parity_max_abs_err":2.342582e-3,"parity_max_rel_err":1.972325e0,"parity_scaled_abs_bound":3.124972e-2,"parity_scaled_abs_rescued":42361,"tf32":true}
== bench-burn gemm cuda size=1024 mode=fresh extra=none ==
{"framework":"burn","version":"0.21.0","task":"gemm","device":"cuda","size":1024,"median_s":0.001001905,"q1_s":0.000995666,"q3_s":0.001009630,"gflops":2143.399,"checksum":-1855.919764,"warmup":20,"iters":20,"mode":"fresh","parity_total":1048576,"parity_fail_count":0,"parity_max_abs_err":3.642797e-3,"parity_max_rel_err":1.964783e0,"parity_scaled_abs_bound":6.249984e-2,"parity_scaled_abs_rescued":169929,"tf32":true}
== bench-burn gemm cuda size=2048 mode=fresh extra=none ==
{"framework":"burn","version":"0.21.0","task":"gemm","device":"cuda","size":2048,"median_s":0.004287183,"q1_s":0.004254703,"q3_s":0.004306495,"gflops":4007.263,"checksum":-6017.744475,"warmup":20,"iters":20,"mode":"fresh","parity_total":4194304,"parity_fail_count":0,"parity_max_abs_err":4.941225e-3,"parity_max_rel_err":1.986745e0,"parity_scaled_abs_bound":1.249999e-1,"parity_scaled_abs_rescued":681454,"tf32":true}
== bench-burn gemm cuda size=4096 mode=fresh extra=none ==
{"framework":"burn","version":"0.21.0","task":"gemm","device":"cuda","size":4096,"median_s":0.039817843,"q1_s":0.039776635,"q3_s":0.040177512,"gflops":3451.693,"checksum":-25774.003763,"warmup":20,"iters":20,"mode":"fresh","parity_total":16777216,"parity_fail_count":0,"parity_max_abs_err":7.116556e-3,"parity_max_rel_err":1.997358e0,"parity_scaled_abs_bound":2.500000e-1,"parity_scaled_abs_rescued":2729050,"tf32":true}
== bench-burn gemm cpu size=256 mode=fresh extra=none ==
{"framework":"burn","version":"0.21.0","task":"gemm","device":"cpu","size":256,"median_s":0.000500792,"q1_s":0.000492636,"q3_s":0.000502589,"gflops":67.003,"checksum":237.546660,"warmup":20,"iters":20,"mode":"fresh","parity_total":65536,"parity_fail_count":0,"parity_max_abs_err":0.000000e0,"parity_max_rel_err":0.000000e0,"parity_scaled_abs_bound":1.907255e-6,"parity_scaled_abs_rescued":0}
== bench-burn gemm cpu size=512 mode=fresh extra=none ==
{"framework":"burn","version":"0.21.0","task":"gemm","device":"cpu","size":512,"median_s":0.003399046,"q1_s":0.003391926,"q3_s":0.003402274,"gflops":78.974,"checksum":937.743112,"warmup":20,"iters":20,"mode":"fresh","parity_total":262144,"parity_fail_count":0,"parity_max_abs_err":9.059906e-6,"parity_max_rel_err":8.316180e-3,"parity_scaled_abs_bound":3.814663e-6,"parity_scaled_abs_rescued":0}
== bench-burn gemm cpu size=1024 mode=fresh extra=none ==
{"framework":"burn","version":"0.21.0","task":"gemm","device":"cpu","size":1024,"median_s":0.022574311,"q1_s":0.022565858,"q3_s":0.022586694,"gflops":95.130,"checksum":-1855.595863,"warmup":20,"iters":20,"mode":"fresh","parity_total":1048576,"parity_fail_count":0,"parity_max_abs_err":2.050400e-5,"parity_max_rel_err":1.834505e-1,"parity_scaled_abs_bound":7.629375e-6,"parity_scaled_abs_rescued":0}
== bench-burn gemm cpu size=2048 mode=fresh extra=none ==
{"framework":"burn","version":"0.21.0","task":"gemm","device":"cpu","size":2048,"median_s":0.160083431,"q1_s":0.159964775,"q3_s":0.160318704,"gflops":107.318,"checksum":-6016.774966,"warmup":20,"iters":20,"mode":"fresh","parity_total":4194304,"parity_fail_count":0,"parity_max_abs_err":3.528595e-5,"parity_max_rel_err":3.051549e-1,"parity_scaled_abs_bound":1.525878e-5,"parity_scaled_abs_rescued":5}
== bench-burn train cuda size=64 mode=fresh extra=none ==
{"framework":"burn","version":"0.21.0","task":"train","device":"cuda","size":64,"median_s":0.000555793,"q1_s":0.000402136,"q3_s":0.000806733,"checksum":0.117643,"warmup":20,"iters":80,"mode":"fresh","tf32":true}
== bench-burn infer cuda size=64 mode=fresh extra=none ==
{"framework":"burn","version":"0.21.0","task":"infer","device":"cuda","size":64,"median_s":0.000274928,"q1_s":0.000197728,"q3_s":0.000439076,"throughput_per_s":3637.309,"checksum":1381.643178,"warmup":20,"iters":20,"mode":"fresh","tf32":true}
== bench-burn train cpu size=64 mode=fresh extra=none ==
{"framework":"burn","version":"0.21.0","task":"train","device":"cpu","size":64,"median_s":0.000831833,"q1_s":0.000828273,"q3_s":0.000970433,"checksum":0.117549,"warmup":20,"iters":80,"mode":"fresh"}
== bench-burn infer cpu size=64 mode=fresh extra=none ==
{"framework":"burn","version":"0.21.0","task":"infer","device":"cpu","size":64,"median_s":0.000237840,"q1_s":0.000237448,"q3_s":0.000238237,"throughput_per_s":4204.507,"checksum":1381.708825,"warmup":20,"iters":20,"mode":"fresh"}
== bench-fandhe gemm cuda size=256 mode=reuse extra=none ==
{"framework":"fandhe-ai","version":"0.10.0","task":"gemm","device":"cuda","size":256,"median_s":0.000090297,"q1_s":0.000089960,"q3_s":0.000090732,"gflops":371.601,"checksum":237.546660,"warmup":20,"iters":20,"mode":"reuse","init_s":0.413313902,"parity_total":65536,"parity_fail_count":0,"parity_max_abs_err":0.000000e0,"parity_max_rel_err":0.000000e0,"parity_scaled_abs_bound":0.000000e0,"parity_scaled_abs_rescued":0}
== bench-fandhe gemm cuda size=512 mode=reuse extra=none ==
{"framework":"fandhe-ai","version":"0.10.0","task":"gemm","device":"cuda","size":512,"median_s":0.000567561,"q1_s":0.000549664,"q3_s":0.000573925,"gflops":472.963,"checksum":937.743233,"warmup":20,"iters":20,"mode":"reuse","init_s":0.426273317,"parity_total":262144,"parity_fail_count":0,"parity_max_abs_err":0.000000e0,"parity_max_rel_err":0.000000e0,"parity_scaled_abs_bound":0.000000e0,"parity_scaled_abs_rescued":0}
== bench-fandhe gemm cuda size=1024 mode=reuse extra=none ==
{"framework":"fandhe-ai","version":"0.10.0","task":"gemm","device":"cuda","size":1024,"median_s":0.002298084,"q1_s":0.002183388,"q3_s":0.002426741,"gflops":934.467,"checksum":-1855.597736,"warmup":20,"iters":20,"mode":"reuse","init_s":0.418845143,"parity_total":1048576,"parity_fail_count":0,"parity_max_abs_err":0.000000e0,"parity_max_rel_err":0.000000e0,"parity_scaled_abs_bound":0.000000e0,"parity_scaled_abs_rescued":0}
== bench-fandhe gemm cuda size=2048 mode=reuse extra=none ==
{"framework":"fandhe-ai","version":"0.10.0","task":"gemm","device":"cuda","size":2048,"median_s":0.008535518,"q1_s":0.008510022,"q3_s":0.008581138,"gflops":2012.751,"checksum":-6016.774008,"warmup":20,"iters":20,"mode":"reuse","init_s":0.414183664,"parity_total":4194304,"parity_fail_count":0,"parity_max_abs_err":0.000000e0,"parity_max_rel_err":0.000000e0,"parity_scaled_abs_bound":0.000000e0,"parity_scaled_abs_rescued":0}
== bench-fandhe gemm cuda size=4096 mode=reuse extra=none ==
{"framework":"fandhe-ai","version":"0.10.0","task":"gemm","device":"cuda","size":4096,"median_s":0.039185802,"q1_s":0.038969883,"q3_s":0.039377619,"gflops":3507.366,"checksum":-25768.747284,"warmup":20,"iters":20,"mode":"reuse","init_s":0.453672629,"parity_total":16777216,"parity_fail_count":0,"parity_max_abs_err":0.000000e0,"parity_max_rel_err":0.000000e0,"parity_scaled_abs_bound":0.000000e0,"parity_scaled_abs_rescued":0}
== bench-fandhe train cuda size=64 mode=reuse extra=none ==
{"framework":"fandhe-ai","version":"0.10.0","task":"train","device":"cuda","size":64,"median_s":0.000335345,"q1_s":0.000334045,"q3_s":0.000336185,"checksum":0.080541,"warmup":20,"iters":80,"mode":"reuse","init_s":0.222003834}
== bench-fandhe train cpu size=64 mode=reuse extra=none ==
{"framework":"fandhe-ai","version":"0.10.0","task":"train","device":"cpu","size":64,"median_s":0.001110218,"q1_s":0.000939110,"q3_s":0.001458535,"checksum":0.080541,"warmup":20,"iters":80,"mode":"reuse","init_s":0.001180226}
== bench-fandhe train cuda size=64 mode=fresh extra=--phases ==
{"framework":"fandhe-ai","version":"0.10.0","task":"train_phases","device":"cuda","size":64,"median_s":0.000003024,"q1_s":0.000002912,"q3_s":0.000003124,"checksum":0.080541,"warmup":20,"iters":80,"mode":"fresh","phase":"tape_build","phase_index":0}
{"framework":"fandhe-ai","version":"0.10.0","task":"train_phases","device":"cuda","size":64,"median_s":0.000001624,"q1_s":0.000001568,"q3_s":0.000001748,"checksum":0.080541,"warmup":20,"iters":80,"mode":"fresh","phase":"leaf_register","phase_index":1}
{"framework":"fandhe-ai","version":"0.10.0","task":"train_phases","device":"cuda","size":64,"median_s":0.000177856,"q1_s":0.000176792,"q3_s":0.000179528,"checksum":0.080541,"warmup":20,"iters":80,"mode":"fresh","phase":"forward","phase_index":2}
{"framework":"fandhe-ai","version":"0.10.0","task":"train_phases","device":"cuda","size":64,"median_s":0.000000048,"q1_s":0.000000032,"q3_s":0.000000048,"checksum":0.080541,"warmup":20,"iters":80,"mode":"fresh","phase":"loss_readout","phase_index":3}
{"framework":"fandhe-ai","version":"0.10.0","task":"train_phases","device":"cuda","size":64,"median_s":0.000207736,"q1_s":0.000187708,"q3_s":0.000208800,"checksum":0.080541,"warmup":20,"iters":80,"mode":"fresh","phase":"backward","phase_index":4}
{"framework":"fandhe-ai","version":"0.10.0","task":"train_phases","device":"cuda","size":64,"median_s":0.000066560,"q1_s":0.000065648,"q3_s":0.000091972,"checksum":0.080541,"warmup":20,"iters":80,"mode":"fresh","phase":"param_readout","phase_index":5}
{"framework":"fandhe-ai","version":"0.10.0","task":"train_phases","device":"cuda","size":64,"median_s":0.000051184,"q1_s":0.000036604,"q3_s":0.000068860,"checksum":0.080541,"warmup":20,"iters":80,"mode":"fresh","phase":"host_sgd","phase_index":6}
{"framework":"fandhe-ai","version":"0.10.0","task":"train_phases","device":"cuda","size":64,"median_s":0.000000288,"q1_s":0.000000272,"q3_s":0.000000292,"checksum":0.080541,"warmup":20,"iters":80,"mode":"fresh","phase":"apply_params","phase_index":7}
{"framework":"fandhe-ai","version":"0.10.0","task":"train_phases","device":"cuda","size":64,"median_s":0.000001832,"q1_s":0.000001728,"q3_s":0.000002036,"checksum":0.080541,"warmup":20,"iters":80,"mode":"fresh","phase":"tape_drop","phase_index":8}
{"framework":"fandhe-ai","version":"0.10.0","task":"train_phases","device":"cuda","size":64,"median_s":0.000512793,"q1_s":0.000508637,"q3_s":0.000521141,"checksum":0.080541,"warmup":20,"iters":80,"mode":"fresh","phase":"step_total","phase_index":9}
== bench-fandhe train cuda size=64 mode=reuse extra=--phases ==
{"framework":"fandhe-ai","version":"0.10.0","task":"train_phases","device":"cuda","size":64,"median_s":0.000002272,"q1_s":0.000002240,"q3_s":0.000002352,"checksum":0.080541,"warmup":20,"iters":80,"mode":"reuse","init_s":0.222957628,"phase":"tape_build","phase_index":0}
{"framework":"fandhe-ai","version":"0.10.0","task":"train_phases","device":"cuda","size":64,"median_s":0.000000256,"q1_s":0.000000240,"q3_s":0.000000272,"checksum":0.080541,"warmup":20,"iters":80,"mode":"reuse","init_s":0.222957628,"phase":"leaf_register","phase_index":1}
{"framework":"fandhe-ai","version":"0.10.0","task":"train_phases","device":"cuda","size":64,"median_s":0.000154753,"q1_s":0.000154312,"q3_s":0.000156456,"checksum":0.080541,"warmup":20,"iters":80,"mode":"reuse","init_s":0.222957628,"phase":"forward_resident","phase_index":2}
{"framework":"fandhe-ai","version":"0.10.0","task":"train_phases","device":"cuda","size":64,"median_s":0.000000032,"q1_s":0.000000032,"q3_s":0.000000048,"checksum":0.080541,"warmup":20,"iters":80,"mode":"reuse","init_s":0.222957628,"phase":"loss_readout","phase_index":3}
{"framework":"fandhe-ai","version":"0.10.0","task":"train_phases","device":"cuda","size":64,"median_s":0.000163864,"q1_s":0.000163324,"q3_s":0.000164896,"checksum":0.080541,"warmup":20,"iters":80,"mode":"reuse","init_s":0.222957628,"phase":"backward","phase_index":4}
{"framework":"fandhe-ai","version":"0.10.0","task":"train_phases","device":"cuda","size":64,"median_s":0.000008016,"q1_s":0.000007824,"q3_s":0.000008096,"checksum":0.080541,"warmup":20,"iters":80,"mode":"reuse","init_s":0.222957628,"phase":"device_update","phase_index":5}
{"framework":"fandhe-ai","version":"0.10.0","task":"train_phases","device":"cuda","size":64,"median_s":0.000000768,"q1_s":0.000000752,"q3_s":0.000000800,"checksum":0.080541,"warmup":20,"iters":80,"mode":"reuse","init_s":0.222957628,"phase":"tape_drop","phase_index":6}
{"framework":"fandhe-ai","version":"0.10.0","task":"train_phases","device":"cuda","size":64,"median_s":0.000330769,"q1_s":0.000329424,"q3_s":0.000332789,"checksum":0.080541,"warmup":20,"iters":80,"mode":"reuse","init_s":0.222957628,"phase":"step_total","phase_index":7}
== bench-fandhe train cpu size=64 mode=fresh extra=--phases ==
{"framework":"fandhe-ai","version":"0.10.0","task":"train_phases","device":"cpu","size":64,"median_s":0.000000272,"q1_s":0.000000208,"q3_s":0.000000320,"checksum":0.080541,"warmup":20,"iters":80,"mode":"fresh","phase":"tape_build","phase_index":0}
{"framework":"fandhe-ai","version":"0.10.0","task":"train_phases","device":"cpu","size":64,"median_s":0.000001928,"q1_s":0.000001568,"q3_s":0.000002320,"checksum":0.080541,"warmup":20,"iters":80,"mode":"fresh","phase":"leaf_register","phase_index":1}
{"framework":"fandhe-ai","version":"0.10.0","task":"train_phases","device":"cpu","size":64,"median_s":0.000240041,"q1_s":0.000217316,"q3_s":0.000269868,"checksum":0.080541,"warmup":20,"iters":80,"mode":"fresh","phase":"forward","phase_index":2}
{"framework":"fandhe-ai","version":"0.10.0","task":"train_phases","device":"cpu","size":64,"median_s":0.000000144,"q1_s":0.000000096,"q3_s":0.000000192,"checksum":0.080541,"warmup":20,"iters":80,"mode":"fresh","phase":"loss_readout","phase_index":3}
{"framework":"fandhe-ai","version":"0.10.0","task":"train_phases","device":"cpu","size":64,"median_s":0.000488168,"q1_s":0.000419421,"q3_s":0.000802525,"checksum":0.080541,"warmup":20,"iters":80,"mode":"fresh","phase":"backward","phase_index":4}
{"framework":"fandhe-ai","version":"0.10.0","task":"train_phases","device":"cpu","size":64,"median_s":0.000042120,"q1_s":0.000036832,"q3_s":0.000049092,"checksum":0.080541,"warmup":20,"iters":80,"mode":"fresh","phase":"param_readout","phase_index":5}
{"framework":"fandhe-ai","version":"0.10.0","task":"train_phases","device":"cpu","size":64,"median_s":0.000055472,"q1_s":0.000049741,"q3_s":0.000078376,"checksum":0.080541,"warmup":20,"iters":80,"mode":"fresh","phase":"host_sgd","phase_index":6}
{"framework":"fandhe-ai","version":"0.10.0","task":"train_phases","device":"cpu","size":64,"median_s":0.000001080,"q1_s":0.000000768,"q3_s":0.000001360,"checksum":0.080541,"warmup":20,"iters":80,"mode":"fresh","phase":"apply_params","phase_index":7}
{"framework":"fandhe-ai","version":"0.10.0","task":"train_phases","device":"cpu","size":64,"median_s":0.000003888,"q1_s":0.000003420,"q3_s":0.000004468,"checksum":0.080541,"warmup":20,"iters":80,"mode":"fresh","phase":"tape_drop","phase_index":8}
{"framework":"fandhe-ai","version":"0.10.0","task":"train_phases","device":"cpu","size":64,"median_s":0.001007865,"q1_s":0.000801657,"q3_s":0.001265254,"checksum":0.080541,"warmup":20,"iters":80,"mode":"fresh","phase":"step_total","phase_index":9}
== bench-fandhe train cpu size=64 mode=reuse extra=--phases ==
{"framework":"fandhe-ai","version":"0.10.0","task":"train_phases","device":"cpu","size":64,"median_s":0.000000232,"q1_s":0.000000176,"q3_s":0.000000304,"checksum":0.080541,"warmup":20,"iters":80,"mode":"reuse","init_s":0.001076514,"phase":"tape_build","phase_index":0}
{"framework":"fandhe-ai","version":"0.10.0","task":"train_phases","device":"cpu","size":64,"median_s":0.000000848,"q1_s":0.000000640,"q3_s":0.000001152,"checksum":0.080541,"warmup":20,"iters":80,"mode":"reuse","init_s":0.001076514,"phase":"leaf_register","phase_index":1}
{"framework":"fandhe-ai","version":"0.10.0","task":"train_phases","device":"cpu","size":64,"median_s":0.000231832,"q1_s":0.000207125,"q3_s":0.000277752,"checksum":0.080541,"warmup":20,"iters":80,"mode":"reuse","init_s":0.001076514,"phase":"forward_resident","phase_index":2}
{"framework":"fandhe-ai","version":"0.10.0","task":"train_phases","device":"cpu","size":64,"median_s":0.000000176,"q1_s":0.000000112,"q3_s":0.000000196,"checksum":0.080541,"warmup":20,"iters":80,"mode":"reuse","init_s":0.001076514,"phase":"loss_readout","phase_index":3}
{"framework":"fandhe-ai","version":"0.10.0","task":"train_phases","device":"cpu","size":64,"median_s":0.000492193,"q1_s":0.000439432,"q3_s":0.000571873,"checksum":0.080541,"warmup":20,"iters":80,"mode":"reuse","init_s":0.001076514,"phase":"backward","phase_index":4}
{"framework":"fandhe-ai","version":"0.10.0","task":"train_phases","device":"cpu","size":64,"median_s":0.000282872,"q1_s":0.000265532,"q3_s":0.000342828,"checksum":0.080541,"warmup":20,"iters":80,"mode":"reuse","init_s":0.001076514,"phase":"device_update","phase_index":5}
{"framework":"fandhe-ai","version":"0.10.0","task":"train_phases","device":"cpu","size":64,"median_s":0.000001992,"q1_s":0.000001740,"q3_s":0.000002436,"checksum":0.080541,"warmup":20,"iters":80,"mode":"reuse","init_s":0.001076514,"phase":"tape_drop","phase_index":6}
{"framework":"fandhe-ai","version":"0.10.0","task":"train_phases","device":"cpu","size":64,"median_s":0.001097625,"q1_s":0.000953734,"q3_s":0.001193470,"checksum":0.080541,"warmup":20,"iters":80,"mode":"reuse","init_s":0.001076514,"phase":"step_total","phase_index":7}
== bench-fandhe infer cuda size=64 mode=reuse extra=none ==
{"framework":"fandhe-ai","version":"0.10.0","task":"infer","device":"cuda","size":64,"median_s":0.000099056,"q1_s":0.000098876,"q3_s":0.000099101,"throughput_per_s":10095.300,"checksum":13.976574,"warmup":20,"iters":20,"mode":"reuse","init_s":0.216266369}
== bench-fandhe infer cpu size=64 mode=reuse extra=none ==
{"framework":"fandhe-ai","version":"0.10.0","task":"infer","device":"cpu","size":64,"median_s":0.000198009,"q1_s":0.000188905,"q3_s":0.000207380,"throughput_per_s":5050.288,"checksum":13.976574,"warmup":20,"iters":20,"mode":"reuse","init_s":0.001180194}
== bench-fandhe infer cuda size=64 mode=fresh extra=--phases ==
{"framework":"fandhe-ai","version":"0.10.0","task":"infer_phases","device":"cuda","size":64,"median_s":0.000000256,"q1_s":0.000000240,"q3_s":0.000000256,"checksum":13.976574,"warmup":20,"iters":20,"mode":"fresh","phase":"leaf_register","phase_index":0}
{"framework":"fandhe-ai","version":"0.10.0","task":"infer_phases","device":"cuda","size":64,"median_s":0.000138056,"q1_s":0.000137332,"q3_s":0.000138888,"checksum":13.976574,"warmup":20,"iters":20,"mode":"fresh","phase":"forward","phase_index":1}
{"framework":"fandhe-ai","version":"0.10.0","task":"infer_phases","device":"cuda","size":64,"median_s":0.000018688,"q1_s":0.000018348,"q3_s":0.000019412,"checksum":13.976574,"warmup":20,"iters":20,"mode":"fresh","phase":"to_tensor","phase_index":2}
{"framework":"fandhe-ai","version":"0.10.0","task":"infer_phases","device":"cuda","size":64,"median_s":0.000000080,"q1_s":0.000000080,"q3_s":0.000000080,"checksum":13.976574,"warmup":20,"iters":20,"mode":"fresh","phase":"host_copy","phase_index":3}
{"framework":"fandhe-ai","version":"0.10.0","task":"infer_phases","device":"cuda","size":64,"median_s":0.000000592,"q1_s":0.000000552,"q3_s":0.000000628,"checksum":13.976574,"warmup":20,"iters":20,"mode":"fresh","phase":"checksum","phase_index":4}
{"framework":"fandhe-ai","version":"0.10.0","task":"infer_phases","device":"cuda","size":64,"median_s":0.000158472,"q1_s":0.000157392,"q3_s":0.000158921,"checksum":13.976574,"warmup":20,"iters":20,"mode":"fresh","phase":"iter_total","phase_index":5}
== bench-fandhe infer cuda size=64 mode=reuse extra=--phases ==
{"framework":"fandhe-ai","version":"0.10.0","task":"infer_phases","device":"cuda","size":64,"median_s":0.000097968,"q1_s":0.000097816,"q3_s":0.000098048,"checksum":13.976574,"warmup":20,"iters":20,"mode":"reuse","init_s":0.214107182,"phase":"predict_resident","phase_index":0}
{"framework":"fandhe-ai","version":"0.10.0","task":"infer_phases","device":"cuda","size":64,"median_s":0.000000056,"q1_s":0.000000048,"q3_s":0.000000064,"checksum":13.976574,"warmup":20,"iters":20,"mode":"reuse","init_s":0.214107182,"phase":"host_copy","phase_index":1}
{"framework":"fandhe-ai","version":"0.10.0","task":"infer_phases","device":"cuda","size":64,"median_s":0.000000768,"q1_s":0.000000736,"q3_s":0.000000824,"checksum":13.976574,"warmup":20,"iters":20,"mode":"reuse","init_s":0.214107182,"phase":"checksum","phase_index":2}
{"framework":"fandhe-ai","version":"0.10.0","task":"infer_phases","device":"cuda","size":64,"median_s":0.000098944,"q1_s":0.000098785,"q3_s":0.000099044,"checksum":13.976574,"warmup":20,"iters":20,"mode":"reuse","init_s":0.214107182,"phase":"iter_total","phase_index":3}
== bench-fandhe infer cpu size=64 mode=fresh extra=--phases ==
{"framework":"fandhe-ai","version":"0.10.0","task":"infer_phases","device":"cpu","size":64,"median_s":0.000163297,"q1_s":0.000155668,"q3_s":0.000191085,"checksum":13.976574,"warmup":20,"iters":20,"mode":"fresh","phase":"predict","phase_index":0}
{"framework":"fandhe-ai","version":"0.10.0","task":"infer_phases","device":"cpu","size":64,"median_s":0.000000112,"q1_s":0.000000092,"q3_s":0.000000240,"checksum":13.976574,"warmup":20,"iters":20,"mode":"fresh","phase":"host_copy","phase_index":1}
{"framework":"fandhe-ai","version":"0.10.0","task":"infer_phases","device":"cpu","size":64,"median_s":0.000000320,"q1_s":0.000000320,"q3_s":0.000000336,"checksum":13.976574,"warmup":20,"iters":20,"mode":"fresh","phase":"checksum","phase_index":2}
{"framework":"fandhe-ai","version":"0.10.0","task":"infer_phases","device":"cpu","size":64,"median_s":0.000163952,"q1_s":0.000157172,"q3_s":0.000191757,"checksum":13.976574,"warmup":20,"iters":20,"mode":"fresh","phase":"iter_total","phase_index":3}
== bench-fandhe infer cpu size=64 mode=reuse extra=--phases ==
{"framework":"fandhe-ai","version":"0.10.0","task":"infer_phases","device":"cpu","size":64,"median_s":0.000184848,"q1_s":0.000175048,"q3_s":0.000203940,"checksum":13.976574,"warmup":20,"iters":20,"mode":"reuse","init_s":0.001081186,"phase":"predict_resident","phase_index":0}
{"framework":"fandhe-ai","version":"0.10.0","task":"infer_phases","device":"cpu","size":64,"median_s":0.000000144,"q1_s":0.000000096,"q3_s":0.000000172,"checksum":13.976574,"warmup":20,"iters":20,"mode":"reuse","init_s":0.001081186,"phase":"host_copy","phase_index":1}
{"framework":"fandhe-ai","version":"0.10.0","task":"infer_phases","device":"cpu","size":64,"median_s":0.000000336,"q1_s":0.000000320,"q3_s":0.000000464,"checksum":13.976574,"warmup":20,"iters":20,"mode":"reuse","init_s":0.001081186,"phase":"checksum","phase_index":2}
{"framework":"fandhe-ai","version":"0.10.0","task":"infer_phases","device":"cpu","size":64,"median_s":0.000185680,"q1_s":0.000175640,"q3_s":0.000204616,"checksum":13.976574,"warmup":20,"iters":20,"mode":"reuse","init_s":0.001081186,"phase":"iter_total","phase_index":3}
== bench-fandhe gemm cuda size=256 mode=fresh extra=--tf32 ==
{"framework":"fandhe-ai","version":"0.10.0","task":"gemm","device":"cuda","size":256,"median_s":0.000090448,"q1_s":0.000089992,"q3_s":0.000091200,"gflops":370.980,"checksum":237.580621,"warmup":20,"iters":20,"mode":"fresh","parity_total":65536,"parity_fail_count":10538,"parity_max_abs_err":1.581430e-3,"parity_max_rel_err":1.553981e0,"parity_scaled_abs_bound":0.000000e0,"parity_scaled_abs_rescued":0,"tf32":true}
== bench-fandhe gemm cuda size=512 mode=fresh extra=--tf32 ==
{"framework":"fandhe-ai","version":"0.10.0","task":"gemm","device":"cuda","size":512,"median_s":0.000263081,"q1_s":0.000262345,"q3_s":0.000263621,"gflops":1020.355,"checksum":937.360224,"warmup":20,"iters":20,"mode":"fresh","parity_total":262144,"parity_fail_count":42361,"parity_max_abs_err":2.342582e-3,"parity_max_rel_err":1.972325e0,"parity_scaled_abs_bound":0.000000e0,"parity_scaled_abs_rescued":0,"tf32":true}
== bench-fandhe gemm cuda size=1024 mode=fresh extra=--tf32 ==
{"framework":"fandhe-ai","version":"0.10.0","task":"gemm","device":"cuda","size":1024,"median_s":0.000957386,"q1_s":0.000956757,"q3_s":0.000958021,"gflops":2243.071,"checksum":-1855.919764,"warmup":20,"iters":20,"mode":"fresh","parity_total":1048576,"parity_fail_count":169929,"parity_max_abs_err":3.642797e-3,"parity_max_rel_err":1.964783e0,"parity_scaled_abs_bound":0.000000e0,"parity_scaled_abs_rescued":0,"tf32":true}
== bench-fandhe gemm cuda size=2048 mode=fresh extra=--tf32 ==
{"framework":"fandhe-ai","version":"0.10.0","task":"gemm","device":"cuda","size":2048,"median_s":0.004382039,"q1_s":0.004377919,"q3_s":0.004409188,"gflops":3920.519,"checksum":-6017.744475,"warmup":20,"iters":20,"mode":"fresh","parity_total":4194304,"parity_fail_count":681454,"parity_max_abs_err":4.941225e-3,"parity_max_rel_err":1.986745e0,"parity_scaled_abs_bound":0.000000e0,"parity_scaled_abs_rescued":0,"tf32":true}
== bench-fandhe gemm cuda size=4096 mode=fresh extra=--tf32 ==
{"framework":"fandhe-ai","version":"0.10.0","task":"gemm","device":"cuda","size":4096,"median_s":0.033949787,"q1_s":0.033819326,"q3_s":0.034080134,"gflops":4048.301,"checksum":-25774.003763,"warmup":20,"iters":20,"mode":"fresh","parity_total":16777216,"parity_fail_count":2729050,"parity_max_abs_err":7.116556e-3,"parity_max_rel_err":1.997358e0,"parity_scaled_abs_bound":0.000000e0,"parity_scaled_abs_rescued":0,"tf32":true}
== bench-candle gemm cuda size=256 mode=fresh extra=--tf32 ==
{"framework":"candle","version":"0.11.0","task":"gemm","device":"cuda","size":256,"median_s":0.000065016,"q1_s":0.000064740,"q3_s":0.000065312,"gflops":516.095,"checksum":237.576196,"warmup":20,"iters":20,"mode":"fresh","parity_total":65536,"parity_fail_count":10522,"parity_max_abs_err":1.581907e-3,"parity_max_rel_err":1.553996e0,"parity_scaled_abs_bound":1.907255e-6,"parity_scaled_abs_rescued":0,"tf32":true}
== bench-candle gemm cuda size=512 mode=fresh extra=--tf32 ==
{"framework":"candle","version":"0.11.0","task":"gemm","device":"cuda","size":512,"median_s":0.000222536,"q1_s":0.000221848,"q3_s":0.000223429,"gflops":1206.256,"checksum":937.356025,"warmup":20,"iters":20,"mode":"fresh","parity_total":262144,"parity_fail_count":42387,"parity_max_abs_err":2.340317e-3,"parity_max_rel_err":1.969541e0,"parity_scaled_abs_bound":3.814663e-6,"parity_scaled_abs_rescued":0,"tf32":true}
== bench-candle gemm cuda size=1024 mode=fresh extra=--tf32 ==
{"framework":"candle","version":"0.11.0","task":"gemm","device":"cuda","size":1024,"median_s":0.000911410,"q1_s":0.000906949,"q3_s":0.000914006,"gflops":2356.223,"checksum":-1855.914004,"warmup":20,"iters":20,"mode":"fresh","parity_total":1048576,"parity_fail_count":169971,"parity_max_abs_err":3.649950e-3,"parity_max_rel_err":1.951418e0,"parity_scaled_abs_bound":7.629375e-6,"parity_scaled_abs_rescued":0,"tf32":true}
== bench-candle gemm cuda size=2048 mode=fresh extra=--tf32 ==
{"framework":"candle","version":"0.11.0","task":"gemm","device":"cuda","size":2048,"median_s":0.003691014,"q1_s":0.003686926,"q3_s":0.003696034,"gflops":4654.512,"checksum":-6017.991603,"warmup":20,"iters":20,"mode":"fresh","parity_total":4194304,"parity_fail_count":681418,"parity_max_abs_err":4.930019e-3,"parity_max_rel_err":1.984422e0,"parity_scaled_abs_bound":1.525878e-5,"parity_scaled_abs_rescued":33,"tf32":true}
== bench-candle gemm cuda size=4096 mode=fresh extra=--tf32 ==
{"framework":"candle","version":"0.11.0","task":"gemm","device":"cuda","size":4096,"median_s":0.057723107,"q1_s":0.056747514,"q3_s":0.057969859,"gflops":2381.004,"checksum":-25774.377339,"warmup":20,"iters":20,"mode":"fresh","parity_total":16777216,"parity_fail_count":2726683,"parity_max_abs_err":7.167101e-3,"parity_max_rel_err":1.999795e0,"parity_scaled_abs_bound":3.051757e-5,"parity_scaled_abs_rescued":646,"tf32":true}
done. results in results/raw/results-cuda.jsonl ; failures (if any) in results/raw/skipped-cuda.log
