start 2026-10-10T08:45:20Z sha=624d0ee4
run_all rc=0
stage1-done 2026-10-10T08:46:48Z rows=112 skipped=0
{"framework":"fandhe-ai","version":"0.11.0","task":"gemm","device":"cpu","size":256,"median_s":0.000364690,"q1_s":0.000351602,"q3_s":0.000374810,"gflops":92.008,"checksum":237.546660,"warmup":20,"iters":20,"mode":"reuse","init_s":0.001261414,"parity_total":65536,"parity_fail_count":0,"parity_max_abs_err":0.000000e0,"parity_max_rel_err":0.000000e0,"parity_scaled_abs_bound":0.000000e0,"parity_scaled_abs_rescued":0}
{"framework":"fandhe-ai","version":"0.11.0","task":"gemm","device":"cpu","size":512,"median_s":0.002750757,"q1_s":0.002539520,"q3_s":0.002850014,"gflops":97.586,"checksum":937.743233,"warmup":20,"iters":20,"mode":"reuse","init_s":0.001971226,"parity_total":262144,"parity_fail_count":0,"parity_max_abs_err":0.000000e0,"parity_max_rel_err":0.000000e0,"parity_scaled_abs_bound":0.000000e0,"parity_scaled_abs_rescued":0}
{"framework":"fandhe-ai","version":"0.11.0","task":"gemm","device":"cpu","size":1024,"median_s":0.005597595,"q1_s":0.005502843,"q3_s":0.005713219,"gflops":383.644,"checksum":-1855.597736,"warmup":20,"iters":20,"mode":"reuse","init_s":0.006662800,"parity_total":1048576,"parity_fail_count":0,"parity_max_abs_err":0.000000e0,"parity_max_rel_err":0.000000e0,"parity_scaled_abs_bound":0.000000e0,"parity_scaled_abs_rescued":0}
{"framework":"fandhe-ai","version":"0.11.0","task":"gemm","device":"cpu","size":2048,"median_s":0.022829365,"q1_s":0.020888393,"q3_s":0.028196824,"gflops":752.534,"checksum":-6016.774008,"warmup":20,"iters":20,"mode":"reuse","init_s":0.029157933,"parity_total":4194304,"parity_fail_count":0,"parity_max_abs_err":0.000000e0,"parity_max_rel_err":0.000000e0,"parity_scaled_abs_bound":0.000000e0,"parity_scaled_abs_rescued":0}
{"framework":"fandhe-ai","version":"0.11.0","task":"gemm","device":"cpu","size":4096,"median_s":0.120346041,"q1_s":0.119475005,"q3_s":0.121485303,"gflops":1142.031,"checksum":-25768.747284,"warmup":20,"iters":20,"mode":"reuse","init_s":0.128492521,"parity_total":16777216,"parity_fail_count":0,"parity_max_abs_err":0.000000e0,"parity_max_rel_err":0.000000e0,"parity_scaled_abs_bound":0.000000e0,"parity_scaled_abs_rescued":0}
{"framework":"fandhe-ai","version":"0.11.0","task":"gemm","device":"cpu","size":4096,"median_s":0.123272908,"q1_s":0.120448370,"q3_s":0.124228228,"gflops":1114.916,"checksum":-25768.747284,"warmup":20,"iters":20,"mode":"fresh","parity_total":16777216,"parity_fail_count":0,"parity_max_abs_err":0.000000e0,"parity_max_rel_err":0.000000e0,"parity_scaled_abs_bound":0.000000e0,"parity_scaled_abs_rescued":0}
{"framework":"candle","version":"0.11.0","task":"gemm","device":"cpu","size":4096,"median_s":0.219423607,"q1_s":0.217471342,"q3_s":0.222972066,"gflops":626.364,"checksum":-25768.736638,"warmup":20,"iters":20,"mode":"fresh","parity_total":16777216,"parity_fail_count":0,"parity_max_abs_err":8.964539e-5,"parity_max_rel_err":1.691077e0,"parity_scaled_abs_bound":3.051757e-5,"parity_scaled_abs_rescued":672}
{"framework":"burn","version":"0.21.0","task":"gemm","device":"cpu","size":4096,"median_s":1.229361944,"q1_s":1.228934685,"q3_s":1.230224259,"gflops":111.797,"checksum":-25768.726554,"warmup":20,"iters":20,"mode":"fresh","parity_total":16777216,"parity_fail_count":0,"parity_max_abs_err":8.964539e-5,"parity_max_rel_err":1.950224e0,"parity_scaled_abs_bound":3.051757e-5,"parity_scaled_abs_rescued":582}
stage2-done 2026-10-10T08:48:15Z rows=8
WARN: registry 0.11.0 line not found in log
== --framework pytorch --task gemm --device cpu --size 256 ==
== --framework pytorch --task gemm --device cpu --size 512 ==
== --framework pytorch --task gemm --device cpu --size 1024 ==
== --framework pytorch --task gemm --device cpu --size 2048 ==
== --framework pytorch --task gemm --device cpu --size 4096 ==
== --framework pytorch --task train --device cpu --size 64 ==
== --framework pytorch --task infer --device cpu --size 64 ==
== --framework tensorflow --task gemm --device cpu --size 256 ==
== --framework tensorflow --task gemm --device cpu --size 512 ==
== --framework tensorflow --task gemm --device cpu --size 1024 ==
== --framework tensorflow --task gemm --device cpu --size 2048 ==
== --framework tensorflow --task gemm --device cpu --size 4096 ==
== --framework tensorflow --task train --device cpu --size 64 ==
== --framework tensorflow --task infer --device cpu --size 64 ==
== --framework scipy --task gemm --device cpu --size 256 ==
== --framework scipy --task gemm --device cpu --size 512 ==
== --framework scipy --task gemm --device cpu --size 1024 ==
== --framework scipy --task gemm --device cpu --size 2048 ==
== --framework scipy --task gemm --device cpu --size 4096 ==
== --framework scipy --task train --device cpu --size 64 ==
== --framework scipy --task infer --device cpu --size 64 ==
== --framework pytorch --task gemm --device cuda --size 256 ==
== --framework pytorch --task gemm --device cuda --size 512 ==
== --framework pytorch --task gemm --device cuda --size 1024 ==
== --framework pytorch --task gemm --device cuda --size 2048 ==
== --framework pytorch --task gemm --device cuda --size 4096 ==
== --framework pytorch --task train --device cuda --size 64 ==
== --framework pytorch --task infer --device cuda --size 64 ==
stage3-done 2026-10-10T08:49:25Z pyrows=28
done. 2026-10-10T08:49:25Z
