== build bench-fandhe  ==
== build bench-candle --no-default-features --features cuda ==
== build bench-burn --no-default-features --features cuda ==
== bench-fandhe gemm cuda size=256 mode=fresh extra=none ==
{"framework":"fandhe-ai","version":"0.11.0","task":"gemm","device":"cuda","size":256,"median_s":0.000087056,"q1_s":0.000086552,"q3_s":0.000087340,"gflops":385.433,"checksum":237.546660,"warmup":20,"iters":20,"mode":"fresh","parity_total":65536,"parity_fail_count":0,"parity_max_abs_err":0.000000e0,"parity_max_rel_err":0.000000e0,"parity_scaled_abs_bound":0.000000e0,"parity_scaled_abs_rescued":0}
== bench-fandhe gemm cuda size=512 mode=fresh extra=none ==
{"framework":"fandhe-ai","version":"0.11.0","task":"gemm","device":"cuda","size":512,"median_s":0.000258730,"q1_s":0.000258545,"q3_s":0.000259049,"gflops":1037.514,"checksum":937.743233,"warmup":20,"iters":20,"mode":"fresh","parity_total":262144,"parity_fail_count":0,"parity_max_abs_err":0.000000e0,"parity_max_rel_err":0.000000e0,"parity_scaled_abs_bound":0.000000e0,"parity_scaled_abs_rescued":0}
== bench-fandhe gemm cuda size=1024 mode=fresh extra=none ==
{"framework":"fandhe-ai","version":"0.11.0","task":"gemm","device":"cuda","size":1024,"median_s":0.000953645,"q1_s":0.000952676,"q3_s":0.000954893,"gflops":2251.869,"checksum":-1855.597736,"warmup":20,"iters":20,"mode":"fresh","parity_total":1048576,"parity_fail_count":0,"parity_max_abs_err":0.000000e0,"parity_max_rel_err":0.000000e0,"parity_scaled_abs_bound":0.000000e0,"parity_scaled_abs_rescued":0}
== bench-fandhe gemm cuda size=2048 mode=fresh extra=none ==
{"framework":"fandhe-ai","version":"0.11.0","task":"gemm","device":"cuda","size":2048,"median_s":0.004184509,"q1_s":0.004179117,"q3_s":0.004218289,"gflops":4105.588,"checksum":-6016.774008,"warmup":20,"iters":20,"mode":"fresh","parity_total":4194304,"parity_fail_count":0,"parity_max_abs_err":0.000000e0,"parity_max_rel_err":0.000000e0,"parity_scaled_abs_bound":0.000000e0,"parity_scaled_abs_rescued":0}
== bench-fandhe gemm cuda size=4096 mode=fresh extra=none ==
{"framework":"fandhe-ai","version":"0.11.0","task":"gemm","device":"cuda","size":4096,"median_s":0.040293477,"q1_s":0.040192009,"q3_s":0.040467866,"gflops":3410.948,"checksum":-25768.747284,"warmup":20,"iters":20,"mode":"fresh","parity_total":16777216,"parity_fail_count":0,"parity_max_abs_err":0.000000e0,"parity_max_rel_err":0.000000e0,"parity_scaled_abs_bound":0.000000e0,"parity_scaled_abs_rescued":0}
== bench-fandhe gemm cpu size=256 mode=fresh extra=none ==
{"framework":"fandhe-ai","version":"0.11.0","task":"gemm","device":"cpu","size":256,"median_s":0.000194745,"q1_s":0.000187389,"q3_s":0.000208577,"gflops":172.299,"checksum":237.546660,"warmup":20,"iters":20,"mode":"fresh","parity_total":65536,"parity_fail_count":0,"parity_max_abs_err":0.000000e0,"parity_max_rel_err":0.000000e0,"parity_scaled_abs_bound":0.000000e0,"parity_scaled_abs_rescued":0}
== bench-fandhe gemm cpu size=512 mode=fresh extra=none ==
{"framework":"fandhe-ai","version":"0.11.0","task":"gemm","device":"cpu","size":512,"median_s":0.001999323,"q1_s":0.001623476,"q3_s":0.002420333,"gflops":134.263,"checksum":937.743233,"warmup":20,"iters":20,"mode":"fresh","parity_total":262144,"parity_fail_count":0,"parity_max_abs_err":0.000000e0,"parity_max_rel_err":0.000000e0,"parity_scaled_abs_bound":0.000000e0,"parity_scaled_abs_rescued":0}
== bench-fandhe gemm cpu size=1024 mode=fresh extra=none ==
{"framework":"fandhe-ai","version":"0.11.0","task":"gemm","device":"cpu","size":1024,"median_s":0.004345318,"q1_s":0.003242857,"q3_s":0.004814912,"gflops":494.206,"checksum":-1855.597736,"warmup":20,"iters":20,"mode":"fresh","parity_total":1048576,"parity_fail_count":0,"parity_max_abs_err":0.000000e0,"parity_max_rel_err":0.000000e0,"parity_scaled_abs_bound":0.000000e0,"parity_scaled_abs_rescued":0}
== bench-fandhe gemm cpu size=2048 mode=fresh extra=none ==
{"framework":"fandhe-ai","version":"0.11.0","task":"gemm","device":"cpu","size":2048,"median_s":0.017016823,"q1_s":0.016542524,"q3_s":0.017396792,"gflops":1009.581,"checksum":-6016.774008,"warmup":20,"iters":20,"mode":"fresh","parity_total":4194304,"parity_fail_count":0,"parity_max_abs_err":0.000000e0,"parity_max_rel_err":0.000000e0,"parity_scaled_abs_bound":0.000000e0,"parity_scaled_abs_rescued":0}
== bench-fandhe train cuda size=64 mode=fresh extra=none ==
{"framework":"fandhe-ai","version":"0.11.0","task":"train","device":"cuda","size":64,"median_s":0.000508147,"q1_s":0.000504502,"q3_s":0.000513558,"checksum":0.080541,"warmup":20,"iters":80,"mode":"fresh"}
== bench-fandhe infer cuda size=64 mode=fresh extra=none ==
{"framework":"fandhe-ai","version":"0.11.0","task":"infer","device":"cuda","size":64,"median_s":0.000156001,"q1_s":0.000149293,"q3_s":0.000157048,"throughput_per_s":6410.215,"checksum":13.976574,"warmup":20,"iters":20,"mode":"fresh"}
== bench-fandhe train cpu size=64 mode=fresh extra=none ==
{"framework":"fandhe-ai","version":"0.11.0","task":"train","device":"cpu","size":64,"median_s":0.000965381,"q1_s":0.000874912,"q3_s":0.001217870,"checksum":0.080541,"warmup":20,"iters":80,"mode":"fresh"}
== bench-fandhe infer cpu size=64 mode=fresh extra=none ==
{"framework":"fandhe-ai","version":"0.11.0","task":"infer","device":"cpu","size":64,"median_s":0.000176225,"q1_s":0.000163969,"q3_s":0.000188369,"throughput_per_s":5674.564,"checksum":13.976574,"warmup":20,"iters":20,"mode":"fresh"}
== bench-candle gemm cuda size=256 mode=fresh extra=none ==
{"framework":"candle","version":"0.11.0","task":"gemm","device":"cuda","size":256,"median_s":0.000076417,"q1_s":0.000076116,"q3_s":0.000076785,"gflops":439.099,"checksum":237.546670,"warmup":20,"iters":20,"mode":"fresh","parity_total":65536,"parity_fail_count":0,"parity_max_abs_err":4.053116e-6,"parity_max_rel_err":2.549727e-2,"parity_scaled_abs_bound":1.907255e-6,"parity_scaled_abs_rescued":0}
== bench-candle gemm cuda size=512 mode=fresh extra=none ==
{"framework":"candle","version":"0.11.0","task":"gemm","device":"cuda","size":512,"median_s":0.000237122,"q1_s":0.000236469,"q3_s":0.000237646,"gflops":1132.059,"checksum":937.743128,"warmup":20,"iters":20,"mode":"fresh","parity_total":262144,"parity_fail_count":0,"parity_max_abs_err":9.536743e-6,"parity_max_rel_err":8.516808e-3,"parity_scaled_abs_bound":3.814663e-6,"parity_scaled_abs_rescued":0}
== bench-candle gemm cuda size=1024 mode=fresh extra=none ==
{"framework":"candle","version":"0.11.0","task":"gemm","device":"cuda","size":1024,"median_s":0.000915020,"q1_s":0.000914157,"q3_s":0.000915944,"gflops":2346.925,"checksum":-1855.594967,"warmup":20,"iters":20,"mode":"fresh","parity_total":1048576,"parity_fail_count":0,"parity_max_abs_err":1.811981e-5,"parity_max_rel_err":3.398111e-1,"parity_scaled_abs_bound":7.629375e-6,"parity_scaled_abs_rescued":0}
== bench-candle gemm cuda size=2048 mode=fresh extra=none ==
{"framework":"candle","version":"0.11.0","task":"gemm","device":"cuda","size":2048,"median_s":0.004220085,"q1_s":0.004213809,"q3_s":0.004242138,"gflops":4070.977,"checksum":-6016.775802,"warmup":20,"iters":20,"mode":"fresh","parity_total":4194304,"parity_fail_count":0,"parity_max_abs_err":3.623962e-5,"parity_max_rel_err":2.811288e-1,"parity_scaled_abs_bound":1.525878e-5,"parity_scaled_abs_rescued":2}
== bench-candle gemm cuda size=4096 mode=fresh extra=none ==
{"framework":"candle","version":"0.11.0","task":"gemm","device":"cuda","size":4096,"median_s":0.057664339,"q1_s":0.056883870,"q3_s":0.058719748,"gflops":2383.431,"checksum":-25768.747284,"warmup":20,"iters":20,"mode":"fresh","parity_total":16777216,"parity_fail_count":0,"parity_max_abs_err":0.000000e0,"parity_max_rel_err":0.000000e0,"parity_scaled_abs_bound":3.051757e-5,"parity_scaled_abs_rescued":0}
== bench-candle gemm cpu size=256 mode=fresh extra=none ==
{"framework":"candle","version":"0.11.0","task":"gemm","device":"cpu","size":256,"median_s":0.000359874,"q1_s":0.000325178,"q3_s":0.000413830,"gflops":93.239,"checksum":237.546660,"warmup":20,"iters":20,"mode":"fresh","parity_total":65536,"parity_fail_count":0,"parity_max_abs_err":0.000000e0,"parity_max_rel_err":0.000000e0,"parity_scaled_abs_bound":1.907255e-6,"parity_scaled_abs_rescued":0}
== bench-candle gemm cpu size=512 mode=fresh extra=none ==
{"framework":"candle","version":"0.11.0","task":"gemm","device":"cpu","size":512,"median_s":0.001570312,"q1_s":0.001477940,"q3_s":0.001726293,"gflops":170.944,"checksum":937.743233,"warmup":20,"iters":20,"mode":"fresh","parity_total":262144,"parity_fail_count":0,"parity_max_abs_err":0.000000e0,"parity_max_rel_err":0.000000e0,"parity_scaled_abs_bound":3.814663e-6,"parity_scaled_abs_rescued":0}
== bench-candle gemm cpu size=1024 mode=fresh extra=none ==
{"framework":"candle","version":"0.11.0","task":"gemm","device":"cpu","size":1024,"median_s":0.005446299,"q1_s":0.005342731,"q3_s":0.005571572,"gflops":394.301,"checksum":-1855.597736,"warmup":20,"iters":20,"mode":"fresh","parity_total":1048576,"parity_fail_count":0,"parity_max_abs_err":0.000000e0,"parity_max_rel_err":0.000000e0,"parity_scaled_abs_bound":7.629375e-6,"parity_scaled_abs_rescued":0}
== bench-candle gemm cpu size=2048 mode=fresh extra=none ==
{"framework":"candle","version":"0.11.0","task":"gemm","device":"cpu","size":2048,"median_s":0.033692377,"q1_s":0.033262015,"q3_s":0.034116506,"gflops":509.904,"checksum":-6016.773874,"warmup":20,"iters":20,"mode":"fresh","parity_total":4194304,"parity_fail_count":0,"parity_max_abs_err":3.814697e-5,"parity_max_rel_err":3.944416e-1,"parity_scaled_abs_bound":1.525878e-5,"parity_scaled_abs_rescued":2}
== bench-candle train cuda size=64 mode=fresh extra=none ==
{"framework":"candle","version":"0.11.0","task":"train","device":"cuda","size":64,"median_s":0.000273745,"q1_s":0.000271845,"q3_s":0.000278033,"checksum":0.117549,"warmup":20,"iters":80,"mode":"fresh"}
== bench-candle infer cuda size=64 mode=fresh extra=none ==
{"framework":"candle","version":"0.11.0","task":"infer","device":"cuda","size":64,"median_s":0.000041744,"q1_s":0.000040561,"q3_s":0.000042697,"throughput_per_s":23955.539,"checksum":1381.708740,"warmup":20,"iters":20,"mode":"fresh"}
== bench-candle train cpu size=64 mode=fresh extra=none ==
{"framework":"candle","version":"0.11.0","task":"train","device":"cpu","size":64,"median_s":0.002674597,"q1_s":0.002196663,"q3_s":0.003072584,"checksum":0.117550,"warmup":20,"iters":80,"mode":"fresh"}
== bench-candle infer cpu size=64 mode=fresh extra=none ==
{"framework":"candle","version":"0.11.0","task":"infer","device":"cpu","size":64,"median_s":0.000248658,"q1_s":0.000198933,"q3_s":0.000307013,"throughput_per_s":4021.588,"checksum":1381.708783,"warmup":20,"iters":20,"mode":"fresh"}
== bench-burn gemm cuda size=256 mode=fresh extra=none ==
{"framework":"burn","version":"0.21.0","task":"gemm","device":"cuda","size":256,"median_s":0.000169593,"q1_s":0.000168404,"q3_s":0.000170121,"gflops":197.853,"checksum":237.580621,"warmup":20,"iters":20,"mode":"fresh","parity_total":65536,"parity_fail_count":0,"parity_max_abs_err":1.581430e-3,"parity_max_rel_err":1.553981e0,"parity_scaled_abs_bound":1.562424e-2,"parity_scaled_abs_rescued":10538,"tf32":true}
== bench-burn gemm cuda size=512 mode=fresh extra=none ==
{"framework":"burn","version":"0.21.0","task":"gemm","device":"cuda","size":512,"median_s":0.000344258,"q1_s":0.000331281,"q3_s":0.000611039,"gflops":779.752,"checksum":937.360224,"warmup":20,"iters":20,"mode":"fresh","parity_total":262144,"parity_fail_count":0,"parity_max_abs_err":2.342582e-3,"parity_max_rel_err":1.972325e0,"parity_scaled_abs_bound":3.124972e-2,"parity_scaled_abs_rescued":42361,"tf32":true}
== bench-burn gemm cuda size=1024 mode=fresh extra=none ==
{"framework":"burn","version":"0.21.0","task":"gemm","device":"cuda","size":1024,"median_s":0.001026085,"q1_s":0.000993917,"q3_s":0.001179710,"gflops":2092.891,"checksum":-1855.919764,"warmup":20,"iters":20,"mode":"fresh","parity_total":1048576,"parity_fail_count":0,"parity_max_abs_err":3.642797e-3,"parity_max_rel_err":1.964783e0,"parity_scaled_abs_bound":6.249984e-2,"parity_scaled_abs_rescued":169929,"tf32":true}
== bench-burn gemm cuda size=2048 mode=fresh extra=none ==
{"framework":"burn","version":"0.21.0","task":"gemm","device":"cuda","size":2048,"median_s":0.004136933,"q1_s":0.004071269,"q3_s":0.004228669,"gflops":4152.804,"checksum":-6017.744475,"warmup":20,"iters":20,"mode":"fresh","parity_total":4194304,"parity_fail_count":0,"parity_max_abs_err":4.941225e-3,"parity_max_rel_err":1.986745e0,"parity_scaled_abs_bound":1.249999e-1,"parity_scaled_abs_rescued":681454,"tf32":true}
== bench-burn gemm cuda size=4096 mode=fresh extra=none ==
{"framework":"burn","version":"0.21.0","task":"gemm","device":"cuda","size":4096,"median_s":0.039508477,"q1_s":0.039443316,"q3_s":0.039727530,"gflops":3478.721,"checksum":-25774.003763,"warmup":20,"iters":20,"mode":"fresh","parity_total":16777216,"parity_fail_count":0,"parity_max_abs_err":7.116556e-3,"parity_max_rel_err":1.997358e0,"parity_scaled_abs_bound":2.500000e-1,"parity_scaled_abs_rescued":2729050,"tf32":true}
== bench-burn gemm cpu size=256 mode=fresh extra=none ==
{"framework":"burn","version":"0.21.0","task":"gemm","device":"cpu","size":256,"median_s":0.000459346,"q1_s":0.000435826,"q3_s":0.000463335,"gflops":73.048,"checksum":237.546660,"warmup":20,"iters":20,"mode":"fresh","parity_total":65536,"parity_fail_count":0,"parity_max_abs_err":0.000000e0,"parity_max_rel_err":0.000000e0,"parity_scaled_abs_bound":1.907255e-6,"parity_scaled_abs_rescued":0}
== bench-burn gemm cpu size=512 mode=fresh extra=none ==
{"framework":"burn","version":"0.21.0","task":"gemm","device":"cpu","size":512,"median_s":0.003188160,"q1_s":0.003185080,"q3_s":0.003192356,"gflops":84.198,"checksum":937.743112,"warmup":20,"iters":20,"mode":"fresh","parity_total":262144,"parity_fail_count":0,"parity_max_abs_err":9.059906e-6,"parity_max_rel_err":8.316180e-3,"parity_scaled_abs_bound":3.814663e-6,"parity_scaled_abs_rescued":0}
== bench-burn gemm cpu size=1024 mode=fresh extra=none ==
{"framework":"burn","version":"0.21.0","task":"gemm","device":"cpu","size":1024,"median_s":0.022614192,"q1_s":0.022594364,"q3_s":0.022676700,"gflops":94.962,"checksum":-1855.595863,"warmup":20,"iters":20,"mode":"fresh","parity_total":1048576,"parity_fail_count":0,"parity_max_abs_err":2.050400e-5,"parity_max_rel_err":1.834505e-1,"parity_scaled_abs_bound":7.629375e-6,"parity_scaled_abs_rescued":0}
== bench-burn gemm cpu size=2048 mode=fresh extra=none ==
{"framework":"burn","version":"0.21.0","task":"gemm","device":"cpu","size":2048,"median_s":0.159789911,"q1_s":0.159681918,"q3_s":0.160033459,"gflops":107.515,"checksum":-6016.774966,"warmup":20,"iters":20,"mode":"fresh","parity_total":4194304,"parity_fail_count":0,"parity_max_abs_err":3.528595e-5,"parity_max_rel_err":3.051549e-1,"parity_scaled_abs_bound":1.525878e-5,"parity_scaled_abs_rescued":5}
== bench-burn train cuda size=64 mode=fresh extra=none ==
{"framework":"burn","version":"0.21.0","task":"train","device":"cuda","size":64,"median_s":0.000673364,"q1_s":0.000514270,"q3_s":0.000861520,"checksum":0.117643,"warmup":20,"iters":80,"mode":"fresh","tf32":true}
== bench-burn infer cuda size=64 mode=fresh extra=none ==
{"framework":"burn","version":"0.21.0","task":"infer","device":"cuda","size":64,"median_s":0.000379562,"q1_s":0.000208697,"q3_s":0.000443726,"throughput_per_s":2634.616,"checksum":1381.643178,"warmup":20,"iters":20,"mode":"fresh","tf32":true}
== bench-burn train cpu size=64 mode=fresh extra=none ==
{"framework":"burn","version":"0.21.0","task":"train","device":"cpu","size":64,"median_s":0.000814668,"q1_s":0.000809508,"q3_s":0.000827656,"checksum":0.117549,"warmup":20,"iters":80,"mode":"fresh"}
== bench-burn infer cpu size=64 mode=fresh extra=none ==
{"framework":"burn","version":"0.21.0","task":"infer","device":"cpu","size":64,"median_s":0.000240081,"q1_s":0.000239929,"q3_s":0.000240413,"throughput_per_s":4165.261,"checksum":1381.708825,"warmup":20,"iters":20,"mode":"fresh"}
== bench-fandhe gemm cuda size=256 mode=reuse extra=none ==
{"framework":"fandhe-ai","version":"0.11.0","task":"gemm","device":"cuda","size":256,"median_s":0.000092209,"q1_s":0.000091669,"q3_s":0.000093288,"gflops":363.897,"checksum":237.546660,"warmup":20,"iters":20,"mode":"reuse","init_s":0.420917804,"parity_total":65536,"parity_fail_count":0,"parity_max_abs_err":0.000000e0,"parity_max_rel_err":0.000000e0,"parity_scaled_abs_bound":0.000000e0,"parity_scaled_abs_rescued":0}
== bench-fandhe gemm cuda size=512 mode=reuse extra=none ==
{"framework":"fandhe-ai","version":"0.11.0","task":"gemm","device":"cuda","size":512,"median_s":0.000566195,"q1_s":0.000557319,"q3_s":0.000577395,"gflops":474.104,"checksum":937.743233,"warmup":20,"iters":20,"mode":"reuse","init_s":0.428013439,"parity_total":262144,"parity_fail_count":0,"parity_max_abs_err":0.000000e0,"parity_max_rel_err":0.000000e0,"parity_scaled_abs_bound":0.000000e0,"parity_scaled_abs_rescued":0}
== bench-fandhe gemm cuda size=1024 mode=reuse extra=none ==
{"framework":"fandhe-ai","version":"0.11.0","task":"gemm","device":"cuda","size":1024,"median_s":0.002342220,"q1_s":0.002204207,"q3_s":0.002470408,"gflops":916.858,"checksum":-1855.597736,"warmup":20,"iters":20,"mode":"reuse","init_s":0.431769345,"parity_total":1048576,"parity_fail_count":0,"parity_max_abs_err":0.000000e0,"parity_max_rel_err":0.000000e0,"parity_scaled_abs_bound":0.000000e0,"parity_scaled_abs_rescued":0}
== bench-fandhe gemm cuda size=2048 mode=reuse extra=none ==
{"framework":"fandhe-ai","version":"0.11.0","task":"gemm","device":"cuda","size":2048,"median_s":0.008595882,"q1_s":0.008570330,"q3_s":0.008652442,"gflops":1998.616,"checksum":-6016.774008,"warmup":20,"iters":20,"mode":"reuse","init_s":0.421176586,"parity_total":4194304,"parity_fail_count":0,"parity_max_abs_err":0.000000e0,"parity_max_rel_err":0.000000e0,"parity_scaled_abs_bound":0.000000e0,"parity_scaled_abs_rescued":0}
== bench-fandhe gemm cuda size=4096 mode=reuse extra=none ==
{"framework":"fandhe-ai","version":"0.11.0","task":"gemm","device":"cuda","size":4096,"median_s":0.039178329,"q1_s":0.039085616,"q3_s":0.039295637,"gflops":3508.035,"checksum":-25768.747284,"warmup":20,"iters":20,"mode":"reuse","init_s":0.449066304,"parity_total":16777216,"parity_fail_count":0,"parity_max_abs_err":0.000000e0,"parity_max_rel_err":0.000000e0,"parity_scaled_abs_bound":0.000000e0,"parity_scaled_abs_rescued":0}
== bench-fandhe train cuda size=64 mode=reuse extra=none ==
{"framework":"fandhe-ai","version":"0.11.0","task":"train","device":"cuda","size":64,"median_s":0.000331810,"q1_s":0.000330422,"q3_s":0.000333562,"checksum":0.080541,"warmup":20,"iters":80,"mode":"reuse","init_s":0.215309055}
== bench-fandhe train cpu size=64 mode=reuse extra=none ==
{"framework":"fandhe-ai","version":"0.11.0","task":"train","device":"cpu","size":64,"median_s":0.001091854,"q1_s":0.000919509,"q3_s":0.001292282,"checksum":0.080541,"warmup":20,"iters":80,"mode":"reuse","init_s":0.001154693}
== bench-fandhe train cuda size=64 mode=fresh extra=--phases ==
{"framework":"fandhe-ai","version":"0.11.0","task":"train_phases","device":"cuda","size":64,"median_s":0.000003280,"q1_s":0.000003200,"q3_s":0.000003408,"checksum":0.080541,"warmup":20,"iters":80,"mode":"fresh","phase":"tape_build","phase_index":0}
{"framework":"fandhe-ai","version":"0.11.0","task":"train_phases","device":"cuda","size":64,"median_s":0.000001904,"q1_s":0.000001776,"q3_s":0.000002180,"checksum":0.080541,"warmup":20,"iters":80,"mode":"fresh","phase":"leaf_register","phase_index":1}
{"framework":"fandhe-ai","version":"0.11.0","task":"train_phases","device":"cuda","size":64,"median_s":0.000174064,"q1_s":0.000172837,"q3_s":0.000175461,"checksum":0.080541,"warmup":20,"iters":80,"mode":"fresh","phase":"forward","phase_index":2}
{"framework":"fandhe-ai","version":"0.11.0","task":"train_phases","device":"cuda","size":64,"median_s":0.000000048,"q1_s":0.000000032,"q3_s":0.000000048,"checksum":0.080541,"warmup":20,"iters":80,"mode":"fresh","phase":"loss_readout","phase_index":3}
{"framework":"fandhe-ai","version":"0.11.0","task":"train_phases","device":"cuda","size":64,"median_s":0.000213465,"q1_s":0.000191001,"q3_s":0.000218117,"checksum":0.080541,"warmup":20,"iters":80,"mode":"fresh","phase":"backward","phase_index":4}
{"framework":"fandhe-ai","version":"0.11.0","task":"train_phases","device":"cuda","size":64,"median_s":0.000071849,"q1_s":0.000070365,"q3_s":0.000097568,"checksum":0.080541,"warmup":20,"iters":80,"mode":"fresh","phase":"param_readout","phase_index":5}
{"framework":"fandhe-ai","version":"0.11.0","task":"train_phases","device":"cuda","size":64,"median_s":0.000058592,"q1_s":0.000047677,"q3_s":0.000073776,"checksum":0.080541,"warmup":20,"iters":80,"mode":"fresh","phase":"host_sgd","phase_index":6}
{"framework":"fandhe-ai","version":"0.11.0","task":"train_phases","device":"cuda","size":64,"median_s":0.000000352,"q1_s":0.000000336,"q3_s":0.000000368,"checksum":0.080541,"warmup":20,"iters":80,"mode":"fresh","phase":"apply_params","phase_index":7}
{"framework":"fandhe-ai","version":"0.11.0","task":"train_phases","device":"cuda","size":64,"median_s":0.000002288,"q1_s":0.000002152,"q3_s":0.000002384,"checksum":0.080541,"warmup":20,"iters":80,"mode":"fresh","phase":"tape_drop","phase_index":8}
{"framework":"fandhe-ai","version":"0.11.0","task":"train_phases","device":"cuda","size":64,"median_s":0.000530610,"q1_s":0.000520527,"q3_s":0.000539571,"checksum":0.080541,"warmup":20,"iters":80,"mode":"fresh","phase":"step_total","phase_index":9}
== bench-fandhe train cuda size=64 mode=reuse extra=--phases ==
{"framework":"fandhe-ai","version":"0.11.0","task":"train_phases","device":"cuda","size":64,"median_s":0.000002144,"q1_s":0.000002096,"q3_s":0.000002192,"checksum":0.080541,"warmup":20,"iters":80,"mode":"reuse","init_s":0.215612016,"phase":"tape_build","phase_index":0}
{"framework":"fandhe-ai","version":"0.11.0","task":"train_phases","device":"cuda","size":64,"median_s":0.000000384,"q1_s":0.000000368,"q3_s":0.000000400,"checksum":0.080541,"warmup":20,"iters":80,"mode":"reuse","init_s":0.215612016,"phase":"leaf_register","phase_index":1}
{"framework":"fandhe-ai","version":"0.11.0","task":"train_phases","device":"cuda","size":64,"median_s":0.000154169,"q1_s":0.000153461,"q3_s":0.000155745,"checksum":0.080541,"warmup":20,"iters":80,"mode":"reuse","init_s":0.215612016,"phase":"forward_resident","phase_index":2}
{"framework":"fandhe-ai","version":"0.11.0","task":"train_phases","device":"cuda","size":64,"median_s":0.000000032,"q1_s":0.000000032,"q3_s":0.000000048,"checksum":0.080541,"warmup":20,"iters":80,"mode":"reuse","init_s":0.215612016,"phase":"loss_readout","phase_index":3}
{"framework":"fandhe-ai","version":"0.11.0","task":"train_phases","device":"cuda","size":64,"median_s":0.000170753,"q1_s":0.000164464,"q3_s":0.000172401,"checksum":0.080541,"warmup":20,"iters":80,"mode":"reuse","init_s":0.215612016,"phase":"backward","phase_index":4}
{"framework":"fandhe-ai","version":"0.11.0","task":"train_phases","device":"cuda","size":64,"median_s":0.000007856,"q1_s":0.000007808,"q3_s":0.000007936,"checksum":0.080541,"warmup":20,"iters":80,"mode":"reuse","init_s":0.215612016,"phase":"device_update","phase_index":5}
{"framework":"fandhe-ai","version":"0.11.0","task":"train_phases","device":"cuda","size":64,"median_s":0.000000912,"q1_s":0.000000832,"q3_s":0.000000928,"checksum":0.080541,"warmup":20,"iters":80,"mode":"reuse","init_s":0.215612016,"phase":"tape_drop","phase_index":6}
{"framework":"fandhe-ai","version":"0.11.0","task":"train_phases","device":"cuda","size":64,"median_s":0.000337050,"q1_s":0.000330862,"q3_s":0.000339254,"checksum":0.080541,"warmup":20,"iters":80,"mode":"reuse","init_s":0.215612016,"phase":"step_total","phase_index":7}
== bench-fandhe train cpu size=64 mode=fresh extra=--phases ==
{"framework":"fandhe-ai","version":"0.11.0","task":"train_phases","device":"cpu","size":64,"median_s":0.000000264,"q1_s":0.000000204,"q3_s":0.000000336,"checksum":0.080541,"warmup":20,"iters":80,"mode":"fresh","phase":"tape_build","phase_index":0}
{"framework":"fandhe-ai","version":"0.11.0","task":"train_phases","device":"cpu","size":64,"median_s":0.000002144,"q1_s":0.000001728,"q3_s":0.000002960,"checksum":0.080541,"warmup":20,"iters":80,"mode":"fresh","phase":"leaf_register","phase_index":1}
{"framework":"fandhe-ai","version":"0.11.0","task":"train_phases","device":"cpu","size":64,"median_s":0.000237658,"q1_s":0.000209625,"q3_s":0.000262149,"checksum":0.080541,"warmup":20,"iters":80,"mode":"fresh","phase":"forward","phase_index":2}
{"framework":"fandhe-ai","version":"0.11.0","task":"train_phases","device":"cpu","size":64,"median_s":0.000000112,"q1_s":0.000000080,"q3_s":0.000000192,"checksum":0.080541,"warmup":20,"iters":80,"mode":"fresh","phase":"loss_readout","phase_index":3}
{"framework":"fandhe-ai","version":"0.11.0","task":"train_phases","device":"cpu","size":64,"median_s":0.000435426,"q1_s":0.000394158,"q3_s":0.000553823,"checksum":0.080541,"warmup":20,"iters":80,"mode":"fresh","phase":"backward","phase_index":4}
{"framework":"fandhe-ai","version":"0.11.0","task":"train_phases","device":"cpu","size":64,"median_s":0.000039216,"q1_s":0.000036068,"q3_s":0.000047356,"checksum":0.080541,"warmup":20,"iters":80,"mode":"fresh","phase":"param_readout","phase_index":5}
{"framework":"fandhe-ai","version":"0.11.0","task":"train_phases","device":"cpu","size":64,"median_s":0.000052665,"q1_s":0.000047001,"q3_s":0.000074953,"checksum":0.080541,"warmup":20,"iters":80,"mode":"fresh","phase":"host_sgd","phase_index":6}
{"framework":"fandhe-ai","version":"0.11.0","task":"train_phases","device":"cpu","size":64,"median_s":0.000000952,"q1_s":0.000000720,"q3_s":0.000001364,"checksum":0.080541,"warmup":20,"iters":80,"mode":"fresh","phase":"apply_params","phase_index":7}
{"framework":"fandhe-ai","version":"0.11.0","task":"train_phases","device":"cpu","size":64,"median_s":0.000004072,"q1_s":0.000003532,"q3_s":0.000004728,"checksum":0.080541,"warmup":20,"iters":80,"mode":"fresh","phase":"tape_drop","phase_index":8}
{"framework":"fandhe-ai","version":"0.11.0","task":"train_phases","device":"cpu","size":64,"median_s":0.000885549,"q1_s":0.000751552,"q3_s":0.001118857,"checksum":0.080541,"warmup":20,"iters":80,"mode":"fresh","phase":"step_total","phase_index":9}
== bench-fandhe train cpu size=64 mode=reuse extra=--phases ==
{"framework":"fandhe-ai","version":"0.11.0","task":"train_phases","device":"cpu","size":64,"median_s":0.000000192,"q1_s":0.000000160,"q3_s":0.000000288,"checksum":0.080541,"warmup":20,"iters":80,"mode":"reuse","init_s":0.001066965,"phase":"tape_build","phase_index":0}
{"framework":"fandhe-ai","version":"0.11.0","task":"train_phases","device":"cpu","size":64,"median_s":0.000000704,"q1_s":0.000000592,"q3_s":0.000000920,"checksum":0.080541,"warmup":20,"iters":80,"mode":"reuse","init_s":0.001066965,"phase":"leaf_register","phase_index":1}
{"framework":"fandhe-ai","version":"0.11.0","task":"train_phases","device":"cpu","size":64,"median_s":0.000252514,"q1_s":0.000212845,"q3_s":0.000334942,"checksum":0.080541,"warmup":20,"iters":80,"mode":"reuse","init_s":0.001066965,"phase":"forward_resident","phase_index":2}
{"framework":"fandhe-ai","version":"0.11.0","task":"train_phases","device":"cpu","size":64,"median_s":0.000000176,"q1_s":0.000000128,"q3_s":0.000000192,"checksum":0.080541,"warmup":20,"iters":80,"mode":"reuse","init_s":0.001066965,"phase":"loss_readout","phase_index":3}
{"framework":"fandhe-ai","version":"0.11.0","task":"train_phases","device":"cpu","size":64,"median_s":0.000472114,"q1_s":0.000428918,"q3_s":0.000596515,"checksum":0.080541,"warmup":20,"iters":80,"mode":"reuse","init_s":0.001066965,"phase":"backward","phase_index":4}
{"framework":"fandhe-ai","version":"0.11.0","task":"train_phases","device":"cpu","size":64,"median_s":0.000272905,"q1_s":0.000254421,"q3_s":0.000298866,"checksum":0.080541,"warmup":20,"iters":80,"mode":"reuse","init_s":0.001066965,"phase":"device_update","phase_index":5}
{"framework":"fandhe-ai","version":"0.11.0","task":"train_phases","device":"cpu","size":64,"median_s":0.000001952,"q1_s":0.000001604,"q3_s":0.000002316,"checksum":0.080541,"warmup":20,"iters":80,"mode":"reuse","init_s":0.001066965,"phase":"tape_drop","phase_index":6}
{"framework":"fandhe-ai","version":"0.11.0","task":"train_phases","device":"cpu","size":64,"median_s":0.001028445,"q1_s":0.000933904,"q3_s":0.001244722,"checksum":0.080541,"warmup":20,"iters":80,"mode":"reuse","init_s":0.001066965,"phase":"step_total","phase_index":7}
== bench-fandhe infer cuda size=64 mode=reuse extra=none ==
{"framework":"fandhe-ai","version":"0.11.0","task":"infer","device":"cuda","size":64,"median_s":0.000099032,"q1_s":0.000098976,"q3_s":0.000099124,"throughput_per_s":10097.695,"checksum":13.976574,"warmup":20,"iters":20,"mode":"reuse","init_s":0.214636363}
== bench-fandhe infer cpu size=64 mode=reuse extra=none ==
{"framework":"fandhe-ai","version":"0.11.0","task":"infer","device":"cpu","size":64,"median_s":0.000187072,"q1_s":0.000169532,"q3_s":0.000249165,"throughput_per_s":5345.521,"checksum":13.976574,"warmup":20,"iters":20,"mode":"reuse","init_s":0.001233206}
== bench-fandhe infer cuda size=64 mode=fresh extra=--phases ==
{"framework":"fandhe-ai","version":"0.11.0","task":"infer_phases","device":"cuda","size":64,"median_s":0.000000208,"q1_s":0.000000192,"q3_s":0.000000300,"checksum":13.976574,"warmup":20,"iters":20,"mode":"fresh","phase":"leaf_register","phase_index":0}
{"framework":"fandhe-ai","version":"0.11.0","task":"infer_phases","device":"cuda","size":64,"median_s":0.000139945,"q1_s":0.000131168,"q3_s":0.000140788,"checksum":13.976574,"warmup":20,"iters":20,"mode":"fresh","phase":"forward","phase_index":1}
{"framework":"fandhe-ai","version":"0.11.0","task":"infer_phases","device":"cuda","size":64,"median_s":0.000018872,"q1_s":0.000018536,"q3_s":0.000019120,"checksum":13.976574,"warmup":20,"iters":20,"mode":"fresh","phase":"to_tensor","phase_index":2}
{"framework":"fandhe-ai","version":"0.11.0","task":"infer_phases","device":"cuda","size":64,"median_s":0.000000080,"q1_s":0.000000076,"q3_s":0.000000080,"checksum":13.976574,"warmup":20,"iters":20,"mode":"fresh","phase":"host_copy","phase_index":3}
{"framework":"fandhe-ai","version":"0.11.0","task":"infer_phases","device":"cuda","size":64,"median_s":0.000000632,"q1_s":0.000000588,"q3_s":0.000000644,"checksum":13.976574,"warmup":20,"iters":20,"mode":"fresh","phase":"checksum","phase_index":4}
{"framework":"fandhe-ai","version":"0.11.0","task":"infer_phases","device":"cuda","size":64,"median_s":0.000159657,"q1_s":0.000151336,"q3_s":0.000161549,"checksum":13.976574,"warmup":20,"iters":20,"mode":"fresh","phase":"iter_total","phase_index":5}
== bench-fandhe infer cuda size=64 mode=reuse extra=--phases ==
{"framework":"fandhe-ai","version":"0.11.0","task":"infer_phases","device":"cuda","size":64,"median_s":0.000098889,"q1_s":0.000098509,"q3_s":0.000099000,"checksum":13.976574,"warmup":20,"iters":20,"mode":"reuse","init_s":0.213225140,"phase":"predict_resident","phase_index":0}
{"framework":"fandhe-ai","version":"0.11.0","task":"infer_phases","device":"cuda","size":64,"median_s":0.000000048,"q1_s":0.000000048,"q3_s":0.000000064,"checksum":13.976574,"warmup":20,"iters":20,"mode":"reuse","init_s":0.213225140,"phase":"host_copy","phase_index":1}
{"framework":"fandhe-ai","version":"0.11.0","task":"infer_phases","device":"cuda","size":64,"median_s":0.000000856,"q1_s":0.000000808,"q3_s":0.000000932,"checksum":13.976574,"warmup":20,"iters":20,"mode":"reuse","init_s":0.213225140,"phase":"checksum","phase_index":2}
{"framework":"fandhe-ai","version":"0.11.0","task":"infer_phases","device":"cuda","size":64,"median_s":0.000099968,"q1_s":0.000099661,"q3_s":0.000100144,"checksum":13.976574,"warmup":20,"iters":20,"mode":"reuse","init_s":0.213225140,"phase":"iter_total","phase_index":3}
== bench-fandhe infer cpu size=64 mode=fresh extra=--phases ==
{"framework":"fandhe-ai","version":"0.11.0","task":"infer_phases","device":"cpu","size":64,"median_s":0.000176433,"q1_s":0.000161481,"q3_s":0.000191705,"checksum":13.976574,"warmup":20,"iters":20,"mode":"fresh","phase":"predict","phase_index":0}
{"framework":"fandhe-ai","version":"0.11.0","task":"infer_phases","device":"cpu","size":64,"median_s":0.000000128,"q1_s":0.000000112,"q3_s":0.000000160,"checksum":13.976574,"warmup":20,"iters":20,"mode":"fresh","phase":"host_copy","phase_index":1}
{"framework":"fandhe-ai","version":"0.11.0","task":"infer_phases","device":"cpu","size":64,"median_s":0.000000400,"q1_s":0.000000320,"q3_s":0.000000464,"checksum":13.976574,"warmup":20,"iters":20,"mode":"fresh","phase":"checksum","phase_index":2}
{"framework":"fandhe-ai","version":"0.11.0","task":"infer_phases","device":"cpu","size":64,"median_s":0.000177977,"q1_s":0.000162913,"q3_s":0.000192633,"checksum":13.976574,"warmup":20,"iters":20,"mode":"fresh","phase":"iter_total","phase_index":3}
== bench-fandhe infer cpu size=64 mode=reuse extra=--phases ==
{"framework":"fandhe-ai","version":"0.11.0","task":"infer_phases","device":"cpu","size":64,"median_s":0.000189521,"q1_s":0.000180277,"q3_s":0.000204189,"checksum":13.976574,"warmup":20,"iters":20,"mode":"reuse","init_s":0.000975093,"phase":"predict_resident","phase_index":0}
{"framework":"fandhe-ai","version":"0.11.0","task":"infer_phases","device":"cpu","size":64,"median_s":0.000000184,"q1_s":0.000000124,"q3_s":0.000000240,"checksum":13.976574,"warmup":20,"iters":20,"mode":"reuse","init_s":0.000975093,"phase":"host_copy","phase_index":1}
{"framework":"fandhe-ai","version":"0.11.0","task":"infer_phases","device":"cpu","size":64,"median_s":0.000000480,"q1_s":0.000000320,"q3_s":0.000000500,"checksum":13.976574,"warmup":20,"iters":20,"mode":"reuse","init_s":0.000975093,"phase":"checksum","phase_index":2}
{"framework":"fandhe-ai","version":"0.11.0","task":"infer_phases","device":"cpu","size":64,"median_s":0.000190233,"q1_s":0.000181329,"q3_s":0.000205953,"checksum":13.976574,"warmup":20,"iters":20,"mode":"reuse","init_s":0.000975093,"phase":"iter_total","phase_index":3}
== bench-fandhe gemm cuda size=256 mode=fresh extra=--tf32 ==
{"framework":"fandhe-ai","version":"0.11.0","task":"gemm","device":"cuda","size":256,"median_s":0.000090248,"q1_s":0.000089953,"q3_s":0.000090600,"gflops":371.802,"checksum":237.580621,"warmup":20,"iters":20,"mode":"fresh","parity_total":65536,"parity_fail_count":10538,"parity_max_abs_err":1.581430e-3,"parity_max_rel_err":1.553981e0,"parity_scaled_abs_bound":0.000000e0,"parity_scaled_abs_rescued":0,"tf32":true}
== bench-fandhe gemm cuda size=512 mode=fresh extra=--tf32 ==
{"framework":"fandhe-ai","version":"0.11.0","task":"gemm","device":"cuda","size":512,"median_s":0.000262538,"q1_s":0.000262106,"q3_s":0.000262693,"gflops":1022.465,"checksum":937.360224,"warmup":20,"iters":20,"mode":"fresh","parity_total":262144,"parity_fail_count":42361,"parity_max_abs_err":2.342582e-3,"parity_max_rel_err":1.972325e0,"parity_scaled_abs_bound":0.000000e0,"parity_scaled_abs_rescued":0,"tf32":true}
== bench-fandhe gemm cuda size=1024 mode=fresh extra=--tf32 ==
{"framework":"fandhe-ai","version":"0.11.0","task":"gemm","device":"cuda","size":1024,"median_s":0.000956101,"q1_s":0.000949317,"q3_s":0.000957716,"gflops":2246.086,"checksum":-1855.919764,"warmup":20,"iters":20,"mode":"fresh","parity_total":1048576,"parity_fail_count":169929,"parity_max_abs_err":3.642797e-3,"parity_max_rel_err":1.964783e0,"parity_scaled_abs_bound":0.000000e0,"parity_scaled_abs_rescued":0,"tf32":true}
== bench-fandhe gemm cuda size=2048 mode=fresh extra=--tf32 ==
{"framework":"fandhe-ai","version":"0.11.0","task":"gemm","device":"cuda","size":2048,"median_s":0.004370885,"q1_s":0.004353841,"q3_s":0.004402029,"gflops":3930.524,"checksum":-6017.744475,"warmup":20,"iters":20,"mode":"fresh","parity_total":4194304,"parity_fail_count":681454,"parity_max_abs_err":4.941225e-3,"parity_max_rel_err":1.986745e0,"parity_scaled_abs_bound":0.000000e0,"parity_scaled_abs_rescued":0,"tf32":true}
== bench-fandhe gemm cuda size=4096 mode=fresh extra=--tf32 ==
{"framework":"fandhe-ai","version":"0.11.0","task":"gemm","device":"cuda","size":4096,"median_s":0.033926709,"q1_s":0.033779009,"q3_s":0.034240139,"gflops":4051.055,"checksum":-25774.003763,"warmup":20,"iters":20,"mode":"fresh","parity_total":16777216,"parity_fail_count":2729050,"parity_max_abs_err":7.116556e-3,"parity_max_rel_err":1.997358e0,"parity_scaled_abs_bound":0.000000e0,"parity_scaled_abs_rescued":0,"tf32":true}
== bench-candle gemm cuda size=256 mode=fresh extra=--tf32 ==
{"framework":"candle","version":"0.11.0","task":"gemm","device":"cuda","size":256,"median_s":0.000064072,"q1_s":0.000063772,"q3_s":0.000064245,"gflops":523.699,"checksum":237.576196,"warmup":20,"iters":20,"mode":"fresh","parity_total":65536,"parity_fail_count":10522,"parity_max_abs_err":1.581907e-3,"parity_max_rel_err":1.553996e0,"parity_scaled_abs_bound":1.907255e-6,"parity_scaled_abs_rescued":0,"tf32":true}
== bench-candle gemm cuda size=512 mode=fresh extra=--tf32 ==
{"framework":"candle","version":"0.11.0","task":"gemm","device":"cuda","size":512,"median_s":0.000222185,"q1_s":0.000221637,"q3_s":0.000223089,"gflops":1208.162,"checksum":937.356025,"warmup":20,"iters":20,"mode":"fresh","parity_total":262144,"parity_fail_count":42387,"parity_max_abs_err":2.340317e-3,"parity_max_rel_err":1.969541e0,"parity_scaled_abs_bound":3.814663e-6,"parity_scaled_abs_rescued":0,"tf32":true}
== bench-candle gemm cuda size=1024 mode=fresh extra=--tf32 ==
{"framework":"candle","version":"0.11.0","task":"gemm","device":"cuda","size":1024,"median_s":0.000853836,"q1_s":0.000852877,"q3_s":0.000854608,"gflops":2515.101,"checksum":-1855.914004,"warmup":20,"iters":20,"mode":"fresh","parity_total":1048576,"parity_fail_count":169971,"parity_max_abs_err":3.649950e-3,"parity_max_rel_err":1.951418e0,"parity_scaled_abs_bound":7.629375e-6,"parity_scaled_abs_rescued":0,"tf32":true}
== bench-candle gemm cuda size=2048 mode=fresh extra=--tf32 ==
{"framework":"candle","version":"0.11.0","task":"gemm","device":"cuda","size":2048,"median_s":0.003695218,"q1_s":0.003691742,"q3_s":0.003698877,"gflops":4649.217,"checksum":-6017.991603,"warmup":20,"iters":20,"mode":"fresh","parity_total":4194304,"parity_fail_count":681418,"parity_max_abs_err":4.930019e-3,"parity_max_rel_err":1.984422e0,"parity_scaled_abs_bound":1.525878e-5,"parity_scaled_abs_rescued":33,"tf32":true}
== bench-candle gemm cuda size=4096 mode=fresh extra=--tf32 ==
{"framework":"candle","version":"0.11.0","task":"gemm","device":"cuda","size":4096,"median_s":0.056132055,"q1_s":0.055838053,"q3_s":0.057189356,"gflops":2448.493,"checksum":-25774.377339,"warmup":20,"iters":20,"mode":"fresh","parity_total":16777216,"parity_fail_count":2726683,"parity_max_abs_err":7.167101e-3,"parity_max_rel_err":1.999795e0,"parity_scaled_abs_bound":3.051757e-5,"parity_scaled_abs_rescued":646,"tf32":true}
done. results in results/raw/results-cuda.jsonl ; failures (if any) in results/raw/skipped-cuda.log
