warning: unused import: `crate::context_cache`
  --> crates/backend-cuda/src/gemm_mma.rs:21:5
   |
21 | use crate::context_cache;
   |     ^^^^^^^^^^^^^^^^^^^^
   |
   = note: `#[warn(unused_imports)]` (part of `#[warn(unused)]`) on by default

warning: field `tiled_pipeline_128x64_error` is never read
   --> crates/backend-cuda/src/gemm.rs:363:5
    |
227 | pub struct CudaGemm {
    |            -------- field in this struct
...
363 |     tiled_pipeline_128x64_error: Option<String>,
    |     ^^^^^^^^^^^^^^^^^^^^^^^^^^^
    |
    = note: `#[warn(dead_code)]` (part of `#[warn(unused)]`) on by default

warning: field `1` is never read
   --> crates/backend-cuda/src/gemm.rs:852:48
    |
852 | pub struct TiledPipelineFunction(CudaFunction, usize, TiledPipelineTile);
    |            ---------------------               ^^^^^
    |            |
    |            field in this struct
    |
help: consider changing the field to be of unit type to suppress this warning while preserving the field numbering, or remove the field
    |
852 - pub struct TiledPipelineFunction(CudaFunction, usize, TiledPipelineTile);
852 + pub struct TiledPipelineFunction(CudaFunction, (), TiledPipelineTile);
    |

warning: method `context_ptr` is never used
   --> crates/backend-cuda/src/gemm.rs:865:8
    |
854 | impl TiledPipelineFunction {
    | -------------------------- method in this implementation
...
865 |     fn context_ptr(&self) -> usize {
    |        ^^^^^^^^^^^

warning: function `persistent_grid_blocks` is never used
    --> crates/backend-cuda/src/gemm.rs:1028:15
     |
1028 | pub(crate) fn persistent_grid_blocks(num_tiles: u32, num_sms: u32, blocks_per_sm: u32) -> u32 {
     |               ^^^^^^^^^^^^^^^^^^^^^^

warning: function `persistent_tile_count` is never used
    --> crates/backend-cuda/src/gemm.rs:1048:15
     |
1048 | pub(crate) fn persistent_tile_count(
     |               ^^^^^^^^^^^^^^^^^^^^^

warning: struct `PersistentTiledPipelineFunction` is never constructed
    --> crates/backend-cuda/src/gemm.rs:1115:12
     |
1115 | pub struct PersistentTiledPipelineFunction {
     |            ^^^^^^^^^^^^^^^^^^^^^^^^^^^^^^^

warning: function `persistent_block_threads` is never used
    --> crates/backend-cuda/src/gemm.rs:1358:4
     |
1358 | fn persistent_block_threads(tile: TiledPipelineTile) -> u32 {
     |    ^^^^^^^^^^^^^^^^^^^^^^^^

warning: enum `GemmVariantKind` is never used
  --> crates/backend-cuda/src/gemm_variant.rs:89:10
   |
89 | pub enum GemmVariantKind {
   |          ^^^^^^^^^^^^^^^

warning: constant `SPLITK_MIN_K` is never used
   --> crates/backend-cuda/src/gemm_variant.rs:113:11
    |
113 | pub const SPLITK_MIN_K: u32 = 1024;
    |           ^^^^^^^^^^^^

warning: constant `SPLITK_MIN_K_PER_SPLIT` is never used
   --> crates/backend-cuda/src/gemm_variant.rs:118:11
    |
118 | pub const SPLITK_MIN_K_PER_SPLIT: u32 = 32;
    |           ^^^^^^^^^^^^^^^^^^^^^^

warning: constant `SPLITK_MAX_SPLITS` is never used
   --> crates/backend-cuda/src/gemm_variant.rs:124:11
    |
124 | pub const SPLITK_MAX_SPLITS: u32 = 32;
    |           ^^^^^^^^^^^^^^^^^

warning: constant `SPLITK_PARTIAL_MAX_BYTES` is never used
   --> crates/backend-cuda/src/gemm_variant.rs:130:11
    |
130 | pub const SPLITK_PARTIAL_MAX_BYTES: u64 = 256 * 1024 * 1024;
    |           ^^^^^^^^^^^^^^^^^^^^^^^^

warning: constant `DOUBLE_BUFFER_MIN_K` is never used
   --> crates/backend-cuda/src/gemm_variant.rs:134:11
    |
134 | pub const DOUBLE_BUFFER_MIN_K: u32 = 2 * 32;
    |           ^^^^^^^^^^^^^^^^^^^

warning: constant `VARIANT_TILE` is never used
   --> crates/backend-cuda/src/gemm_variant.rs:141:7
    |
141 | const VARIANT_TILE: u32 = 32;
    |       ^^^^^^^^^^^^

warning: function `num_blocks` is never used
   --> crates/backend-cuda/src/gemm_variant.rs:147:4
    |
147 | fn num_blocks(m: u32, n: u32) -> u64 {
    |    ^^^^^^^^^^

warning: function `derive_split_count` is never used
   --> crates/backend-cuda/src/gemm_variant.rs:159:4
    |
159 | fn derive_split_count(num_blocks: u64, num_sms: u32, k: u32) -> u32 {
    |    ^^^^^^^^^^^^^^^^^^

warning: function `recommend_split_count` is never used
   --> crates/backend-cuda/src/gemm_variant.rs:206:15
    |
206 | pub(crate) fn recommend_split_count(m: u32, n: u32, k: u32, num_sms: u32) -> Option<u32> {
    |               ^^^^^^^^^^^^^^^^^^^^^

warning: function `split_k_partial_bytes` is never used
   --> crates/backend-cuda/src/gemm_variant.rs:221:4
    |
221 | fn split_k_partial_bytes(num_splits: u32, m: u32, n: u32) -> Option<u64> {
    |    ^^^^^^^^^^^^^^^^^^^^^

warning: function `select_f32_gemm_variant` is never used
   --> crates/backend-cuda/src/gemm_variant.rs:264:8
    |
264 | pub fn select_f32_gemm_variant(
    |        ^^^^^^^^^^^^^^^^^^^^^^^

warning: function `validate_split_k_launch` is never used
   --> crates/backend-cuda/src/gemm_variant.rs:301:8
    |
301 | pub fn validate_split_k_launch(m: u32, n: u32, num_splits: u32) -> Result<(), CudaError> {
    |        ^^^^^^^^^^^^^^^^^^^^^^^

warning: constant `TILED_DB_TILE` is never used
  --> crates/backend-cuda/src/kernels_gemm_variants.rs:26:11
   |
26 | pub const TILED_DB_TILE: u32 = 32;
   |           ^^^^^^^^^^^^^

warning: constant `TILED_DB_F32` is never used
  --> crates/backend-cuda/src/kernels_gemm_variants.rs:55:11
   |
55 | pub const TILED_DB_F32: &str = r#"
   |           ^^^^^^^^^^^^

warning: constant `SPLITK_PARTIAL_F32` is never used
   --> crates/backend-cuda/src/kernels_gemm_variants.rs:144:11
    |
144 | pub const SPLITK_PARTIAL_F32: &str = r#"
    |           ^^^^^^^^^^^^^^^^^^

warning: constant `SPLITK_REDUCE_BLOCK_DIM` is never used
   --> crates/backend-cuda/src/kernels_gemm_variants.rs:212:11
    |
212 | pub const SPLITK_REDUCE_BLOCK_DIM: u32 = 256;
    |           ^^^^^^^^^^^^^^^^^^^^^^^

warning: constant `SPLITK_REDUCE_F32` is never used
   --> crates/backend-cuda/src/kernels_gemm_variants.rs:228:11
    |
228 | pub const SPLITK_REDUCE_F32: &str = r#"
    |           ^^^^^^^^^^^^^^^^^

warning: function `tiled_f32_source_with_swizzle` is never used
   --> crates/backend-cuda/src/kernels.rs:731:8
    |
731 | pub fn tiled_f32_source_with_swizzle(group_width: u32) -> Result<String, crate::error::CudaError> {
    |        ^^^^^^^^^^^^^^^^^^^^^^^^^^^^^

warning: function `tiled_pipeline_f32_source_with_stages` is never used
   --> crates/backend-cuda/src/kernels_tiled_pipeline.rs:226:8
    |
226 | pub fn tiled_pipeline_f32_source_with_stages(stages: u32) -> Result<String, CudaError> {
    |        ^^^^^^^^^^^^^^^^^^^^^^^^^^^^^^^^^^^^^

warning: function `render_persistent_source` is never used
   --> crates/backend-cuda/src/kernels_tiled_pipeline.rs:288:4
    |
288 | fn render_persistent_source(stages: u32) -> String {
    |    ^^^^^^^^^^^^^^^^^^^^^^^^

warning: function `tiled_pipeline_persistent_f32_source` is never used
   --> crates/backend-cuda/src/kernels_tiled_pipeline.rs:306:8
    |
306 | pub fn tiled_pipeline_persistent_f32_source() -> &'static str {
    |        ^^^^^^^^^^^^^^^^^^^^^^^^^^^^^^^^^^^^

warning: static `TILED_PIPELINE_PERSISTENT_F32_SOURCE` is never used
   --> crates/backend-cuda/src/kernels_tiled_pipeline.rs:310:8
    |
310 | static TILED_PIPELINE_PERSISTENT_F32_SOURCE: LazyLock<String> =
    |        ^^^^^^^^^^^^^^^^^^^^^^^^^^^^^^^^^^^^

warning: function `tiled_pipeline_persistent_f32_source_with_stages` is never used
   --> crates/backend-cuda/src/kernels_tiled_pipeline.rs:317:8
    |
317 | pub fn tiled_pipeline_persistent_f32_source_with_stages(stages: u32) -> Result<String, CudaError> {
    |        ^^^^^^^^^^^^^^^^^^^^^^^^^^^^^^^^^^^^^^^^^^^^^^^^

warning: constant `TP_KERNEL_PERSISTENT_PREFIX` is never used
   --> crates/backend-cuda/src/kernels_tiled_pipeline.rs:582:7
    |
582 | const TP_KERNEL_PERSISTENT_PREFIX: &str = r#"extern "C" __global__ void gemm_tiled_pipeline_persistent_f32(
    |       ^^^^^^^^^^^^^^^^^^^^^^^^^^^

warning: constant `TP_KERNEL_PERSISTENT_SUFFIX` is never used
   --> crates/backend-cuda/src/kernels_tiled_pipeline.rs:647:7
    |
647 | const TP_KERNEL_PERSISTENT_SUFFIX: &str = "    }\n}\n";
    |       ^^^^^^^^^^^^^^^^^^^^^^^^^^^

warning: function `tiled_pipeline_128x64_f32_source_with_stages` is never used
   --> crates/backend-cuda/src/kernels_tiled_pipeline_128x64.rs:320:8
    |
320 | pub fn tiled_pipeline_128x64_f32_source_with_stages(stages: u32) -> Result<String, CudaError> {
    |        ^^^^^^^^^^^^^^^^^^^^^^^^^^^^^^^^^^^^^^^^^^^^

warning: function `render_persistent_source` is never used
   --> crates/backend-cuda/src/kernels_tiled_pipeline_128x64.rs:380:4
    |
380 | fn render_persistent_source(stages: u32) -> String {
    |    ^^^^^^^^^^^^^^^^^^^^^^^^

warning: function `tiled_pipeline_128x64_persistent_f32_source` is never used
   --> crates/backend-cuda/src/kernels_tiled_pipeline_128x64.rs:399:8
    |
399 | pub fn tiled_pipeline_128x64_persistent_f32_source() -> &'static str {
    |        ^^^^^^^^^^^^^^^^^^^^^^^^^^^^^^^^^^^^^^^^^^^

warning: static `TILED_PIPELINE_128X64_PERSISTENT_F32_SOURCE` is never used
   --> crates/backend-cuda/src/kernels_tiled_pipeline_128x64.rs:403:8
    |
403 | static TILED_PIPELINE_128X64_PERSISTENT_F32_SOURCE: LazyLock<String> =
    |        ^^^^^^^^^^^^^^^^^^^^^^^^^^^^^^^^^^^^^^^^^^^

warning: function `tiled_pipeline_128x64_persistent_f32_source_with_stages` is never used
   --> crates/backend-cuda/src/kernels_tiled_pipeline_128x64.rs:411:8
    |
411 | pub fn tiled_pipeline_128x64_persistent_f32_source_with_stages(
    |        ^^^^^^^^^^^^^^^^^^^^^^^^^^^^^^^^^^^^^^^^^^^^^^^^^^^^^^^

warning: constant `TP128_KERNEL_PERSISTENT_PREFIX` is never used
   --> crates/backend-cuda/src/kernels_tiled_pipeline_128x64.rs:695:7
    |
695 | const TP128_KERNEL_PERSISTENT_PREFIX: &str = r#"extern "C" __global__ void gemm_tiled_pipeline_128x64_persistent_f32(
    |       ^^^^^^^^^^^^^^^^^^^^^^^^^^^^^^

warning: constant `TP128_KERNEL_PERSISTENT_SUFFIX` is never used
   --> crates/backend-cuda/src/kernels_tiled_pipeline_128x64.rs:763:7
    |
763 | const TP128_KERNEL_PERSISTENT_SUFFIX: &str = "    }\n}\n";
    |       ^^^^^^^^^^^^^^^^^^^^^^^^^^^^^^

warning: method `context` is never used
   --> crates/backend-cuda/src/pool.rs:259:19
    |
239 | impl<T: PoolDtype> PooledCudaHandle<T> {
    | -------------------------------------- method in this implementation
...
259 |     pub(crate) fn context(&self) -> &Arc<CudaContext> {
    |                   ^^^^^^^

warning: methods `alloc_uninit_f16` and `upload_f16` are never used
   --> crates/backend-cuda/src/pool.rs:651:19
    |
457 | impl CudaAllocator {
    | ------------------ methods in this implementation
...
651 |     pub(crate) fn alloc_uninit_f16(
    |                   ^^^^^^^^^^^^^^^^
...
666 |     pub(crate) fn upload_f16(&self, src: &[f16]) -> Result<PooledCudaHandle<f16>, CudaError> {
    |                   ^^^^^^^^^^

warning: `fandhe-ai-backend-cuda` (lib) generated 43 warnings (run `cargo fix --lib -p fandhe-ai-backend-cuda` to apply 1 suggestion)
    Finished `release` profile [optimized] target(s) in 0.03s
     Running unittests src/lib.rs (target/release/deps/fandhe_ai_backend_metal-4099ec6cfdfe79eb)

running 1 test
test gemm_tile_class_diag_tests::tile_class_production_select_kernel_gpu_ab ...   [legacy] N=512 requested_tile=TileConfig { bm: 64, bn: 32, bk: 32, wm: 2, wn: 2, staged: true } resolved_tile=TileConfig { bm: 64, bn: 32, bk: 32, wm: 2, wn: 2, staged: true } (median over 20 trials, 20 warmup):
    upload_a: median=0.0640 ms  q1=0.0616 ms  q3=0.0685 ms
    upload_b: median=0.0638 ms  q1=0.0617 ms  q3=0.0653 ms
    alloc_c: median=0.0043 ms  q1=0.0039 ms  q3=0.0044 ms
    encode: median=0.0026 ms  q1=0.0026 ms  q3=0.0027 ms
    commit_wait: median=0.3839 ms  q1=0.3741 ms  q3=0.3865 ms
    commit_wait.kernel_gpu: median=0.2024 ms  q1=0.2017 ms  q3=0.2026 ms
    commit_wait.commit_wait_minus_kernel_gpu: median=0.1815 ms
    readback: median=0.0567 ms  q1=0.0553 ms  q3=0.0596 ms
    host_copy: median=0.0555 ms  q1=0.0525 ms  q3=0.0589 ms
    sum of medians: 0.6309 ms
  [split] N=512 requested_tile=TileConfig { bm: 64, bn: 32, bk: 32, wm: 2, wn: 2, staged: true } resolved_tile=TileConfig { bm: 64, bn: 32, bk: 32, wm: 2, wn: 2, staged: true } (median over 20 trials, 20 warmup):
    upload_a: median=0.0618 ms  q1=0.0584 ms  q3=0.0658 ms
    upload_b: median=0.0576 ms  q1=0.0563 ms  q3=0.0646 ms
    alloc_c: median=0.0045 ms  q1=0.0042 ms  q3=0.0047 ms
    encode: median=0.0030 ms  q1=0.0028 ms  q3=0.0033 ms
    commit_wait: median=0.2745 ms  q1=0.2700 ms  q3=0.2765 ms
    commit_wait.kernel_gpu: median=0.1081 ms  q1=0.1080 ms  q3=0.1084 ms
    commit_wait.commit_wait_minus_kernel_gpu: median=0.1664 ms
    readback: median=0.0549 ms  q1=0.0545 ms  q3=0.0568 ms
    host_copy: median=0.0125 ms  q1=0.0125 ms  q3=0.0126 ms
    sum of medians: 0.4690 ms
  [legacy] N=1024 requested_tile=TileConfig { bm: 64, bn: 32, bk: 8, wm: 4, wn: 1, staged: true } resolved_tile=TileConfig { bm: 64, bn: 32, bk: 8, wm: 4, wn: 1, staged: true } (median over 20 trials, 20 warmup):
    upload_a: median=0.2230 ms  q1=0.2170 ms  q3=0.2362 ms
    upload_b: median=0.2393 ms  q1=0.2178 ms  q3=0.2446 ms
    alloc_c: median=0.0045 ms  q1=0.0044 ms  q3=0.0049 ms
    encode: median=0.0028 ms  q1=0.0027 ms  q3=0.0029 ms
    commit_wait: median=0.4825 ms  q1=0.4772 ms  q3=0.4878 ms
    commit_wait.kernel_gpu: median=0.2245 ms  q1=0.2237 ms  q3=0.2255 ms
    commit_wait.commit_wait_minus_kernel_gpu: median=0.2586 ms
    readback: median=0.1990 ms  q1=0.1963 ms  q3=0.2008 ms
    host_copy: median=0.2190 ms  q1=0.2124 ms  q3=0.2285 ms
    sum of medians: 1.3703 ms
  [split] N=1024 requested_tile=TileConfig { bm: 64, bn: 32, bk: 8, wm: 4, wn: 1, staged: true } resolved_tile=TileConfig { bm: 64, bn: 32, bk: 8, wm: 4, wn: 1, staged: true } (median over 20 trials, 20 warmup):
    upload_a: median=0.2320 ms  q1=0.2122 ms  q3=0.2360 ms
    upload_b: median=0.2278 ms  q1=0.2198 ms  q3=0.2355 ms
    alloc_c: median=0.0048 ms  q1=0.0043 ms  q3=0.0050 ms
    encode: median=0.0030 ms  q1=0.0029 ms  q3=0.0030 ms
    commit_wait: median=0.8697 ms  q1=0.8255 ms  q3=0.9008 ms
    commit_wait.kernel_gpu: median=0.5667 ms  q1=0.5626 ms  q3=0.5704 ms
    commit_wait.commit_wait_minus_kernel_gpu: median=0.2960 ms
    readback: median=0.2215 ms  q1=0.2055 ms  q3=0.2246 ms
    host_copy: median=0.0498 ms  q1=0.0498 ms  q3=0.0500 ms
    sum of medians: 1.6087 ms
  [legacy] N=2048 requested_tile=TileConfig { bm: 64, bn: 32, bk: 16, wm: 2, wn: 2, staged: true } resolved_tile=TileConfig { bm: 64, bn: 32, bk: 16, wm: 2, wn: 2, staged: true } (median over 20 trials, 20 warmup):
    upload_a: median=0.9782 ms  q1=0.9236 ms  q3=1.0152 ms
    upload_b: median=0.9269 ms  q1=0.9080 ms  q3=0.9492 ms
    alloc_c: median=0.0089 ms  q1=0.0081 ms  q3=0.0102 ms
    encode: median=0.0129 ms  q1=0.0121 ms  q3=0.0136 ms
    commit_wait: median=2.5867 ms  q1=2.5732 ms  q3=2.6274 ms
    commit_wait.kernel_gpu: median=1.6030 ms  q1=1.6018 ms  q3=1.6047 ms
    commit_wait.commit_wait_minus_kernel_gpu: median=0.9837 ms
    readback: median=1.0194 ms  q1=1.0070 ms  q3=1.0286 ms
    host_copy: median=0.9608 ms  q1=0.9082 ms  q3=0.9872 ms
    sum of medians: 6.4938 ms
  [split] N=2048 requested_tile=TileConfig { bm: 64, bn: 32, bk: 16, wm: 2, wn: 2, staged: true } resolved_tile=TileConfig { bm: 64, bn: 32, bk: 16, wm: 2, wn: 2, staged: true } (median over 20 trials, 20 warmup):
    upload_a: median=0.9140 ms  q1=0.8650 ms  q3=0.9447 ms
    upload_b: median=0.8995 ms  q1=0.8501 ms  q3=0.9203 ms
    alloc_c: median=0.0066 ms  q1=0.0060 ms  q3=0.0070 ms
    encode: median=0.0061 ms  q1=0.0047 ms  q3=0.0095 ms
    commit_wait: median=5.6343 ms  q1=5.6070 ms  q3=5.6485 ms
    commit_wait.kernel_gpu: median=4.9021 ms  q1=4.9004 ms  q3=4.9052 ms
    commit_wait.commit_wait_minus_kernel_gpu: median=0.7228 ms
    readback: median=0.9125 ms  q1=0.8998 ms  q3=0.9224 ms
    host_copy: median=0.2173 ms  q1=0.2163 ms  q3=0.2189 ms
    sum of medians: 8.5902 ms
  [legacy] N=4096 requested_tile=TileConfig { bm: 32, bn: 64, bk: 16, wm: 2, wn: 2, staged: true } resolved_tile=TileConfig { bm: 32, bn: 64, bk: 16, wm: 2, wn: 2, staged: true } (median over 20 trials, 20 warmup):
    upload_a: median=3.5287 ms  q1=3.4456 ms  q3=3.7370 ms
    upload_b: median=3.5734 ms  q1=3.4852 ms  q3=3.7095 ms
    alloc_c: median=0.0138 ms  q1=0.0125 ms  q3=0.0159 ms
    encode: median=0.0186 ms  q1=0.0158 ms  q3=0.0218 ms
    commit_wait: median=17.0412 ms  q1=16.8865 ms  q3=22.5539 ms
    commit_wait.kernel_gpu: median=13.7062 ms  q1=13.6276 ms  q3=19.2839 ms
    commit_wait.commit_wait_minus_kernel_gpu: median=3.2970 ms
    readback: median=3.9230 ms  q1=3.8760 ms  q3=4.0343 ms
    host_copy: median=3.5503 ms  q1=3.4265 ms  q3=3.7890 ms
    sum of medians: 31.6490 ms
  [split] N=4096 requested_tile=TileConfig { bm: 32, bn: 64, bk: 16, wm: 2, wn: 2, staged: true } resolved_tile=TileConfig { bm: 32, bn: 64, bk: 16, wm: 2, wn: 2, staged: true } (median over 20 trials, 20 warmup):
    upload_a: median=3.6885 ms  q1=3.5576 ms  q3=3.7806 ms
    upload_b: median=3.5200 ms  q1=3.3756 ms  q3=3.5957 ms
    alloc_c: median=0.0173 ms  q1=0.0128 ms  q3=0.0228 ms
    encode: median=0.0214 ms  q1=0.0183 ms  q3=0.0246 ms
    commit_wait: median=34.6600 ms  q1=34.5782 ms  q3=34.6934 ms
    commit_wait.kernel_gpu: median=32.1255 ms  q1=32.1233 ms  q3=32.1339 ms
    commit_wait.commit_wait_minus_kernel_gpu: median=2.5344 ms
    readback: median=4.3101 ms  q1=4.1544 ms  q3=4.3789 ms
    host_copy: median=1.5478 ms  q1=1.4958 ms  q3=1.5925 ms
    sum of medians: 47.7651 ms
ok

test result: ok. 1 passed; 0 failed; 0 ignored; 0 measured; 307 filtered out; finished in 4.80s

