=== uptime (before) ===
 12:15:48 up 19 days, 23:42,  8 users,  load average: 0.15, 0.07, 0.01
=== run 1/5 ===
   Compiling fandhe-ai-backend-cpu v0.8.0 (/home/<user>/work/rust-ai-library-run-1585/crates/backend-cpu)
   Compiling fandhe-ai-tensor-core v0.8.0 (/home/<user>/work/rust-ai-library-run-1585/crates/tensor-core)
   Compiling fandhe-ai-backend-cuda v0.8.0 (/home/<user>/work/rust-ai-library-run-1585/crates/backend-cuda)
   Compiling bench-harness v0.8.0 (/home/<user>/work/rust-ai-library-run-1585/crates/bench-harness)
    Finished `release` profile [optimized] target(s) in 5.25s
     Running tests/pinned_h2d_upload_ab_1585.rs (/home/<user>/work/target-fandhe-ai/release/deps/pinned_h2d_upload_ab_1585-c4f4d8e155c0bd6f)

running 1 test
test pinned_h2d_upload_ab ... phase,n,bytes_mib,cold_ms,min_ms,q1_ms,median_ms,q3_ms,max_ms
pageable,1024,4.0000,7.8746,0.0812,0.0813,0.0814,0.0815,0.0817
pinned_staged,1024,4.0000,0.8894,0.1651,0.1692,0.1713,0.1739,0.1893
pageable,2048,16.0000,0.3279,0.2927,0.2939,0.2942,0.2943,0.2953
pinned_staged,2048,16.0000,2.8447,0.7014,0.7066,0.7100,0.7141,0.7237
pageable,4096,64.0000,2.5041,1.1437,1.1445,1.1449,1.1454,1.1533
pinned_staged,4096,64.0000,11.2348,3.3939,3.4141,3.4191,3.4269,3.8642
ok

test result: ok. 1 passed; 0 failed; 0 ignored; 0 measured; 0 filtered out; finished in 0.76s

=== run 2/5 ===
    Finished `release` profile [optimized] target(s) in 0.02s
     Running tests/pinned_h2d_upload_ab_1585.rs (/home/<user>/work/target-fandhe-ai/release/deps/pinned_h2d_upload_ab_1585-c4f4d8e155c0bd6f)

running 1 test
test pinned_h2d_upload_ab ... phase,n,bytes_mib,cold_ms,min_ms,q1_ms,median_ms,q3_ms,max_ms
pageable,1024,4.0000,7.2189,0.0810,0.0811,0.0812,0.0813,0.0843
pinned_staged,1024,4.0000,0.9301,0.1652,0.1665,0.1682,0.1692,0.1881
pageable,2048,16.0000,0.3281,0.2938,0.2941,0.2943,0.2946,0.3035
pinned_staged,2048,16.0000,2.8576,0.6911,0.7007,0.7041,0.7105,0.7221
pageable,4096,64.0000,2.5125,1.1443,1.1446,1.1450,1.1455,1.1547
pinned_staged,4096,64.0000,11.6576,3.3999,3.4046,3.4144,3.4169,3.5246
ok

test result: ok. 1 passed; 0 failed; 0 ignored; 0 measured; 0 filtered out; finished in 0.76s

=== run 3/5 ===
    Finished `release` profile [optimized] target(s) in 0.04s
     Running tests/pinned_h2d_upload_ab_1585.rs (/home/<user>/work/target-fandhe-ai/release/deps/pinned_h2d_upload_ab_1585-c4f4d8e155c0bd6f)

running 1 test
test pinned_h2d_upload_ab ... phase,n,bytes_mib,cold_ms,min_ms,q1_ms,median_ms,q3_ms,max_ms
pageable,1024,4.0000,7.5940,0.0809,0.0810,0.0811,0.0813,0.0819
pinned_staged,1024,4.0000,0.9518,0.1921,0.1941,0.1951,0.2003,0.2051
pageable,2048,16.0000,0.3353,0.2933,0.2942,0.2944,0.2948,0.2954
pinned_staged,2048,16.0000,3.1257,0.8625,0.8729,0.8802,0.8841,0.8882
pageable,4096,64.0000,2.7118,1.1442,1.1449,1.1457,1.1463,1.6405
pinned_staged,4096,64.0000,11.8086,3.7562,3.7680,3.7747,3.7840,3.7890
ok

test result: ok. 1 passed; 0 failed; 0 ignored; 0 measured; 0 filtered out; finished in 0.79s

=== run 4/5 ===
    Finished `release` profile [optimized] target(s) in 0.02s
     Running tests/pinned_h2d_upload_ab_1585.rs (/home/<user>/work/target-fandhe-ai/release/deps/pinned_h2d_upload_ab_1585-c4f4d8e155c0bd6f)

running 1 test
test pinned_h2d_upload_ab ... phase,n,bytes_mib,cold_ms,min_ms,q1_ms,median_ms,q3_ms,max_ms
pageable,1024,4.0000,7.5495,0.0811,0.0812,0.0813,0.0813,0.0816
pinned_staged,1024,4.0000,0.9858,0.1856,0.1934,0.1961,0.1991,0.2075
pageable,2048,16.0000,0.3362,0.2939,0.2941,0.2942,0.2944,0.2949
pinned_staged,2048,16.0000,3.1511,0.8757,0.8889,0.8946,0.8961,0.9116
pageable,4096,64.0000,2.6668,1.1403,1.1413,1.1417,1.1421,1.1510
pinned_staged,4096,64.0000,12.0166,3.8089,3.8168,3.8198,3.8218,3.9021
ok

test result: ok. 1 passed; 0 failed; 0 ignored; 0 measured; 0 filtered out; finished in 0.79s

=== run 5/5 ===
    Finished `release` profile [optimized] target(s) in 0.02s
     Running tests/pinned_h2d_upload_ab_1585.rs (/home/<user>/work/target-fandhe-ai/release/deps/pinned_h2d_upload_ab_1585-c4f4d8e155c0bd6f)

running 1 test
test pinned_h2d_upload_ab ... phase,n,bytes_mib,cold_ms,min_ms,q1_ms,median_ms,q3_ms,max_ms
pageable,1024,4.0000,7.7782,0.0812,0.0814,0.0815,0.0815,0.0820
pinned_staged,1024,4.0000,0.9717,0.1827,0.1908,0.1959,0.2010,0.2234
pageable,2048,16.0000,0.3305,0.2926,0.2931,0.2932,0.2934,0.3007
pinned_staged,2048,16.0000,3.1585,0.9140,0.9230,0.9315,0.9336,0.9485
pageable,4096,64.0000,2.6869,1.1403,1.1411,1.1415,1.1422,1.1503
pinned_staged,4096,64.0000,12.0358,3.8067,3.8164,3.8202,3.8237,3.8700
ok

test result: ok. 1 passed; 0 failed; 0 ignored; 0 measured; 0 filtered out; finished in 0.77s

=== uptime (after) ===
 12:15:57 up 19 days, 23:42,  8 users,  load average: 0.35, 0.11, 0.03
/home/<user>/work/rust-ai-library-run-1585/docs/perf/logs/cuda-h2d-pinned-staging-1585/aggregate.md
