== build bench-fandhe (pinned-h2d-toggle feature + path patch) ==
bench-fandhe sha256: 52daeaa0e325ba016d6ca1dda288e140adc947b0ce6285ea1fc5600b1a2b1400  target/release/bench-fandhe
== bench-fandhe gemm cuda size=1024 mode=fresh pinned_h2d=0 extra=none ==
{"framework":"fandhe-ai","version":"0.8.0","task":"gemm","device":"cuda","size":1024,"median_s":0.000955004,"q1_s":0.000954207,"q3_s":0.000955907,"gflops":2248.666,"checksum":-1855.597736,"warmup":20,"iters":20,"mode":"fresh","parity_total":1048576,"parity_fail_count":0,"parity_max_abs_err":0.000000e0,"parity_max_rel_err":0.000000e0,"parity_scaled_abs_bound":0.000000e0,"parity_scaled_abs_rescued":0}
== bench-fandhe gemm cuda size=1024 mode=fresh pinned_h2d=1 extra=none ==
{"framework":"fandhe-ai","version":"0.8.0","task":"gemm","device":"cuda","size":1024,"median_s":0.001807263,"q1_s":0.001401881,"q3_s":0.001903419,"gflops":1188.252,"checksum":-1855.597736,"warmup":20,"iters":20,"mode":"fresh","parity_total":1048576,"parity_fail_count":0,"parity_max_abs_err":0.000000e0,"parity_max_rel_err":0.000000e0,"parity_scaled_abs_bound":0.000000e0,"parity_scaled_abs_rescued":0,"pinned_h2d":true}
== bench-fandhe gemm cuda size=1024 mode=fresh pinned_h2d=0 extra=none ==
{"framework":"fandhe-ai","version":"0.8.0","task":"gemm","device":"cuda","size":1024,"median_s":0.000953835,"q1_s":0.000952427,"q3_s":0.000955624,"gflops":2251.420,"checksum":-1855.597736,"warmup":20,"iters":20,"mode":"fresh","parity_total":1048576,"parity_fail_count":0,"parity_max_abs_err":0.000000e0,"parity_max_rel_err":0.000000e0,"parity_scaled_abs_bound":0.000000e0,"parity_scaled_abs_rescued":0}
== bench-fandhe gemm cuda size=1024 mode=fresh pinned_h2d=1 extra=none ==
{"framework":"fandhe-ai","version":"0.8.0","task":"gemm","device":"cuda","size":1024,"median_s":0.001979040,"q1_s":0.001886444,"q3_s":0.002146156,"gflops":1085.114,"checksum":-1855.597736,"warmup":20,"iters":20,"mode":"fresh","parity_total":1048576,"parity_fail_count":0,"parity_max_abs_err":0.000000e0,"parity_max_rel_err":0.000000e0,"parity_scaled_abs_bound":0.000000e0,"parity_scaled_abs_rescued":0,"pinned_h2d":true}
== bench-fandhe gemm cuda size=1024 mode=fresh pinned_h2d=0 extra=none ==
{"framework":"fandhe-ai","version":"0.8.0","task":"gemm","device":"cuda","size":1024,"median_s":0.000953163,"q1_s":0.000946515,"q3_s":0.000956163,"gflops":2253.007,"checksum":-1855.597736,"warmup":20,"iters":20,"mode":"fresh","parity_total":1048576,"parity_fail_count":0,"parity_max_abs_err":0.000000e0,"parity_max_rel_err":0.000000e0,"parity_scaled_abs_bound":0.000000e0,"parity_scaled_abs_rescued":0}
== bench-fandhe gemm cuda size=1024 mode=fresh pinned_h2d=1 extra=none ==
{"framework":"fandhe-ai","version":"0.8.0","task":"gemm","device":"cuda","size":1024,"median_s":0.002035512,"q1_s":0.001876151,"q3_s":0.002273785,"gflops":1055.009,"checksum":-1855.597736,"warmup":20,"iters":20,"mode":"fresh","parity_total":1048576,"parity_fail_count":0,"parity_max_abs_err":0.000000e0,"parity_max_rel_err":0.000000e0,"parity_scaled_abs_bound":0.000000e0,"parity_scaled_abs_rescued":0,"pinned_h2d":true}
== bench-fandhe gemm cuda size=1024 mode=fresh pinned_h2d=0 extra=none ==
{"framework":"fandhe-ai","version":"0.8.0","task":"gemm","device":"cuda","size":1024,"median_s":0.000953395,"q1_s":0.000952504,"q3_s":0.000955615,"gflops":2252.460,"checksum":-1855.597736,"warmup":20,"iters":20,"mode":"fresh","parity_total":1048576,"parity_fail_count":0,"parity_max_abs_err":0.000000e0,"parity_max_rel_err":0.000000e0,"parity_scaled_abs_bound":0.000000e0,"parity_scaled_abs_rescued":0}
== bench-fandhe gemm cuda size=1024 mode=fresh pinned_h2d=1 extra=none ==
{"framework":"fandhe-ai","version":"0.8.0","task":"gemm","device":"cuda","size":1024,"median_s":0.001759462,"q1_s":0.001622394,"q3_s":0.002170453,"gflops":1220.534,"checksum":-1855.597736,"warmup":20,"iters":20,"mode":"fresh","parity_total":1048576,"parity_fail_count":0,"parity_max_abs_err":0.000000e0,"parity_max_rel_err":0.000000e0,"parity_scaled_abs_bound":0.000000e0,"parity_scaled_abs_rescued":0,"pinned_h2d":true}
== bench-fandhe gemm cuda size=1024 mode=fresh pinned_h2d=0 extra=none ==
{"framework":"fandhe-ai","version":"0.8.0","task":"gemm","device":"cuda","size":1024,"median_s":0.000947155,"q1_s":0.000946068,"q3_s":0.000947916,"gflops":2267.299,"checksum":-1855.597736,"warmup":20,"iters":20,"mode":"fresh","parity_total":1048576,"parity_fail_count":0,"parity_max_abs_err":0.000000e0,"parity_max_rel_err":0.000000e0,"parity_scaled_abs_bound":0.000000e0,"parity_scaled_abs_rescued":0}
== bench-fandhe gemm cuda size=1024 mode=fresh pinned_h2d=1 extra=none ==
{"framework":"fandhe-ai","version":"0.8.0","task":"gemm","device":"cuda","size":1024,"median_s":0.002061231,"q1_s":0.001990539,"q3_s":0.002543409,"gflops":1041.845,"checksum":-1855.597736,"warmup":20,"iters":20,"mode":"fresh","parity_total":1048576,"parity_fail_count":0,"parity_max_abs_err":0.000000e0,"parity_max_rel_err":0.000000e0,"parity_scaled_abs_bound":0.000000e0,"parity_scaled_abs_rescued":0,"pinned_h2d":true}
== bench-fandhe gemm cuda size=1024 mode=reuse pinned_h2d=0 extra=none ==
{"framework":"fandhe-ai","version":"0.8.0","task":"gemm","device":"cuda","size":1024,"median_s":0.001989792,"q1_s":0.001861111,"q3_s":0.002111812,"gflops":1079.251,"checksum":-1855.597736,"warmup":20,"iters":20,"mode":"reuse","init_s":0.406171824,"parity_total":1048576,"parity_fail_count":0,"parity_max_abs_err":0.000000e0,"parity_max_rel_err":0.000000e0,"parity_scaled_abs_bound":0.000000e0,"parity_scaled_abs_rescued":0}
== bench-fandhe gemm cuda size=1024 mode=reuse pinned_h2d=1 extra=none ==
{"framework":"fandhe-ai","version":"0.8.0","task":"gemm","device":"cuda","size":1024,"median_s":0.002938051,"q1_s":0.002731098,"q3_s":0.003697182,"gflops":730.921,"checksum":-1855.597736,"warmup":20,"iters":20,"mode":"reuse","init_s":0.428912710,"parity_total":1048576,"parity_fail_count":0,"parity_max_abs_err":0.000000e0,"parity_max_rel_err":0.000000e0,"parity_scaled_abs_bound":0.000000e0,"parity_scaled_abs_rescued":0,"pinned_h2d":true}
== bench-fandhe gemm cuda size=1024 mode=reuse pinned_h2d=0 extra=none ==
{"framework":"fandhe-ai","version":"0.8.0","task":"gemm","device":"cuda","size":1024,"median_s":0.002165392,"q1_s":0.001938371,"q3_s":0.002215320,"gflops":991.730,"checksum":-1855.597736,"warmup":20,"iters":20,"mode":"reuse","init_s":0.404757276,"parity_total":1048576,"parity_fail_count":0,"parity_max_abs_err":0.000000e0,"parity_max_rel_err":0.000000e0,"parity_scaled_abs_bound":0.000000e0,"parity_scaled_abs_rescued":0}
== bench-fandhe gemm cuda size=1024 mode=reuse pinned_h2d=1 extra=none ==
{"framework":"fandhe-ai","version":"0.8.0","task":"gemm","device":"cuda","size":1024,"median_s":0.003359165,"q1_s":0.002960092,"q3_s":0.003587105,"gflops":639.291,"checksum":-1855.597736,"warmup":20,"iters":20,"mode":"reuse","init_s":0.412128486,"parity_total":1048576,"parity_fail_count":0,"parity_max_abs_err":0.000000e0,"parity_max_rel_err":0.000000e0,"parity_scaled_abs_bound":0.000000e0,"parity_scaled_abs_rescued":0,"pinned_h2d":true}
== bench-fandhe gemm cuda size=1024 mode=reuse pinned_h2d=0 extra=none ==
{"framework":"fandhe-ai","version":"0.8.0","task":"gemm","device":"cuda","size":1024,"median_s":0.002078471,"q1_s":0.002050351,"q3_s":0.002136304,"gflops":1033.203,"checksum":-1855.597736,"warmup":20,"iters":20,"mode":"reuse","init_s":0.421197785,"parity_total":1048576,"parity_fail_count":0,"parity_max_abs_err":0.000000e0,"parity_max_rel_err":0.000000e0,"parity_scaled_abs_bound":0.000000e0,"parity_scaled_abs_rescued":0}
== bench-fandhe gemm cuda size=1024 mode=reuse pinned_h2d=1 extra=none ==
{"framework":"fandhe-ai","version":"0.8.0","task":"gemm","device":"cuda","size":1024,"median_s":0.002948283,"q1_s":0.002740346,"q3_s":0.003298272,"gflops":728.385,"checksum":-1855.597736,"warmup":20,"iters":20,"mode":"reuse","init_s":0.411291427,"parity_total":1048576,"parity_fail_count":0,"parity_max_abs_err":0.000000e0,"parity_max_rel_err":0.000000e0,"parity_scaled_abs_bound":0.000000e0,"parity_scaled_abs_rescued":0,"pinned_h2d":true}
== bench-fandhe gemm cuda size=1024 mode=reuse pinned_h2d=0 extra=none ==
{"framework":"fandhe-ai","version":"0.8.0","task":"gemm","device":"cuda","size":1024,"median_s":0.002097048,"q1_s":0.002090456,"q3_s":0.002211520,"gflops":1024.051,"checksum":-1855.597736,"warmup":20,"iters":20,"mode":"reuse","init_s":0.404780651,"parity_total":1048576,"parity_fail_count":0,"parity_max_abs_err":0.000000e0,"parity_max_rel_err":0.000000e0,"parity_scaled_abs_bound":0.000000e0,"parity_scaled_abs_rescued":0}
== bench-fandhe gemm cuda size=1024 mode=reuse pinned_h2d=1 extra=none ==
{"framework":"fandhe-ai","version":"0.8.0","task":"gemm","device":"cuda","size":1024,"median_s":0.002730690,"q1_s":0.002518826,"q3_s":0.002800018,"gflops":786.425,"checksum":-1855.597736,"warmup":20,"iters":20,"mode":"reuse","init_s":0.407097011,"parity_total":1048576,"parity_fail_count":0,"parity_max_abs_err":0.000000e0,"parity_max_rel_err":0.000000e0,"parity_scaled_abs_bound":0.000000e0,"parity_scaled_abs_rescued":0,"pinned_h2d":true}
== bench-fandhe gemm cuda size=1024 mode=reuse pinned_h2d=0 extra=none ==
{"framework":"fandhe-ai","version":"0.8.0","task":"gemm","device":"cuda","size":1024,"median_s":0.002062904,"q1_s":0.001989695,"q3_s":0.002295440,"gflops":1041.000,"checksum":-1855.597736,"warmup":20,"iters":20,"mode":"reuse","init_s":0.416145077,"parity_total":1048576,"parity_fail_count":0,"parity_max_abs_err":0.000000e0,"parity_max_rel_err":0.000000e0,"parity_scaled_abs_bound":0.000000e0,"parity_scaled_abs_rescued":0}
== bench-fandhe gemm cuda size=1024 mode=reuse pinned_h2d=1 extra=none ==
{"framework":"fandhe-ai","version":"0.8.0","task":"gemm","device":"cuda","size":1024,"median_s":0.002848771,"q1_s":0.002710918,"q3_s":0.002958035,"gflops":753.828,"checksum":-1855.597736,"warmup":20,"iters":20,"mode":"reuse","init_s":0.412096182,"parity_total":1048576,"parity_fail_count":0,"parity_max_abs_err":0.000000e0,"parity_max_rel_err":0.000000e0,"parity_scaled_abs_bound":0.000000e0,"parity_scaled_abs_rescued":0,"pinned_h2d":true}
== bench-fandhe gemm cuda size=2048 mode=fresh pinned_h2d=0 extra=none ==
{"framework":"fandhe-ai","version":"0.8.0","task":"gemm","device":"cuda","size":2048,"median_s":0.004177031,"q1_s":0.004173731,"q3_s":0.004194424,"gflops":4112.938,"checksum":-6016.774008,"warmup":20,"iters":20,"mode":"fresh","parity_total":4194304,"parity_fail_count":0,"parity_max_abs_err":0.000000e0,"parity_max_rel_err":0.000000e0,"parity_scaled_abs_bound":0.000000e0,"parity_scaled_abs_rescued":0}
== bench-fandhe gemm cuda size=2048 mode=fresh pinned_h2d=1 extra=none ==
{"framework":"fandhe-ai","version":"0.8.0","task":"gemm","device":"cuda","size":2048,"median_s":0.006354344,"q1_s":0.005978726,"q3_s":0.006708001,"gflops":2703.642,"checksum":-6016.774008,"warmup":20,"iters":20,"mode":"fresh","parity_total":4194304,"parity_fail_count":0,"parity_max_abs_err":0.000000e0,"parity_max_rel_err":0.000000e0,"parity_scaled_abs_bound":0.000000e0,"parity_scaled_abs_rescued":0,"pinned_h2d":true}
== bench-fandhe gemm cuda size=2048 mode=fresh pinned_h2d=0 extra=none ==
{"framework":"fandhe-ai","version":"0.8.0","task":"gemm","device":"cuda","size":2048,"median_s":0.004183120,"q1_s":0.004176703,"q3_s":0.004262220,"gflops":4106.952,"checksum":-6016.774008,"warmup":20,"iters":20,"mode":"fresh","parity_total":4194304,"parity_fail_count":0,"parity_max_abs_err":0.000000e0,"parity_max_rel_err":0.000000e0,"parity_scaled_abs_bound":0.000000e0,"parity_scaled_abs_rescued":0}
== bench-fandhe gemm cuda size=2048 mode=fresh pinned_h2d=1 extra=none ==
{"framework":"fandhe-ai","version":"0.8.0","task":"gemm","device":"cuda","size":2048,"median_s":0.006455160,"q1_s":0.005974151,"q3_s":0.006552776,"gflops":2661.416,"checksum":-6016.774008,"warmup":20,"iters":20,"mode":"fresh","parity_total":4194304,"parity_fail_count":0,"parity_max_abs_err":0.000000e0,"parity_max_rel_err":0.000000e0,"parity_scaled_abs_bound":0.000000e0,"parity_scaled_abs_rescued":0,"pinned_h2d":true}
== bench-fandhe gemm cuda size=2048 mode=fresh pinned_h2d=0 extra=none ==
{"framework":"fandhe-ai","version":"0.8.0","task":"gemm","device":"cuda","size":2048,"median_s":0.004179248,"q1_s":0.004173975,"q3_s":0.004309873,"gflops":4110.757,"checksum":-6016.774008,"warmup":20,"iters":20,"mode":"fresh","parity_total":4194304,"parity_fail_count":0,"parity_max_abs_err":0.000000e0,"parity_max_rel_err":0.000000e0,"parity_scaled_abs_bound":0.000000e0,"parity_scaled_abs_rescued":0}
== bench-fandhe gemm cuda size=2048 mode=fresh pinned_h2d=1 extra=none ==
{"framework":"fandhe-ai","version":"0.8.0","task":"gemm","device":"cuda","size":2048,"median_s":0.006385768,"q1_s":0.006292867,"q3_s":0.006603533,"gflops":2690.337,"checksum":-6016.774008,"warmup":20,"iters":20,"mode":"fresh","parity_total":4194304,"parity_fail_count":0,"parity_max_abs_err":0.000000e0,"parity_max_rel_err":0.000000e0,"parity_scaled_abs_bound":0.000000e0,"parity_scaled_abs_rescued":0,"pinned_h2d":true}
== bench-fandhe gemm cuda size=2048 mode=fresh pinned_h2d=0 extra=none ==
{"framework":"fandhe-ai","version":"0.8.0","task":"gemm","device":"cuda","size":2048,"median_s":0.004177080,"q1_s":0.004173776,"q3_s":0.004179920,"gflops":4112.890,"checksum":-6016.774008,"warmup":20,"iters":20,"mode":"fresh","parity_total":4194304,"parity_fail_count":0,"parity_max_abs_err":0.000000e0,"parity_max_rel_err":0.000000e0,"parity_scaled_abs_bound":0.000000e0,"parity_scaled_abs_rescued":0}
== bench-fandhe gemm cuda size=2048 mode=fresh pinned_h2d=1 extra=none ==
{"framework":"fandhe-ai","version":"0.8.0","task":"gemm","device":"cuda","size":2048,"median_s":0.006279048,"q1_s":0.005779001,"q3_s":0.006390144,"gflops":2736.063,"checksum":-6016.774008,"warmup":20,"iters":20,"mode":"fresh","parity_total":4194304,"parity_fail_count":0,"parity_max_abs_err":0.000000e0,"parity_max_rel_err":0.000000e0,"parity_scaled_abs_bound":0.000000e0,"parity_scaled_abs_rescued":0,"pinned_h2d":true}
== bench-fandhe gemm cuda size=2048 mode=fresh pinned_h2d=0 extra=none ==
{"framework":"fandhe-ai","version":"0.8.0","task":"gemm","device":"cuda","size":2048,"median_s":0.004175376,"q1_s":0.004173672,"q3_s":0.004193672,"gflops":4114.569,"checksum":-6016.774008,"warmup":20,"iters":20,"mode":"fresh","parity_total":4194304,"parity_fail_count":0,"parity_max_abs_err":0.000000e0,"parity_max_rel_err":0.000000e0,"parity_scaled_abs_bound":0.000000e0,"parity_scaled_abs_rescued":0}
== bench-fandhe gemm cuda size=2048 mode=fresh pinned_h2d=1 extra=none ==
{"framework":"fandhe-ai","version":"0.8.0","task":"gemm","device":"cuda","size":2048,"median_s":0.006493793,"q1_s":0.006266015,"q3_s":0.006588428,"gflops":2645.583,"checksum":-6016.774008,"warmup":20,"iters":20,"mode":"fresh","parity_total":4194304,"parity_fail_count":0,"parity_max_abs_err":0.000000e0,"parity_max_rel_err":0.000000e0,"parity_scaled_abs_bound":0.000000e0,"parity_scaled_abs_rescued":0,"pinned_h2d":true}
== bench-fandhe gemm cuda size=2048 mode=reuse pinned_h2d=0 extra=none ==
{"framework":"fandhe-ai","version":"0.8.0","task":"gemm","device":"cuda","size":2048,"median_s":0.008239607,"q1_s":0.008171834,"q3_s":0.008272299,"gflops":2085.035,"checksum":-6016.774008,"warmup":20,"iters":20,"mode":"reuse","init_s":0.415373521,"parity_total":4194304,"parity_fail_count":0,"parity_max_abs_err":0.000000e0,"parity_max_rel_err":0.000000e0,"parity_scaled_abs_bound":0.000000e0,"parity_scaled_abs_rescued":0}
== bench-fandhe gemm cuda size=2048 mode=reuse pinned_h2d=1 extra=none ==
{"framework":"fandhe-ai","version":"0.8.0","task":"gemm","device":"cuda","size":2048,"median_s":0.009806980,"q1_s":0.009632464,"q3_s":0.010088602,"gflops":1751.800,"checksum":-6016.774008,"warmup":20,"iters":20,"mode":"reuse","init_s":0.424489491,"parity_total":4194304,"parity_fail_count":0,"parity_max_abs_err":0.000000e0,"parity_max_rel_err":0.000000e0,"parity_scaled_abs_bound":0.000000e0,"parity_scaled_abs_rescued":0,"pinned_h2d":true}
== bench-fandhe gemm cuda size=2048 mode=reuse pinned_h2d=0 extra=none ==
{"framework":"fandhe-ai","version":"0.8.0","task":"gemm","device":"cuda","size":2048,"median_s":0.008421776,"q1_s":0.008228943,"q3_s":0.008611865,"gflops":2039.934,"checksum":-6016.774008,"warmup":20,"iters":20,"mode":"reuse","init_s":0.414135212,"parity_total":4194304,"parity_fail_count":0,"parity_max_abs_err":0.000000e0,"parity_max_rel_err":0.000000e0,"parity_scaled_abs_bound":0.000000e0,"parity_scaled_abs_rescued":0}
== bench-fandhe gemm cuda size=2048 mode=reuse pinned_h2d=1 extra=none ==
{"framework":"fandhe-ai","version":"0.8.0","task":"gemm","device":"cuda","size":2048,"median_s":0.009855485,"q1_s":0.009443867,"q3_s":0.010380426,"gflops":1743.178,"checksum":-6016.774008,"warmup":20,"iters":20,"mode":"reuse","init_s":0.420735812,"parity_total":4194304,"parity_fail_count":0,"parity_max_abs_err":0.000000e0,"parity_max_rel_err":0.000000e0,"parity_scaled_abs_bound":0.000000e0,"parity_scaled_abs_rescued":0,"pinned_h2d":true}
== bench-fandhe gemm cuda size=2048 mode=reuse pinned_h2d=0 extra=none ==
{"framework":"fandhe-ai","version":"0.8.0","task":"gemm","device":"cuda","size":2048,"median_s":0.008343392,"q1_s":0.008274647,"q3_s":0.008459764,"gflops":2059.099,"checksum":-6016.774008,"warmup":20,"iters":20,"mode":"reuse","init_s":0.415566145,"parity_total":4194304,"parity_fail_count":0,"parity_max_abs_err":0.000000e0,"parity_max_rel_err":0.000000e0,"parity_scaled_abs_bound":0.000000e0,"parity_scaled_abs_rescued":0}
== bench-fandhe gemm cuda size=2048 mode=reuse pinned_h2d=1 extra=none ==
{"framework":"fandhe-ai","version":"0.8.0","task":"gemm","device":"cuda","size":2048,"median_s":0.010306798,"q1_s":0.009942061,"q3_s":0.010479484,"gflops":1666.848,"checksum":-6016.774008,"warmup":20,"iters":20,"mode":"reuse","init_s":0.418946750,"parity_total":4194304,"parity_fail_count":0,"parity_max_abs_err":0.000000e0,"parity_max_rel_err":0.000000e0,"parity_scaled_abs_bound":0.000000e0,"parity_scaled_abs_rescued":0,"pinned_h2d":true}
== bench-fandhe gemm cuda size=2048 mode=reuse pinned_h2d=0 extra=none ==
{"framework":"fandhe-ai","version":"0.8.0","task":"gemm","device":"cuda","size":2048,"median_s":0.008368495,"q1_s":0.008320583,"q3_s":0.008475663,"gflops":2052.922,"checksum":-6016.774008,"warmup":20,"iters":20,"mode":"reuse","init_s":0.416371619,"parity_total":4194304,"parity_fail_count":0,"parity_max_abs_err":0.000000e0,"parity_max_rel_err":0.000000e0,"parity_scaled_abs_bound":0.000000e0,"parity_scaled_abs_rescued":0}
== bench-fandhe gemm cuda size=2048 mode=reuse pinned_h2d=1 extra=none ==
{"framework":"fandhe-ai","version":"0.8.0","task":"gemm","device":"cuda","size":2048,"median_s":0.010374647,"q1_s":0.009975385,"q3_s":0.010424463,"gflops":1655.947,"checksum":-6016.774008,"warmup":20,"iters":20,"mode":"reuse","init_s":0.421439206,"parity_total":4194304,"parity_fail_count":0,"parity_max_abs_err":0.000000e0,"parity_max_rel_err":0.000000e0,"parity_scaled_abs_bound":0.000000e0,"parity_scaled_abs_rescued":0,"pinned_h2d":true}
== bench-fandhe gemm cuda size=2048 mode=reuse pinned_h2d=0 extra=none ==
{"framework":"fandhe-ai","version":"0.8.0","task":"gemm","device":"cuda","size":2048,"median_s":0.008068134,"q1_s":0.008056354,"q3_s":0.008090106,"gflops":2129.349,"checksum":-6016.774008,"warmup":20,"iters":20,"mode":"reuse","init_s":0.411594481,"parity_total":4194304,"parity_fail_count":0,"parity_max_abs_err":0.000000e0,"parity_max_rel_err":0.000000e0,"parity_scaled_abs_bound":0.000000e0,"parity_scaled_abs_rescued":0}
== bench-fandhe gemm cuda size=2048 mode=reuse pinned_h2d=1 extra=none ==
{"framework":"fandhe-ai","version":"0.8.0","task":"gemm","device":"cuda","size":2048,"median_s":0.009979774,"q1_s":0.009354243,"q3_s":0.010295254,"gflops":1721.469,"checksum":-6016.774008,"warmup":20,"iters":20,"mode":"reuse","init_s":0.416062418,"parity_total":4194304,"parity_fail_count":0,"parity_max_abs_err":0.000000e0,"parity_max_rel_err":0.000000e0,"parity_scaled_abs_bound":0.000000e0,"parity_scaled_abs_rescued":0,"pinned_h2d":true}
== bench-fandhe gemm cuda size=4096 mode=fresh pinned_h2d=0 extra=none ==
{"framework":"fandhe-ai","version":"0.8.0","task":"gemm","device":"cuda","size":4096,"median_s":0.038079670,"q1_s":0.037900670,"q3_s":0.038404747,"gflops":3609.247,"checksum":-25768.747284,"warmup":20,"iters":20,"mode":"fresh","parity_total":16777216,"parity_fail_count":0,"parity_max_abs_err":0.000000e0,"parity_max_rel_err":0.000000e0,"parity_scaled_abs_bound":0.000000e0,"parity_scaled_abs_rescued":0}
== bench-fandhe gemm cuda size=4096 mode=fresh pinned_h2d=1 extra=none ==
{"framework":"fandhe-ai","version":"0.8.0","task":"gemm","device":"cuda","size":4096,"median_s":0.046865295,"q1_s":0.046657326,"q3_s":0.047294184,"gflops":2932.638,"checksum":-25768.747284,"warmup":20,"iters":20,"mode":"fresh","parity_total":16777216,"parity_fail_count":0,"parity_max_abs_err":0.000000e0,"parity_max_rel_err":0.000000e0,"parity_scaled_abs_bound":0.000000e0,"parity_scaled_abs_rescued":0,"pinned_h2d":true}
== bench-fandhe gemm cuda size=4096 mode=fresh pinned_h2d=0 extra=none ==
{"framework":"fandhe-ai","version":"0.8.0","task":"gemm","device":"cuda","size":4096,"median_s":0.037908141,"q1_s":0.037672145,"q3_s":0.038124390,"gflops":3625.579,"checksum":-25768.747284,"warmup":20,"iters":20,"mode":"fresh","parity_total":16777216,"parity_fail_count":0,"parity_max_abs_err":0.000000e0,"parity_max_rel_err":0.000000e0,"parity_scaled_abs_bound":0.000000e0,"parity_scaled_abs_rescued":0}
== bench-fandhe gemm cuda size=4096 mode=fresh pinned_h2d=1 extra=none ==
{"framework":"fandhe-ai","version":"0.8.0","task":"gemm","device":"cuda","size":4096,"median_s":0.045139601,"q1_s":0.044753079,"q3_s":0.045719914,"gflops":3044.753,"checksum":-25768.747284,"warmup":20,"iters":20,"mode":"fresh","parity_total":16777216,"parity_fail_count":0,"parity_max_abs_err":0.000000e0,"parity_max_rel_err":0.000000e0,"parity_scaled_abs_bound":0.000000e0,"parity_scaled_abs_rescued":0,"pinned_h2d":true}
== bench-fandhe gemm cuda size=4096 mode=fresh pinned_h2d=0 extra=none ==
{"framework":"fandhe-ai","version":"0.8.0","task":"gemm","device":"cuda","size":4096,"median_s":0.038000902,"q1_s":0.037854329,"q3_s":0.038510848,"gflops":3616.729,"checksum":-25768.747284,"warmup":20,"iters":20,"mode":"fresh","parity_total":16777216,"parity_fail_count":0,"parity_max_abs_err":0.000000e0,"parity_max_rel_err":0.000000e0,"parity_scaled_abs_bound":0.000000e0,"parity_scaled_abs_rescued":0}
== bench-fandhe gemm cuda size=4096 mode=fresh pinned_h2d=1 extra=none ==
{"framework":"fandhe-ai","version":"0.8.0","task":"gemm","device":"cuda","size":4096,"median_s":0.046252316,"q1_s":0.046029552,"q3_s":0.046421153,"gflops":2971.504,"checksum":-25768.747284,"warmup":20,"iters":20,"mode":"fresh","parity_total":16777216,"parity_fail_count":0,"parity_max_abs_err":0.000000e0,"parity_max_rel_err":0.000000e0,"parity_scaled_abs_bound":0.000000e0,"parity_scaled_abs_rescued":0,"pinned_h2d":true}
== bench-fandhe gemm cuda size=4096 mode=fresh pinned_h2d=0 extra=none ==
{"framework":"fandhe-ai","version":"0.8.0","task":"gemm","device":"cuda","size":4096,"median_s":0.038166806,"q1_s":0.037914765,"q3_s":0.038300294,"gflops":3601.007,"checksum":-25768.747284,"warmup":20,"iters":20,"mode":"fresh","parity_total":16777216,"parity_fail_count":0,"parity_max_abs_err":0.000000e0,"parity_max_rel_err":0.000000e0,"parity_scaled_abs_bound":0.000000e0,"parity_scaled_abs_rescued":0}
== bench-fandhe gemm cuda size=4096 mode=fresh pinned_h2d=1 extra=none ==
{"framework":"fandhe-ai","version":"0.8.0","task":"gemm","device":"cuda","size":4096,"median_s":0.046326596,"q1_s":0.045831407,"q3_s":0.046680121,"gflops":2966.740,"checksum":-25768.747284,"warmup":20,"iters":20,"mode":"fresh","parity_total":16777216,"parity_fail_count":0,"parity_max_abs_err":0.000000e0,"parity_max_rel_err":0.000000e0,"parity_scaled_abs_bound":0.000000e0,"parity_scaled_abs_rescued":0,"pinned_h2d":true}
== bench-fandhe gemm cuda size=4096 mode=fresh pinned_h2d=0 extra=none ==
{"framework":"fandhe-ai","version":"0.8.0","task":"gemm","device":"cuda","size":4096,"median_s":0.038492439,"q1_s":0.038315726,"q3_s":0.038595548,"gflops":3570.544,"checksum":-25768.747284,"warmup":20,"iters":20,"mode":"fresh","parity_total":16777216,"parity_fail_count":0,"parity_max_abs_err":0.000000e0,"parity_max_rel_err":0.000000e0,"parity_scaled_abs_bound":0.000000e0,"parity_scaled_abs_rescued":0}
== bench-fandhe gemm cuda size=4096 mode=fresh pinned_h2d=1 extra=none ==
{"framework":"fandhe-ai","version":"0.8.0","task":"gemm","device":"cuda","size":4096,"median_s":0.046502885,"q1_s":0.046396928,"q3_s":0.046594654,"gflops":2955.493,"checksum":-25768.747284,"warmup":20,"iters":20,"mode":"fresh","parity_total":16777216,"parity_fail_count":0,"parity_max_abs_err":0.000000e0,"parity_max_rel_err":0.000000e0,"parity_scaled_abs_bound":0.000000e0,"parity_scaled_abs_rescued":0,"pinned_h2d":true}
== bench-fandhe gemm cuda size=4096 mode=reuse pinned_h2d=0 extra=none ==
{"framework":"fandhe-ai","version":"0.8.0","task":"gemm","device":"cuda","size":4096,"median_s":0.033578012,"q1_s":0.033005895,"q3_s":0.034042758,"gflops":4093.124,"checksum":-25768.747284,"warmup":20,"iters":20,"mode":"reuse","init_s":0.452215890,"parity_total":16777216,"parity_fail_count":0,"parity_max_abs_err":0.000000e0,"parity_max_rel_err":0.000000e0,"parity_scaled_abs_bound":0.000000e0,"parity_scaled_abs_rescued":0}
== bench-fandhe gemm cuda size=4096 mode=reuse pinned_h2d=1 extra=none ==
{"framework":"fandhe-ai","version":"0.8.0","task":"gemm","device":"cuda","size":4096,"median_s":0.045945627,"q1_s":0.045437193,"q3_s":0.046306956,"gflops":2991.339,"checksum":-25768.747284,"warmup":20,"iters":20,"mode":"reuse","init_s":0.464258447,"parity_total":16777216,"parity_fail_count":0,"parity_max_abs_err":0.000000e0,"parity_max_rel_err":0.000000e0,"parity_scaled_abs_bound":0.000000e0,"parity_scaled_abs_rescued":0,"pinned_h2d":true}
== bench-fandhe gemm cuda size=4096 mode=reuse pinned_h2d=0 extra=none ==
{"framework":"fandhe-ai","version":"0.8.0","task":"gemm","device":"cuda","size":4096,"median_s":0.037737316,"q1_s":0.037179022,"q3_s":0.038234462,"gflops":3641.991,"checksum":-25768.747284,"warmup":20,"iters":20,"mode":"reuse","init_s":0.457511125,"parity_total":16777216,"parity_fail_count":0,"parity_max_abs_err":0.000000e0,"parity_max_rel_err":0.000000e0,"parity_scaled_abs_bound":0.000000e0,"parity_scaled_abs_rescued":0}
== bench-fandhe gemm cuda size=4096 mode=reuse pinned_h2d=1 extra=none ==
{"framework":"fandhe-ai","version":"0.8.0","task":"gemm","device":"cuda","size":4096,"median_s":0.045708890,"q1_s":0.045429041,"q3_s":0.046012819,"gflops":3006.832,"checksum":-25768.747284,"warmup":20,"iters":20,"mode":"reuse","init_s":0.461940293,"parity_total":16777216,"parity_fail_count":0,"parity_max_abs_err":0.000000e0,"parity_max_rel_err":0.000000e0,"parity_scaled_abs_bound":0.000000e0,"parity_scaled_abs_rescued":0,"pinned_h2d":true}
== bench-fandhe gemm cuda size=4096 mode=reuse pinned_h2d=0 extra=none ==
{"framework":"fandhe-ai","version":"0.8.0","task":"gemm","device":"cuda","size":4096,"median_s":0.034432576,"q1_s":0.033885258,"q3_s":0.035344595,"gflops":3991.539,"checksum":-25768.747284,"warmup":20,"iters":20,"mode":"reuse","init_s":0.463033816,"parity_total":16777216,"parity_fail_count":0,"parity_max_abs_err":0.000000e0,"parity_max_rel_err":0.000000e0,"parity_scaled_abs_bound":0.000000e0,"parity_scaled_abs_rescued":0}
== bench-fandhe gemm cuda size=4096 mode=reuse pinned_h2d=1 extra=none ==
{"framework":"fandhe-ai","version":"0.8.0","task":"gemm","device":"cuda","size":4096,"median_s":0.045965106,"q1_s":0.045775214,"q3_s":0.046185935,"gflops":2990.072,"checksum":-25768.747284,"warmup":20,"iters":20,"mode":"reuse","init_s":0.466895845,"parity_total":16777216,"parity_fail_count":0,"parity_max_abs_err":0.000000e0,"parity_max_rel_err":0.000000e0,"parity_scaled_abs_bound":0.000000e0,"parity_scaled_abs_rescued":0,"pinned_h2d":true}
== bench-fandhe gemm cuda size=4096 mode=reuse pinned_h2d=0 extra=none ==
{"framework":"fandhe-ai","version":"0.8.0","task":"gemm","device":"cuda","size":4096,"median_s":0.038739240,"q1_s":0.038559271,"q3_s":0.038826696,"gflops":3547.797,"checksum":-25768.747284,"warmup":20,"iters":20,"mode":"reuse","init_s":0.449701045,"parity_total":16777216,"parity_fail_count":0,"parity_max_abs_err":0.000000e0,"parity_max_rel_err":0.000000e0,"parity_scaled_abs_bound":0.000000e0,"parity_scaled_abs_rescued":0}
== bench-fandhe gemm cuda size=4096 mode=reuse pinned_h2d=1 extra=none ==
{"framework":"fandhe-ai","version":"0.8.0","task":"gemm","device":"cuda","size":4096,"median_s":0.045447993,"q1_s":0.044729714,"q3_s":0.046026371,"gflops":3024.093,"checksum":-25768.747284,"warmup":20,"iters":20,"mode":"reuse","init_s":0.464460987,"parity_total":16777216,"parity_fail_count":0,"parity_max_abs_err":0.000000e0,"parity_max_rel_err":0.000000e0,"parity_scaled_abs_bound":0.000000e0,"parity_scaled_abs_rescued":0,"pinned_h2d":true}
== bench-fandhe gemm cuda size=4096 mode=reuse pinned_h2d=0 extra=none ==
{"framework":"fandhe-ai","version":"0.8.0","task":"gemm","device":"cuda","size":4096,"median_s":0.038372086,"q1_s":0.036659592,"q3_s":0.038765223,"gflops":3581.743,"checksum":-25768.747284,"warmup":20,"iters":20,"mode":"reuse","init_s":0.453242593,"parity_total":16777216,"parity_fail_count":0,"parity_max_abs_err":0.000000e0,"parity_max_rel_err":0.000000e0,"parity_scaled_abs_bound":0.000000e0,"parity_scaled_abs_rescued":0}
== bench-fandhe gemm cuda size=4096 mode=reuse pinned_h2d=1 extra=none ==
{"framework":"fandhe-ai","version":"0.8.0","task":"gemm","device":"cuda","size":4096,"median_s":0.045988138,"q1_s":0.045485677,"q3_s":0.046160027,"gflops":2988.574,"checksum":-25768.747284,"warmup":20,"iters":20,"mode":"reuse","init_s":0.467701974,"parity_total":16777216,"parity_fail_count":0,"parity_max_abs_err":0.000000e0,"parity_max_rel_err":0.000000e0,"parity_scaled_abs_bound":0.000000e0,"parity_scaled_abs_rescued":0,"pinned_h2d":true}
== bench-fandhe train cuda size=64 mode=fresh pinned_h2d=0 extra=none ==
{"framework":"fandhe-ai","version":"0.8.0","task":"train","device":"cuda","size":64,"median_s":0.000529074,"q1_s":0.000516686,"q3_s":0.000551902,"checksum":0.080541,"warmup":20,"iters":80,"mode":"fresh"}
== bench-fandhe train cuda size=64 mode=fresh pinned_h2d=1 extra=none ==
{"framework":"fandhe-ai","version":"0.8.0","task":"train","device":"cuda","size":64,"median_s":0.000564634,"q1_s":0.000555058,"q3_s":0.000574822,"checksum":0.080541,"warmup":20,"iters":80,"mode":"fresh","pinned_h2d":true}
== bench-fandhe train cuda size=64 mode=fresh pinned_h2d=0 extra=none ==
{"framework":"fandhe-ai","version":"0.8.0","task":"train","device":"cuda","size":64,"median_s":0.000535066,"q1_s":0.000530490,"q3_s":0.000542966,"checksum":0.080541,"warmup":20,"iters":80,"mode":"fresh"}
== bench-fandhe train cuda size=64 mode=fresh pinned_h2d=1 extra=none ==
{"framework":"fandhe-ai","version":"0.8.0","task":"train","device":"cuda","size":64,"median_s":0.000561210,"q1_s":0.000555206,"q3_s":0.000570562,"checksum":0.080541,"warmup":20,"iters":80,"mode":"fresh","pinned_h2d":true}
== bench-fandhe train cuda size=64 mode=fresh pinned_h2d=0 extra=none ==
{"framework":"fandhe-ai","version":"0.8.0","task":"train","device":"cuda","size":64,"median_s":0.000534354,"q1_s":0.000514414,"q3_s":0.000544982,"checksum":0.080541,"warmup":20,"iters":80,"mode":"fresh"}
== bench-fandhe train cuda size=64 mode=fresh pinned_h2d=1 extra=none ==
{"framework":"fandhe-ai","version":"0.8.0","task":"train","device":"cuda","size":64,"median_s":0.000555850,"q1_s":0.000551666,"q3_s":0.000560286,"checksum":0.080541,"warmup":20,"iters":80,"mode":"fresh","pinned_h2d":true}
== bench-fandhe train cuda size=64 mode=fresh pinned_h2d=0 extra=none ==
{"framework":"fandhe-ai","version":"0.8.0","task":"train","device":"cuda","size":64,"median_s":0.000530002,"q1_s":0.000521490,"q3_s":0.000539410,"checksum":0.080541,"warmup":20,"iters":80,"mode":"fresh"}
== bench-fandhe train cuda size=64 mode=fresh pinned_h2d=1 extra=none ==
{"framework":"fandhe-ai","version":"0.8.0","task":"train","device":"cuda","size":64,"median_s":0.000562890,"q1_s":0.000548974,"q3_s":0.000568150,"checksum":0.080541,"warmup":20,"iters":80,"mode":"fresh","pinned_h2d":true}
== bench-fandhe train cuda size=64 mode=fresh pinned_h2d=0 extra=none ==
{"framework":"fandhe-ai","version":"0.8.0","task":"train","device":"cuda","size":64,"median_s":0.000526082,"q1_s":0.000518958,"q3_s":0.000543386,"checksum":0.080541,"warmup":20,"iters":80,"mode":"fresh"}
== bench-fandhe train cuda size=64 mode=fresh pinned_h2d=1 extra=none ==
{"framework":"fandhe-ai","version":"0.8.0","task":"train","device":"cuda","size":64,"median_s":0.000561562,"q1_s":0.000554642,"q3_s":0.000565606,"checksum":0.080541,"warmup":20,"iters":80,"mode":"fresh","pinned_h2d":true}
== bench-fandhe train cuda size=64 mode=reuse pinned_h2d=0 extra=none ==
{"framework":"fandhe-ai","version":"0.8.0","task":"train","device":"cuda","size":64,"median_s":0.000314034,"q1_s":0.000312501,"q3_s":0.000315505,"checksum":0.080541,"warmup":20,"iters":80,"mode":"reuse","init_s":0.220623762}
== bench-fandhe train cuda size=64 mode=reuse pinned_h2d=1 extra=none ==
{"framework":"fandhe-ai","version":"0.8.0","task":"train","device":"cuda","size":64,"median_s":0.000329377,"q1_s":0.000326653,"q3_s":0.000332033,"checksum":0.080541,"warmup":20,"iters":80,"mode":"reuse","init_s":0.205474794,"pinned_h2d":true}
== bench-fandhe train cuda size=64 mode=reuse pinned_h2d=0 extra=none ==
{"framework":"fandhe-ai","version":"0.8.0","task":"train","device":"cuda","size":64,"median_s":0.000313705,"q1_s":0.000312234,"q3_s":0.000316585,"checksum":0.080541,"warmup":20,"iters":80,"mode":"reuse","init_s":0.223139115}
== bench-fandhe train cuda size=64 mode=reuse pinned_h2d=1 extra=none ==
{"framework":"fandhe-ai","version":"0.8.0","task":"train","device":"cuda","size":64,"median_s":0.000330601,"q1_s":0.000328342,"q3_s":0.000335361,"checksum":0.080541,"warmup":20,"iters":80,"mode":"reuse","init_s":0.222839418,"pinned_h2d":true}
== bench-fandhe train cuda size=64 mode=reuse pinned_h2d=0 extra=none ==
{"framework":"fandhe-ai","version":"0.8.0","task":"train","device":"cuda","size":64,"median_s":0.000313489,"q1_s":0.000311525,"q3_s":0.000315405,"checksum":0.080541,"warmup":20,"iters":80,"mode":"reuse","init_s":0.222025462}
== bench-fandhe train cuda size=64 mode=reuse pinned_h2d=1 extra=none ==
{"framework":"fandhe-ai","version":"0.8.0","task":"train","device":"cuda","size":64,"median_s":0.000328305,"q1_s":0.000326386,"q3_s":0.000333025,"checksum":0.080541,"warmup":20,"iters":80,"mode":"reuse","init_s":0.220933026,"pinned_h2d":true}
== bench-fandhe train cuda size=64 mode=reuse pinned_h2d=0 extra=none ==
{"framework":"fandhe-ai","version":"0.8.0","task":"train","device":"cuda","size":64,"median_s":0.000313649,"q1_s":0.000312049,"q3_s":0.000315537,"checksum":0.080541,"warmup":20,"iters":80,"mode":"reuse","init_s":0.220089567}
== bench-fandhe train cuda size=64 mode=reuse pinned_h2d=1 extra=none ==
{"framework":"fandhe-ai","version":"0.8.0","task":"train","device":"cuda","size":64,"median_s":0.000333289,"q1_s":0.000330105,"q3_s":0.000338649,"checksum":0.080541,"warmup":20,"iters":80,"mode":"reuse","init_s":0.220975427,"pinned_h2d":true}
== bench-fandhe train cuda size=64 mode=reuse pinned_h2d=0 extra=none ==
{"framework":"fandhe-ai","version":"0.8.0","task":"train","device":"cuda","size":64,"median_s":0.000316433,"q1_s":0.000314889,"q3_s":0.000318481,"checksum":0.080541,"warmup":20,"iters":80,"mode":"reuse","init_s":0.221417972}
== bench-fandhe train cuda size=64 mode=reuse pinned_h2d=1 extra=none ==
{"framework":"fandhe-ai","version":"0.8.0","task":"train","device":"cuda","size":64,"median_s":0.000330945,"q1_s":0.000327405,"q3_s":0.000334169,"checksum":0.080541,"warmup":20,"iters":80,"mode":"reuse","init_s":0.222033079,"pinned_h2d":true}
== bench-fandhe infer cuda size=64 mode=reuse pinned_h2d=0 extra=none ==
{"framework":"fandhe-ai","version":"0.8.0","task":"infer","device":"cuda","size":64,"median_s":0.000099137,"q1_s":0.000099004,"q3_s":0.000100064,"throughput_per_s":10087.051,"checksum":13.976574,"warmup":20,"iters":20,"mode":"reuse","init_s":0.222244072}
== bench-fandhe infer cuda size=64 mode=reuse pinned_h2d=1 extra=none ==
{"framework":"fandhe-ai","version":"0.8.0","task":"infer","device":"cuda","size":64,"median_s":0.000095009,"q1_s":0.000094048,"q3_s":0.000095937,"throughput_per_s":10525.319,"checksum":13.976574,"warmup":20,"iters":20,"mode":"reuse","init_s":0.222306792,"pinned_h2d":true}
== bench-fandhe infer cuda size=64 mode=reuse pinned_h2d=0 extra=none ==
{"framework":"fandhe-ai","version":"0.8.0","task":"infer","device":"cuda","size":64,"median_s":0.000100056,"q1_s":0.000099964,"q3_s":0.000100105,"throughput_per_s":9994.353,"checksum":13.976574,"warmup":20,"iters":20,"mode":"reuse","init_s":0.221225443}
== bench-fandhe infer cuda size=64 mode=reuse pinned_h2d=1 extra=none ==
{"framework":"fandhe-ai","version":"0.8.0","task":"infer","device":"cuda","size":64,"median_s":0.000095400,"q1_s":0.000094785,"q3_s":0.000095808,"throughput_per_s":10482.180,"checksum":13.976574,"warmup":20,"iters":20,"mode":"reuse","init_s":0.223329163,"pinned_h2d":true}
== bench-fandhe infer cuda size=64 mode=reuse pinned_h2d=0 extra=none ==
{"framework":"fandhe-ai","version":"0.8.0","task":"infer","device":"cuda","size":64,"median_s":0.000099169,"q1_s":0.000099052,"q3_s":0.000099444,"throughput_per_s":10083.847,"checksum":13.976574,"warmup":20,"iters":20,"mode":"reuse","init_s":0.221775974}
== bench-fandhe infer cuda size=64 mode=reuse pinned_h2d=1 extra=none ==
{"framework":"fandhe-ai","version":"0.8.0","task":"infer","device":"cuda","size":64,"median_s":0.000095584,"q1_s":0.000094856,"q3_s":0.000095944,"throughput_per_s":10462.002,"checksum":13.976574,"warmup":20,"iters":20,"mode":"reuse","init_s":0.221476292,"pinned_h2d":true}
== bench-fandhe infer cuda size=64 mode=reuse pinned_h2d=0 extra=none ==
{"framework":"fandhe-ai","version":"0.8.0","task":"infer","device":"cuda","size":64,"median_s":0.000099048,"q1_s":0.000098821,"q3_s":0.000099133,"throughput_per_s":10096.064,"checksum":13.976574,"warmup":20,"iters":20,"mode":"reuse","init_s":0.221979926}
== bench-fandhe infer cuda size=64 mode=reuse pinned_h2d=1 extra=none ==
{"framework":"fandhe-ai","version":"0.8.0","task":"infer","device":"cuda","size":64,"median_s":0.000094808,"q1_s":0.000093865,"q3_s":0.000095084,"throughput_per_s":10547.577,"checksum":13.976574,"warmup":20,"iters":20,"mode":"reuse","init_s":0.221635877,"pinned_h2d":true}
== bench-fandhe infer cuda size=64 mode=reuse pinned_h2d=0 extra=none ==
{"framework":"fandhe-ai","version":"0.8.0","task":"infer","device":"cuda","size":64,"median_s":0.000098992,"q1_s":0.000098828,"q3_s":0.000099124,"throughput_per_s":10101.826,"checksum":13.976574,"warmup":20,"iters":20,"mode":"reuse","init_s":0.224939457}
== bench-fandhe infer cuda size=64 mode=reuse pinned_h2d=1 extra=none ==
{"framework":"fandhe-ai","version":"0.8.0","task":"infer","device":"cuda","size":64,"median_s":0.000094985,"q1_s":0.000094820,"q3_s":0.000095808,"throughput_per_s":10528.034,"checksum":13.976574,"warmup":20,"iters":20,"mode":"reuse","init_s":0.223557196,"pinned_h2d":true}
== bench-fandhe train cuda size=64 mode=fresh pinned_h2d=0 extra=--phases ==
{"framework":"fandhe-ai","version":"0.8.0","task":"train_phases","device":"cuda","size":64,"median_s":0.000003464,"q1_s":0.000003376,"q3_s":0.000003668,"checksum":0.080541,"warmup":20,"iters":80,"mode":"fresh","phase":"tape_build","phase_index":0}
{"framework":"fandhe-ai","version":"0.8.0","task":"train_phases","device":"cuda","size":64,"median_s":0.000001608,"q1_s":0.000001128,"q3_s":0.000002000,"checksum":0.080541,"warmup":20,"iters":80,"mode":"fresh","phase":"leaf_register","phase_index":1}
{"framework":"fandhe-ai","version":"0.8.0","task":"train_phases","device":"cuda","size":64,"median_s":0.000175497,"q1_s":0.000173704,"q3_s":0.000180952,"checksum":0.080541,"warmup":20,"iters":80,"mode":"fresh","phase":"forward","phase_index":2}
{"framework":"fandhe-ai","version":"0.8.0","task":"train_phases","device":"cuda","size":64,"median_s":0.000000032,"q1_s":0.000000032,"q3_s":0.000000048,"checksum":0.080541,"warmup":20,"iters":80,"mode":"fresh","phase":"loss_readout","phase_index":3}
{"framework":"fandhe-ai","version":"0.8.0","task":"train_phases","device":"cuda","size":64,"median_s":0.000215009,"q1_s":0.000203181,"q3_s":0.000216949,"checksum":0.080541,"warmup":20,"iters":80,"mode":"fresh","phase":"backward","phase_index":4}
{"framework":"fandhe-ai","version":"0.8.0","task":"train_phases","device":"cuda","size":64,"median_s":0.000088136,"q1_s":0.000073176,"q3_s":0.000099320,"checksum":0.080541,"warmup":20,"iters":80,"mode":"fresh","phase":"param_readout","phase_index":5}
{"framework":"fandhe-ai","version":"0.8.0","task":"train_phases","device":"cuda","size":64,"median_s":0.000054328,"q1_s":0.000048692,"q3_s":0.000066416,"checksum":0.080541,"warmup":20,"iters":80,"mode":"fresh","phase":"host_sgd","phase_index":6}
{"framework":"fandhe-ai","version":"0.8.0","task":"train_phases","device":"cuda","size":64,"median_s":0.000000304,"q1_s":0.000000288,"q3_s":0.000000324,"checksum":0.080541,"warmup":20,"iters":80,"mode":"fresh","phase":"apply_params","phase_index":7}
{"framework":"fandhe-ai","version":"0.8.0","task":"train_phases","device":"cuda","size":64,"median_s":0.000002344,"q1_s":0.000002220,"q3_s":0.000002528,"checksum":0.080541,"warmup":20,"iters":80,"mode":"fresh","phase":"tape_drop","phase_index":8}
{"framework":"fandhe-ai","version":"0.8.0","task":"train_phases","device":"cuda","size":64,"median_s":0.000543130,"q1_s":0.000517782,"q3_s":0.000561742,"checksum":0.080541,"warmup":20,"iters":80,"mode":"fresh","phase":"step_total","phase_index":9}
== bench-fandhe train cuda size=64 mode=fresh pinned_h2d=1 extra=--phases ==
{"framework":"fandhe-ai","version":"0.8.0","task":"train_phases","device":"cuda","size":64,"median_s":0.000003832,"q1_s":0.000003664,"q3_s":0.000004028,"checksum":0.080541,"warmup":20,"iters":80,"mode":"fresh","pinned_h2d":true,"phase":"tape_build","phase_index":0}
{"framework":"fandhe-ai","version":"0.8.0","task":"train_phases","device":"cuda","size":64,"median_s":0.000001680,"q1_s":0.000001148,"q3_s":0.000001812,"checksum":0.080541,"warmup":20,"iters":80,"mode":"fresh","pinned_h2d":true,"phase":"leaf_register","phase_index":1}
{"framework":"fandhe-ai","version":"0.8.0","task":"train_phases","device":"cuda","size":64,"median_s":0.000208600,"q1_s":0.000206716,"q3_s":0.000210941,"checksum":0.080541,"warmup":20,"iters":80,"mode":"fresh","pinned_h2d":true,"phase":"forward","phase_index":2}
{"framework":"fandhe-ai","version":"0.8.0","task":"train_phases","device":"cuda","size":64,"median_s":0.000000032,"q1_s":0.000000032,"q3_s":0.000000048,"checksum":0.080541,"warmup":20,"iters":80,"mode":"fresh","pinned_h2d":true,"phase":"loss_readout","phase_index":3}
{"framework":"fandhe-ai","version":"0.8.0","task":"train_phases","device":"cuda","size":64,"median_s":0.000223961,"q1_s":0.000218177,"q3_s":0.000237697,"checksum":0.080541,"warmup":20,"iters":80,"mode":"fresh","pinned_h2d":true,"phase":"backward","phase_index":4}
{"framework":"fandhe-ai","version":"0.8.0","task":"train_phases","device":"cuda","size":64,"median_s":0.000053688,"q1_s":0.000053296,"q3_s":0.000054016,"checksum":0.080541,"warmup":20,"iters":80,"mode":"fresh","pinned_h2d":true,"phase":"param_readout","phase_index":5}
{"framework":"fandhe-ai","version":"0.8.0","task":"train_phases","device":"cuda","size":64,"median_s":0.000061576,"q1_s":0.000052964,"q3_s":0.000066153,"checksum":0.080541,"warmup":20,"iters":80,"mode":"fresh","pinned_h2d":true,"phase":"host_sgd","phase_index":6}
{"framework":"fandhe-ai","version":"0.8.0","task":"train_phases","device":"cuda","size":64,"median_s":0.000000328,"q1_s":0.000000304,"q3_s":0.000000352,"checksum":0.080541,"warmup":20,"iters":80,"mode":"fresh","pinned_h2d":true,"phase":"apply_params","phase_index":7}
{"framework":"fandhe-ai","version":"0.8.0","task":"train_phases","device":"cuda","size":64,"median_s":0.000002128,"q1_s":0.000002044,"q3_s":0.000002260,"checksum":0.080541,"warmup":20,"iters":80,"mode":"fresh","pinned_h2d":true,"phase":"tape_drop","phase_index":8}
{"framework":"fandhe-ai","version":"0.8.0","task":"train_phases","device":"cuda","size":64,"median_s":0.000558018,"q1_s":0.000552738,"q3_s":0.000565174,"checksum":0.080541,"warmup":20,"iters":80,"mode":"fresh","pinned_h2d":true,"phase":"step_total","phase_index":9}
== bench-fandhe train cuda size=64 mode=reuse pinned_h2d=0 extra=--phases ==
{"framework":"fandhe-ai","version":"0.8.0","task":"train_phases","device":"cuda","size":64,"median_s":0.000002544,"q1_s":0.000002492,"q3_s":0.000002584,"checksum":0.080541,"warmup":20,"iters":80,"mode":"reuse","init_s":0.221625813,"phase":"tape_build","phase_index":0}
{"framework":"fandhe-ai","version":"0.8.0","task":"train_phases","device":"cuda","size":64,"median_s":0.000000272,"q1_s":0.000000268,"q3_s":0.000000304,"checksum":0.080541,"warmup":20,"iters":80,"mode":"reuse","init_s":0.221625813,"phase":"leaf_register","phase_index":1}
{"framework":"fandhe-ai","version":"0.8.0","task":"train_phases","device":"cuda","size":64,"median_s":0.000156121,"q1_s":0.000155100,"q3_s":0.000157273,"checksum":0.080541,"warmup":20,"iters":80,"mode":"reuse","init_s":0.221625813,"phase":"forward_resident","phase_index":2}
{"framework":"fandhe-ai","version":"0.8.0","task":"train_phases","device":"cuda","size":64,"median_s":0.000000032,"q1_s":0.000000032,"q3_s":0.000000048,"checksum":0.080541,"warmup":20,"iters":80,"mode":"reuse","init_s":0.221625813,"phase":"loss_readout","phase_index":3}
{"framework":"fandhe-ai","version":"0.8.0","task":"train_phases","device":"cuda","size":64,"median_s":0.000148521,"q1_s":0.000146897,"q3_s":0.000149997,"checksum":0.080541,"warmup":20,"iters":80,"mode":"reuse","init_s":0.221625813,"phase":"backward","phase_index":4}
{"framework":"fandhe-ai","version":"0.8.0","task":"train_phases","device":"cuda","size":64,"median_s":0.000008272,"q1_s":0.000008224,"q3_s":0.000008320,"checksum":0.080541,"warmup":20,"iters":80,"mode":"reuse","init_s":0.221625813,"phase":"device_update","phase_index":5}
{"framework":"fandhe-ai","version":"0.8.0","task":"train_phases","device":"cuda","size":64,"median_s":0.000000928,"q1_s":0.000000864,"q3_s":0.000000960,"checksum":0.080541,"warmup":20,"iters":80,"mode":"reuse","init_s":0.221625813,"phase":"tape_drop","phase_index":6}
{"framework":"fandhe-ai","version":"0.8.0","task":"train_phases","device":"cuda","size":64,"median_s":0.000316826,"q1_s":0.000314409,"q3_s":0.000319249,"checksum":0.080541,"warmup":20,"iters":80,"mode":"reuse","init_s":0.221625813,"phase":"step_total","phase_index":7}
== bench-fandhe train cuda size=64 mode=reuse pinned_h2d=1 extra=--phases ==
{"framework":"fandhe-ai","version":"0.8.0","task":"train_phases","device":"cuda","size":64,"median_s":0.000002528,"q1_s":0.000002448,"q3_s":0.000002612,"checksum":0.080541,"warmup":20,"iters":80,"mode":"reuse","init_s":0.222410392,"pinned_h2d":true,"phase":"tape_build","phase_index":0}
{"framework":"fandhe-ai","version":"0.8.0","task":"train_phases","device":"cuda","size":64,"median_s":0.000000272,"q1_s":0.000000256,"q3_s":0.000000288,"checksum":0.080541,"warmup":20,"iters":80,"mode":"reuse","init_s":0.222410392,"pinned_h2d":true,"phase":"leaf_register","phase_index":1}
{"framework":"fandhe-ai","version":"0.8.0","task":"train_phases","device":"cuda","size":64,"median_s":0.000162601,"q1_s":0.000161001,"q3_s":0.000163801,"checksum":0.080541,"warmup":20,"iters":80,"mode":"reuse","init_s":0.222410392,"pinned_h2d":true,"phase":"forward_resident","phase_index":2}
{"framework":"fandhe-ai","version":"0.8.0","task":"train_phases","device":"cuda","size":64,"median_s":0.000000032,"q1_s":0.000000032,"q3_s":0.000000048,"checksum":0.080541,"warmup":20,"iters":80,"mode":"reuse","init_s":0.222410392,"pinned_h2d":true,"phase":"loss_readout","phase_index":3}
{"framework":"fandhe-ai","version":"0.8.0","task":"train_phases","device":"cuda","size":64,"median_s":0.000154513,"q1_s":0.000153160,"q3_s":0.000156528,"checksum":0.080541,"warmup":20,"iters":80,"mode":"reuse","init_s":0.222410392,"pinned_h2d":true,"phase":"backward","phase_index":4}
{"framework":"fandhe-ai","version":"0.8.0","task":"train_phases","device":"cuda","size":64,"median_s":0.000013352,"q1_s":0.000012684,"q3_s":0.000013844,"checksum":0.080541,"warmup":20,"iters":80,"mode":"reuse","init_s":0.222410392,"pinned_h2d":true,"phase":"device_update","phase_index":5}
{"framework":"fandhe-ai","version":"0.8.0","task":"train_phases","device":"cuda","size":64,"median_s":0.000000816,"q1_s":0.000000780,"q3_s":0.000000832,"checksum":0.080541,"warmup":20,"iters":80,"mode":"reuse","init_s":0.222410392,"pinned_h2d":true,"phase":"tape_drop","phase_index":6}
{"framework":"fandhe-ai","version":"0.8.0","task":"train_phases","device":"cuda","size":64,"median_s":0.000334602,"q1_s":0.000332485,"q3_s":0.000336909,"checksum":0.080541,"warmup":20,"iters":80,"mode":"reuse","init_s":0.222410392,"pinned_h2d":true,"phase":"step_total","phase_index":7}
== bench-fandhe gemm cuda size=4096 mode=reuse pinned_h2d=0 extra=--phases ==
{"framework":"fandhe-ai","version":"0.8.0","task":"gemm_phases","device":"cuda","size":4096,"median_s":0.029976151,"q1_s":0.029680530,"q3_s":0.030095124,"checksum":-25768.747284,"warmup":19,"iters":20,"mode":"reuse","init_s":0.452675084,"parity_total":16777216,"parity_fail_count":0,"parity_max_abs_err":0.000000e0,"parity_max_rel_err":0.000000e0,"parity_scaled_abs_bound":0.000000e0,"parity_scaled_abs_rescued":0,"phase":"matmul","phase_index":0}
{"framework":"fandhe-ai","version":"0.8.0","task":"gemm_phases","device":"cuda","size":4096,"median_s":0.000000616,"q1_s":0.000000560,"q3_s":0.000000656,"checksum":-25768.747284,"warmup":19,"iters":20,"mode":"reuse","init_s":0.452675084,"parity_total":16777216,"parity_fail_count":0,"parity_max_abs_err":0.000000e0,"parity_max_rel_err":0.000000e0,"parity_scaled_abs_bound":0.000000e0,"parity_scaled_abs_rescued":0,"phase":"to_tensor","phase_index":1}
{"framework":"fandhe-ai","version":"0.8.0","task":"gemm_phases","device":"cuda","size":4096,"median_s":0.000000256,"q1_s":0.000000192,"q3_s":0.000000304,"checksum":-25768.747284,"warmup":19,"iters":20,"mode":"reuse","init_s":0.452675084,"parity_total":16777216,"parity_fail_count":0,"parity_max_abs_err":0.000000e0,"parity_max_rel_err":0.000000e0,"parity_scaled_abs_bound":0.000000e0,"parity_scaled_abs_rescued":0,"phase":"host_copy","phase_index":2}
{"framework":"fandhe-ai","version":"0.8.0","task":"gemm_phases","device":"cuda","size":4096,"median_s":0.008646672,"q1_s":0.008645408,"q3_s":0.008648888,"checksum":-25768.747284,"warmup":19,"iters":20,"mode":"reuse","init_s":0.452675084,"parity_total":16777216,"parity_fail_count":0,"parity_max_abs_err":0.000000e0,"parity_max_rel_err":0.000000e0,"parity_scaled_abs_bound":0.000000e0,"parity_scaled_abs_rescued":0,"phase":"checksum","phase_index":3}
{"framework":"fandhe-ai","version":"0.8.0","task":"gemm_phases","device":"cuda","size":4096,"median_s":0.038629655,"q1_s":0.038324474,"q3_s":0.038746956,"checksum":-25768.747284,"warmup":19,"iters":20,"mode":"reuse","init_s":0.452675084,"parity_total":16777216,"parity_fail_count":0,"parity_max_abs_err":0.000000e0,"parity_max_rel_err":0.000000e0,"parity_scaled_abs_bound":0.000000e0,"parity_scaled_abs_rescued":0,"phase":"iter_total","phase_index":4}
== bench-fandhe gemm cuda size=4096 mode=reuse pinned_h2d=1 extra=--phases ==
{"framework":"fandhe-ai","version":"0.8.0","task":"gemm_phases","device":"cuda","size":4096,"median_s":0.037144938,"q1_s":0.036733016,"q3_s":0.037460163,"checksum":-25768.747284,"warmup":19,"iters":20,"mode":"reuse","init_s":0.463618468,"parity_total":16777216,"parity_fail_count":0,"parity_max_abs_err":0.000000e0,"parity_max_rel_err":0.000000e0,"parity_scaled_abs_bound":0.000000e0,"parity_scaled_abs_rescued":0,"pinned_h2d":true,"phase":"matmul","phase_index":0}
{"framework":"fandhe-ai","version":"0.8.0","task":"gemm_phases","device":"cuda","size":4096,"median_s":0.000000880,"q1_s":0.000000872,"q3_s":0.000000980,"checksum":-25768.747284,"warmup":19,"iters":20,"mode":"reuse","init_s":0.463618468,"parity_total":16777216,"parity_fail_count":0,"parity_max_abs_err":0.000000e0,"parity_max_rel_err":0.000000e0,"parity_scaled_abs_bound":0.000000e0,"parity_scaled_abs_rescued":0,"pinned_h2d":true,"phase":"to_tensor","phase_index":1}
{"framework":"fandhe-ai","version":"0.8.0","task":"gemm_phases","device":"cuda","size":4096,"median_s":0.000000336,"q1_s":0.000000208,"q3_s":0.000000392,"checksum":-25768.747284,"warmup":19,"iters":20,"mode":"reuse","init_s":0.463618468,"parity_total":16777216,"parity_fail_count":0,"parity_max_abs_err":0.000000e0,"parity_max_rel_err":0.000000e0,"parity_scaled_abs_bound":0.000000e0,"parity_scaled_abs_rescued":0,"pinned_h2d":true,"phase":"host_copy","phase_index":2}
{"framework":"fandhe-ai","version":"0.8.0","task":"gemm_phases","device":"cuda","size":4096,"median_s":0.008654120,"q1_s":0.008642044,"q3_s":0.008665360,"checksum":-25768.747284,"warmup":19,"iters":20,"mode":"reuse","init_s":0.463618468,"parity_total":16777216,"parity_fail_count":0,"parity_max_abs_err":0.000000e0,"parity_max_rel_err":0.000000e0,"parity_scaled_abs_bound":0.000000e0,"parity_scaled_abs_rescued":0,"pinned_h2d":true,"phase":"checksum","phase_index":3}
{"framework":"fandhe-ai","version":"0.8.0","task":"gemm_phases","device":"cuda","size":4096,"median_s":0.045789778,"q1_s":0.045395876,"q3_s":0.046101635,"checksum":-25768.747284,"warmup":19,"iters":20,"mode":"reuse","init_s":0.463618468,"parity_total":16777216,"parity_fail_count":0,"parity_max_abs_err":0.000000e0,"parity_max_rel_err":0.000000e0,"parity_scaled_abs_bound":0.000000e0,"parity_scaled_abs_rescued":0,"pinned_h2d":true,"phase":"iter_total","phase_index":4}
== bench-fandhe infer cuda size=64 mode=reuse pinned_h2d=0 extra=--phases ==
{"framework":"fandhe-ai","version":"0.8.0","task":"infer_phases","device":"cuda","size":64,"median_s":0.000098952,"q1_s":0.000098144,"q3_s":0.000099145,"checksum":13.976574,"warmup":20,"iters":20,"mode":"reuse","init_s":0.218702313,"phase":"predict_resident","phase_index":0}
{"framework":"fandhe-ai","version":"0.8.0","task":"infer_phases","device":"cuda","size":64,"median_s":0.000000064,"q1_s":0.000000048,"q3_s":0.000000064,"checksum":13.976574,"warmup":20,"iters":20,"mode":"reuse","init_s":0.218702313,"phase":"host_copy","phase_index":1}
{"framework":"fandhe-ai","version":"0.8.0","task":"infer_phases","device":"cuda","size":64,"median_s":0.000000832,"q1_s":0.000000696,"q3_s":0.000000880,"checksum":13.976574,"warmup":20,"iters":20,"mode":"reuse","init_s":0.218702313,"phase":"checksum","phase_index":2}
{"framework":"fandhe-ai","version":"0.8.0","task":"infer_phases","device":"cuda","size":64,"median_s":0.000099976,"q1_s":0.000099457,"q3_s":0.000100148,"checksum":13.976574,"warmup":20,"iters":20,"mode":"reuse","init_s":0.218702313,"phase":"iter_total","phase_index":3}
== bench-fandhe infer cuda size=64 mode=reuse pinned_h2d=1 extra=--phases ==
{"framework":"fandhe-ai","version":"0.8.0","task":"infer_phases","device":"cuda","size":64,"median_s":0.000094441,"q1_s":0.000094001,"q3_s":0.000094956,"checksum":13.976574,"warmup":20,"iters":20,"mode":"reuse","init_s":0.220904482,"pinned_h2d":true,"phase":"predict_resident","phase_index":0}
{"framework":"fandhe-ai","version":"0.8.0","task":"infer_phases","device":"cuda","size":64,"median_s":0.000000064,"q1_s":0.000000048,"q3_s":0.000000064,"checksum":13.976574,"warmup":20,"iters":20,"mode":"reuse","init_s":0.220904482,"pinned_h2d":true,"phase":"host_copy","phase_index":1}
{"framework":"fandhe-ai","version":"0.8.0","task":"infer_phases","device":"cuda","size":64,"median_s":0.000000672,"q1_s":0.000000668,"q3_s":0.000000688,"checksum":13.976574,"warmup":20,"iters":20,"mode":"reuse","init_s":0.220904482,"pinned_h2d":true,"phase":"checksum","phase_index":2}
{"framework":"fandhe-ai","version":"0.8.0","task":"infer_phases","device":"cuda","size":64,"median_s":0.000095401,"q1_s":0.000094881,"q3_s":0.000095864,"checksum":13.976574,"warmup":20,"iters":20,"mode":"reuse","init_s":0.220904482,"pinned_h2d":true,"phase":"iter_total","phase_index":3}
done. results in results/raw/results-dgx-pinned-h2d-ab-pinned-h2d-1585-gemm.jsonl / results/raw/results-dgx-pinned-h2d-ab-pinned-h2d-1585-train.jsonl / results/raw/results-dgx-pinned-h2d-ab-pinned-h2d-1585-infer.jsonl (diagnostics in results/raw/results-dgx-pinned-h2d-ab-pinned-h2d-1585-phases.jsonl) ; failures (if any) in results/raw/skipped-dgx-pinned-h2d-ab-pinned-h2d-1585.log
all cells ok. reports: compare-pinned-h2d-pinned-h2d-1585-{gemm,train,infer}.md
