== build bench-fandhe  ==
== build bench-candle --no-default-features --features cuda ==
== build bench-burn --no-default-features --features cuda ==
== bench-fandhe gemm cuda size=256 mode=fresh extra=none ==
{"framework":"fandhe-ai","version":"0.9.0","task":"gemm","device":"cuda","size":256,"median_s":0.000089272,"q1_s":0.000088976,"q3_s":0.000089428,"gflops":375.867,"checksum":237.546660,"warmup":20,"iters":20,"mode":"fresh","parity_total":65536,"parity_fail_count":0,"parity_max_abs_err":0.000000e0,"parity_max_rel_err":0.000000e0,"parity_scaled_abs_bound":0.000000e0,"parity_scaled_abs_rescued":0}
== bench-fandhe gemm cuda size=512 mode=fresh extra=none ==
{"framework":"fandhe-ai","version":"0.9.0","task":"gemm","device":"cuda","size":512,"median_s":0.000265392,"q1_s":0.000264900,"q3_s":0.000265716,"gflops":1011.468,"checksum":937.743233,"warmup":20,"iters":20,"mode":"fresh","parity_total":262144,"parity_fail_count":0,"parity_max_abs_err":0.000000e0,"parity_max_rel_err":0.000000e0,"parity_scaled_abs_bound":0.000000e0,"parity_scaled_abs_rescued":0}
== bench-fandhe gemm cuda size=1024 mode=fresh extra=none ==
{"framework":"fandhe-ai","version":"0.9.0","task":"gemm","device":"cuda","size":1024,"median_s":0.000955009,"q1_s":0.000953605,"q3_s":0.000956385,"gflops":2248.653,"checksum":-1855.597736,"warmup":20,"iters":20,"mode":"fresh","parity_total":1048576,"parity_fail_count":0,"parity_max_abs_err":0.000000e0,"parity_max_rel_err":0.000000e0,"parity_scaled_abs_bound":0.000000e0,"parity_scaled_abs_rescued":0}
== bench-fandhe gemm cuda size=2048 mode=fresh extra=none ==
{"framework":"fandhe-ai","version":"0.9.0","task":"gemm","device":"cuda","size":2048,"median_s":0.004177693,"q1_s":0.004173901,"q3_s":0.004217793,"gflops":4112.286,"checksum":-6016.774008,"warmup":20,"iters":20,"mode":"fresh","parity_total":4194304,"parity_fail_count":0,"parity_max_abs_err":0.000000e0,"parity_max_rel_err":0.000000e0,"parity_scaled_abs_bound":0.000000e0,"parity_scaled_abs_rescued":0}
== bench-fandhe gemm cuda size=4096 mode=fresh extra=none ==
{"framework":"fandhe-ai","version":"0.9.0","task":"gemm","device":"cuda","size":4096,"median_s":0.038968013,"q1_s":0.037618820,"q3_s":0.039435990,"gflops":3526.968,"checksum":-25768.747284,"warmup":20,"iters":20,"mode":"fresh","parity_total":16777216,"parity_fail_count":0,"parity_max_abs_err":0.000000e0,"parity_max_rel_err":0.000000e0,"parity_scaled_abs_bound":0.000000e0,"parity_scaled_abs_rescued":0}
== bench-fandhe gemm cpu size=256 mode=fresh extra=none ==
{"framework":"fandhe-ai","version":"0.9.0","task":"gemm","device":"cpu","size":256,"median_s":0.000182232,"q1_s":0.000173340,"q3_s":0.000188940,"gflops":184.130,"checksum":237.546660,"warmup":20,"iters":20,"mode":"fresh","parity_total":65536,"parity_fail_count":0,"parity_max_abs_err":0.000000e0,"parity_max_rel_err":0.000000e0,"parity_scaled_abs_bound":0.000000e0,"parity_scaled_abs_rescued":0}
== bench-fandhe gemm cpu size=512 mode=fresh extra=none ==
{"framework":"fandhe-ai","version":"0.9.0","task":"gemm","device":"cpu","size":512,"median_s":0.001656466,"q1_s":0.001417702,"q3_s":0.001789510,"gflops":162.053,"checksum":937.743233,"warmup":20,"iters":20,"mode":"fresh","parity_total":262144,"parity_fail_count":0,"parity_max_abs_err":0.000000e0,"parity_max_rel_err":0.000000e0,"parity_scaled_abs_bound":0.000000e0,"parity_scaled_abs_rescued":0}
== bench-fandhe gemm cpu size=1024 mode=fresh extra=none ==
{"framework":"fandhe-ai","version":"0.9.0","task":"gemm","device":"cpu","size":1024,"median_s":0.004725998,"q1_s":0.003929097,"q3_s":0.004995585,"gflops":454.398,"checksum":-1855.597736,"warmup":20,"iters":20,"mode":"fresh","parity_total":1048576,"parity_fail_count":0,"parity_max_abs_err":0.000000e0,"parity_max_rel_err":0.000000e0,"parity_scaled_abs_bound":0.000000e0,"parity_scaled_abs_rescued":0}
== bench-fandhe gemm cpu size=2048 mode=fresh extra=none ==
{"framework":"fandhe-ai","version":"0.9.0","task":"gemm","device":"cpu","size":2048,"median_s":0.017008787,"q1_s":0.016723160,"q3_s":0.017627937,"gflops":1010.058,"checksum":-6016.774008,"warmup":20,"iters":20,"mode":"fresh","parity_total":4194304,"parity_fail_count":0,"parity_max_abs_err":0.000000e0,"parity_max_rel_err":0.000000e0,"parity_scaled_abs_bound":0.000000e0,"parity_scaled_abs_rescued":0}
== bench-fandhe train cuda size=64 mode=fresh extra=none ==
{"framework":"fandhe-ai","version":"0.9.0","task":"train","device":"cuda","size":64,"median_s":0.000547264,"q1_s":0.000525253,"q3_s":0.000562328,"checksum":0.080541,"warmup":20,"iters":80,"mode":"fresh"}
== bench-fandhe infer cuda size=64 mode=fresh extra=none ==
{"framework":"fandhe-ai","version":"0.9.0","task":"infer","device":"cuda","size":64,"median_s":0.000151176,"q1_s":0.000150004,"q3_s":0.000158516,"throughput_per_s":6614.807,"checksum":13.976574,"warmup":20,"iters":20,"mode":"fresh"}
== bench-fandhe train cpu size=64 mode=fresh extra=none ==
{"framework":"fandhe-ai","version":"0.9.0","task":"train","device":"cpu","size":64,"median_s":0.001140505,"q1_s":0.001009317,"q3_s":0.001417949,"checksum":0.080541,"warmup":20,"iters":80,"mode":"fresh"}
== bench-fandhe infer cpu size=64 mode=fresh extra=none ==
{"framework":"fandhe-ai","version":"0.9.0","task":"infer","device":"cpu","size":64,"median_s":0.000182801,"q1_s":0.000169504,"q3_s":0.000188436,"throughput_per_s":5470.445,"checksum":13.976574,"warmup":20,"iters":20,"mode":"fresh"}
== bench-candle gemm cuda size=256 mode=fresh extra=none ==
{"framework":"candle","version":"0.11.0","task":"gemm","device":"cuda","size":256,"median_s":0.000076433,"q1_s":0.000076344,"q3_s":0.000077048,"gflops":439.007,"checksum":237.546670,"warmup":20,"iters":20,"mode":"fresh","parity_total":65536,"parity_fail_count":0,"parity_max_abs_err":4.053116e-6,"parity_max_rel_err":2.549727e-2,"parity_scaled_abs_bound":1.907255e-6,"parity_scaled_abs_rescued":0}
== bench-candle gemm cuda size=512 mode=fresh extra=none ==
{"framework":"candle","version":"0.11.0","task":"gemm","device":"cuda","size":512,"median_s":0.000240657,"q1_s":0.000240280,"q3_s":0.000241096,"gflops":1115.430,"checksum":937.743128,"warmup":20,"iters":20,"mode":"fresh","parity_total":262144,"parity_fail_count":0,"parity_max_abs_err":9.536743e-6,"parity_max_rel_err":8.516808e-3,"parity_scaled_abs_bound":3.814663e-6,"parity_scaled_abs_rescued":0}
== bench-candle gemm cuda size=1024 mode=fresh extra=none ==
{"framework":"candle","version":"0.11.0","task":"gemm","device":"cuda","size":1024,"median_s":0.000925217,"q1_s":0.000924242,"q3_s":0.000926557,"gflops":2321.059,"checksum":-1855.594967,"warmup":20,"iters":20,"mode":"fresh","parity_total":1048576,"parity_fail_count":0,"parity_max_abs_err":1.811981e-5,"parity_max_rel_err":3.398111e-1,"parity_scaled_abs_bound":7.629375e-6,"parity_scaled_abs_rescued":0}
== bench-candle gemm cuda size=2048 mode=fresh extra=none ==
{"framework":"candle","version":"0.11.0","task":"gemm","device":"cuda","size":2048,"median_s":0.004212229,"q1_s":0.004202897,"q3_s":0.004220465,"gflops":4078.570,"checksum":-6016.775802,"warmup":20,"iters":20,"mode":"fresh","parity_total":4194304,"parity_fail_count":0,"parity_max_abs_err":3.623962e-5,"parity_max_rel_err":2.811288e-1,"parity_scaled_abs_bound":1.525878e-5,"parity_scaled_abs_rescued":2}
== bench-candle gemm cuda size=4096 mode=fresh extra=none ==
{"framework":"candle","version":"0.11.0","task":"gemm","device":"cuda","size":4096,"median_s":0.052376542,"q1_s":0.051749573,"q3_s":0.053064134,"gflops":2624.056,"checksum":-25768.747284,"warmup":20,"iters":20,"mode":"fresh","parity_total":16777216,"parity_fail_count":0,"parity_max_abs_err":0.000000e0,"parity_max_rel_err":0.000000e0,"parity_scaled_abs_bound":3.051757e-5,"parity_scaled_abs_rescued":0}
== bench-candle gemm cpu size=256 mode=fresh extra=none ==
{"framework":"candle","version":"0.11.0","task":"gemm","device":"cpu","size":256,"median_s":0.000358688,"q1_s":0.000341725,"q3_s":0.000453508,"gflops":93.548,"checksum":237.546660,"warmup":20,"iters":20,"mode":"fresh","parity_total":65536,"parity_fail_count":0,"parity_max_abs_err":0.000000e0,"parity_max_rel_err":0.000000e0,"parity_scaled_abs_bound":1.907255e-6,"parity_scaled_abs_rescued":0}
== bench-candle gemm cpu size=512 mode=fresh extra=none ==
{"framework":"candle","version":"0.11.0","task":"gemm","device":"cpu","size":512,"median_s":0.001860826,"q1_s":0.001613702,"q3_s":0.002119335,"gflops":144.256,"checksum":937.743233,"warmup":20,"iters":20,"mode":"fresh","parity_total":262144,"parity_fail_count":0,"parity_max_abs_err":0.000000e0,"parity_max_rel_err":0.000000e0,"parity_scaled_abs_bound":3.814663e-6,"parity_scaled_abs_rescued":0}
== bench-candle gemm cpu size=1024 mode=fresh extra=none ==
{"framework":"candle","version":"0.11.0","task":"gemm","device":"cpu","size":1024,"median_s":0.005654751,"q1_s":0.005502774,"q3_s":0.005908699,"gflops":379.766,"checksum":-1855.597736,"warmup":20,"iters":20,"mode":"fresh","parity_total":1048576,"parity_fail_count":0,"parity_max_abs_err":0.000000e0,"parity_max_rel_err":0.000000e0,"parity_scaled_abs_bound":7.629375e-6,"parity_scaled_abs_rescued":0}
== bench-candle gemm cpu size=2048 mode=fresh extra=none ==
{"framework":"candle","version":"0.11.0","task":"gemm","device":"cpu","size":2048,"median_s":0.033913393,"q1_s":0.033029907,"q3_s":0.034672745,"gflops":506.581,"checksum":-6016.773874,"warmup":20,"iters":20,"mode":"fresh","parity_total":4194304,"parity_fail_count":0,"parity_max_abs_err":3.814697e-5,"parity_max_rel_err":3.944416e-1,"parity_scaled_abs_bound":1.525878e-5,"parity_scaled_abs_rescued":2}
== bench-candle train cuda size=64 mode=fresh extra=none ==
{"framework":"candle","version":"0.11.0","task":"train","device":"cuda","size":64,"median_s":0.000276240,"q1_s":0.000274304,"q3_s":0.000279112,"checksum":0.117549,"warmup":20,"iters":80,"mode":"fresh"}
== bench-candle infer cuda size=64 mode=fresh extra=none ==
{"framework":"candle","version":"0.11.0","task":"infer","device":"cuda","size":64,"median_s":0.000043064,"q1_s":0.000041796,"q3_s":0.000043936,"throughput_per_s":23221.252,"checksum":1381.708740,"warmup":20,"iters":20,"mode":"fresh"}
== bench-candle train cpu size=64 mode=fresh extra=none ==
{"framework":"candle","version":"0.11.0","task":"train","device":"cpu","size":64,"median_s":0.002299459,"q1_s":0.001991110,"q3_s":0.002619391,"checksum":0.117550,"warmup":20,"iters":80,"mode":"fresh"}
== bench-candle infer cpu size=64 mode=fresh extra=none ==
{"framework":"candle","version":"0.11.0","task":"infer","device":"cpu","size":64,"median_s":0.000280425,"q1_s":0.000221097,"q3_s":0.000375044,"throughput_per_s":3566.016,"checksum":1381.708783,"warmup":20,"iters":20,"mode":"fresh"}
== bench-burn gemm cuda size=256 mode=fresh extra=none ==
{"framework":"burn","version":"0.21.0","task":"gemm","device":"cuda","size":256,"median_s":0.000316032,"q1_s":0.000179572,"q3_s":0.000504793,"gflops":106.174,"checksum":237.580621,"warmup":20,"iters":20,"mode":"fresh","parity_total":65536,"parity_fail_count":10538,"parity_max_abs_err":1.581430e-3,"parity_max_rel_err":1.553981e0,"parity_scaled_abs_bound":1.907255e-6,"parity_scaled_abs_rescued":0,"tf32":true}
== bench-burn gemm cuda size=512 mode=fresh extra=none ==
{"framework":"burn","version":"0.21.0","task":"gemm","device":"cuda","size":512,"median_s":0.000635001,"q1_s":0.000419392,"q3_s":0.000706977,"gflops":422.732,"checksum":937.360224,"warmup":20,"iters":20,"mode":"fresh","parity_total":262144,"parity_fail_count":42361,"parity_max_abs_err":2.342582e-3,"parity_max_rel_err":1.972325e0,"parity_scaled_abs_bound":3.814663e-6,"parity_scaled_abs_rescued":0,"tf32":true}
== bench-burn gemm cuda size=1024 mode=fresh extra=none ==
{"framework":"burn","version":"0.21.0","task":"gemm","device":"cuda","size":1024,"median_s":0.001017937,"q1_s":0.001007653,"q3_s":0.001026657,"gflops":2109.642,"checksum":-1855.919764,"warmup":20,"iters":20,"mode":"fresh","parity_total":1048576,"parity_fail_count":169929,"parity_max_abs_err":3.642797e-3,"parity_max_rel_err":1.964783e0,"parity_scaled_abs_bound":7.629375e-6,"parity_scaled_abs_rescued":0,"tf32":true}
== bench-burn gemm cuda size=2048 mode=fresh extra=none ==
{"framework":"burn","version":"0.21.0","task":"gemm","device":"cuda","size":2048,"median_s":0.004068213,"q1_s":0.004013464,"q3_s":0.004139925,"gflops":4222.952,"checksum":-6017.744475,"warmup":20,"iters":20,"mode":"fresh","parity_total":4194304,"parity_fail_count":681407,"parity_max_abs_err":4.941225e-3,"parity_max_rel_err":1.986745e0,"parity_scaled_abs_bound":1.525878e-5,"parity_scaled_abs_rescued":47,"tf32":true}
== bench-burn gemm cuda size=4096 mode=fresh extra=none ==
{"framework":"burn","version":"0.21.0","task":"gemm","device":"cuda","size":4096,"median_s":0.038518567,"q1_s":0.038460606,"q3_s":0.038635154,"gflops":3568.122,"checksum":-25774.003763,"warmup":20,"iters":20,"mode":"fresh","parity_total":16777216,"parity_fail_count":2728488,"parity_max_abs_err":7.116556e-3,"parity_max_rel_err":1.997358e0,"parity_scaled_abs_bound":3.051757e-5,"parity_scaled_abs_rescued":562,"tf32":true}
== bench-burn gemm cpu size=256 mode=fresh extra=none ==
{"framework":"burn","version":"0.21.0","task":"gemm","device":"cpu","size":256,"median_s":0.000593305,"q1_s":0.000581489,"q3_s":0.000594432,"gflops":56.555,"checksum":237.546660,"warmup":20,"iters":20,"mode":"fresh","parity_total":65536,"parity_fail_count":0,"parity_max_abs_err":0.000000e0,"parity_max_rel_err":0.000000e0,"parity_scaled_abs_bound":1.907255e-6,"parity_scaled_abs_rescued":0}
== bench-burn gemm cpu size=512 mode=fresh extra=none ==
{"framework":"burn","version":"0.21.0","task":"gemm","device":"cpu","size":512,"median_s":0.002967827,"q1_s":0.002965796,"q3_s":0.002971652,"gflops":90.448,"checksum":937.743112,"warmup":20,"iters":20,"mode":"fresh","parity_total":262144,"parity_fail_count":0,"parity_max_abs_err":9.059906e-6,"parity_max_rel_err":8.316180e-3,"parity_scaled_abs_bound":3.814663e-6,"parity_scaled_abs_rescued":0}
== bench-burn gemm cpu size=1024 mode=fresh extra=none ==
{"framework":"burn","version":"0.21.0","task":"gemm","device":"cpu","size":1024,"median_s":0.021956098,"q1_s":0.021564194,"q3_s":0.022277423,"gflops":97.808,"checksum":-1855.595863,"warmup":20,"iters":20,"mode":"fresh","parity_total":1048576,"parity_fail_count":0,"parity_max_abs_err":2.050400e-5,"parity_max_rel_err":1.834505e-1,"parity_scaled_abs_bound":7.629375e-6,"parity_scaled_abs_rescued":0}
== bench-burn gemm cpu size=2048 mode=fresh extra=none ==
{"framework":"burn","version":"0.21.0","task":"gemm","device":"cpu","size":2048,"median_s":0.160258562,"q1_s":0.160125750,"q3_s":0.160323311,"gflops":107.201,"checksum":-6016.774966,"warmup":20,"iters":20,"mode":"fresh","parity_total":4194304,"parity_fail_count":0,"parity_max_abs_err":3.528595e-5,"parity_max_rel_err":3.051549e-1,"parity_scaled_abs_bound":1.525878e-5,"parity_scaled_abs_rescued":5}
== bench-burn train cuda size=64 mode=fresh extra=none ==
{"framework":"burn","version":"0.21.0","task":"train","device":"cuda","size":64,"median_s":0.000517329,"q1_s":0.000512408,"q3_s":0.000881381,"checksum":0.117643,"warmup":20,"iters":80,"mode":"fresh","tf32":true}
== bench-burn infer cuda size=64 mode=fresh extra=none ==
{"framework":"burn","version":"0.21.0","task":"infer","device":"cuda","size":64,"median_s":0.000104824,"q1_s":0.000103600,"q3_s":0.000108360,"throughput_per_s":9539.800,"checksum":1381.643178,"warmup":20,"iters":20,"mode":"fresh","tf32":true}
== bench-burn train cpu size=64 mode=fresh extra=none ==
{"framework":"burn","version":"0.21.0","task":"train","device":"cpu","size":64,"median_s":0.000874889,"q1_s":0.000871245,"q3_s":0.000877349,"checksum":0.117549,"warmup":20,"iters":80,"mode":"fresh"}
== bench-burn infer cpu size=64 mode=fresh extra=none ==
{"framework":"burn","version":"0.21.0","task":"infer","device":"cpu","size":64,"median_s":0.000242744,"q1_s":0.000242416,"q3_s":0.000243480,"throughput_per_s":4119.566,"checksum":1381.708825,"warmup":20,"iters":20,"mode":"fresh"}
== bench-fandhe gemm cuda size=256 mode=reuse extra=none ==
{"framework":"fandhe-ai","version":"0.9.0","task":"gemm","device":"cuda","size":256,"median_s":0.000092216,"q1_s":0.000091868,"q3_s":0.000092840,"gflops":363.868,"checksum":237.546660,"warmup":20,"iters":20,"mode":"reuse","init_s":0.424552180,"parity_total":65536,"parity_fail_count":0,"parity_max_abs_err":0.000000e0,"parity_max_rel_err":0.000000e0,"parity_scaled_abs_bound":0.000000e0,"parity_scaled_abs_rescued":0}
== bench-fandhe gemm cuda size=512 mode=reuse extra=none ==
{"framework":"fandhe-ai","version":"0.9.0","task":"gemm","device":"cuda","size":512,"median_s":0.000564161,"q1_s":0.000551025,"q3_s":0.000567229,"gflops":475.814,"checksum":937.743233,"warmup":20,"iters":20,"mode":"reuse","init_s":0.428897834,"parity_total":262144,"parity_fail_count":0,"parity_max_abs_err":0.000000e0,"parity_max_rel_err":0.000000e0,"parity_scaled_abs_bound":0.000000e0,"parity_scaled_abs_rescued":0}
== bench-fandhe gemm cuda size=1024 mode=reuse extra=none ==
{"framework":"fandhe-ai","version":"0.9.0","task":"gemm","device":"cuda","size":1024,"median_s":0.002280299,"q1_s":0.002157067,"q3_s":0.002408527,"gflops":941.755,"checksum":-1855.597736,"warmup":20,"iters":20,"mode":"reuse","init_s":0.412458806,"parity_total":1048576,"parity_fail_count":0,"parity_max_abs_err":0.000000e0,"parity_max_rel_err":0.000000e0,"parity_scaled_abs_bound":0.000000e0,"parity_scaled_abs_rescued":0}
== bench-fandhe gemm cuda size=2048 mode=reuse extra=none ==
{"framework":"fandhe-ai","version":"0.9.0","task":"gemm","device":"cuda","size":2048,"median_s":0.008578339,"q1_s":0.008521582,"q3_s":0.008616938,"gflops":2002.704,"checksum":-6016.774008,"warmup":20,"iters":20,"mode":"reuse","init_s":0.422799204,"parity_total":4194304,"parity_fail_count":0,"parity_max_abs_err":0.000000e0,"parity_max_rel_err":0.000000e0,"parity_scaled_abs_bound":0.000000e0,"parity_scaled_abs_rescued":0}
== bench-fandhe gemm cuda size=4096 mode=reuse extra=none ==
{"framework":"fandhe-ai","version":"0.9.0","task":"gemm","device":"cuda","size":4096,"median_s":0.038505360,"q1_s":0.038064470,"q3_s":0.038590507,"gflops":3569.346,"checksum":-25768.747284,"warmup":20,"iters":20,"mode":"reuse","init_s":0.444661984,"parity_total":16777216,"parity_fail_count":0,"parity_max_abs_err":0.000000e0,"parity_max_rel_err":0.000000e0,"parity_scaled_abs_bound":0.000000e0,"parity_scaled_abs_rescued":0}
== bench-fandhe train cuda size=64 mode=reuse extra=none ==
{"framework":"fandhe-ai","version":"0.9.0","task":"train","device":"cuda","size":64,"median_s":0.000314457,"q1_s":0.000311848,"q3_s":0.000316469,"checksum":0.080541,"warmup":20,"iters":80,"mode":"reuse","init_s":0.213887959}
== bench-fandhe train cpu size=64 mode=reuse extra=none ==
{"framework":"fandhe-ai","version":"0.9.0","task":"train","device":"cpu","size":64,"median_s":0.001072881,"q1_s":0.000900085,"q3_s":0.001436401,"checksum":0.080541,"warmup":20,"iters":80,"mode":"reuse","init_s":0.000910465}
== bench-fandhe train cuda size=64 mode=fresh extra=--phases ==
{"framework":"fandhe-ai","version":"0.9.0","task":"train_phases","device":"cuda","size":64,"median_s":0.000003248,"q1_s":0.000003168,"q3_s":0.000003344,"checksum":0.080541,"warmup":20,"iters":80,"mode":"fresh","phase":"tape_build","phase_index":0}
{"framework":"fandhe-ai","version":"0.9.0","task":"train_phases","device":"cuda","size":64,"median_s":0.000001696,"q1_s":0.000001600,"q3_s":0.000001892,"checksum":0.080541,"warmup":20,"iters":80,"mode":"fresh","phase":"leaf_register","phase_index":1}
{"framework":"fandhe-ai","version":"0.9.0","task":"train_phases","device":"cuda","size":64,"median_s":0.000175328,"q1_s":0.000173720,"q3_s":0.000181616,"checksum":0.080541,"warmup":20,"iters":80,"mode":"fresh","phase":"forward","phase_index":2}
{"framework":"fandhe-ai","version":"0.9.0","task":"train_phases","device":"cuda","size":64,"median_s":0.000000048,"q1_s":0.000000032,"q3_s":0.000000048,"checksum":0.080541,"warmup":20,"iters":80,"mode":"fresh","phase":"loss_readout","phase_index":3}
{"framework":"fandhe-ai","version":"0.9.0","task":"train_phases","device":"cuda","size":64,"median_s":0.000212032,"q1_s":0.000209092,"q3_s":0.000215344,"checksum":0.080541,"warmup":20,"iters":80,"mode":"fresh","phase":"backward","phase_index":4}
{"framework":"fandhe-ai","version":"0.9.0","task":"train_phases","device":"cuda","size":64,"median_s":0.000069753,"q1_s":0.000069501,"q3_s":0.000069936,"checksum":0.080541,"warmup":20,"iters":80,"mode":"fresh","phase":"param_readout","phase_index":5}
{"framework":"fandhe-ai","version":"0.9.0","task":"train_phases","device":"cuda","size":64,"median_s":0.000061248,"q1_s":0.000060844,"q3_s":0.000061684,"checksum":0.080541,"warmup":20,"iters":80,"mode":"fresh","phase":"host_sgd","phase_index":6}
{"framework":"fandhe-ai","version":"0.9.0","task":"train_phases","device":"cuda","size":64,"median_s":0.000000272,"q1_s":0.000000256,"q3_s":0.000000304,"checksum":0.080541,"warmup":20,"iters":80,"mode":"fresh","phase":"apply_params","phase_index":7}
{"framework":"fandhe-ai","version":"0.9.0","task":"train_phases","device":"cuda","size":64,"median_s":0.000002224,"q1_s":0.000002012,"q3_s":0.000002404,"checksum":0.080541,"warmup":20,"iters":80,"mode":"fresh","phase":"tape_drop","phase_index":8}
{"framework":"fandhe-ai","version":"0.9.0","task":"train_phases","device":"cuda","size":64,"median_s":0.000529032,"q1_s":0.000524816,"q3_s":0.000533120,"checksum":0.080541,"warmup":20,"iters":80,"mode":"fresh","phase":"step_total","phase_index":9}
== bench-fandhe train cuda size=64 mode=reuse extra=--phases ==
{"framework":"fandhe-ai","version":"0.9.0","task":"train_phases","device":"cuda","size":64,"median_s":0.000002528,"q1_s":0.000002432,"q3_s":0.000002640,"checksum":0.080541,"warmup":20,"iters":80,"mode":"reuse","init_s":0.218548429,"phase":"tape_build","phase_index":0}
{"framework":"fandhe-ai","version":"0.9.0","task":"train_phases","device":"cuda","size":64,"median_s":0.000000296,"q1_s":0.000000272,"q3_s":0.000000336,"checksum":0.080541,"warmup":20,"iters":80,"mode":"reuse","init_s":0.218548429,"phase":"leaf_register","phase_index":1}
{"framework":"fandhe-ai","version":"0.9.0","task":"train_phases","device":"cuda","size":64,"median_s":0.000155688,"q1_s":0.000150128,"q3_s":0.000157164,"checksum":0.080541,"warmup":20,"iters":80,"mode":"reuse","init_s":0.218548429,"phase":"forward_resident","phase_index":2}
{"framework":"fandhe-ai","version":"0.9.0","task":"train_phases","device":"cuda","size":64,"median_s":0.000000032,"q1_s":0.000000032,"q3_s":0.000000048,"checksum":0.080541,"warmup":20,"iters":80,"mode":"reuse","init_s":0.218548429,"phase":"loss_readout","phase_index":3}
{"framework":"fandhe-ai","version":"0.9.0","task":"train_phases","device":"cuda","size":64,"median_s":0.000146984,"q1_s":0.000145673,"q3_s":0.000148148,"checksum":0.080541,"warmup":20,"iters":80,"mode":"reuse","init_s":0.218548429,"phase":"backward","phase_index":4}
{"framework":"fandhe-ai","version":"0.9.0","task":"train_phases","device":"cuda","size":64,"median_s":0.000008320,"q1_s":0.000008224,"q3_s":0.000008420,"checksum":0.080541,"warmup":20,"iters":80,"mode":"reuse","init_s":0.218548429,"phase":"device_update","phase_index":5}
{"framework":"fandhe-ai","version":"0.9.0","task":"train_phases","device":"cuda","size":64,"median_s":0.000000928,"q1_s":0.000000896,"q3_s":0.000000944,"checksum":0.080541,"warmup":20,"iters":80,"mode":"reuse","init_s":0.218548429,"phase":"tape_drop","phase_index":6}
{"framework":"fandhe-ai","version":"0.9.0","task":"train_phases","device":"cuda","size":64,"median_s":0.000314248,"q1_s":0.000309693,"q3_s":0.000316729,"checksum":0.080541,"warmup":20,"iters":80,"mode":"reuse","init_s":0.218548429,"phase":"step_total","phase_index":7}
== bench-fandhe train cpu size=64 mode=fresh extra=--phases ==
{"framework":"fandhe-ai","version":"0.9.0","task":"train_phases","device":"cpu","size":64,"median_s":0.000000256,"q1_s":0.000000204,"q3_s":0.000000320,"checksum":0.080541,"warmup":20,"iters":80,"mode":"fresh","phase":"tape_build","phase_index":0}
{"framework":"fandhe-ai","version":"0.9.0","task":"train_phases","device":"cpu","size":64,"median_s":0.000001984,"q1_s":0.000001536,"q3_s":0.000002696,"checksum":0.080541,"warmup":20,"iters":80,"mode":"fresh","phase":"leaf_register","phase_index":1}
{"framework":"fandhe-ai","version":"0.9.0","task":"train_phases","device":"cpu","size":64,"median_s":0.000255000,"q1_s":0.000232372,"q3_s":0.000309308,"checksum":0.080541,"warmup":20,"iters":80,"mode":"fresh","phase":"forward","phase_index":2}
{"framework":"fandhe-ai","version":"0.9.0","task":"train_phases","device":"cpu","size":64,"median_s":0.000000112,"q1_s":0.000000080,"q3_s":0.000000192,"checksum":0.080541,"warmup":20,"iters":80,"mode":"fresh","phase":"loss_readout","phase_index":3}
{"framework":"fandhe-ai","version":"0.9.0","task":"train_phases","device":"cpu","size":64,"median_s":0.000484153,"q1_s":0.000403125,"q3_s":0.000684045,"checksum":0.080541,"warmup":20,"iters":80,"mode":"fresh","phase":"backward","phase_index":4}
{"framework":"fandhe-ai","version":"0.9.0","task":"train_phases","device":"cpu","size":64,"median_s":0.000041712,"q1_s":0.000036020,"q3_s":0.000049364,"checksum":0.080541,"warmup":20,"iters":80,"mode":"fresh","phase":"param_readout","phase_index":5}
{"framework":"fandhe-ai","version":"0.9.0","task":"train_phases","device":"cpu","size":64,"median_s":0.000069760,"q1_s":0.000049184,"q3_s":0.000428872,"checksum":0.080541,"warmup":20,"iters":80,"mode":"fresh","phase":"host_sgd","phase_index":6}
{"framework":"fandhe-ai","version":"0.9.0","task":"train_phases","device":"cpu","size":64,"median_s":0.000000784,"q1_s":0.000000608,"q3_s":0.000001204,"checksum":0.080541,"warmup":20,"iters":80,"mode":"fresh","phase":"apply_params","phase_index":7}
{"framework":"fandhe-ai","version":"0.9.0","task":"train_phases","device":"cpu","size":64,"median_s":0.000004400,"q1_s":0.000003392,"q3_s":0.000208049,"checksum":0.080541,"warmup":20,"iters":80,"mode":"fresh","phase":"tape_drop","phase_index":8}
{"framework":"fandhe-ai","version":"0.9.0","task":"train_phases","device":"cpu","size":64,"median_s":0.001141961,"q1_s":0.000958713,"q3_s":0.001284878,"checksum":0.080541,"warmup":20,"iters":80,"mode":"fresh","phase":"step_total","phase_index":9}
== bench-fandhe train cpu size=64 mode=reuse extra=--phases ==
{"framework":"fandhe-ai","version":"0.9.0","task":"train_phases","device":"cpu","size":64,"median_s":0.000000192,"q1_s":0.000000160,"q3_s":0.000000304,"checksum":0.080541,"warmup":20,"iters":80,"mode":"reuse","init_s":0.001475522,"phase":"tape_build","phase_index":0}
{"framework":"fandhe-ai","version":"0.9.0","task":"train_phases","device":"cpu","size":64,"median_s":0.000000544,"q1_s":0.000000448,"q3_s":0.000000788,"checksum":0.080541,"warmup":20,"iters":80,"mode":"reuse","init_s":0.001475522,"phase":"leaf_register","phase_index":1}
{"framework":"fandhe-ai","version":"0.9.0","task":"train_phases","device":"cpu","size":64,"median_s":0.000248832,"q1_s":0.000217940,"q3_s":0.000300168,"checksum":0.080541,"warmup":20,"iters":80,"mode":"reuse","init_s":0.001475522,"phase":"forward_resident","phase_index":2}
{"framework":"fandhe-ai","version":"0.9.0","task":"train_phases","device":"cpu","size":64,"median_s":0.000000144,"q1_s":0.000000108,"q3_s":0.000000192,"checksum":0.080541,"warmup":20,"iters":80,"mode":"reuse","init_s":0.001475522,"phase":"loss_readout","phase_index":3}
{"framework":"fandhe-ai","version":"0.9.0","task":"train_phases","device":"cpu","size":64,"median_s":0.000433137,"q1_s":0.000407956,"q3_s":0.000595821,"checksum":0.080541,"warmup":20,"iters":80,"mode":"reuse","init_s":0.001475522,"phase":"backward","phase_index":4}
{"framework":"fandhe-ai","version":"0.9.0","task":"train_phases","device":"cpu","size":64,"median_s":0.000268560,"q1_s":0.000247589,"q3_s":0.000286636,"checksum":0.080541,"warmup":20,"iters":80,"mode":"reuse","init_s":0.001475522,"phase":"device_update","phase_index":5}
{"framework":"fandhe-ai","version":"0.9.0","task":"train_phases","device":"cpu","size":64,"median_s":0.000001824,"q1_s":0.000001648,"q3_s":0.000002256,"checksum":0.080541,"warmup":20,"iters":80,"mode":"reuse","init_s":0.001475522,"phase":"tape_drop","phase_index":6}
{"framework":"fandhe-ai","version":"0.9.0","task":"train_phases","device":"cpu","size":64,"median_s":0.000968905,"q1_s":0.000907929,"q3_s":0.001205430,"checksum":0.080541,"warmup":20,"iters":80,"mode":"reuse","init_s":0.001475522,"phase":"step_total","phase_index":7}
== bench-fandhe infer cuda size=64 mode=reuse extra=none ==
{"framework":"fandhe-ai","version":"0.9.0","task":"infer","device":"cuda","size":64,"median_s":0.000099176,"q1_s":0.000099036,"q3_s":0.000100036,"throughput_per_s":10083.085,"checksum":13.976574,"warmup":20,"iters":20,"mode":"reuse","init_s":0.215350281}
== bench-fandhe infer cpu size=64 mode=reuse extra=none ==
{"framework":"fandhe-ai","version":"0.9.0","task":"infer","device":"cpu","size":64,"median_s":0.000195464,"q1_s":0.000179836,"q3_s":0.000206840,"throughput_per_s":5116.019,"checksum":13.976574,"warmup":20,"iters":20,"mode":"reuse","init_s":0.001175266}
== bench-fandhe infer cuda size=64 mode=fresh extra=--phases ==
{"framework":"fandhe-ai","version":"0.9.0","task":"infer_phases","device":"cuda","size":64,"median_s":0.000000192,"q1_s":0.000000192,"q3_s":0.000000208,"checksum":13.976574,"warmup":20,"iters":20,"mode":"fresh","phase":"leaf_register","phase_index":0}
{"framework":"fandhe-ai","version":"0.9.0","task":"infer_phases","device":"cuda","size":64,"median_s":0.000138856,"q1_s":0.000133452,"q3_s":0.000141112,"checksum":13.976574,"warmup":20,"iters":20,"mode":"fresh","phase":"forward","phase_index":1}
{"framework":"fandhe-ai","version":"0.9.0","task":"infer_phases","device":"cuda","size":64,"median_s":0.000019392,"q1_s":0.000019216,"q3_s":0.000019628,"checksum":13.976574,"warmup":20,"iters":20,"mode":"fresh","phase":"to_tensor","phase_index":2}
{"framework":"fandhe-ai","version":"0.9.0","task":"infer_phases","device":"cuda","size":64,"median_s":0.000000080,"q1_s":0.000000080,"q3_s":0.000000080,"checksum":13.976574,"warmup":20,"iters":20,"mode":"fresh","phase":"host_copy","phase_index":3}
{"framework":"fandhe-ai","version":"0.9.0","task":"infer_phases","device":"cuda","size":64,"median_s":0.000000696,"q1_s":0.000000644,"q3_s":0.000000736,"checksum":13.976574,"warmup":20,"iters":20,"mode":"fresh","phase":"checksum","phase_index":4}
{"framework":"fandhe-ai","version":"0.9.0","task":"infer_phases","device":"cuda","size":64,"median_s":0.000159544,"q1_s":0.000154084,"q3_s":0.000161556,"checksum":13.976574,"warmup":20,"iters":20,"mode":"fresh","phase":"iter_total","phase_index":5}
== bench-fandhe infer cuda size=64 mode=reuse extra=--phases ==
{"framework":"fandhe-ai","version":"0.9.0","task":"infer_phases","device":"cuda","size":64,"median_s":0.000098792,"q1_s":0.000098036,"q3_s":0.000098960,"checksum":13.976574,"warmup":20,"iters":20,"mode":"reuse","init_s":0.207653695,"phase":"predict_resident","phase_index":0}
{"framework":"fandhe-ai","version":"0.9.0","task":"infer_phases","device":"cuda","size":64,"median_s":0.000000064,"q1_s":0.000000048,"q3_s":0.000000064,"checksum":13.976574,"warmup":20,"iters":20,"mode":"reuse","init_s":0.207653695,"phase":"host_copy","phase_index":1}
{"framework":"fandhe-ai","version":"0.9.0","task":"infer_phases","device":"cuda","size":64,"median_s":0.000000920,"q1_s":0.000000856,"q3_s":0.000000944,"checksum":13.976574,"warmup":20,"iters":20,"mode":"reuse","init_s":0.207653695,"phase":"checksum","phase_index":2}
{"framework":"fandhe-ai","version":"0.9.0","task":"infer_phases","device":"cuda","size":64,"median_s":0.000099960,"q1_s":0.000099188,"q3_s":0.000100117,"checksum":13.976574,"warmup":20,"iters":20,"mode":"reuse","init_s":0.207653695,"phase":"iter_total","phase_index":3}
== bench-fandhe infer cpu size=64 mode=fresh extra=--phases ==
{"framework":"fandhe-ai","version":"0.9.0","task":"infer_phases","device":"cpu","size":64,"median_s":0.000191465,"q1_s":0.000174197,"q3_s":0.000212681,"checksum":13.976574,"warmup":20,"iters":20,"mode":"fresh","phase":"predict","phase_index":0}
{"framework":"fandhe-ai","version":"0.9.0","task":"infer_phases","device":"cpu","size":64,"median_s":0.000000144,"q1_s":0.000000124,"q3_s":0.000000160,"checksum":13.976574,"warmup":20,"iters":20,"mode":"fresh","phase":"host_copy","phase_index":1}
{"framework":"fandhe-ai","version":"0.9.0","task":"infer_phases","device":"cpu","size":64,"median_s":0.000000320,"q1_s":0.000000316,"q3_s":0.000000336,"checksum":13.976574,"warmup":20,"iters":20,"mode":"fresh","phase":"checksum","phase_index":2}
{"framework":"fandhe-ai","version":"0.9.0","task":"infer_phases","device":"cpu","size":64,"median_s":0.000192240,"q1_s":0.000174833,"q3_s":0.000213625,"checksum":13.976574,"warmup":20,"iters":20,"mode":"fresh","phase":"iter_total","phase_index":3}
== bench-fandhe infer cpu size=64 mode=reuse extra=--phases ==
{"framework":"fandhe-ai","version":"0.9.0","task":"infer_phases","device":"cpu","size":64,"median_s":0.000190016,"q1_s":0.000181592,"q3_s":0.000202552,"checksum":13.976574,"warmup":20,"iters":20,"mode":"reuse","init_s":0.001218353,"phase":"predict_resident","phase_index":0}
{"framework":"fandhe-ai","version":"0.9.0","task":"infer_phases","device":"cpu","size":64,"median_s":0.000000168,"q1_s":0.000000104,"q3_s":0.000000200,"checksum":13.976574,"warmup":20,"iters":20,"mode":"reuse","init_s":0.001218353,"phase":"host_copy","phase_index":1}
{"framework":"fandhe-ai","version":"0.9.0","task":"infer_phases","device":"cpu","size":64,"median_s":0.000000352,"q1_s":0.000000344,"q3_s":0.000000352,"checksum":13.976574,"warmup":20,"iters":20,"mode":"reuse","init_s":0.001218353,"phase":"checksum","phase_index":2}
{"framework":"fandhe-ai","version":"0.9.0","task":"infer_phases","device":"cpu","size":64,"median_s":0.000190920,"q1_s":0.000182556,"q3_s":0.000203784,"checksum":13.976574,"warmup":20,"iters":20,"mode":"reuse","init_s":0.001218353,"phase":"iter_total","phase_index":3}
done. results in results/raw/results-cuda.jsonl ; failures (if any) in results/raw/skipped-cuda.log
