start 2026-09-18T23:52:46Z sha=b127e9f25804661e30626d8c45da8aafc72ea836
-- prepare after tree (2026-09-18T23:52:46Z)
before: 3085:const SME_PRODUCTION_ENABLED: bool = false;
after:  3085:const SME_PRODUCTION_ENABLED: bool = true;
fp diff lines=4
start attempt=1 load1=0.26 gpu_util=0 pass
-- R0 sme_report (2026-09-18T23:52:48Z)
before: sme_report=SmeReport { os_flag: false, svl_bytes: None, kernel_enabled: false }
after: sme_report=SmeReport { os_flag: false, svl_bytes: None, kernel_enabled: false }
-- RT cargo test after (2026-09-18T23:53:01Z)
RT rc=101
test gemm_blis::tests::sme_production_enabled_is_false_pending_measurement ... FAILED
thread 'gemm_blis::tests::sme_production_enabled_is_false_pending_measurement' (440089) panicked at crates/backend-cpu/src/gemm_blis/mod.rs:5045:9:
test result: FAILED. 637 passed; 1 failed; 32 ignored; 0 measured; 0 filtered out; finished in 0.30s
-- R1/R2 run_ab_sme_cpu.sh (2026-09-18T23:53:16Z)
run_ab rc=0
build-after-1978-gb10-cpu.err
build-before-1978-gb10-cpu.err
compare-exit-1978-cpu-1978-gb10.log
compare-gemm-1978-cpu-1978-gb10.err
compare-gemm-1978-cpu-1978-gb10.md
compare-infer-1978-cpu-1978-gb10.err
compare-infer-1978-cpu-1978-gb10.md
compare-train-1978-cpu-1978-gb10.err
compare-train-1978-cpu-1978-gb10.md
load-gate-1978-cpu-1978-gb10.log
results-after-1978-gb10-cpu-gemm.jsonl
results-after-1978-gb10-cpu-infer.jsonl
results-after-1978-gb10-cpu-train.jsonl
results-before-1978-gb10-cpu-gemm.jsonl
results-before-1978-gb10-cpu-infer.jsonl
results-before-1978-gb10-cpu-train.jsonl
sha-1978-after-1978-gb10.txt
sha-1978-before-1978-gb10.txt
skipped-1978-cpu-1978-gb10.log
tree-1978-after-1978-gb10.txt
tree-1978-before-1978-gb10.txt
uptime-1978-cpu-1978-gb10.log
== gemm
| size/mode | before median | after median | after/before | checksum | 判定 | run 内比（5 run） | 符号一貫（全 run >1.00） |
|---|---|---|---|---|---|---|---|
| 512/fresh | 1.760 ms (min 760.5 us / max 1.847 ms) | 1.799 ms (min 1.526 ms / max 1.837 ms) | 1.0223 | 完全一致 | 後退（判定注意: before spread > 1.5x・負荷ノイズの疑い） | 0.9367, 0.9948, 2.0070, 0.9880, 1.0223 | いいえ |
| 512/reuse | 2.459 ms (min 2.285 ms / max 2.638 ms) | 2.502 ms (min 2.471 ms / max 2.629 ms) | 1.0176 | 完全一致 | 後退 | 1.1115, 1.0048, 1.1221, 0.9922, 0.9447 | いいえ |
| 1024/fresh | 4.629 ms (min 4.394 ms / max 4.989 ms) | 4.613 ms (min 3.742 ms / max 4.897 ms) | 0.9967 | 完全一致 | 非後退 | 0.8942, 0.9863, 1.0437, 1.0500, 0.8139 | いいえ |
| 1024/reuse | 5.572 ms (min 5.472 ms / max 5.757 ms) | 5.775 ms (min 5.681 ms / max 5.945 ms) | 1.0363 | 完全一致 | 後退 | 1.0554, 1.0195, 1.0246, 1.0326, 1.0363 | はい |
| 2048/fresh | 17.011 ms (min 16.401 ms / max 17.521 ms) | 16.740 ms (min 15.941 ms / max 17.019 ms) | 0.9841 | 完全一致 | 非後退 | 1.0234, 1.0247, 0.9332, 0.9371, 0.9686 | いいえ |
| 2048/reuse | 27.334 ms (min 24.025 ms / max 27.829 ms) | 24.514 ms (min 20.953 ms / max 27.828 ms) | 0.8968 | 完全一致 | 非後退 | 0.8968, 0.9870, 0.9937, 1.0000, 0.7655 | いいえ |
== train
| size/mode | before median | after median | after/before | checksum | 判定 | run 内比（5 run） | 符号一貫（全 run >1.00） |
|---|---|---|---|---|---|---|---|
| 64/fresh | 1.116 ms (min 1.102 ms / max 1.163 ms) | 992.9 us (min 949.1 us / max 1.045 ms) | 0.8897 | 完全一致 | 非後退 | 0.8815, 0.8342, 0.9486, 0.8526, 0.8897 | いいえ |
| 64/reuse | 1.038 ms (min 955.5 us / max 1.173 ms) | 969.8 us (min 940.9 us / max 1.091 ms) | 0.9346 | 完全一致 | 非後退 | 0.8021, 0.8925, 1.0509, 1.0783, 0.9586 | いいえ |
== infer
| size/mode | before median | after median | after/before | checksum | 判定 | run 内比（5 run） | 符号一貫（全 run >1.00） |
|---|---|---|---|---|---|---|---|
| 64/fresh | 170.3 us (min 163.7 us / max 182.0 us) | 172.6 us (min 165.3 us / max 185.2 us) | 1.0132 | 完全一致 | 後退 | 0.9427, 1.0132, 1.1313, 1.0241, 0.9477 | いいえ |
| 64/reuse | 181.6 us (min 177.4 us / max 194.4 us) | 192.6 us (min 171.1 us / max 195.1 us) | 1.0606 | 完全一致 | 後退 | 1.0528, 1.0434, 1.0606, 1.0998, 0.8800 | いいえ |
done. 2026-09-18T23:55:00Z
