== build before ==(facade=<home>/work/rust-ai-library-run/crates/facade)
== build after  ==(facade=<home>/work/rust-ai-library-1978-after/crates/facade)
bench-fandhe v0.1.0 (<home>/work/rust-ai-library-run/scripts/bench/framework-compare/bench-fandhe)
├── bench-common v0.1.0 (<home>/work/rust-ai-library-run/scripts/bench/framework-compare/bench-common)
└── fandhe-ai v0.9.0 (<home>/work/rust-ai-library-1978-after/crates/facade)
bench-fandhe v0.1.0 (<home>/work/rust-ai-library-run/scripts/bench/framework-compare/bench-fandhe)
├── bench-common v0.1.0 (<home>/work/rust-ai-library-run/scripts/bench/framework-compare/bench-common)
└── fandhe-ai v0.9.0 (<home>/work/rust-ai-library-run/crates/facade)
== gemm cpu size=512 mode=fresh arm=before ==
{"framework":"fandhe-ai","version":"0.9.0","task":"gemm","device":"cpu","size":512,"median_s":0.001732138,"q1_s":0.001563612,"q3_s":0.001811955,"gflops":154.973,"checksum":937.743233,"warmup":20,"iters":20,"mode":"fresh","parity_total":262144,"parity_fail_count":0,"parity_max_abs_err":0.000000e0,"parity_max_rel_err":0.000000e0,"parity_scaled_abs_bound":0.000000e0,"parity_scaled_abs_rescued":0}
== gemm cpu size=512 mode=fresh arm=after ==
{"framework":"fandhe-ai","version":"0.9.0","task":"gemm","device":"cpu","size":512,"median_s":0.001622417,"q1_s":0.001508252,"q3_s":0.001757587,"gflops":165.454,"checksum":937.743233,"warmup":20,"iters":20,"mode":"fresh","parity_total":262144,"parity_fail_count":0,"parity_max_abs_err":0.000000e0,"parity_max_rel_err":0.000000e0,"parity_scaled_abs_bound":0.000000e0,"parity_scaled_abs_rescued":0}
== gemm cpu size=512 mode=reuse arm=before ==
{"framework":"fandhe-ai","version":"0.9.0","task":"gemm","device":"cpu","size":512,"median_s":0.002365352,"q1_s":0.002086334,"q3_s":0.002623056,"gflops":113.486,"checksum":937.743233,"warmup":20,"iters":20,"mode":"reuse","init_s":0.001929092,"parity_total":262144,"parity_fail_count":0,"parity_max_abs_err":0.000000e0,"parity_max_rel_err":0.000000e0,"parity_scaled_abs_bound":0.000000e0,"parity_scaled_abs_rescued":0}
== gemm cpu size=512 mode=reuse arm=after ==
{"framework":"fandhe-ai","version":"0.9.0","task":"gemm","device":"cpu","size":512,"median_s":0.002629012,"q1_s":0.002345697,"q3_s":0.002754069,"gflops":102.105,"checksum":937.743233,"warmup":20,"iters":20,"mode":"reuse","init_s":0.002015365,"parity_total":262144,"parity_fail_count":0,"parity_max_abs_err":0.000000e0,"parity_max_rel_err":0.000000e0,"parity_scaled_abs_bound":0.000000e0,"parity_scaled_abs_rescued":0}
== gemm cpu size=1024 mode=fresh arm=before ==
{"framework":"fandhe-ai","version":"0.9.0","task":"gemm","device":"cpu","size":1024,"median_s":0.004989069,"q1_s":0.004669857,"q3_s":0.005229135,"gflops":430.438,"checksum":-1855.597736,"warmup":20,"iters":20,"mode":"fresh","parity_total":1048576,"parity_fail_count":0,"parity_max_abs_err":0.000000e0,"parity_max_rel_err":0.000000e0,"parity_scaled_abs_bound":0.000000e0,"parity_scaled_abs_rescued":0}
== gemm cpu size=1024 mode=fresh arm=after ==
{"framework":"fandhe-ai","version":"0.9.0","task":"gemm","device":"cpu","size":1024,"median_s":0.004461191,"q1_s":0.004128655,"q3_s":0.004843591,"gflops":481.370,"checksum":-1855.597736,"warmup":20,"iters":20,"mode":"fresh","parity_total":1048576,"parity_fail_count":0,"parity_max_abs_err":0.000000e0,"parity_max_rel_err":0.000000e0,"parity_scaled_abs_bound":0.000000e0,"parity_scaled_abs_rescued":0}
== gemm cpu size=1024 mode=reuse arm=before ==
{"framework":"fandhe-ai","version":"0.9.0","task":"gemm","device":"cpu","size":1024,"median_s":0.005471553,"q1_s":0.005168698,"q3_s":0.005778081,"gflops":392.482,"checksum":-1855.597736,"warmup":20,"iters":20,"mode":"reuse","init_s":0.006633621,"parity_total":1048576,"parity_fail_count":0,"parity_max_abs_err":0.000000e0,"parity_max_rel_err":0.000000e0,"parity_scaled_abs_bound":0.000000e0,"parity_scaled_abs_rescued":0}
== gemm cpu size=1024 mode=reuse arm=after ==
{"framework":"fandhe-ai","version":"0.9.0","task":"gemm","device":"cpu","size":1024,"median_s":0.005774836,"q1_s":0.005505594,"q3_s":0.005980191,"gflops":371.869,"checksum":-1855.597736,"warmup":20,"iters":20,"mode":"reuse","init_s":0.006414548,"parity_total":1048576,"parity_fail_count":0,"parity_max_abs_err":0.000000e0,"parity_max_rel_err":0.000000e0,"parity_scaled_abs_bound":0.000000e0,"parity_scaled_abs_rescued":0}
== gemm cpu size=2048 mode=fresh arm=before ==
{"framework":"fandhe-ai","version":"0.9.0","task":"gemm","device":"cpu","size":2048,"median_s":0.016630654,"q1_s":0.015947996,"q3_s":0.016986930,"gflops":1033.024,"checksum":-6016.774008,"warmup":20,"iters":20,"mode":"fresh","parity_total":4194304,"parity_fail_count":0,"parity_max_abs_err":0.000000e0,"parity_max_rel_err":0.000000e0,"parity_scaled_abs_bound":0.000000e0,"parity_scaled_abs_rescued":0}
== gemm cpu size=2048 mode=fresh arm=after ==
{"framework":"fandhe-ai","version":"0.9.0","task":"gemm","device":"cpu","size":2048,"median_s":0.017019115,"q1_s":0.016405932,"q3_s":0.017571992,"gflops":1009.446,"checksum":-6016.774008,"warmup":20,"iters":20,"mode":"fresh","parity_total":4194304,"parity_fail_count":0,"parity_max_abs_err":0.000000e0,"parity_max_rel_err":0.000000e0,"parity_scaled_abs_bound":0.000000e0,"parity_scaled_abs_rescued":0}
== gemm cpu size=2048 mode=reuse arm=before ==
{"framework":"fandhe-ai","version":"0.9.0","task":"gemm","device":"cpu","size":2048,"median_s":0.027333949,"q1_s":0.020712641,"q3_s":0.028059449,"gflops":628.518,"checksum":-6016.774008,"warmup":20,"iters":20,"mode":"reuse","init_s":0.030342398,"parity_total":4194304,"parity_fail_count":0,"parity_max_abs_err":0.000000e0,"parity_max_rel_err":0.000000e0,"parity_scaled_abs_bound":0.000000e0,"parity_scaled_abs_rescued":0}
== gemm cpu size=2048 mode=reuse arm=after ==
{"framework":"fandhe-ai","version":"0.9.0","task":"gemm","device":"cpu","size":2048,"median_s":0.024514079,"q1_s":0.020473077,"q3_s":0.027898791,"gflops":700.816,"checksum":-6016.774008,"warmup":20,"iters":20,"mode":"reuse","init_s":0.021642626,"parity_total":4194304,"parity_fail_count":0,"parity_max_abs_err":0.000000e0,"parity_max_rel_err":0.000000e0,"parity_scaled_abs_bound":0.000000e0,"parity_scaled_abs_rescued":0}
== train cpu size=64 mode=fresh arm=before ==
{"framework":"fandhe-ai","version":"0.9.0","task":"train","device":"cpu","size":64,"median_s":0.001139596,"q1_s":0.000968298,"q3_s":0.001425067,"checksum":0.080541,"warmup":20,"iters":80,"mode":"fresh"}
== train cpu size=64 mode=fresh arm=after ==
{"framework":"fandhe-ai","version":"0.9.0","task":"train","device":"cpu","size":64,"median_s":0.001004570,"q1_s":0.000828797,"q3_s":0.001261997,"checksum":0.080541,"warmup":20,"iters":80,"mode":"fresh"}
== train cpu size=64 mode=reuse arm=before ==
{"framework":"fandhe-ai","version":"0.9.0","task":"train","device":"cpu","size":64,"median_s":0.001173068,"q1_s":0.000970198,"q3_s":0.001490491,"checksum":0.080541,"warmup":20,"iters":80,"mode":"reuse","init_s":0.001080011}
== train cpu size=64 mode=reuse arm=after ==
{"framework":"fandhe-ai","version":"0.9.0","task":"train","device":"cpu","size":64,"median_s":0.000940930,"q1_s":0.000902573,"q3_s":0.001058771,"checksum":0.080541,"warmup":20,"iters":80,"mode":"reuse","init_s":0.001025035}
== infer cpu size=64 mode=fresh arm=before ==
{"framework":"fandhe-ai","version":"0.9.0","task":"infer","device":"cpu","size":64,"median_s":0.000181954,"q1_s":0.000156806,"q3_s":0.000187489,"throughput_per_s":5495.895,"checksum":13.976574,"warmup":20,"iters":20,"mode":"fresh"}
== infer cpu size=64 mode=fresh arm=after ==
{"framework":"fandhe-ai","version":"0.9.0","task":"infer","device":"cpu","size":64,"median_s":0.000171530,"q1_s":0.000164994,"q3_s":0.000180062,"throughput_per_s":5829.884,"checksum":13.976574,"warmup":20,"iters":20,"mode":"fresh"}
== infer cpu size=64 mode=reuse arm=before ==
{"framework":"fandhe-ai","version":"0.9.0","task":"infer","device":"cpu","size":64,"median_s":0.000184106,"q1_s":0.000162922,"q3_s":0.000197186,"throughput_per_s":5431.654,"checksum":13.976574,"warmup":20,"iters":20,"mode":"reuse","init_s":0.001089852}
== infer cpu size=64 mode=reuse arm=after ==
{"framework":"fandhe-ai","version":"0.9.0","task":"infer","device":"cpu","size":64,"median_s":0.000193818,"q1_s":0.000183534,"q3_s":0.000207022,"throughput_per_s":5159.480,"checksum":13.976574,"warmup":20,"iters":20,"mode":"reuse","init_s":0.000942521}
round 1: load average: 7.88, 2.21, 0.74
== gemm cpu size=512 mode=fresh arm=after ==
{"framework":"fandhe-ai","version":"0.9.0","task":"gemm","device":"cpu","size":512,"median_s":0.001837324,"q1_s":0.001739727,"q3_s":0.002037013,"gflops":146.101,"checksum":937.743233,"warmup":20,"iters":20,"mode":"fresh","parity_total":262144,"parity_fail_count":0,"parity_max_abs_err":0.000000e0,"parity_max_rel_err":0.000000e0,"parity_scaled_abs_bound":0.000000e0,"parity_scaled_abs_rescued":0}
== gemm cpu size=512 mode=fresh arm=before ==
{"framework":"fandhe-ai","version":"0.9.0","task":"gemm","device":"cpu","size":512,"median_s":0.001846900,"q1_s":0.001612509,"q3_s":0.002099790,"gflops":145.344,"checksum":937.743233,"warmup":20,"iters":20,"mode":"fresh","parity_total":262144,"parity_fail_count":0,"parity_max_abs_err":0.000000e0,"parity_max_rel_err":0.000000e0,"parity_scaled_abs_bound":0.000000e0,"parity_scaled_abs_rescued":0}
== gemm cpu size=512 mode=reuse arm=after ==
{"framework":"fandhe-ai","version":"0.9.0","task":"gemm","device":"cpu","size":512,"median_s":0.002471010,"q1_s":0.002307524,"q3_s":0.002574231,"gflops":108.634,"checksum":937.743233,"warmup":20,"iters":20,"mode":"reuse","init_s":0.001958660,"parity_total":262144,"parity_fail_count":0,"parity_max_abs_err":0.000000e0,"parity_max_rel_err":0.000000e0,"parity_scaled_abs_bound":0.000000e0,"parity_scaled_abs_rescued":0}
== gemm cpu size=512 mode=reuse arm=before ==
{"framework":"fandhe-ai","version":"0.9.0","task":"gemm","device":"cpu","size":512,"median_s":0.002459242,"q1_s":0.002158922,"q3_s":0.002718236,"gflops":109.154,"checksum":937.743233,"warmup":20,"iters":20,"mode":"reuse","init_s":0.001739378,"parity_total":262144,"parity_fail_count":0,"parity_max_abs_err":0.000000e0,"parity_max_rel_err":0.000000e0,"parity_scaled_abs_bound":0.000000e0,"parity_scaled_abs_rescued":0}
== gemm cpu size=1024 mode=fresh arm=after ==
{"framework":"fandhe-ai","version":"0.9.0","task":"gemm","device":"cpu","size":1024,"median_s":0.004897244,"q1_s":0.004517575,"q3_s":0.005230994,"gflops":438.509,"checksum":-1855.597736,"warmup":20,"iters":20,"mode":"fresh","parity_total":1048576,"parity_fail_count":0,"parity_max_abs_err":0.000000e0,"parity_max_rel_err":0.000000e0,"parity_scaled_abs_bound":0.000000e0,"parity_scaled_abs_rescued":0}
== gemm cpu size=1024 mode=fresh arm=before ==
{"framework":"fandhe-ai","version":"0.9.0","task":"gemm","device":"cpu","size":1024,"median_s":0.004965395,"q1_s":0.004745494,"q3_s":0.005286131,"gflops":432.490,"checksum":-1855.597736,"warmup":20,"iters":20,"mode":"fresh","parity_total":1048576,"parity_fail_count":0,"parity_max_abs_err":0.000000e0,"parity_max_rel_err":0.000000e0,"parity_scaled_abs_bound":0.000000e0,"parity_scaled_abs_rescued":0}
== gemm cpu size=1024 mode=reuse arm=after ==
{"framework":"fandhe-ai","version":"0.9.0","task":"gemm","device":"cpu","size":1024,"median_s":0.005680819,"q1_s":0.005594662,"q3_s":0.006056163,"gflops":378.024,"checksum":-1855.597736,"warmup":20,"iters":20,"mode":"reuse","init_s":0.006431635,"parity_total":1048576,"parity_fail_count":0,"parity_max_abs_err":0.000000e0,"parity_max_rel_err":0.000000e0,"parity_scaled_abs_bound":0.000000e0,"parity_scaled_abs_rescued":0}
== gemm cpu size=1024 mode=reuse arm=before ==
{"framework":"fandhe-ai","version":"0.9.0","task":"gemm","device":"cpu","size":1024,"median_s":0.005572418,"q1_s":0.005508141,"q3_s":0.005795608,"gflops":385.377,"checksum":-1855.597736,"warmup":20,"iters":20,"mode":"reuse","init_s":0.006308306,"parity_total":1048576,"parity_fail_count":0,"parity_max_abs_err":0.000000e0,"parity_max_rel_err":0.000000e0,"parity_scaled_abs_bound":0.000000e0,"parity_scaled_abs_rescued":0}
== gemm cpu size=2048 mode=fresh arm=after ==
{"framework":"fandhe-ai","version":"0.9.0","task":"gemm","device":"cpu","size":2048,"median_s":0.016806567,"q1_s":0.015781383,"q3_s":0.017357332,"gflops":1022.212,"checksum":-6016.774008,"warmup":20,"iters":20,"mode":"fresh","parity_total":4194304,"parity_fail_count":0,"parity_max_abs_err":0.000000e0,"parity_max_rel_err":0.000000e0,"parity_scaled_abs_bound":0.000000e0,"parity_scaled_abs_rescued":0}
== gemm cpu size=2048 mode=fresh arm=before ==
{"framework":"fandhe-ai","version":"0.9.0","task":"gemm","device":"cpu","size":2048,"median_s":0.016401210,"q1_s":0.016182564,"q3_s":0.017213251,"gflops":1047.476,"checksum":-6016.774008,"warmup":20,"iters":20,"mode":"fresh","parity_total":4194304,"parity_fail_count":0,"parity_max_abs_err":0.000000e0,"parity_max_rel_err":0.000000e0,"parity_scaled_abs_bound":0.000000e0,"parity_scaled_abs_rescued":0}
== gemm cpu size=2048 mode=reuse arm=after ==
{"framework":"fandhe-ai","version":"0.9.0","task":"gemm","device":"cpu","size":2048,"median_s":0.026877141,"q1_s":0.023940012,"q3_s":0.027243150,"gflops":639.200,"checksum":-6016.774008,"warmup":20,"iters":20,"mode":"reuse","init_s":0.028005842,"parity_total":4194304,"parity_fail_count":0,"parity_max_abs_err":0.000000e0,"parity_max_rel_err":0.000000e0,"parity_scaled_abs_bound":0.000000e0,"parity_scaled_abs_rescued":0}
== gemm cpu size=2048 mode=reuse arm=before ==
{"framework":"fandhe-ai","version":"0.9.0","task":"gemm","device":"cpu","size":2048,"median_s":0.027231448,"q1_s":0.021484846,"q3_s":0.028202347,"gflops":630.883,"checksum":-6016.774008,"warmup":20,"iters":20,"mode":"reuse","init_s":0.022008740,"parity_total":4194304,"parity_fail_count":0,"parity_max_abs_err":0.000000e0,"parity_max_rel_err":0.000000e0,"parity_scaled_abs_bound":0.000000e0,"parity_scaled_abs_rescued":0}
== train cpu size=64 mode=fresh arm=after ==
{"framework":"fandhe-ai","version":"0.9.0","task":"train","device":"cpu","size":64,"median_s":0.000970002,"q1_s":0.000824160,"q3_s":0.001217072,"checksum":0.080541,"warmup":20,"iters":80,"mode":"fresh"}
== train cpu size=64 mode=fresh arm=before ==
{"framework":"fandhe-ai","version":"0.9.0","task":"train","device":"cpu","size":64,"median_s":0.001162724,"q1_s":0.000926093,"q3_s":0.001346170,"checksum":0.080541,"warmup":20,"iters":80,"mode":"fresh"}
== train cpu size=64 mode=reuse arm=after ==
{"framework":"fandhe-ai","version":"0.9.0","task":"train","device":"cpu","size":64,"median_s":0.000969843,"q1_s":0.000912905,"q3_s":0.001324237,"checksum":0.080541,"warmup":20,"iters":80,"mode":"reuse","init_s":0.001113836}
== train cpu size=64 mode=reuse arm=before ==
{"framework":"fandhe-ai","version":"0.9.0","task":"train","device":"cpu","size":64,"median_s":0.001086691,"q1_s":0.000920681,"q3_s":0.001668885,"checksum":0.080541,"warmup":20,"iters":80,"mode":"reuse","init_s":0.000995754}
== infer cpu size=64 mode=fresh arm=after ==
{"framework":"fandhe-ai","version":"0.9.0","task":"infer","device":"cpu","size":64,"median_s":0.000172585,"q1_s":0.000160422,"q3_s":0.000180142,"throughput_per_s":5794.246,"checksum":13.976574,"warmup":20,"iters":20,"mode":"fresh"}
== infer cpu size=64 mode=fresh arm=before ==
{"framework":"fandhe-ai","version":"0.9.0","task":"infer","device":"cpu","size":64,"median_s":0.000170330,"q1_s":0.000161230,"q3_s":0.000189042,"throughput_per_s":5870.956,"checksum":13.976574,"warmup":20,"iters":20,"mode":"fresh"}
== infer cpu size=64 mode=reuse arm=after ==
{"framework":"fandhe-ai","version":"0.9.0","task":"infer","device":"cpu","size":64,"median_s":0.000186250,"q1_s":0.000173462,"q3_s":0.000198678,"throughput_per_s":5369.128,"checksum":13.976574,"warmup":20,"iters":20,"mode":"reuse","init_s":0.001026635}
== infer cpu size=64 mode=reuse arm=before ==
{"framework":"fandhe-ai","version":"0.9.0","task":"infer","device":"cpu","size":64,"median_s":0.000178506,"q1_s":0.000168154,"q3_s":0.000217122,"throughput_per_s":5602.053,"checksum":13.976574,"warmup":20,"iters":20,"mode":"reuse","init_s":0.001138732}
round 2: load average: 8.34, 2.48, 0.85
== gemm cpu size=512 mode=fresh arm=before ==
{"framework":"fandhe-ai","version":"0.9.0","task":"gemm","device":"cpu","size":512,"median_s":0.000760543,"q1_s":0.000704655,"q3_s":0.000811360,"gflops":352.952,"checksum":937.743233,"warmup":20,"iters":20,"mode":"fresh","parity_total":262144,"parity_fail_count":0,"parity_max_abs_err":0.000000e0,"parity_max_rel_err":0.000000e0,"parity_scaled_abs_bound":0.000000e0,"parity_scaled_abs_rescued":0}
== gemm cpu size=512 mode=fresh arm=after ==
{"framework":"fandhe-ai","version":"0.9.0","task":"gemm","device":"cpu","size":512,"median_s":0.001526375,"q1_s":0.001425691,"q3_s":0.001710601,"gflops":175.865,"checksum":937.743233,"warmup":20,"iters":20,"mode":"fresh","parity_total":262144,"parity_fail_count":0,"parity_max_abs_err":0.000000e0,"parity_max_rel_err":0.000000e0,"parity_scaled_abs_bound":0.000000e0,"parity_scaled_abs_rescued":0}
== gemm cpu size=512 mode=reuse arm=before ==
{"framework":"fandhe-ai","version":"0.9.0","task":"gemm","device":"cpu","size":512,"median_s":0.002285215,"q1_s":0.002132485,"q3_s":0.002519821,"gflops":117.466,"checksum":937.743233,"warmup":20,"iters":20,"mode":"reuse","init_s":0.002292647,"parity_total":262144,"parity_fail_count":0,"parity_max_abs_err":0.000000e0,"parity_max_rel_err":0.000000e0,"parity_scaled_abs_bound":0.000000e0,"parity_scaled_abs_rescued":0}
== gemm cpu size=512 mode=reuse arm=after ==
{"framework":"fandhe-ai","version":"0.9.0","task":"gemm","device":"cpu","size":512,"median_s":0.002564186,"q1_s":0.002504229,"q3_s":0.002775171,"gflops":104.686,"checksum":937.743233,"warmup":20,"iters":20,"mode":"reuse","init_s":0.002048532,"parity_total":262144,"parity_fail_count":0,"parity_max_abs_err":0.000000e0,"parity_max_rel_err":0.000000e0,"parity_scaled_abs_bound":0.000000e0,"parity_scaled_abs_rescued":0}
== gemm cpu size=1024 mode=fresh arm=before ==
{"framework":"fandhe-ai","version":"0.9.0","task":"gemm","device":"cpu","size":1024,"median_s":0.004628518,"q1_s":0.004287475,"q3_s":0.005055903,"gflops":463.968,"checksum":-1855.597736,"warmup":20,"iters":20,"mode":"fresh","parity_total":1048576,"parity_fail_count":0,"parity_max_abs_err":0.000000e0,"parity_max_rel_err":0.000000e0,"parity_scaled_abs_bound":0.000000e0,"parity_scaled_abs_rescued":0}
== gemm cpu size=1024 mode=fresh arm=after ==
{"framework":"fandhe-ai","version":"0.9.0","task":"gemm","device":"cpu","size":1024,"median_s":0.004830752,"q1_s":0.004719927,"q3_s":0.005132051,"gflops":444.544,"checksum":-1855.597736,"warmup":20,"iters":20,"mode":"fresh","parity_total":1048576,"parity_fail_count":0,"parity_max_abs_err":0.000000e0,"parity_max_rel_err":0.000000e0,"parity_scaled_abs_bound":0.000000e0,"parity_scaled_abs_rescued":0}
== gemm cpu size=1024 mode=reuse arm=before ==
{"framework":"fandhe-ai","version":"0.9.0","task":"gemm","device":"cpu","size":1024,"median_s":0.005678216,"q1_s":0.005529303,"q3_s":0.005830202,"gflops":378.197,"checksum":-1855.597736,"warmup":20,"iters":20,"mode":"reuse","init_s":0.006407039,"parity_total":1048576,"parity_fail_count":0,"parity_max_abs_err":0.000000e0,"parity_max_rel_err":0.000000e0,"parity_scaled_abs_bound":0.000000e0,"parity_scaled_abs_rescued":0}
== gemm cpu size=1024 mode=reuse arm=after ==
{"framework":"fandhe-ai","version":"0.9.0","task":"gemm","device":"cpu","size":1024,"median_s":0.005817938,"q1_s":0.005463810,"q3_s":0.006039076,"gflops":369.114,"checksum":-1855.597736,"warmup":20,"iters":20,"mode":"reuse","init_s":0.006411872,"parity_total":1048576,"parity_fail_count":0,"parity_max_abs_err":0.000000e0,"parity_max_rel_err":0.000000e0,"parity_scaled_abs_bound":0.000000e0,"parity_scaled_abs_rescued":0}
== gemm cpu size=2048 mode=fresh arm=before ==
{"framework":"fandhe-ai","version":"0.9.0","task":"gemm","device":"cpu","size":2048,"median_s":0.017521334,"q1_s":0.017138435,"q3_s":0.019102542,"gflops":980.511,"checksum":-6016.774008,"warmup":20,"iters":20,"mode":"fresh","parity_total":4194304,"parity_fail_count":0,"parity_max_abs_err":0.000000e0,"parity_max_rel_err":0.000000e0,"parity_scaled_abs_bound":0.000000e0,"parity_scaled_abs_rescued":0}
== gemm cpu size=2048 mode=fresh arm=after ==
{"framework":"fandhe-ai","version":"0.9.0","task":"gemm","device":"cpu","size":2048,"median_s":0.016350786,"q1_s":0.015809356,"q3_s":0.016682713,"gflops":1050.706,"checksum":-6016.774008,"warmup":20,"iters":20,"mode":"fresh","parity_total":4194304,"parity_fail_count":0,"parity_max_abs_err":0.000000e0,"parity_max_rel_err":0.000000e0,"parity_scaled_abs_bound":0.000000e0,"parity_scaled_abs_rescued":0}
== gemm cpu size=2048 mode=reuse arm=before ==
{"framework":"fandhe-ai","version":"0.9.0","task":"gemm","device":"cpu","size":2048,"median_s":0.024024670,"q1_s":0.020817730,"q3_s":0.028319344,"gflops":715.093,"checksum":-6016.774008,"warmup":20,"iters":20,"mode":"reuse","init_s":0.021190177,"parity_total":4194304,"parity_fail_count":0,"parity_max_abs_err":0.000000e0,"parity_max_rel_err":0.000000e0,"parity_scaled_abs_bound":0.000000e0,"parity_scaled_abs_rescued":0}
== gemm cpu size=2048 mode=reuse arm=after ==
{"framework":"fandhe-ai","version":"0.9.0","task":"gemm","device":"cpu","size":2048,"median_s":0.023873820,"q1_s":0.020380293,"q3_s":0.027419059,"gflops":719.611,"checksum":-6016.774008,"warmup":20,"iters":20,"mode":"reuse","init_s":0.019930501,"parity_total":4194304,"parity_fail_count":0,"parity_max_abs_err":0.000000e0,"parity_max_rel_err":0.000000e0,"parity_scaled_abs_bound":0.000000e0,"parity_scaled_abs_rescued":0}
== train cpu size=64 mode=fresh arm=before ==
{"framework":"fandhe-ai","version":"0.9.0","task":"train","device":"cpu","size":64,"median_s":0.001101747,"q1_s":0.000899493,"q3_s":0.001270124,"checksum":0.080541,"warmup":20,"iters":80,"mode":"fresh"}
== train cpu size=64 mode=fresh arm=after ==
{"framework":"fandhe-ai","version":"0.9.0","task":"train","device":"cpu","size":64,"median_s":0.001045114,"q1_s":0.000921029,"q3_s":0.001269880,"checksum":0.080541,"warmup":20,"iters":80,"mode":"fresh"}
== train cpu size=64 mode=reuse arm=before ==
{"framework":"fandhe-ai","version":"0.9.0","task":"train","device":"cpu","size":64,"median_s":0.001037738,"q1_s":0.000931357,"q3_s":0.001220480,"checksum":0.080541,"warmup":20,"iters":80,"mode":"reuse","init_s":0.001110459}
== train cpu size=64 mode=reuse arm=after ==
{"framework":"fandhe-ai","version":"0.9.0","task":"train","device":"cpu","size":64,"median_s":0.001090539,"q1_s":0.000927669,"q3_s":0.001234517,"checksum":0.080541,"warmup":20,"iters":80,"mode":"reuse","init_s":0.001286076}
== infer cpu size=64 mode=fresh arm=before ==
{"framework":"fandhe-ai","version":"0.9.0","task":"infer","device":"cpu","size":64,"median_s":0.000163666,"q1_s":0.000153573,"q3_s":0.000177890,"throughput_per_s":6110.005,"checksum":13.976574,"warmup":20,"iters":20,"mode":"fresh"}
== infer cpu size=64 mode=fresh arm=after ==
{"framework":"fandhe-ai","version":"0.9.0","task":"infer","device":"cpu","size":64,"median_s":0.000185154,"q1_s":0.000160517,"q3_s":0.000201174,"throughput_per_s":5400.910,"checksum":13.976574,"warmup":20,"iters":20,"mode":"fresh"}
== infer cpu size=64 mode=reuse arm=before ==
{"framework":"fandhe-ai","version":"0.9.0","task":"infer","device":"cpu","size":64,"median_s":0.000181634,"q1_s":0.000166182,"q3_s":0.000190890,"throughput_per_s":5505.592,"checksum":13.976574,"warmup":20,"iters":20,"mode":"reuse","init_s":0.001142027}
== infer cpu size=64 mode=reuse arm=after ==
{"framework":"fandhe-ai","version":"0.9.0","task":"infer","device":"cpu","size":64,"median_s":0.000192634,"q1_s":0.000175574,"q3_s":0.000207146,"throughput_per_s":5191.192,"checksum":13.976574,"warmup":20,"iters":20,"mode":"reuse","init_s":0.001211052}
round 3: load average: 4.43, 2.20, 0.82
== gemm cpu size=512 mode=fresh arm=after ==
{"framework":"fandhe-ai","version":"0.9.0","task":"gemm","device":"cpu","size":512,"median_s":0.001802194,"q1_s":0.001733930,"q3_s":0.002018224,"gflops":148.949,"checksum":937.743233,"warmup":20,"iters":20,"mode":"fresh","parity_total":262144,"parity_fail_count":0,"parity_max_abs_err":0.000000e0,"parity_max_rel_err":0.000000e0,"parity_scaled_abs_bound":0.000000e0,"parity_scaled_abs_rescued":0}
== gemm cpu size=512 mode=fresh arm=before ==
{"framework":"fandhe-ai","version":"0.9.0","task":"gemm","device":"cpu","size":512,"median_s":0.001824138,"q1_s":0.001688476,"q3_s":0.001999231,"gflops":147.157,"checksum":937.743233,"warmup":20,"iters":20,"mode":"fresh","parity_total":262144,"parity_fail_count":0,"parity_max_abs_err":0.000000e0,"parity_max_rel_err":0.000000e0,"parity_scaled_abs_bound":0.000000e0,"parity_scaled_abs_rescued":0}
== gemm cpu size=512 mode=reuse arm=after ==
{"framework":"fandhe-ai","version":"0.9.0","task":"gemm","device":"cpu","size":512,"median_s":0.002502449,"q1_s":0.002311974,"q3_s":0.002728291,"gflops":107.269,"checksum":937.743233,"warmup":20,"iters":20,"mode":"reuse","init_s":0.001641168,"parity_total":262144,"parity_fail_count":0,"parity_max_abs_err":0.000000e0,"parity_max_rel_err":0.000000e0,"parity_scaled_abs_bound":0.000000e0,"parity_scaled_abs_rescued":0}
== gemm cpu size=512 mode=reuse arm=before ==
{"framework":"fandhe-ai","version":"0.9.0","task":"gemm","device":"cpu","size":512,"median_s":0.002522041,"q1_s":0.002294855,"q3_s":0.002670450,"gflops":106.436,"checksum":937.743233,"warmup":20,"iters":20,"mode":"reuse","init_s":0.001934707,"parity_total":262144,"parity_fail_count":0,"parity_max_abs_err":0.000000e0,"parity_max_rel_err":0.000000e0,"parity_scaled_abs_bound":0.000000e0,"parity_scaled_abs_rescued":0}
== gemm cpu size=1024 mode=fresh arm=after ==
{"framework":"fandhe-ai","version":"0.9.0","task":"gemm","device":"cpu","size":1024,"median_s":0.004613141,"q1_s":0.004198009,"q3_s":0.004959129,"gflops":465.514,"checksum":-1855.597736,"warmup":20,"iters":20,"mode":"fresh","parity_total":1048576,"parity_fail_count":0,"parity_max_abs_err":0.000000e0,"parity_max_rel_err":0.000000e0,"parity_scaled_abs_bound":0.000000e0,"parity_scaled_abs_rescued":0}
== gemm cpu size=1024 mode=fresh arm=before ==
{"framework":"fandhe-ai","version":"0.9.0","task":"gemm","device":"cpu","size":1024,"median_s":0.004393547,"q1_s":0.003982448,"q3_s":0.004941757,"gflops":488.781,"checksum":-1855.597736,"warmup":20,"iters":20,"mode":"fresh","parity_total":1048576,"parity_fail_count":0,"parity_max_abs_err":0.000000e0,"parity_max_rel_err":0.000000e0,"parity_scaled_abs_bound":0.000000e0,"parity_scaled_abs_rescued":0}
== gemm cpu size=1024 mode=reuse arm=after ==
{"framework":"fandhe-ai","version":"0.9.0","task":"gemm","device":"cpu","size":1024,"median_s":0.005944819,"q1_s":0.005612131,"q3_s":0.006080792,"gflops":361.236,"checksum":-1855.597736,"warmup":20,"iters":20,"mode":"reuse","init_s":0.006957333,"parity_total":1048576,"parity_fail_count":0,"parity_max_abs_err":0.000000e0,"parity_max_rel_err":0.000000e0,"parity_scaled_abs_bound":0.000000e0,"parity_scaled_abs_rescued":0}
== gemm cpu size=1024 mode=reuse arm=before ==
{"framework":"fandhe-ai","version":"0.9.0","task":"gemm","device":"cpu","size":1024,"median_s":0.005756865,"q1_s":0.005472450,"q3_s":0.005887386,"gflops":373.030,"checksum":-1855.597736,"warmup":20,"iters":20,"mode":"reuse","init_s":0.006141949,"parity_total":1048576,"parity_fail_count":0,"parity_max_abs_err":0.000000e0,"parity_max_rel_err":0.000000e0,"parity_scaled_abs_bound":0.000000e0,"parity_scaled_abs_rescued":0}
== gemm cpu size=2048 mode=fresh arm=after ==
{"framework":"fandhe-ai","version":"0.9.0","task":"gemm","device":"cpu","size":2048,"median_s":0.015941461,"q1_s":0.015748170,"q3_s":0.016221079,"gflops":1077.685,"checksum":-6016.774008,"warmup":20,"iters":20,"mode":"fresh","parity_total":4194304,"parity_fail_count":0,"parity_max_abs_err":0.000000e0,"parity_max_rel_err":0.000000e0,"parity_scaled_abs_bound":0.000000e0,"parity_scaled_abs_rescued":0}
== gemm cpu size=2048 mode=fresh arm=before ==
{"framework":"fandhe-ai","version":"0.9.0","task":"gemm","device":"cpu","size":2048,"median_s":0.017010583,"q1_s":0.016531254,"q3_s":0.017765334,"gflops":1009.952,"checksum":-6016.774008,"warmup":20,"iters":20,"mode":"fresh","parity_total":4194304,"parity_fail_count":0,"parity_max_abs_err":0.000000e0,"parity_max_rel_err":0.000000e0,"parity_scaled_abs_bound":0.000000e0,"parity_scaled_abs_rescued":0}
== gemm cpu size=2048 mode=reuse arm=after ==
{"framework":"fandhe-ai","version":"0.9.0","task":"gemm","device":"cpu","size":2048,"median_s":0.027828032,"q1_s":0.027276483,"q3_s":0.028303229,"gflops":617.358,"checksum":-6016.774008,"warmup":20,"iters":20,"mode":"reuse","init_s":0.029027917,"parity_total":4194304,"parity_fail_count":0,"parity_max_abs_err":0.000000e0,"parity_max_rel_err":0.000000e0,"parity_scaled_abs_bound":0.000000e0,"parity_scaled_abs_rescued":0}
== gemm cpu size=2048 mode=reuse arm=before ==
{"framework":"fandhe-ai","version":"0.9.0","task":"gemm","device":"cpu","size":2048,"median_s":0.027828992,"q1_s":0.027364751,"q3_s":0.028677988,"gflops":617.337,"checksum":-6016.774008,"warmup":20,"iters":20,"mode":"reuse","init_s":0.028777001,"parity_total":4194304,"parity_fail_count":0,"parity_max_abs_err":0.000000e0,"parity_max_rel_err":0.000000e0,"parity_scaled_abs_bound":0.000000e0,"parity_scaled_abs_rescued":0}
== train cpu size=64 mode=fresh arm=after ==
{"framework":"fandhe-ai","version":"0.9.0","task":"train","device":"cpu","size":64,"median_s":0.000949145,"q1_s":0.000785376,"q3_s":0.001139511,"checksum":0.080541,"warmup":20,"iters":80,"mode":"fresh"}
== train cpu size=64 mode=fresh arm=before ==
{"framework":"fandhe-ai","version":"0.9.0","task":"train","device":"cpu","size":64,"median_s":0.001113274,"q1_s":0.000936590,"q3_s":0.001364009,"checksum":0.080541,"warmup":20,"iters":80,"mode":"fresh"}
== train cpu size=64 mode=reuse arm=after ==
{"framework":"fandhe-ai","version":"0.9.0","task":"train","device":"cpu","size":64,"median_s":0.001030298,"q1_s":0.000942053,"q3_s":0.001264365,"checksum":0.080541,"warmup":20,"iters":80,"mode":"reuse","init_s":0.000811335}
== train cpu size=64 mode=reuse arm=before ==
{"framework":"fandhe-ai","version":"0.9.0","task":"train","device":"cpu","size":64,"median_s":0.000955490,"q1_s":0.000912305,"q3_s":0.001169087,"checksum":0.080541,"warmup":20,"iters":80,"mode":"reuse","init_s":0.001066778}
== infer cpu size=64 mode=fresh arm=after ==
{"framework":"fandhe-ai","version":"0.9.0","task":"infer","device":"cpu","size":64,"median_s":0.000174409,"q1_s":0.000164833,"q3_s":0.000188982,"throughput_per_s":5733.633,"checksum":13.976574,"warmup":20,"iters":20,"mode":"fresh"}
== infer cpu size=64 mode=fresh arm=before ==
{"framework":"fandhe-ai","version":"0.9.0","task":"infer","device":"cpu","size":64,"median_s":0.000170298,"q1_s":0.000165317,"q3_s":0.000182962,"throughput_per_s":5872.060,"checksum":13.976574,"warmup":20,"iters":20,"mode":"fresh"}
== infer cpu size=64 mode=reuse arm=after ==
{"framework":"fandhe-ai","version":"0.9.0","task":"infer","device":"cpu","size":64,"median_s":0.000195130,"q1_s":0.000179834,"q3_s":0.000214146,"throughput_per_s":5124.789,"checksum":13.976574,"warmup":20,"iters":20,"mode":"reuse","init_s":0.001062826}
== infer cpu size=64 mode=reuse arm=before ==
{"framework":"fandhe-ai","version":"0.9.0","task":"infer","device":"cpu","size":64,"median_s":0.000177426,"q1_s":0.000172058,"q3_s":0.000191406,"throughput_per_s":5636.153,"checksum":13.976574,"warmup":20,"iters":20,"mode":"reuse","init_s":0.001167099}
round 4: load average: 5.31, 2.46, 0.92
== gemm cpu size=512 mode=fresh arm=before ==
{"framework":"fandhe-ai","version":"0.9.0","task":"gemm","device":"cpu","size":512,"median_s":0.001760025,"q1_s":0.001466162,"q3_s":0.001912134,"gflops":152.518,"checksum":937.743233,"warmup":20,"iters":20,"mode":"fresh","parity_total":262144,"parity_fail_count":0,"parity_max_abs_err":0.000000e0,"parity_max_rel_err":0.000000e0,"parity_scaled_abs_bound":0.000000e0,"parity_scaled_abs_rescued":0}
== gemm cpu size=512 mode=fresh arm=after ==
{"framework":"fandhe-ai","version":"0.9.0","task":"gemm","device":"cpu","size":512,"median_s":0.001799209,"q1_s":0.001198704,"q3_s":0.001878862,"gflops":149.196,"checksum":937.743233,"warmup":20,"iters":20,"mode":"fresh","parity_total":262144,"parity_fail_count":0,"parity_max_abs_err":0.000000e0,"parity_max_rel_err":0.000000e0,"parity_scaled_abs_bound":0.000000e0,"parity_scaled_abs_rescued":0}
== gemm cpu size=512 mode=reuse arm=before ==
{"framework":"fandhe-ai","version":"0.9.0","task":"gemm","device":"cpu","size":512,"median_s":0.002638042,"q1_s":0.002086156,"q3_s":0.002822055,"gflops":101.756,"checksum":937.743233,"warmup":20,"iters":20,"mode":"reuse","init_s":0.002150757,"parity_total":262144,"parity_fail_count":0,"parity_max_abs_err":0.000000e0,"parity_max_rel_err":0.000000e0,"parity_scaled_abs_bound":0.000000e0,"parity_scaled_abs_rescued":0}
== gemm cpu size=512 mode=reuse arm=after ==
{"framework":"fandhe-ai","version":"0.9.0","task":"gemm","device":"cpu","size":512,"median_s":0.002492224,"q1_s":0.002365332,"q3_s":0.002672222,"gflops":107.709,"checksum":937.743233,"warmup":20,"iters":20,"mode":"reuse","init_s":0.001951747,"parity_total":262144,"parity_fail_count":0,"parity_max_abs_err":0.000000e0,"parity_max_rel_err":0.000000e0,"parity_scaled_abs_bound":0.000000e0,"parity_scaled_abs_rescued":0}
== gemm cpu size=1024 mode=fresh arm=before ==
{"framework":"fandhe-ai","version":"0.9.0","task":"gemm","device":"cpu","size":1024,"median_s":0.004597837,"q1_s":0.003985123,"q3_s":0.004972328,"gflops":467.064,"checksum":-1855.597736,"warmup":20,"iters":20,"mode":"fresh","parity_total":1048576,"parity_fail_count":0,"parity_max_abs_err":0.000000e0,"parity_max_rel_err":0.000000e0,"parity_scaled_abs_bound":0.000000e0,"parity_scaled_abs_rescued":0}
== gemm cpu size=1024 mode=fresh arm=after ==
{"framework":"fandhe-ai","version":"0.9.0","task":"gemm","device":"cpu","size":1024,"median_s":0.003742141,"q1_s":0.003517766,"q3_s":0.003911467,"gflops":573.865,"checksum":-1855.597736,"warmup":20,"iters":20,"mode":"fresh","parity_total":1048576,"parity_fail_count":0,"parity_max_abs_err":0.000000e0,"parity_max_rel_err":0.000000e0,"parity_scaled_abs_bound":0.000000e0,"parity_scaled_abs_rescued":0}
== gemm cpu size=1024 mode=reuse arm=before ==
{"framework":"fandhe-ai","version":"0.9.0","task":"gemm","device":"cpu","size":1024,"median_s":0.005502518,"q1_s":0.005377297,"q3_s":0.005651443,"gflops":390.273,"checksum":-1855.597736,"warmup":20,"iters":20,"mode":"reuse","init_s":0.006639361,"parity_total":1048576,"parity_fail_count":0,"parity_max_abs_err":0.000000e0,"parity_max_rel_err":0.000000e0,"parity_scaled_abs_bound":0.000000e0,"parity_scaled_abs_rescued":0}
== gemm cpu size=1024 mode=reuse arm=after ==
{"framework":"fandhe-ai","version":"0.9.0","task":"gemm","device":"cpu","size":1024,"median_s":0.005702048,"q1_s":0.005524274,"q3_s":0.005998947,"gflops":376.616,"checksum":-1855.597736,"warmup":20,"iters":20,"mode":"reuse","init_s":0.005727144,"parity_total":1048576,"parity_fail_count":0,"parity_max_abs_err":0.000000e0,"parity_max_rel_err":0.000000e0,"parity_scaled_abs_bound":0.000000e0,"parity_scaled_abs_rescued":0}
== gemm cpu size=2048 mode=fresh arm=before ==
{"framework":"fandhe-ai","version":"0.9.0","task":"gemm","device":"cpu","size":2048,"median_s":0.017282177,"q1_s":0.016927332,"q3_s":0.018308466,"gflops":994.080,"checksum":-6016.774008,"warmup":20,"iters":20,"mode":"fresh","parity_total":4194304,"parity_fail_count":0,"parity_max_abs_err":0.000000e0,"parity_max_rel_err":0.000000e0,"parity_scaled_abs_bound":0.000000e0,"parity_scaled_abs_rescued":0}
== gemm cpu size=2048 mode=fresh arm=after ==
{"framework":"fandhe-ai","version":"0.9.0","task":"gemm","device":"cpu","size":2048,"median_s":0.016740090,"q1_s":0.016490096,"q3_s":0.017193159,"gflops":1026.271,"checksum":-6016.774008,"warmup":20,"iters":20,"mode":"fresh","parity_total":4194304,"parity_fail_count":0,"parity_max_abs_err":0.000000e0,"parity_max_rel_err":0.000000e0,"parity_scaled_abs_bound":0.000000e0,"parity_scaled_abs_rescued":0}
== gemm cpu size=2048 mode=reuse arm=before ==
{"framework":"fandhe-ai","version":"0.9.0","task":"gemm","device":"cpu","size":2048,"median_s":0.027370009,"q1_s":0.021276866,"q3_s":0.028531921,"gflops":627.690,"checksum":-6016.774008,"warmup":20,"iters":20,"mode":"reuse","init_s":0.028173505,"parity_total":4194304,"parity_fail_count":0,"parity_max_abs_err":0.000000e0,"parity_max_rel_err":0.000000e0,"parity_scaled_abs_bound":0.000000e0,"parity_scaled_abs_rescued":0}
== gemm cpu size=2048 mode=reuse arm=after ==
{"framework":"fandhe-ai","version":"0.9.0","task":"gemm","device":"cpu","size":2048,"median_s":0.020952746,"q1_s":0.020403449,"q3_s":0.027162263,"gflops":819.934,"checksum":-6016.774008,"warmup":20,"iters":20,"mode":"reuse","init_s":0.027482809,"parity_total":4194304,"parity_fail_count":0,"parity_max_abs_err":0.000000e0,"parity_max_rel_err":0.000000e0,"parity_scaled_abs_bound":0.000000e0,"parity_scaled_abs_rescued":0}
== train cpu size=64 mode=fresh arm=before ==
{"framework":"fandhe-ai","version":"0.9.0","task":"train","device":"cpu","size":64,"median_s":0.001116035,"q1_s":0.000929037,"q3_s":0.001316480,"checksum":0.080541,"warmup":20,"iters":80,"mode":"fresh"}
== train cpu size=64 mode=fresh arm=after ==
{"framework":"fandhe-ai","version":"0.9.0","task":"train","device":"cpu","size":64,"median_s":0.000992898,"q1_s":0.000829120,"q3_s":0.001151495,"checksum":0.080541,"warmup":20,"iters":80,"mode":"fresh"}
== train cpu size=64 mode=reuse arm=before ==
{"framework":"fandhe-ai","version":"0.9.0","task":"train","device":"cpu","size":64,"median_s":0.000999362,"q1_s":0.000907704,"q3_s":0.001175560,"checksum":0.080541,"warmup":20,"iters":80,"mode":"reuse","init_s":0.001143355}
== train cpu size=64 mode=reuse arm=after ==
{"framework":"fandhe-ai","version":"0.9.0","task":"train","device":"cpu","size":64,"median_s":0.000958009,"q1_s":0.000888808,"q3_s":0.001119231,"checksum":0.080541,"warmup":20,"iters":80,"mode":"reuse","init_s":0.000997401}
== infer cpu size=64 mode=fresh arm=before ==
{"framework":"fandhe-ai","version":"0.9.0","task":"infer","device":"cpu","size":64,"median_s":0.000174417,"q1_s":0.000158693,"q3_s":0.000186542,"throughput_per_s":5733.370,"checksum":13.976574,"warmup":20,"iters":20,"mode":"fresh"}
== infer cpu size=64 mode=fresh arm=after ==
{"framework":"fandhe-ai","version":"0.9.0","task":"infer","device":"cpu","size":64,"median_s":0.000165290,"q1_s":0.000157670,"q3_s":0.000176101,"throughput_per_s":6049.991,"checksum":13.976574,"warmup":20,"iters":20,"mode":"fresh"}
== infer cpu size=64 mode=reuse arm=before ==
{"framework":"fandhe-ai","version":"0.9.0","task":"infer","device":"cpu","size":64,"median_s":0.000194410,"q1_s":0.000179917,"q3_s":0.000204878,"throughput_per_s":5143.768,"checksum":13.976574,"warmup":20,"iters":20,"mode":"reuse","init_s":0.001250380}
== infer cpu size=64 mode=reuse arm=after ==
{"framework":"fandhe-ai","version":"0.9.0","task":"infer","device":"cpu","size":64,"median_s":0.000171082,"q1_s":0.000157093,"q3_s":0.000181290,"throughput_per_s":5845.150,"checksum":13.976574,"warmup":20,"iters":20,"mode":"reuse","init_s":0.000895769}
round 5: load average: 5.31, 2.56, 0.97
compare task=gemm exit=3
compare task=train exit=0
compare task=infer exit=3
done. results in results/raw ; failures (if any) in results/raw/skipped-1978-cpu-1978-gb10.log
run_ab rc=0
