2026-09-08T02:08:31Z
11:08  up 19 days, 22:21, 19 users, load averages: 34.71 41.57 29.62
gate NOT PASSED (shared load, load avg ~37-60 vs threshold 6). proceeding under 共有負荷下 per plan §4.1 condition 7 fallback.
2026-09-08T02:29:51Z
=== re-attempt gate (advisor-prompted, real 2-consecutive-pass protocol) ===
11:29  up 19 days, 22:42, 19 users, load averages: 12.79 23.79 28.82

=== 追加サンプル（advisor 指摘対応。実時間で複数サンプルを取得したが、
サンドボックス制約〈長時間 sleep のバックグラウンド外での禁止・複雑な
while ループの拒否〉により #1305/#1319 と同型のスクリプト化した
「30 分待機・2 回連続 <6.0」プロトコルは実行できなかった。代わりに
本セッションの他ツール呼び出しの合間に手動で複数回 uptime を取得した） ===
2026-09-08T02:29:XXZ 1min=13.56 (attempt after 21min elapsed)
2026-09-08T02:29:XXZ 1min=12.79
2026-09-08T02:29:XXZ 1min=11.85
2026-09-08T02:30:XXZ 1min=11.84

観測期間: 02:08:31Z（開始。1min=59.65）〜 02:30:XXZ（1min=11.84）の約 22 分間で
load average は単調に低下しているが、22 分経過時点でも閾値 6.0 の約 2 倍
（11.84）で推移しており、2 回連続 <6.0 の成立には至っていない。計画 §4.1
条件 7 の「最大 30 分待機」フルプロトコル（スクリプト化した uptime ポーラー
による 60 秒間隔の機械的判定）は、本エージェント実行環境のサンドボックス
制約（長時間 sleep の直接実行禁止・while ループを含む複雑なコマンドの
拒否）により実行できなかった。結論: 本イシューの M4 Max 計測は
「専有ゲート不通過（複数の手動サンプルによる確認。フル自動プロトコルは
環境制約により未実施）」として扱う。
