	Command being timed: "cargo test -p fandhe-ai-backend-cpu --release --lib -- --ignored gemm_reuse_phase_diag_cpu --nocapture --test-threads=1"
	User time (seconds): 84.46
	System time (seconds): 11.25
	Percent of CPU this job got: 676%
	Elapsed (wall clock) time (h:mm:ss or m:ss): 0:14.14
	Average shared text size (kbytes): 0
	Average unshared data size (kbytes): 0
	Average stack size (kbytes): 0
	Average total size (kbytes): 0
	Maximum resident set size (kbytes): 2111848
	Average resident set size (kbytes): 0
	Major (requiring I/O) page faults: 14
	Minor (reclaiming a frame) page faults: 3370303
	Voluntary context switches: 22507
	Involuntary context switches: 2424
	Swaps: 0
	File system inputs: 0
	File system outputs: 517664
	Socket messages sent: 0
	Socket messages received: 0
	Signals delivered: 0
	Page size (bytes): 4096
	Exit status: 0
