warning: unused import: `CudaSlice`
  --> crates/backend-cuda/src/gemm_mma.rs:17:19
   |
17 |     CudaFunction, CudaSlice, CudaStream, CudaView, CudaViewMut, LaunchConfig, PushKernelArg,
   |                   ^^^^^^^^^
   |
   = note: `#[warn(unused_imports)]` (part of `#[warn(unused)]`) on by default

warning: unused import: `CudaSlice`
  --> crates/backend-cuda/src/gemm_mma_tf32x3.rs:30:36
   |
30 | use cudarc::driver::{CudaFunction, CudaSlice, CudaStream};
   |                                    ^^^^^^^^^

warning: field `tiled_pipeline_128x64_error` is never read
   --> crates/backend-cuda/src/gemm.rs:399:5
    |
238 | pub struct CudaGemm {
    |            -------- field in this struct
...
399 |     tiled_pipeline_128x64_error: Option<String>,
    |     ^^^^^^^^^^^^^^^^^^^^^^^^^^^
    |
    = note: `#[warn(dead_code)]` (part of `#[warn(unused)]`) on by default

warning: field `1` is never read
   --> crates/backend-cuda/src/gemm.rs:977:48
    |
977 | pub struct TiledPipelineFunction(CudaFunction, usize, TiledPipelineTile);
    |            ---------------------               ^^^^^
    |            |
    |            field in this struct
    |
help: consider changing the field to be of unit type to suppress this warning while preserving the field numbering, or remove the field
    |
977 - pub struct TiledPipelineFunction(CudaFunction, usize, TiledPipelineTile);
977 + pub struct TiledPipelineFunction(CudaFunction, (), TiledPipelineTile);
    |

warning: method `context_ptr` is never used
   --> crates/backend-cuda/src/gemm.rs:990:8
    |
979 | impl TiledPipelineFunction {
    | -------------------------- method in this implementation
...
990 |     fn context_ptr(&self) -> usize {
    |        ^^^^^^^^^^^

warning: function `persistent_grid_blocks` is never used
    --> crates/backend-cuda/src/gemm.rs:1153:15
     |
1153 | pub(crate) fn persistent_grid_blocks(num_tiles: u32, num_sms: u32, blocks_per_sm: u32) -> u32 {
     |               ^^^^^^^^^^^^^^^^^^^^^^

warning: function `persistent_tile_count` is never used
    --> crates/backend-cuda/src/gemm.rs:1173:15
     |
1173 | pub(crate) fn persistent_tile_count(
     |               ^^^^^^^^^^^^^^^^^^^^^

warning: struct `PersistentTiledPipelineFunction` is never constructed
    --> crates/backend-cuda/src/gemm.rs:1240:12
     |
1240 | pub struct PersistentTiledPipelineFunction {
     |            ^^^^^^^^^^^^^^^^^^^^^^^^^^^^^^^

warning: function `persistent_block_threads` is never used
    --> crates/backend-cuda/src/gemm.rs:1483:4
     |
1483 | fn persistent_block_threads(tile: TiledPipelineTile) -> u32 {
     |    ^^^^^^^^^^^^^^^^^^^^^^^^

warning: struct `StreamKPlan` is never constructed
    --> crates/backend-cuda/src/gemm.rs:1516:12
     |
1516 | pub struct StreamKPlan {
     |            ^^^^^^^^^^^

warning: method `is_active` is never used
    --> crates/backend-cuda/src/gemm.rs:1547:12
     |
1542 | impl StreamKPlan {
     | ---------------- method in this implementation
...
1547 |     pub fn is_active(&self) -> bool {
     |            ^^^^^^^^^

warning: function `streamk_plan` is never used
    --> crates/backend-cuda/src/gemm.rs:1577:15
     |
1577 | pub(crate) fn streamk_plan(
     |               ^^^^^^^^^^^^

warning: function `u32_from_u64_bounded` is never used
    --> crates/backend-cuda/src/gemm.rs:1680:4
     |
1680 | fn u32_from_u64_bounded(value: u64, context: &str) -> Result<u32, CudaError> {
     |    ^^^^^^^^^^^^^^^^^^^^

warning: struct `StreamKTiledPipelineFunction` is never constructed
    --> crates/backend-cuda/src/gemm.rs:1715:12
     |
1715 | pub struct StreamKTiledPipelineFunction {
     |            ^^^^^^^^^^^^^^^^^^^^^^^^^^^^

warning: enum `GemmVariantKind` is never used
  --> crates/backend-cuda/src/gemm_variant.rs:89:10
   |
89 | pub enum GemmVariantKind {
   |          ^^^^^^^^^^^^^^^

warning: constant `SPLITK_MIN_K` is never used
   --> crates/backend-cuda/src/gemm_variant.rs:113:11
    |
113 | pub const SPLITK_MIN_K: u32 = 1024;
    |           ^^^^^^^^^^^^

warning: constant `SPLITK_MIN_K_PER_SPLIT` is never used
   --> crates/backend-cuda/src/gemm_variant.rs:118:11
    |
118 | pub const SPLITK_MIN_K_PER_SPLIT: u32 = 32;
    |           ^^^^^^^^^^^^^^^^^^^^^^

warning: constant `SPLITK_MAX_SPLITS` is never used
   --> crates/backend-cuda/src/gemm_variant.rs:124:11
    |
124 | pub const SPLITK_MAX_SPLITS: u32 = 32;
    |           ^^^^^^^^^^^^^^^^^

warning: constant `SPLITK_PARTIAL_MAX_BYTES` is never used
   --> crates/backend-cuda/src/gemm_variant.rs:130:11
    |
130 | pub const SPLITK_PARTIAL_MAX_BYTES: u64 = 256 * 1024 * 1024;
    |           ^^^^^^^^^^^^^^^^^^^^^^^^

warning: constant `DOUBLE_BUFFER_MIN_K` is never used
   --> crates/backend-cuda/src/gemm_variant.rs:134:11
    |
134 | pub const DOUBLE_BUFFER_MIN_K: u32 = 2 * 32;
    |           ^^^^^^^^^^^^^^^^^^^

warning: constant `VARIANT_TILE` is never used
   --> crates/backend-cuda/src/gemm_variant.rs:141:7
    |
141 | const VARIANT_TILE: u32 = 32;
    |       ^^^^^^^^^^^^

warning: function `num_blocks` is never used
   --> crates/backend-cuda/src/gemm_variant.rs:147:4
    |
147 | fn num_blocks(m: u32, n: u32) -> u64 {
    |    ^^^^^^^^^^

warning: function `derive_split_count` is never used
   --> crates/backend-cuda/src/gemm_variant.rs:159:4
    |
159 | fn derive_split_count(num_blocks: u64, num_sms: u32, k: u32) -> u32 {
    |    ^^^^^^^^^^^^^^^^^^

warning: function `recommend_split_count` is never used
   --> crates/backend-cuda/src/gemm_variant.rs:206:15
    |
206 | pub(crate) fn recommend_split_count(m: u32, n: u32, k: u32, num_sms: u32) -> Option<u32> {
    |               ^^^^^^^^^^^^^^^^^^^^^

warning: function `split_k_partial_bytes` is never used
   --> crates/backend-cuda/src/gemm_variant.rs:221:4
    |
221 | fn split_k_partial_bytes(num_splits: u32, m: u32, n: u32) -> Option<u64> {
    |    ^^^^^^^^^^^^^^^^^^^^^

warning: function `select_f32_gemm_variant` is never used
   --> crates/backend-cuda/src/gemm_variant.rs:264:8
    |
264 | pub fn select_f32_gemm_variant(
    |        ^^^^^^^^^^^^^^^^^^^^^^^

warning: function `validate_split_k_launch` is never used
   --> crates/backend-cuda/src/gemm_variant.rs:301:8
    |
301 | pub fn validate_split_k_launch(m: u32, n: u32, num_splits: u32) -> Result<(), CudaError> {
    |        ^^^^^^^^^^^^^^^^^^^^^^^

warning: constant `TILED_DB_TILE` is never used
  --> crates/backend-cuda/src/kernels_gemm_variants.rs:26:11
   |
26 | pub const TILED_DB_TILE: u32 = 32;
   |           ^^^^^^^^^^^^^

warning: constant `TILED_DB_F32` is never used
  --> crates/backend-cuda/src/kernels_gemm_variants.rs:55:11
   |
55 | pub const TILED_DB_F32: &str = r#"
   |           ^^^^^^^^^^^^

warning: constant `SPLITK_PARTIAL_F32` is never used
   --> crates/backend-cuda/src/kernels_gemm_variants.rs:144:11
    |
144 | pub const SPLITK_PARTIAL_F32: &str = r#"
    |           ^^^^^^^^^^^^^^^^^^

warning: constant `SPLITK_REDUCE_BLOCK_DIM` is never used
   --> crates/backend-cuda/src/kernels_gemm_variants.rs:212:11
    |
212 | pub const SPLITK_REDUCE_BLOCK_DIM: u32 = 256;
    |           ^^^^^^^^^^^^^^^^^^^^^^^

warning: constant `SPLITK_REDUCE_F32` is never used
   --> crates/backend-cuda/src/kernels_gemm_variants.rs:228:11
    |
228 | pub const SPLITK_REDUCE_F32: &str = r#"
    |           ^^^^^^^^^^^^^^^^^

warning: function `tiled_f32_source_with_swizzle` is never used
   --> crates/backend-cuda/src/kernels.rs:731:8
    |
731 | pub fn tiled_f32_source_with_swizzle(group_width: u32) -> Result<String, crate::error::CudaError> {
    |        ^^^^^^^^^^^^^^^^^^^^^^^^^^^^^

warning: function `tiled_pipeline_f32_source_with_stages` is never used
   --> crates/backend-cuda/src/kernels_tiled_pipeline.rs:240:8
    |
240 | pub fn tiled_pipeline_f32_source_with_stages(stages: u32) -> Result<String, CudaError> {
    |        ^^^^^^^^^^^^^^^^^^^^^^^^^^^^^^^^^^^^^

warning: function `render_persistent_source` is never used
   --> crates/backend-cuda/src/kernels_tiled_pipeline.rs:302:4
    |
302 | fn render_persistent_source(stages: u32) -> String {
    |    ^^^^^^^^^^^^^^^^^^^^^^^^

warning: function `tiled_pipeline_persistent_f32_source` is never used
   --> crates/backend-cuda/src/kernels_tiled_pipeline.rs:320:8
    |
320 | pub fn tiled_pipeline_persistent_f32_source() -> &'static str {
    |        ^^^^^^^^^^^^^^^^^^^^^^^^^^^^^^^^^^^^

warning: static `TILED_PIPELINE_PERSISTENT_F32_SOURCE` is never used
   --> crates/backend-cuda/src/kernels_tiled_pipeline.rs:324:8
    |
324 | static TILED_PIPELINE_PERSISTENT_F32_SOURCE: LazyLock<String> =
    |        ^^^^^^^^^^^^^^^^^^^^^^^^^^^^^^^^^^^^

warning: function `tiled_pipeline_persistent_f32_source_with_stages` is never used
   --> crates/backend-cuda/src/kernels_tiled_pipeline.rs:331:8
    |
331 | pub fn tiled_pipeline_persistent_f32_source_with_stages(stages: u32) -> Result<String, CudaError> {
    |        ^^^^^^^^^^^^^^^^^^^^^^^^^^^^^^^^^^^^^^^^^^^^^^^^

warning: constant `TP_KERNEL_PERSISTENT_PREFIX` is never used
   --> crates/backend-cuda/src/kernels_tiled_pipeline.rs:596:7
    |
596 | const TP_KERNEL_PERSISTENT_PREFIX: &str = r#"extern "C" __global__ void gemm_tiled_pipeline_persistent_f32(
    |       ^^^^^^^^^^^^^^^^^^^^^^^^^^^

warning: constant `TP_KERNEL_PERSISTENT_SUFFIX` is never used
   --> crates/backend-cuda/src/kernels_tiled_pipeline.rs:661:7
    |
661 | const TP_KERNEL_PERSISTENT_SUFFIX: &str = "    }\n}\n";
    |       ^^^^^^^^^^^^^^^^^^^^^^^^^^^

warning: constant `TP_SK_KERNEL_PREFIX` is never used
   --> crates/backend-cuda/src/kernels_tiled_pipeline.rs:711:7
    |
711 | const TP_SK_KERNEL_PREFIX: &str = r#"extern "C" __global__ void gemm_tiled_pipeline_streamk_f32(
    |       ^^^^^^^^^^^^^^^^^^^

warning: constant `TP_SK_TILE_CORE` is never used
   --> crates/backend-cuda/src/kernels_tiled_pipeline.rs:827:7
    |
827 | const TP_SK_TILE_CORE: &str = r#"            int tid = threadIdx.x;
    |       ^^^^^^^^^^^^^^^

warning: constant `TP_SK_KERNEL_SUFFIX` is never used
   --> crates/backend-cuda/src/kernels_tiled_pipeline.rs:965:7
    |
965 | const TP_SK_KERNEL_SUFFIX: &str = "        }\n    }\n}\n";
    |       ^^^^^^^^^^^^^^^^^^^

warning: constant `TP_SK_FIXUP_BLOCK_THREADS` is never used
   --> crates/backend-cuda/src/kernels_tiled_pipeline.rs:979:11
    |
979 | pub const TP_SK_FIXUP_BLOCK_THREADS: u32 = 256;
    |           ^^^^^^^^^^^^^^^^^^^^^^^^^

warning: constant `TP_SK_FIXUP_KERNEL` is never used
    --> crates/backend-cuda/src/kernels_tiled_pipeline.rs:1036:7
     |
1036 | const TP_SK_FIXUP_KERNEL: &str = r#"
     |       ^^^^^^^^^^^^^^^^^^

warning: function `render_streamk_source` is never used
    --> crates/backend-cuda/src/kernels_tiled_pipeline.rs:1105:4
     |
1105 | fn render_streamk_source(stages: u32) -> String {
     |    ^^^^^^^^^^^^^^^^^^^^^

warning: function `tiled_pipeline_streamk_f32_source` is never used
    --> crates/backend-cuda/src/kernels_tiled_pipeline.rs:1120:8
     |
1120 | pub fn tiled_pipeline_streamk_f32_source() -> &'static str {
     |        ^^^^^^^^^^^^^^^^^^^^^^^^^^^^^^^^^

warning: static `TILED_PIPELINE_STREAMK_F32_SOURCE` is never used
    --> crates/backend-cuda/src/kernels_tiled_pipeline.rs:1124:8
     |
1124 | static TILED_PIPELINE_STREAMK_F32_SOURCE: LazyLock<String> =
     |        ^^^^^^^^^^^^^^^^^^^^^^^^^^^^^^^^^

warning: function `tiled_pipeline_streamk_f32_source_with_stages` is never used
    --> crates/backend-cuda/src/kernels_tiled_pipeline.rs:1130:8
     |
1130 | pub fn tiled_pipeline_streamk_f32_source_with_stages(stages: u32) -> Result<String, CudaError> {
     |        ^^^^^^^^^^^^^^^^^^^^^^^^^^^^^^^^^^^^^^^^^^^^^

warning: function `tiled_pipeline_128x64_f32_source_with_stages` is never used
   --> crates/backend-cuda/src/kernels_tiled_pipeline_128x64.rs:320:8
    |
320 | pub fn tiled_pipeline_128x64_f32_source_with_stages(stages: u32) -> Result<String, CudaError> {
    |        ^^^^^^^^^^^^^^^^^^^^^^^^^^^^^^^^^^^^^^^^^^^^

warning: function `render_persistent_source` is never used
   --> crates/backend-cuda/src/kernels_tiled_pipeline_128x64.rs:380:4
    |
380 | fn render_persistent_source(stages: u32) -> String {
    |    ^^^^^^^^^^^^^^^^^^^^^^^^

warning: function `tiled_pipeline_128x64_persistent_f32_source` is never used
   --> crates/backend-cuda/src/kernels_tiled_pipeline_128x64.rs:399:8
    |
399 | pub fn tiled_pipeline_128x64_persistent_f32_source() -> &'static str {
    |        ^^^^^^^^^^^^^^^^^^^^^^^^^^^^^^^^^^^^^^^^^^^

warning: static `TILED_PIPELINE_128X64_PERSISTENT_F32_SOURCE` is never used
   --> crates/backend-cuda/src/kernels_tiled_pipeline_128x64.rs:403:8
    |
403 | static TILED_PIPELINE_128X64_PERSISTENT_F32_SOURCE: LazyLock<String> =
    |        ^^^^^^^^^^^^^^^^^^^^^^^^^^^^^^^^^^^^^^^^^^^

warning: function `tiled_pipeline_128x64_persistent_f32_source_with_stages` is never used
   --> crates/backend-cuda/src/kernels_tiled_pipeline_128x64.rs:411:8
    |
411 | pub fn tiled_pipeline_128x64_persistent_f32_source_with_stages(
    |        ^^^^^^^^^^^^^^^^^^^^^^^^^^^^^^^^^^^^^^^^^^^^^^^^^^^^^^^

warning: constant `TP128_KERNEL_PERSISTENT_PREFIX` is never used
   --> crates/backend-cuda/src/kernels_tiled_pipeline_128x64.rs:695:7
    |
695 | const TP128_KERNEL_PERSISTENT_PREFIX: &str = r#"extern "C" __global__ void gemm_tiled_pipeline_128x64_persistent_f32(
    |       ^^^^^^^^^^^^^^^^^^^^^^^^^^^^^^

warning: constant `TP128_KERNEL_PERSISTENT_SUFFIX` is never used
   --> crates/backend-cuda/src/kernels_tiled_pipeline_128x64.rs:763:7
    |
763 | const TP128_KERNEL_PERSISTENT_SUFFIX: &str = "    }\n}\n";
    |       ^^^^^^^^^^^^^^^^^^^^^^^^^^^^^^

warning: variant `Pageable` is never constructed
   --> crates/backend-cuda/src/host_staging.rs:118:5
    |
100 | pub enum HostStagingKind {
    |          --------------- variant in this enum
...
118 |     Pageable,
    |     ^^^^^^^^
    |
    = note: `HostStagingKind` has derived impls for the traits `Clone` and `Debug`, but these are intentionally ignored during dead code analysis

warning: method `stats` is never used
   --> crates/backend-cuda/src/host_staging.rs:278:19
    |
251 | impl HostStagingCache {
    | --------------------- method in this implementation
...
278 |     pub(crate) fn stats(&self) -> HostStagingStats {
    |                   ^^^^^

warning: method `stats` is never used
   --> crates/backend-cuda/src/host_staging.rs:501:19
    |
481 | impl H2dStagingCache {
    | -------------------- method in this implementation
...
501 |     pub(crate) fn stats(&self) -> HostStagingStats {
    |                   ^^^^^

warning: variant `Fresh` is never constructed
   --> crates/backend-cuda/src/memory.rs:618:5
    |
614 | pub(crate) enum ReadbackDest {
    |                 ------------ variant in this enum
...
618 |     Fresh,
    |     ^^^^^
    |
    = note: `ReadbackDest` has derived impls for the traits `Clone` and `Debug`, but these are intentionally ignored during dead code analysis

warning: method `context` is never used
   --> crates/backend-cuda/src/pool.rs:319:19
    |
299 | impl<T: PoolDtype> PooledCudaHandle<T> {
    | -------------------------------------- method in this implementation
...
319 |     pub(crate) fn context(&self) -> &Arc<CudaContext> {
    |                   ^^^^^^^

warning: methods `alloc_uninit_f16` and `upload_f16` are never used
   --> crates/backend-cuda/src/pool.rs:715:19
    |
517 | impl CudaAllocator {
    | ------------------ methods in this implementation
...
715 |     pub(crate) fn alloc_uninit_f16(
    |                   ^^^^^^^^^^^^^^^^
...
730 |     pub(crate) fn upload_f16(&self, src: &[f16]) -> Result<PooledCudaHandle<f16>, CudaError> {
    |                   ^^^^^^^^^^

warning: `fandhe-ai-backend-cuda` (lib) generated 62 warnings (run `cargo fix --lib -p fandhe-ai-backend-cuda` to apply 2 suggestions)
warning: variant `SplitK` is never constructed
   --> crates/backend-cuda/src/gemm_variant.rs:101:5
    |
 89 | pub enum GemmVariantKind {
    |          --------------- variant in this enum
...
101 |     SplitK {
    |     ^^^^^^
    |
    = note: `GemmVariantKind` has derived impls for the traits `Clone` and `Debug`, but these are intentionally ignored during dead code analysis

warning: `fandhe-ai-backend-cuda` (lib test) generated 13 warnings (12 duplicates)
    Finished `release` profile [optimized] target(s) in 0.03s
     Running unittests src/lib.rs (<home>/work/target-fandhe-ai/release/deps/fandhe_ai_backend_cuda-cd9304c397f23310)

running 2 tests
test gemm_reuse_phase_diag_tests::gemm_reuse_phase_diag_classic ...   N=1024 kernel=Classic (median over 20 trials, 20 warmup):
    h2d_a: median=0.0850 ms  q1=0.0848 ms  q3=0.0853 ms
    h2d_b: median=0.0790 ms  q1=0.0788 ms  q3=0.0796 ms
    alloc_c: median=0.0002 ms  q1=0.0001 ms  q3=0.0002 ms
    launch_issue: median=0.0049 ms  q1=0.0047 ms  q3=0.0051 ms
    kernel_wait: median=0.3199 ms  q1=0.3188 ms  q3=0.3201 ms
    d2h: median=0.0753 ms  q1=0.0750 ms  q3=0.0755 ms
    host_copy: median=1.4292 ms  q1=1.3929 ms  q3=1.7441 ms
    sum of medians: 1.9935 ms
  N=2048 kernel=Classic (median over 20 trials, 20 warmup):
    h2d_a: median=0.3039 ms  q1=0.3031 ms  q3=0.3048 ms
    h2d_b: median=0.2908 ms  q1=0.2906 ms  q3=0.2914 ms
    alloc_c: median=0.0003 ms  q1=0.0003 ms  q3=0.0003 ms
    launch_issue: median=0.0075 ms  q1=0.0073 ms  q3=0.0076 ms
    kernel_wait: median=2.2628 ms  q1=2.2619 ms  q3=2.2633 ms
    d2h: median=0.2821 ms  q1=0.2820 ms  q3=0.2826 ms
    host_copy: median=6.3405 ms  q1=6.0773 ms  q3=6.3610 ms
    sum of medians: 9.4879 ms
  N=4096 kernel=Classic (median over 20 trials, 20 warmup):
    h2d_a: median=1.1608 ms  q1=1.1606 ms  q3=1.1611 ms
    h2d_b: median=1.1422 ms  q1=1.1413 ms  q3=1.1424 ms
    alloc_c: median=0.0006 ms  q1=0.0005 ms  q3=0.0007 ms
    launch_issue: median=0.0081 ms  q1=0.0080 ms  q3=0.0084 ms
    kernel_wait: median=20.9313 ms  q1=20.2032 ms  q3=21.0221 ms
    d2h: median=24.7614 ms  q1=24.1688 ms  q3=634.9350 ms
    host_copy: median=20.0126 ms  q1=19.6875 ms  q3=20.3485 ms
    sum of medians: 68.0169 ms
ok
test gemm_reuse_phase_diag_tests::gemm_reuse_phase_diag_select ...   N=1024 kernel=Select (median over 20 trials, 20 warmup):
    h2d_a: median=0.0845 ms  q1=0.0839 ms  q3=0.0848 ms
    h2d_b: median=0.0783 ms  q1=0.0781 ms  q3=0.0787 ms
    alloc_c: median=0.0002 ms  q1=0.0002 ms  q3=0.0003 ms
    launch_issue: median=0.0050 ms  q1=0.0048 ms  q3=0.0051 ms
    kernel_wait: median=0.1822 ms  q1=0.1813 ms  q3=0.1824 ms
    d2h: median=0.0750 ms  q1=0.0749 ms  q3=0.0751 ms
    host_copy: median=1.1931 ms  q1=1.0222 ms  q3=1.3275 ms
    sum of medians: 1.6183 ms
  N=2048 kernel=Select (median over 20 trials, 20 warmup):
    h2d_a: median=0.3040 ms  q1=0.3028 ms  q3=0.3048 ms
    h2d_b: median=0.2910 ms  q1=0.2904 ms  q3=0.2912 ms
    alloc_c: median=0.0005 ms  q1=0.0005 ms  q3=0.0006 ms
    launch_issue: median=0.0077 ms  q1=0.0076 ms  q3=0.0078 ms
    kernel_wait: median=1.1652 ms  q1=1.1618 ms  q3=1.1812 ms
    d2h: median=0.2816 ms  q1=0.2811 ms  q3=0.2818 ms
    host_copy: median=5.2765 ms  q1=5.2159 ms  q3=6.0762 ms
    sum of medians: 7.3265 ms
  N=4096 kernel=Select (median over 20 trials, 20 warmup):
    h2d_a: median=1.1618 ms  q1=1.1613 ms  q3=1.1627 ms
    h2d_b: median=1.1393 ms  q1=1.1386 ms  q3=1.1399 ms
    alloc_c: median=0.0006 ms  q1=0.0006 ms  q3=0.0007 ms
    launch_issue: median=0.0083 ms  q1=0.0080 ms  q3=0.0085 ms
    kernel_wait: median=9.8799 ms  q1=9.8237 ms  q3=9.9099 ms
    d2h: median=620.1328 ms  q1=25.9388 ms  q3=652.7636 ms
    host_copy: median=20.5801 ms  q1=20.2932 ms  q3=20.8314 ms
    sum of medians: 652.9027 ms
ok

test result: ok. 2 passed; 0 failed; 0 ignored; 0 measured; 1094 filtered out; finished in 36.29s

     Running tests/backend_ops_real_device.rs (<home>/work/target-fandhe-ai/release/deps/backend_ops_real_device-47de533726c343b8)

running 0 tests

test result: ok. 0 passed; 0 failed; 0 ignored; 0 measured; 4 filtered out; finished in 0.00s

     Running tests/batch_norm_parity.rs (<home>/work/target-fandhe-ai/release/deps/batch_norm_parity-b11a52e8133ff5de)

running 0 tests

test result: ok. 0 passed; 0 failed; 0 ignored; 0 measured; 12 filtered out; finished in 0.00s

     Running tests/bce_parity.rs (<home>/work/target-fandhe-ai/release/deps/bce_parity-dbf1f17fad1ceb51)

running 0 tests

test result: ok. 0 passed; 0 failed; 0 ignored; 0 measured; 2 filtered out; finished in 0.00s

     Running tests/cast_ops_contract.rs (<home>/work/target-fandhe-ai/release/deps/cast_ops_contract-f17bb43b145759e0)

running 0 tests

test result: ok. 0 passed; 0 failed; 0 ignored; 0 measured; 2 filtered out; finished in 0.00s

     Running tests/cast_parity.rs (<home>/work/target-fandhe-ai/release/deps/cast_parity-e74d528bcfdc72ef)

running 0 tests

test result: ok. 0 passed; 0 failed; 0 ignored; 0 measured; 2 filtered out; finished in 0.00s

     Running tests/constant_pad_parity.rs (<home>/work/target-fandhe-ai/release/deps/constant_pad_parity-74152b50ff141bcb)

running 0 tests

test result: ok. 0 passed; 0 failed; 0 ignored; 0 measured; 2 filtered out; finished in 0.00s

     Running tests/cpu_cuda_mma_parity.rs (<home>/work/target-fandhe-ai/release/deps/cpu_cuda_mma_parity-a0de5318bfa6f1c9)

running 0 tests

test result: ok. 0 passed; 0 failed; 0 ignored; 0 measured; 5 filtered out; finished in 0.00s

     Running tests/cpu_cuda_parity.rs (<home>/work/target-fandhe-ai/release/deps/cpu_cuda_parity-ffe91a9714fa1065)

running 0 tests

test result: ok. 0 passed; 0 failed; 0 ignored; 0 measured; 3 filtered out; finished in 0.00s

     Running tests/cpu_cuda_wmma_parity.rs (<home>/work/target-fandhe-ai/release/deps/cpu_cuda_wmma_parity-90caca2ca00e3870)

running 0 tests

test result: ok. 0 passed; 0 failed; 0 ignored; 0 measured; 5 filtered out; finished in 0.00s

     Running tests/device.rs (<home>/work/target-fandhe-ai/release/deps/device-ba650b48a6c2d11d)

running 0 tests

test result: ok. 0 passed; 0 failed; 0 ignored; 0 measured; 6 filtered out; finished in 0.00s

     Running tests/device_init.rs (<home>/work/target-fandhe-ai/release/deps/device_init-91bb3cfb066babcb)

running 0 tests

test result: ok. 0 passed; 0 failed; 0 ignored; 0 measured; 6 filtered out; finished in 0.00s

     Running tests/elementwise_device_real_device.rs (<home>/work/target-fandhe-ai/release/deps/elementwise_device_real_device-2eec17e8add48d3f)

running 0 tests

test result: ok. 0 passed; 0 failed; 0 ignored; 0 measured; 4 filtered out; finished in 0.00s

     Running tests/gather_scatter_parity.rs (<home>/work/target-fandhe-ai/release/deps/gather_scatter_parity-9dd6b36738eaa677)

running 0 tests

test result: ok. 0 passed; 0 failed; 0 ignored; 0 measured; 5 filtered out; finished in 0.00s

     Running tests/gemm_auto.rs (<home>/work/target-fandhe-ai/release/deps/gemm_auto-1e9e8f7c3071dc37)

running 0 tests

test result: ok. 0 passed; 0 failed; 0 ignored; 0 measured; 6 filtered out; finished in 0.00s

     Running tests/gemm_batched_parity.rs (<home>/work/target-fandhe-ai/release/deps/gemm_batched_parity-1295be9f6bd61880)

running 0 tests

test result: ok. 0 passed; 0 failed; 0 ignored; 0 measured; 3 filtered out; finished in 0.00s

     Running tests/gemm_bias_act_parity.rs (<home>/work/target-fandhe-ai/release/deps/gemm_bias_act_parity-d3e065056ad586a2)

running 0 tests

test result: ok. 0 passed; 0 failed; 0 ignored; 0 measured; 3 filtered out; finished in 0.00s

     Running tests/gemm_fp32_strict_into_parity.rs (<home>/work/target-fandhe-ai/release/deps/gemm_fp32_strict_into_parity-7afa191ab4db78dc)

running 0 tests

test result: ok. 0 passed; 0 failed; 0 ignored; 0 measured; 4 filtered out; finished in 0.00s

     Running tests/gemm_mma.rs (<home>/work/target-fandhe-ai/release/deps/gemm_mma-d0e52f016bbfbaa0)

running 0 tests

test result: ok. 0 passed; 0 failed; 0 ignored; 0 measured; 7 filtered out; finished in 0.00s

     Running tests/gemm_mma_tf32.rs (<home>/work/target-fandhe-ai/release/deps/gemm_mma_tf32-140cfd3459f4c293)

running 0 tests

test result: ok. 0 passed; 0 failed; 0 ignored; 0 measured; 8 filtered out; finished in 0.00s

     Running tests/gemm_mma_tf32_triage.rs (<home>/work/target-fandhe-ai/release/deps/gemm_mma_tf32_triage-6b3f49d1e3b1b04d)

running 0 tests

test result: ok. 0 passed; 0 failed; 0 ignored; 0 measured; 6 filtered out; finished in 0.00s

     Running tests/gemm_mma_tf32x3.rs (<home>/work/target-fandhe-ai/release/deps/gemm_mma_tf32x3-f926773c4edbf1f3)

running 0 tests

test result: ok. 0 passed; 0 failed; 0 ignored; 0 measured; 7 filtered out; finished in 0.00s

     Running tests/gemm_naive.rs (<home>/work/target-fandhe-ai/release/deps/gemm_naive-70a6200480495857)

running 0 tests

test result: ok. 0 passed; 0 failed; 0 ignored; 0 measured; 5 filtered out; finished in 0.00s

     Running tests/gemm_resident_real_device.rs (<home>/work/target-fandhe-ai/release/deps/gemm_resident_real_device-fbf2c31d14c17144)

running 0 tests

test result: ok. 0 passed; 0 failed; 0 ignored; 0 measured; 2 filtered out; finished in 0.00s

     Running tests/gemm_tf32_optin.rs (<home>/work/target-fandhe-ai/release/deps/gemm_tf32_optin-317e9174fa6e6781)

running 0 tests

test result: ok. 0 passed; 0 failed; 0 ignored; 0 measured; 7 filtered out; finished in 0.00s

     Running tests/gemm_tiled.rs (<home>/work/target-fandhe-ai/release/deps/gemm_tiled-81d03fa879a35269)

running 0 tests

test result: ok. 0 passed; 0 failed; 0 ignored; 0 measured; 7 filtered out; finished in 0.00s

     Running tests/gemm_transposed_parity.rs (<home>/work/target-fandhe-ai/release/deps/gemm_transposed_parity-fbbb33e52e451923)

running 0 tests

test result: ok. 0 passed; 0 failed; 0 ignored; 0 measured; 5 filtered out; finished in 0.00s

     Running tests/gemm_transposed_perf.rs (<home>/work/target-fandhe-ai/release/deps/gemm_transposed_perf-5fa3df059ee66890)

running 0 tests

test result: ok. 0 passed; 0 failed; 0 ignored; 0 measured; 2 filtered out; finished in 0.00s

     Running tests/gemm_wmma.rs (<home>/work/target-fandhe-ai/release/deps/gemm_wmma-5ee3264481168b69)

running 0 tests

test result: ok. 0 passed; 0 failed; 0 ignored; 0 measured; 4 filtered out; finished in 0.00s

     Running tests/gemm_wmma_f16_opt.rs (<home>/work/target-fandhe-ai/release/deps/gemm_wmma_f16_opt-00302388e5a68dbf)

running 0 tests

test result: ok. 0 passed; 0 failed; 0 ignored; 0 measured; 6 filtered out; finished in 0.00s

     Running tests/gemm_wmma_tf32.rs (<home>/work/target-fandhe-ai/release/deps/gemm_wmma_tf32-f6d1967cc4bd158a)

running 0 tests

test result: ok. 0 passed; 0 failed; 0 ignored; 0 measured; 5 filtered out; finished in 0.00s

     Running tests/gemm_wmma_tf32_opt.rs (<home>/work/target-fandhe-ai/release/deps/gemm_wmma_tf32_opt-9bdf55b683e7fb4a)

running 0 tests

test result: ok. 0 passed; 0 failed; 0 ignored; 0 measured; 6 filtered out; finished in 0.00s

     Running tests/gemm_wmma_tf32_staged.rs (<home>/work/target-fandhe-ai/release/deps/gemm_wmma_tf32_staged-4ecbb145ceaac67b)

running 0 tests

test result: ok. 0 passed; 0 failed; 0 ignored; 0 measured; 5 filtered out; finished in 0.00s

     Running tests/graph_capture_real_device.rs (<home>/work/target-fandhe-ai/release/deps/graph_capture_real_device-85dfb2bf69b68110)

running 0 tests

test result: ok. 0 passed; 0 failed; 0 ignored; 0 measured; 2 filtered out; finished in 0.00s

     Running tests/graph_capture_real_device_optin_off.rs (<home>/work/target-fandhe-ai/release/deps/graph_capture_real_device_optin_off-83aba583f237e3ca)

running 0 tests

test result: ok. 0 passed; 0 failed; 0 ignored; 0 measured; 1 filtered out; finished in 0.00s

     Running tests/huber_parity.rs (<home>/work/target-fandhe-ai/release/deps/huber_parity-167758eb78e84e55)

running 0 tests

test result: ok. 0 passed; 0 failed; 0 ignored; 0 measured; 2 filtered out; finished in 0.00s

     Running tests/im2col_col2im_parity.rs (<home>/work/target-fandhe-ai/release/deps/im2col_col2im_parity-bbb59ac92e9c8e12)

running 0 tests

test result: ok. 0 passed; 0 failed; 0 ignored; 0 measured; 5 filtered out; finished in 0.00s

     Running tests/interpolate_parity.rs (<home>/work/target-fandhe-ai/release/deps/interpolate_parity-47500a7fa6ee98dc)

running 0 tests

test result: ok. 0 passed; 0 failed; 0 ignored; 0 measured; 2 filtered out; finished in 0.00s

     Running tests/kl_div_parity.rs (<home>/work/target-fandhe-ai/release/deps/kl_div_parity-7776673a42585d82)

running 0 tests

test result: ok. 0 passed; 0 failed; 0 ignored; 0 measured; 2 filtered out; finished in 0.00s

     Running tests/layer_norm_parity.rs (<home>/work/target-fandhe-ai/release/deps/layer_norm_parity-c0690db3ecfe3dad)

running 0 tests

test result: ok. 0 passed; 0 failed; 0 ignored; 0 measured; 6 filtered out; finished in 0.00s

     Running tests/linear_forward_device_real_device.rs (<home>/work/target-fandhe-ai/release/deps/linear_forward_device_real_device-922774f9fcc4e1d3)

running 0 tests

test result: ok. 0 passed; 0 failed; 0 ignored; 0 measured; 5 filtered out; finished in 0.00s

     Running tests/log_softmax_backward_parity.rs (<home>/work/target-fandhe-ai/release/deps/log_softmax_backward_parity-66560fbccaaa4fa9)

running 0 tests

test result: ok. 0 passed; 0 failed; 0 ignored; 0 measured; 9 filtered out; finished in 0.00s

     Running tests/memory_real_device.rs (<home>/work/target-fandhe-ai/release/deps/memory_real_device-09df0512911037cf)

running 0 tests

test result: ok. 0 passed; 0 failed; 0 ignored; 0 measured; 5 filtered out; finished in 0.00s

     Running tests/mma_tf32_vs_wmma_tf32_staged.rs (<home>/work/target-fandhe-ai/release/deps/mma_tf32_vs_wmma_tf32_staged-8d91fd822c37d906)

running 0 tests

test result: ok. 0 passed; 0 failed; 0 ignored; 0 measured; 3 filtered out; finished in 0.00s

     Running tests/mse_parity.rs (<home>/work/target-fandhe-ai/release/deps/mse_parity-97540ce622475400)

running 0 tests

test result: ok. 0 passed; 0 failed; 0 ignored; 0 measured; 2 filtered out; finished in 0.00s

     Running tests/nll_parity.rs (<home>/work/target-fandhe-ai/release/deps/nll_parity-c4c4dc3785b9f2c3)

running 0 tests

test result: ok. 0 passed; 0 failed; 0 ignored; 0 measured; 2 filtered out; finished in 0.00s

     Running tests/norm_backward_parity.rs (<home>/work/target-fandhe-ai/release/deps/norm_backward_parity-952991058e5c49e5)

running 0 tests

test result: ok. 0 passed; 0 failed; 0 ignored; 0 measured; 8 filtered out; finished in 0.00s

     Running tests/parity_nonregression.rs (<home>/work/target-fandhe-ai/release/deps/parity_nonregression-a1891e155e98ea9b)

running 0 tests

test result: ok. 0 passed; 0 failed; 0 ignored; 0 measured; 11 filtered out; finished in 0.00s

     Running tests/pinned_h2d_real_device.rs (<home>/work/target-fandhe-ai/release/deps/pinned_h2d_real_device-82c0532a02b9efab)

running 0 tests

test result: ok. 0 passed; 0 failed; 0 ignored; 0 measured; 3 filtered out; finished in 0.00s

     Running tests/reduce_parity.rs (<home>/work/target-fandhe-ai/release/deps/reduce_parity-8dccd67b6fd4feee)

running 0 tests

test result: ok. 0 passed; 0 failed; 0 ignored; 0 measured; 11 filtered out; finished in 0.00s

     Running tests/rmsnorm_backward_parity.rs (<home>/work/target-fandhe-ai/release/deps/rmsnorm_backward_parity-244a5bcb972ada96)

running 0 tests

test result: ok. 0 passed; 0 failed; 0 ignored; 0 measured; 8 filtered out; finished in 0.00s

     Running tests/rmsnorm_parity.rs (<home>/work/target-fandhe-ai/release/deps/rmsnorm_parity-8ed4ab541cab9623)

running 0 tests

test result: ok. 0 passed; 0 failed; 0 ignored; 0 measured; 6 filtered out; finished in 0.00s

     Running tests/rnn_cell_parity.rs (<home>/work/target-fandhe-ai/release/deps/rnn_cell_parity-7d9ec4292299aff7)

running 0 tests

test result: ok. 0 passed; 0 failed; 0 ignored; 0 measured; 2 filtered out; finished in 0.00s

     Running tests/scalar_op_parity.rs (<home>/work/target-fandhe-ai/release/deps/scalar_op_parity-39d84a0693fba3c9)

running 0 tests

test result: ok. 0 passed; 0 failed; 0 ignored; 0 measured; 2 filtered out; finished in 0.00s

     Running tests/scan_parity.rs (<home>/work/target-fandhe-ai/release/deps/scan_parity-9c92d04d15a0d421)

running 0 tests

test result: ok. 0 passed; 0 failed; 0 ignored; 0 measured; 2 filtered out; finished in 0.00s

     Running tests/sgd_device_real_device.rs (<home>/work/target-fandhe-ai/release/deps/sgd_device_real_device-b8534c27f0628941)

running 0 tests

test result: ok. 0 passed; 0 failed; 0 ignored; 0 measured; 2 filtered out; finished in 0.00s

     Running tests/softmax_parity.rs (<home>/work/target-fandhe-ai/release/deps/softmax_parity-117dcb05d7f8deb9)

running 0 tests

test result: ok. 0 passed; 0 failed; 0 ignored; 0 measured; 8 filtered out; finished in 0.00s

     Running tests/sort_topk_parity.rs (<home>/work/target-fandhe-ai/release/deps/sort_topk_parity-8b2d075851d6749d)

running 0 tests

test result: ok. 0 passed; 0 failed; 0 ignored; 0 measured; 4 filtered out; finished in 0.00s

     Running tests/splitk_reorder_error_host_model.rs (<home>/work/target-fandhe-ai/release/deps/splitk_reorder_error_host_model-d7e7f42cd0b9f2f4)

running 0 tests

test result: ok. 0 passed; 0 failed; 0 ignored; 0 measured; 2 filtered out; finished in 0.00s

     Running tests/tensor_core_real_device.rs (<home>/work/target-fandhe-ai/release/deps/tensor_core_real_device-3495e36a53f5fe5d)

running 0 tests

test result: ok. 0 passed; 0 failed; 0 ignored; 0 measured; 2 filtered out; finished in 0.00s

     Running tests/transpose_parity.rs (<home>/work/target-fandhe-ai/release/deps/transpose_parity-50df212e095f9c2d)

running 0 tests

test result: ok. 0 passed; 0 failed; 0 ignored; 0 measured; 5 filtered out; finished in 0.00s

     Running tests/typed_ops_bf16_parity.rs (<home>/work/target-fandhe-ai/release/deps/typed_ops_bf16_parity-d24a858c554f22d8)

running 0 tests

test result: ok. 0 passed; 0 failed; 0 ignored; 0 measured; 3 filtered out; finished in 0.00s

     Running tests/typed_ops_f16_parity.rs (<home>/work/target-fandhe-ai/release/deps/typed_ops_f16_parity-503789be69cf1a13)

running 0 tests

test result: ok. 0 passed; 0 failed; 0 ignored; 0 measured; 5 filtered out; finished in 0.00s

     Running tests/typed_ops_f64_contract.rs (<home>/work/target-fandhe-ai/release/deps/typed_ops_f64_contract-b0c868ed5f813195)

running 0 tests

test result: ok. 0 passed; 0 failed; 0 ignored; 0 measured; 3 filtered out; finished in 0.00s

     Running tests/unique_parity.rs (<home>/work/target-fandhe-ai/release/deps/unique_parity-18a18d88c187cc2d)

running 0 tests

test result: ok. 0 passed; 0 failed; 0 ignored; 0 measured; 2 filtered out; finished in 0.00s

     Running tests/where_masked_fill_parity.rs (<home>/work/target-fandhe-ai/release/deps/where_masked_fill_parity-c33676fbdb4587f9)

running 0 tests

test result: ok. 0 passed; 0 failed; 0 ignored; 0 measured; 2 filtered out; finished in 0.00s

     Running unittests examples/cuda_floor_bench.rs (<home>/work/target-fandhe-ai/release/examples/cuda_floor_bench-aa760a857a2dc2a3)

running 0 tests

test result: ok. 0 passed; 0 failed; 0 ignored; 0 measured; 14 filtered out; finished in 0.00s

     Running unittests examples/gemm_tf32x3_kernel_time_bench.rs (<home>/work/target-fandhe-ai/release/examples/gemm_tf32x3_kernel_time_bench-22a4e4f8fda3d6e2)

running 0 tests

test result: ok. 0 passed; 0 failed; 0 ignored; 0 measured; 3 filtered out; finished in 0.00s

     Running unittests examples/wmma_tolerance_probe.rs (<home>/work/target-fandhe-ai/release/examples/wmma_tolerance_probe-35f6e13ddacce84d)

running 0 tests

test result: ok. 0 passed; 0 failed; 0 ignored; 0 measured; 49 filtered out; finished in 0.00s

