gate check: before=SPLIT_K_DISPATCH_AUTO_PRODUCTION_ENABLED=false / after=SPLIT_K_DISPATCH_AUTO_PRODUCTION_ENABLED=true
note: before 腕の tile.rs 以外の未コミット差分行数: 0
note: after 腕の tile.rs 以外の未コミット差分行数: 0
note: before/after 間の tile.rs 以外のクロス HEAD-sha 差分行数（同一 repo 内かつ両腕が別コミットを指す場合のみ計算。同一コミットの一時フリップ運用では常に unknown/0）: 0
== build bench-fandhe (before: SPLIT_K_DISPATCH_AUTO_PRODUCTION_ENABLED=false path patch) ==
bench-fandhe-splitk-ab-before sha256: 3a7fc878cff7f7d51afaa84fe2e76d7ed7e2134e7e1fbd038985526df3fd1b69 (source: path:<before facade path>, exe: <repo>/scripts/bench/framework-compare/target/release/bench-fandhe)
== build bench-fandhe (after: SPLIT_K_DISPATCH_AUTO_PRODUCTION_ENABLED=true path patch) ==
bench-fandhe-splitk-ab-after sha256: ef175135f7f39c29b31566c805ea3c2743ec201cc275e654920a88fb3a789e36 (source: path:<after facade path>, exe: <repo>/scripts/bench/framework-compare/target/release/bench-fandhe)
== manifest（一時ファイル）記録: results/raw/manifest-m4max-splitk-ab-splitk-1517-run1.json.tmp ==
{"label":"splitk-1517-run1","device":"metal","script_repo_head_sha":"cbf5488fdae4357eff1e9c219831bda0f182bb09","before_source_head_sha":"cbf5488fdae4357eff1e9c219831bda0f182bb09","after_source_head_sha":"cbf5488fdae4357eff1e9c219831bda0f182bb09","before_gate":"false","after_gate":"true","before_sha256":"3a7fc878cff7f7d51afaa84fe2e76d7ed7e2134e7e1fbd038985526df3fd1b69","before_source":"path:<before facade path>","after_sha256":"ef175135f7f39c29b31566c805ea3c2743ec201cc275e654920a88fb3a789e36","after_source":"path:<after facade path>","before_non_tile_uncommitted_diff_lines":"0","after_non_tile_uncommitted_diff_lines":"0","cross_sha_non_tile_diff_lines":"0","recorded_at":"2026-09-11T12:40:56Z"}
== metal status (before loop) ==
Apple M4 Max
Note: No thermal warning level has been recorded
Note: No performance warning level has been recorded
Note: No CPU power status has been recorded
21:40  up 23 days,  8:53, 20 users, load averages: 7.26 7.39 6.07
== bench-fandhe-splitk-ab-before gemm metal size=512 mode=fresh ==
{"framework":"fandhe-ai","version":"0.8.0","task":"gemm","device":"metal","size":512,"median_s":0.000730917,"q1_s":0.000669500,"q3_s":0.001185010,"gflops":367.259,"checksum":937.743233,"warmup":20,"iters":20,"mode":"fresh","parity_total":262144,"parity_fail_count":0,"parity_max_abs_err":0.000000e0,"parity_max_rel_err":0.000000e0,"parity_scaled_abs_bound":0.000000e0,"parity_scaled_abs_rescued":0}
== bench-fandhe-splitk-ab-after gemm metal size=512 mode=fresh ==
{"framework":"fandhe-ai","version":"0.8.0","task":"gemm","device":"metal","size":512,"median_s":0.000735375,"q1_s":0.000712667,"q3_s":0.000886427,"gflops":365.032,"checksum":937.743233,"warmup":20,"iters":20,"mode":"fresh","parity_total":262144,"parity_fail_count":0,"parity_max_abs_err":0.000000e0,"parity_max_rel_err":0.000000e0,"parity_scaled_abs_bound":0.000000e0,"parity_scaled_abs_rescued":0}
== bench-fandhe-splitk-ab-before gemm metal size=512 mode=reuse ==
{"framework":"fandhe-ai","version":"0.8.0","task":"gemm","device":"metal","size":512,"median_s":0.000736271,"q1_s":0.000724771,"q3_s":0.000758261,"gflops":364.588,"checksum":937.743233,"warmup":20,"iters":20,"mode":"reuse","init_s":0.037718084,"parity_total":262144,"parity_fail_count":0,"parity_max_abs_err":0.000000e0,"parity_max_rel_err":0.000000e0,"parity_scaled_abs_bound":0.000000e0,"parity_scaled_abs_rescued":0}
== bench-fandhe-splitk-ab-after gemm metal size=512 mode=reuse ==
{"framework":"fandhe-ai","version":"0.8.0","task":"gemm","device":"metal","size":512,"median_s":0.000721667,"q1_s":0.000710552,"q3_s":0.000751385,"gflops":371.966,"checksum":937.743233,"warmup":20,"iters":20,"mode":"reuse","init_s":0.041219375,"parity_total":262144,"parity_fail_count":0,"parity_max_abs_err":0.000000e0,"parity_max_rel_err":0.000000e0,"parity_scaled_abs_bound":0.000000e0,"parity_scaled_abs_rescued":0}
== bench-fandhe-splitk-ab-before gemm metal size=1024 mode=fresh ==
{"framework":"fandhe-ai","version":"0.8.0","task":"gemm","device":"metal","size":1024,"median_s":0.002593187,"q1_s":0.001998052,"q3_s":0.002844562,"gflops":828.125,"checksum":-1855.597736,"warmup":20,"iters":20,"mode":"fresh","parity_total":1048576,"parity_fail_count":0,"parity_max_abs_err":0.000000e0,"parity_max_rel_err":0.000000e0,"parity_scaled_abs_bound":0.000000e0,"parity_scaled_abs_rescued":0}
== bench-fandhe-splitk-ab-after gemm metal size=1024 mode=fresh ==
{"framework":"fandhe-ai","version":"0.8.0","task":"gemm","device":"metal","size":1024,"median_s":0.002453834,"q1_s":0.002011802,"q3_s":0.002985853,"gflops":875.155,"checksum":-1855.597736,"warmup":20,"iters":20,"mode":"fresh","parity_total":1048576,"parity_fail_count":0,"parity_max_abs_err":0.000000e0,"parity_max_rel_err":0.000000e0,"parity_scaled_abs_bound":0.000000e0,"parity_scaled_abs_rescued":0}
== bench-fandhe-splitk-ab-before gemm metal size=1024 mode=reuse ==
{"framework":"fandhe-ai","version":"0.8.0","task":"gemm","device":"metal","size":1024,"median_s":0.002415209,"q1_s":0.002197167,"q3_s":0.003045260,"gflops":889.150,"checksum":-1855.597736,"warmup":20,"iters":20,"mode":"reuse","init_s":0.040763167,"parity_total":1048576,"parity_fail_count":0,"parity_max_abs_err":0.000000e0,"parity_max_rel_err":0.000000e0,"parity_scaled_abs_bound":0.000000e0,"parity_scaled_abs_rescued":0}
== bench-fandhe-splitk-ab-after gemm metal size=1024 mode=reuse ==
{"framework":"fandhe-ai","version":"0.8.0","task":"gemm","device":"metal","size":1024,"median_s":0.002596729,"q1_s":0.002272426,"q3_s":0.003110688,"gflops":826.996,"checksum":-1855.597736,"warmup":20,"iters":20,"mode":"reuse","init_s":0.045485625,"parity_total":1048576,"parity_fail_count":0,"parity_max_abs_err":0.000000e0,"parity_max_rel_err":0.000000e0,"parity_scaled_abs_bound":0.000000e0,"parity_scaled_abs_rescued":0}
== bench-fandhe-splitk-ab-before gemm metal size=2048 mode=fresh ==
{"framework":"fandhe-ai","version":"0.8.0","task":"gemm","device":"metal","size":2048,"median_s":0.009171583,"q1_s":0.006890291,"q3_s":0.010759416,"gflops":1873.163,"checksum":-6016.774008,"warmup":20,"iters":20,"mode":"fresh","parity_total":4194304,"parity_fail_count":0,"parity_max_abs_err":0.000000e0,"parity_max_rel_err":0.000000e0,"parity_scaled_abs_bound":0.000000e0,"parity_scaled_abs_rescued":0}
== bench-fandhe-splitk-ab-after gemm metal size=2048 mode=fresh ==
{"framework":"fandhe-ai","version":"0.8.0","task":"gemm","device":"metal","size":2048,"median_s":0.009477875,"q1_s":0.006850948,"q3_s":0.010856531,"gflops":1812.629,"checksum":-6016.774008,"warmup":20,"iters":20,"mode":"fresh","parity_total":4194304,"parity_fail_count":0,"parity_max_abs_err":0.000000e0,"parity_max_rel_err":0.000000e0,"parity_scaled_abs_bound":0.000000e0,"parity_scaled_abs_rescued":0}
== bench-fandhe-splitk-ab-before gemm metal size=2048 mode=reuse ==
{"framework":"fandhe-ai","version":"0.8.0","task":"gemm","device":"metal","size":2048,"median_s":0.011679834,"q1_s":0.009589083,"q3_s":0.012409448,"gflops":1470.900,"checksum":-6016.774008,"warmup":20,"iters":20,"mode":"reuse","init_s":0.061259000,"parity_total":4194304,"parity_fail_count":0,"parity_max_abs_err":0.000000e0,"parity_max_rel_err":0.000000e0,"parity_scaled_abs_bound":0.000000e0,"parity_scaled_abs_rescued":0}
== bench-fandhe-splitk-ab-after gemm metal size=2048 mode=reuse ==
{"framework":"fandhe-ai","version":"0.8.0","task":"gemm","device":"metal","size":2048,"median_s":0.009925875,"q1_s":0.008496031,"q3_s":0.011685594,"gflops":1730.817,"checksum":-6016.774008,"warmup":20,"iters":20,"mode":"reuse","init_s":0.058099375,"parity_total":4194304,"parity_fail_count":0,"parity_max_abs_err":0.000000e0,"parity_max_rel_err":0.000000e0,"parity_scaled_abs_bound":0.000000e0,"parity_scaled_abs_rescued":0}
== bench-fandhe-splitk-ab-before gemm metal size=4096 mode=fresh ==
{"framework":"fandhe-ai","version":"0.8.0","task":"gemm","device":"metal","size":4096,"median_s":0.035290271,"q1_s":0.034881948,"q3_s":0.035987125,"gflops":3894.528,"checksum":-25768.747284,"warmup":20,"iters":20,"mode":"fresh","parity_total":16777216,"parity_fail_count":0,"parity_max_abs_err":0.000000e0,"parity_max_rel_err":0.000000e0,"parity_scaled_abs_bound":0.000000e0,"parity_scaled_abs_rescued":0}
== bench-fandhe-splitk-ab-after gemm metal size=4096 mode=fresh ==
{"framework":"fandhe-ai","version":"0.8.0","task":"gemm","device":"metal","size":4096,"median_s":0.035471521,"q1_s":0.034841281,"q3_s":0.036379625,"gflops":3874.628,"checksum":-25768.747284,"warmup":20,"iters":20,"mode":"fresh","parity_total":16777216,"parity_fail_count":0,"parity_max_abs_err":0.000000e0,"parity_max_rel_err":0.000000e0,"parity_scaled_abs_bound":0.000000e0,"parity_scaled_abs_rescued":0}
== bench-fandhe-splitk-ab-before gemm metal size=4096 mode=reuse ==
{"framework":"fandhe-ai","version":"0.8.0","task":"gemm","device":"metal","size":4096,"median_s":0.046826417,"q1_s":0.044637792,"q3_s":0.054184396,"gflops":2935.073,"checksum":-25768.747284,"warmup":20,"iters":20,"mode":"reuse","init_s":0.097507125,"parity_total":16777216,"parity_fail_count":0,"parity_max_abs_err":0.000000e0,"parity_max_rel_err":0.000000e0,"parity_scaled_abs_bound":0.000000e0,"parity_scaled_abs_rescued":0}
== bench-fandhe-splitk-ab-after gemm metal size=4096 mode=reuse ==
{"framework":"fandhe-ai","version":"0.8.0","task":"gemm","device":"metal","size":4096,"median_s":0.038861375,"q1_s":0.037954531,"q3_s":0.039420907,"gflops":3536.647,"checksum":-25768.747284,"warmup":20,"iters":20,"mode":"reuse","init_s":0.103619166,"parity_total":16777216,"parity_fail_count":0,"parity_max_abs_err":0.000000e0,"parity_max_rel_err":0.000000e0,"parity_scaled_abs_bound":0.000000e0,"parity_scaled_abs_rescued":0}
== bench-fandhe-splitk-ab-before train metal mode=fresh ==
{"framework":"fandhe-ai","version":"0.8.0","task":"train","device":"metal","size":64,"median_s":0.001576625,"q1_s":0.001492615,"q3_s":0.001842854,"checksum":0.080541,"warmup":20,"iters":80,"mode":"fresh"}
== bench-fandhe-splitk-ab-after train metal mode=fresh ==
{"framework":"fandhe-ai","version":"0.8.0","task":"train","device":"metal","size":64,"median_s":0.001557875,"q1_s":0.001463459,"q3_s":0.001738531,"checksum":0.080541,"warmup":20,"iters":80,"mode":"fresh"}
== bench-fandhe-splitk-ab-before train metal mode=reuse ==
{"framework":"fandhe-ai","version":"0.8.0","task":"train","device":"metal","size":64,"median_s":0.001447958,"q1_s":0.001382292,"q3_s":0.001492031,"checksum":0.080541,"warmup":20,"iters":80,"mode":"reuse","init_s":0.033462250}
== bench-fandhe-splitk-ab-after train metal mode=reuse ==
{"framework":"fandhe-ai","version":"0.8.0","task":"train","device":"metal","size":64,"median_s":0.001481291,"q1_s":0.001405729,"q3_s":0.001521979,"checksum":0.080541,"warmup":20,"iters":80,"mode":"reuse","init_s":0.034735959}
== run 1/5 完了時点の status ==
Note: No thermal warning level has been recorded
Note: No performance warning level has been recorded
Note: No CPU power status has been recorded
21:41  up 23 days,  8:53, 20 users, load averages: 7.43 7.41 6.11
== bench-fandhe-splitk-ab-after gemm metal size=512 mode=fresh ==
{"framework":"fandhe-ai","version":"0.8.0","task":"gemm","device":"metal","size":512,"median_s":0.000651646,"q1_s":0.000503709,"q3_s":0.000670313,"gflops":411.934,"checksum":937.743233,"warmup":20,"iters":20,"mode":"fresh","parity_total":262144,"parity_fail_count":0,"parity_max_abs_err":0.000000e0,"parity_max_rel_err":0.000000e0,"parity_scaled_abs_bound":0.000000e0,"parity_scaled_abs_rescued":0}
== bench-fandhe-splitk-ab-before gemm metal size=512 mode=fresh ==
{"framework":"fandhe-ai","version":"0.8.0","task":"gemm","device":"metal","size":512,"median_s":0.000663979,"q1_s":0.000643896,"q3_s":0.000730823,"gflops":404.283,"checksum":937.743233,"warmup":20,"iters":20,"mode":"fresh","parity_total":262144,"parity_fail_count":0,"parity_max_abs_err":0.000000e0,"parity_max_rel_err":0.000000e0,"parity_scaled_abs_bound":0.000000e0,"parity_scaled_abs_rescued":0}
== bench-fandhe-splitk-ab-after gemm metal size=512 mode=reuse ==
{"framework":"fandhe-ai","version":"0.8.0","task":"gemm","device":"metal","size":512,"median_s":0.000711895,"q1_s":0.000705698,"q3_s":0.000731854,"gflops":377.071,"checksum":937.743233,"warmup":20,"iters":20,"mode":"reuse","init_s":0.042390834,"parity_total":262144,"parity_fail_count":0,"parity_max_abs_err":0.000000e0,"parity_max_rel_err":0.000000e0,"parity_scaled_abs_bound":0.000000e0,"parity_scaled_abs_rescued":0}
== bench-fandhe-splitk-ab-before gemm metal size=512 mode=reuse ==
{"framework":"fandhe-ai","version":"0.8.0","task":"gemm","device":"metal","size":512,"median_s":0.000722271,"q1_s":0.000629719,"q3_s":0.000759969,"gflops":371.655,"checksum":937.743233,"warmup":20,"iters":20,"mode":"reuse","init_s":0.035367708,"parity_total":262144,"parity_fail_count":0,"parity_max_abs_err":0.000000e0,"parity_max_rel_err":0.000000e0,"parity_scaled_abs_bound":0.000000e0,"parity_scaled_abs_rescued":0}
== bench-fandhe-splitk-ab-after gemm metal size=1024 mode=fresh ==
{"framework":"fandhe-ai","version":"0.8.0","task":"gemm","device":"metal","size":1024,"median_s":0.002138396,"q1_s":0.002044906,"q3_s":0.002889354,"gflops":1004.250,"checksum":-1855.597736,"warmup":20,"iters":20,"mode":"fresh","parity_total":1048576,"parity_fail_count":0,"parity_max_abs_err":0.000000e0,"parity_max_rel_err":0.000000e0,"parity_scaled_abs_bound":0.000000e0,"parity_scaled_abs_rescued":0}
== bench-fandhe-splitk-ab-before gemm metal size=1024 mode=fresh ==
{"framework":"fandhe-ai","version":"0.8.0","task":"gemm","device":"metal","size":1024,"median_s":0.002222458,"q1_s":0.001992635,"q3_s":0.002748260,"gflops":966.265,"checksum":-1855.597736,"warmup":20,"iters":20,"mode":"fresh","parity_total":1048576,"parity_fail_count":0,"parity_max_abs_err":0.000000e0,"parity_max_rel_err":0.000000e0,"parity_scaled_abs_bound":0.000000e0,"parity_scaled_abs_rescued":0}
== bench-fandhe-splitk-ab-after gemm metal size=1024 mode=reuse ==
{"framework":"fandhe-ai","version":"0.8.0","task":"gemm","device":"metal","size":1024,"median_s":0.002912146,"q1_s":0.002301677,"q3_s":0.003211677,"gflops":737.423,"checksum":-1855.597736,"warmup":20,"iters":20,"mode":"reuse","init_s":0.041314125,"parity_total":1048576,"parity_fail_count":0,"parity_max_abs_err":0.000000e0,"parity_max_rel_err":0.000000e0,"parity_scaled_abs_bound":0.000000e0,"parity_scaled_abs_rescued":0}
== bench-fandhe-splitk-ab-before gemm metal size=1024 mode=reuse ==
{"framework":"fandhe-ai","version":"0.8.0","task":"gemm","device":"metal","size":1024,"median_s":0.002807687,"q1_s":0.002277854,"q3_s":0.003114354,"gflops":764.858,"checksum":-1855.597736,"warmup":20,"iters":20,"mode":"reuse","init_s":0.043055584,"parity_total":1048576,"parity_fail_count":0,"parity_max_abs_err":0.000000e0,"parity_max_rel_err":0.000000e0,"parity_scaled_abs_bound":0.000000e0,"parity_scaled_abs_rescued":0}
== bench-fandhe-splitk-ab-after gemm metal size=2048 mode=fresh ==
{"framework":"fandhe-ai","version":"0.8.0","task":"gemm","device":"metal","size":2048,"median_s":0.008141438,"q1_s":0.007132978,"q3_s":0.009522636,"gflops":2110.176,"checksum":-6016.774008,"warmup":20,"iters":20,"mode":"fresh","parity_total":4194304,"parity_fail_count":0,"parity_max_abs_err":0.000000e0,"parity_max_rel_err":0.000000e0,"parity_scaled_abs_bound":0.000000e0,"parity_scaled_abs_rescued":0}
== bench-fandhe-splitk-ab-before gemm metal size=2048 mode=fresh ==
{"framework":"fandhe-ai","version":"0.8.0","task":"gemm","device":"metal","size":2048,"median_s":0.009599146,"q1_s":0.006982511,"q3_s":0.010795771,"gflops":1789.729,"checksum":-6016.774008,"warmup":20,"iters":20,"mode":"fresh","parity_total":4194304,"parity_fail_count":0,"parity_max_abs_err":0.000000e0,"parity_max_rel_err":0.000000e0,"parity_scaled_abs_bound":0.000000e0,"parity_scaled_abs_rescued":0}
== bench-fandhe-splitk-ab-after gemm metal size=2048 mode=reuse ==
{"framework":"fandhe-ai","version":"0.8.0","task":"gemm","device":"metal","size":2048,"median_s":0.009660792,"q1_s":0.007878740,"q3_s":0.012065448,"gflops":1778.309,"checksum":-6016.774008,"warmup":20,"iters":20,"mode":"reuse","init_s":0.062083000,"parity_total":4194304,"parity_fail_count":0,"parity_max_abs_err":0.000000e0,"parity_max_rel_err":0.000000e0,"parity_scaled_abs_bound":0.000000e0,"parity_scaled_abs_rescued":0}
== bench-fandhe-splitk-ab-before gemm metal size=2048 mode=reuse ==
{"framework":"fandhe-ai","version":"0.8.0","task":"gemm","device":"metal","size":2048,"median_s":0.009871792,"q1_s":0.008302656,"q3_s":0.011733802,"gflops":1740.299,"checksum":-6016.774008,"warmup":20,"iters":20,"mode":"reuse","init_s":0.059415292,"parity_total":4194304,"parity_fail_count":0,"parity_max_abs_err":0.000000e0,"parity_max_rel_err":0.000000e0,"parity_scaled_abs_bound":0.000000e0,"parity_scaled_abs_rescued":0}
== bench-fandhe-splitk-ab-after gemm metal size=4096 mode=fresh ==
{"framework":"fandhe-ai","version":"0.8.0","task":"gemm","device":"metal","size":4096,"median_s":0.035049291,"q1_s":0.034643917,"q3_s":0.035756459,"gflops":3921.305,"checksum":-25768.747284,"warmup":20,"iters":20,"mode":"fresh","parity_total":16777216,"parity_fail_count":0,"parity_max_abs_err":0.000000e0,"parity_max_rel_err":0.000000e0,"parity_scaled_abs_bound":0.000000e0,"parity_scaled_abs_rescued":0}
== bench-fandhe-splitk-ab-before gemm metal size=4096 mode=fresh ==
{"framework":"fandhe-ai","version":"0.8.0","task":"gemm","device":"metal","size":4096,"median_s":0.034740271,"q1_s":0.034374573,"q3_s":0.035106729,"gflops":3956.185,"checksum":-25768.747284,"warmup":20,"iters":20,"mode":"fresh","parity_total":16777216,"parity_fail_count":0,"parity_max_abs_err":0.000000e0,"parity_max_rel_err":0.000000e0,"parity_scaled_abs_bound":0.000000e0,"parity_scaled_abs_rescued":0}
== bench-fandhe-splitk-ab-after gemm metal size=4096 mode=reuse ==
{"framework":"fandhe-ai","version":"0.8.0","task":"gemm","device":"metal","size":4096,"median_s":0.039646604,"q1_s":0.038921938,"q3_s":0.040081854,"gflops":3466.601,"checksum":-25768.747284,"warmup":20,"iters":20,"mode":"reuse","init_s":0.093317209,"parity_total":16777216,"parity_fail_count":0,"parity_max_abs_err":0.000000e0,"parity_max_rel_err":0.000000e0,"parity_scaled_abs_bound":0.000000e0,"parity_scaled_abs_rescued":0}
== bench-fandhe-splitk-ab-before gemm metal size=4096 mode=reuse ==
{"framework":"fandhe-ai","version":"0.8.0","task":"gemm","device":"metal","size":4096,"median_s":0.038975000,"q1_s":0.038707198,"q3_s":0.040032230,"gflops":3526.336,"checksum":-25768.747284,"warmup":20,"iters":20,"mode":"reuse","init_s":0.095282375,"parity_total":16777216,"parity_fail_count":0,"parity_max_abs_err":0.000000e0,"parity_max_rel_err":0.000000e0,"parity_scaled_abs_bound":0.000000e0,"parity_scaled_abs_rescued":0}
== bench-fandhe-splitk-ab-after train metal mode=fresh ==
{"framework":"fandhe-ai","version":"0.8.0","task":"train","device":"metal","size":64,"median_s":0.001424812,"q1_s":0.001395032,"q3_s":0.001543146,"checksum":0.080541,"warmup":20,"iters":80,"mode":"fresh"}
== bench-fandhe-splitk-ab-before train metal mode=fresh ==
{"framework":"fandhe-ai","version":"0.8.0","task":"train","device":"metal","size":64,"median_s":0.001503208,"q1_s":0.001435625,"q3_s":0.001594250,"checksum":0.080541,"warmup":20,"iters":80,"mode":"fresh"}
== bench-fandhe-splitk-ab-after train metal mode=reuse ==
{"framework":"fandhe-ai","version":"0.8.0","task":"train","device":"metal","size":64,"median_s":0.001462542,"q1_s":0.001386968,"q3_s":0.001502416,"checksum":0.080541,"warmup":20,"iters":80,"mode":"reuse","init_s":0.035107000}
== bench-fandhe-splitk-ab-before train metal mode=reuse ==
{"framework":"fandhe-ai","version":"0.8.0","task":"train","device":"metal","size":64,"median_s":0.001363709,"q1_s":0.001327552,"q3_s":0.001470572,"checksum":0.080541,"warmup":20,"iters":80,"mode":"reuse","init_s":0.034125750}
== run 2/5 完了時点の status ==
Note: No thermal warning level has been recorded
Note: No performance warning level has been recorded
Note: No CPU power status has been recorded
21:41  up 23 days,  8:54, 20 users, load averages: 6.62 7.22 6.07
== bench-fandhe-splitk-ab-before gemm metal size=512 mode=fresh ==
{"framework":"fandhe-ai","version":"0.8.0","task":"gemm","device":"metal","size":512,"median_s":0.000585146,"q1_s":0.000488447,"q3_s":0.000673042,"gflops":458.750,"checksum":937.743233,"warmup":20,"iters":20,"mode":"fresh","parity_total":262144,"parity_fail_count":0,"parity_max_abs_err":0.000000e0,"parity_max_rel_err":0.000000e0,"parity_scaled_abs_bound":0.000000e0,"parity_scaled_abs_rescued":0}
== bench-fandhe-splitk-ab-after gemm metal size=512 mode=fresh ==
{"framework":"fandhe-ai","version":"0.8.0","task":"gemm","device":"metal","size":512,"median_s":0.000524959,"q1_s":0.000518198,"q3_s":0.000538969,"gflops":511.346,"checksum":937.743233,"warmup":20,"iters":20,"mode":"fresh","parity_total":262144,"parity_fail_count":0,"parity_max_abs_err":0.000000e0,"parity_max_rel_err":0.000000e0,"parity_scaled_abs_bound":0.000000e0,"parity_scaled_abs_rescued":0}
== bench-fandhe-splitk-ab-before gemm metal size=512 mode=reuse ==
{"framework":"fandhe-ai","version":"0.8.0","task":"gemm","device":"metal","size":512,"median_s":0.000625916,"q1_s":0.000579552,"q3_s":0.000682271,"gflops":428.868,"checksum":937.743233,"warmup":20,"iters":20,"mode":"reuse","init_s":0.040179958,"parity_total":262144,"parity_fail_count":0,"parity_max_abs_err":0.000000e0,"parity_max_rel_err":0.000000e0,"parity_scaled_abs_bound":0.000000e0,"parity_scaled_abs_rescued":0}
== bench-fandhe-splitk-ab-after gemm metal size=512 mode=reuse ==
{"framework":"fandhe-ai","version":"0.8.0","task":"gemm","device":"metal","size":512,"median_s":0.000724959,"q1_s":0.000711740,"q3_s":0.000738354,"gflops":370.277,"checksum":937.743233,"warmup":20,"iters":20,"mode":"reuse","init_s":0.040035459,"parity_total":262144,"parity_fail_count":0,"parity_max_abs_err":0.000000e0,"parity_max_rel_err":0.000000e0,"parity_scaled_abs_bound":0.000000e0,"parity_scaled_abs_rescued":0}
== bench-fandhe-splitk-ab-before gemm metal size=1024 mode=fresh ==
{"framework":"fandhe-ai","version":"0.8.0","task":"gemm","device":"metal","size":1024,"median_s":0.002142792,"q1_s":0.002012469,"q3_s":0.002697740,"gflops":1002.190,"checksum":-1855.597736,"warmup":20,"iters":20,"mode":"fresh","parity_total":1048576,"parity_fail_count":0,"parity_max_abs_err":0.000000e0,"parity_max_rel_err":0.000000e0,"parity_scaled_abs_bound":0.000000e0,"parity_scaled_abs_rescued":0}
== bench-fandhe-splitk-ab-after gemm metal size=1024 mode=fresh ==
{"framework":"fandhe-ai","version":"0.8.0","task":"gemm","device":"metal","size":1024,"median_s":0.002056416,"q1_s":0.001998458,"q3_s":0.002733063,"gflops":1044.284,"checksum":-1855.597736,"warmup":20,"iters":20,"mode":"fresh","parity_total":1048576,"parity_fail_count":0,"parity_max_abs_err":0.000000e0,"parity_max_rel_err":0.000000e0,"parity_scaled_abs_bound":0.000000e0,"parity_scaled_abs_rescued":0}
== bench-fandhe-splitk-ab-before gemm metal size=1024 mode=reuse ==
{"framework":"fandhe-ai","version":"0.8.0","task":"gemm","device":"metal","size":1024,"median_s":0.002420541,"q1_s":0.002232406,"q3_s":0.003072417,"gflops":887.191,"checksum":-1855.597736,"warmup":20,"iters":20,"mode":"reuse","init_s":0.042947792,"parity_total":1048576,"parity_fail_count":0,"parity_max_abs_err":0.000000e0,"parity_max_rel_err":0.000000e0,"parity_scaled_abs_bound":0.000000e0,"parity_scaled_abs_rescued":0}
== bench-fandhe-splitk-ab-after gemm metal size=1024 mode=reuse ==
{"framework":"fandhe-ai","version":"0.8.0","task":"gemm","device":"metal","size":1024,"median_s":0.002334333,"q1_s":0.002262459,"q3_s":0.003017895,"gflops":919.956,"checksum":-1855.597736,"warmup":20,"iters":20,"mode":"reuse","init_s":0.045011708,"parity_total":1048576,"parity_fail_count":0,"parity_max_abs_err":0.000000e0,"parity_max_rel_err":0.000000e0,"parity_scaled_abs_bound":0.000000e0,"parity_scaled_abs_rescued":0}
== bench-fandhe-splitk-ab-before gemm metal size=2048 mode=fresh ==
{"framework":"fandhe-ai","version":"0.8.0","task":"gemm","device":"metal","size":2048,"median_s":0.008503646,"q1_s":0.007310479,"q3_s":0.009766594,"gflops":2020.294,"checksum":-6016.774008,"warmup":20,"iters":20,"mode":"fresh","parity_total":4194304,"parity_fail_count":0,"parity_max_abs_err":0.000000e0,"parity_max_rel_err":0.000000e0,"parity_scaled_abs_bound":0.000000e0,"parity_scaled_abs_rescued":0}
== bench-fandhe-splitk-ab-after gemm metal size=2048 mode=fresh ==
{"framework":"fandhe-ai","version":"0.8.0","task":"gemm","device":"metal","size":2048,"median_s":0.008712126,"q1_s":0.006965365,"q3_s":0.010479375,"gflops":1971.949,"checksum":-6016.774008,"warmup":20,"iters":20,"mode":"fresh","parity_total":4194304,"parity_fail_count":0,"parity_max_abs_err":0.000000e0,"parity_max_rel_err":0.000000e0,"parity_scaled_abs_bound":0.000000e0,"parity_scaled_abs_rescued":0}
== bench-fandhe-splitk-ab-before gemm metal size=2048 mode=reuse ==
{"framework":"fandhe-ai","version":"0.8.0","task":"gemm","device":"metal","size":2048,"median_s":0.010720771,"q1_s":0.010035395,"q3_s":0.012335656,"gflops":1602.485,"checksum":-6016.774008,"warmup":20,"iters":20,"mode":"reuse","init_s":0.058598084,"parity_total":4194304,"parity_fail_count":0,"parity_max_abs_err":0.000000e0,"parity_max_rel_err":0.000000e0,"parity_scaled_abs_bound":0.000000e0,"parity_scaled_abs_rescued":0}
== bench-fandhe-splitk-ab-after gemm metal size=2048 mode=reuse ==
{"framework":"fandhe-ai","version":"0.8.0","task":"gemm","device":"metal","size":2048,"median_s":0.009685958,"q1_s":0.007885208,"q3_s":0.012468844,"gflops":1773.688,"checksum":-6016.774008,"warmup":20,"iters":20,"mode":"reuse","init_s":0.064789542,"parity_total":4194304,"parity_fail_count":0,"parity_max_abs_err":0.000000e0,"parity_max_rel_err":0.000000e0,"parity_scaled_abs_bound":0.000000e0,"parity_scaled_abs_rescued":0}
== bench-fandhe-splitk-ab-before gemm metal size=4096 mode=fresh ==
{"framework":"fandhe-ai","version":"0.8.0","task":"gemm","device":"metal","size":4096,"median_s":0.034604000,"q1_s":0.034195958,"q3_s":0.034953594,"gflops":3971.765,"checksum":-25768.747284,"warmup":20,"iters":20,"mode":"fresh","parity_total":16777216,"parity_fail_count":0,"parity_max_abs_err":0.000000e0,"parity_max_rel_err":0.000000e0,"parity_scaled_abs_bound":0.000000e0,"parity_scaled_abs_rescued":0}
== bench-fandhe-splitk-ab-after gemm metal size=4096 mode=fresh ==
{"framework":"fandhe-ai","version":"0.8.0","task":"gemm","device":"metal","size":4096,"median_s":0.035095813,"q1_s":0.034497156,"q3_s":0.035651875,"gflops":3916.107,"checksum":-25768.747284,"warmup":20,"iters":20,"mode":"fresh","parity_total":16777216,"parity_fail_count":0,"parity_max_abs_err":0.000000e0,"parity_max_rel_err":0.000000e0,"parity_scaled_abs_bound":0.000000e0,"parity_scaled_abs_rescued":0}
== bench-fandhe-splitk-ab-before gemm metal size=4096 mode=reuse ==
{"framework":"fandhe-ai","version":"0.8.0","task":"gemm","device":"metal","size":4096,"median_s":0.039430228,"q1_s":0.039094011,"q3_s":0.040449396,"gflops":3485.624,"checksum":-25768.747284,"warmup":20,"iters":20,"mode":"reuse","init_s":0.098044541,"parity_total":16777216,"parity_fail_count":0,"parity_max_abs_err":0.000000e0,"parity_max_rel_err":0.000000e0,"parity_scaled_abs_bound":0.000000e0,"parity_scaled_abs_rescued":0}
== bench-fandhe-splitk-ab-after gemm metal size=4096 mode=reuse ==
{"framework":"fandhe-ai","version":"0.8.0","task":"gemm","device":"metal","size":4096,"median_s":0.039500833,"q1_s":0.038824907,"q3_s":0.040545687,"gflops":3479.394,"checksum":-25768.747284,"warmup":20,"iters":20,"mode":"reuse","init_s":0.096323750,"parity_total":16777216,"parity_fail_count":0,"parity_max_abs_err":0.000000e0,"parity_max_rel_err":0.000000e0,"parity_scaled_abs_bound":0.000000e0,"parity_scaled_abs_rescued":0}
== bench-fandhe-splitk-ab-before train metal mode=fresh ==
{"framework":"fandhe-ai","version":"0.8.0","task":"train","device":"metal","size":64,"median_s":0.001586416,"q1_s":0.001525302,"q3_s":0.001805396,"checksum":0.080541,"warmup":20,"iters":80,"mode":"fresh"}
== bench-fandhe-splitk-ab-after train metal mode=fresh ==
{"framework":"fandhe-ai","version":"0.8.0","task":"train","device":"metal","size":64,"median_s":0.001511333,"q1_s":0.001430823,"q3_s":0.001588322,"checksum":0.080541,"warmup":20,"iters":80,"mode":"fresh"}
== bench-fandhe-splitk-ab-before train metal mode=reuse ==
{"framework":"fandhe-ai","version":"0.8.0","task":"train","device":"metal","size":64,"median_s":0.001426625,"q1_s":0.001371604,"q3_s":0.001517666,"checksum":0.080541,"warmup":20,"iters":80,"mode":"reuse","init_s":0.030217708}
== bench-fandhe-splitk-ab-after train metal mode=reuse ==
{"framework":"fandhe-ai","version":"0.8.0","task":"train","device":"metal","size":64,"median_s":0.001407271,"q1_s":0.001333146,"q3_s":0.001509093,"checksum":0.080541,"warmup":20,"iters":80,"mode":"reuse","init_s":0.029944083}
== run 3/5 完了時点の status ==
Note: No thermal warning level has been recorded
Note: No performance warning level has been recorded
Note: No CPU power status has been recorded
21:41  up 23 days,  8:54, 20 users, load averages: 8.51 7.64 6.25
== bench-fandhe-splitk-ab-after gemm metal size=512 mode=fresh ==
{"framework":"fandhe-ai","version":"0.8.0","task":"gemm","device":"metal","size":512,"median_s":0.000549896,"q1_s":0.000543990,"q3_s":0.000567312,"gflops":488.157,"checksum":937.743233,"warmup":20,"iters":20,"mode":"fresh","parity_total":262144,"parity_fail_count":0,"parity_max_abs_err":0.000000e0,"parity_max_rel_err":0.000000e0,"parity_scaled_abs_bound":0.000000e0,"parity_scaled_abs_rescued":0}
== bench-fandhe-splitk-ab-before gemm metal size=512 mode=fresh ==
{"framework":"fandhe-ai","version":"0.8.0","task":"gemm","device":"metal","size":512,"median_s":0.000656833,"q1_s":0.000527365,"q3_s":0.000667510,"gflops":408.681,"checksum":937.743233,"warmup":20,"iters":20,"mode":"fresh","parity_total":262144,"parity_fail_count":0,"parity_max_abs_err":0.000000e0,"parity_max_rel_err":0.000000e0,"parity_scaled_abs_bound":0.000000e0,"parity_scaled_abs_rescued":0}
== bench-fandhe-splitk-ab-after gemm metal size=512 mode=reuse ==
{"framework":"fandhe-ai","version":"0.8.0","task":"gemm","device":"metal","size":512,"median_s":0.000707959,"q1_s":0.000693906,"q3_s":0.000872553,"gflops":379.168,"checksum":937.743233,"warmup":20,"iters":20,"mode":"reuse","init_s":0.037258083,"parity_total":262144,"parity_fail_count":0,"parity_max_abs_err":0.000000e0,"parity_max_rel_err":0.000000e0,"parity_scaled_abs_bound":0.000000e0,"parity_scaled_abs_rescued":0}
== bench-fandhe-splitk-ab-before gemm metal size=512 mode=reuse ==
{"framework":"fandhe-ai","version":"0.8.0","task":"gemm","device":"metal","size":512,"median_s":0.000727104,"q1_s":0.000713927,"q3_s":0.000759552,"gflops":369.184,"checksum":937.743233,"warmup":20,"iters":20,"mode":"reuse","init_s":0.036694625,"parity_total":262144,"parity_fail_count":0,"parity_max_abs_err":0.000000e0,"parity_max_rel_err":0.000000e0,"parity_scaled_abs_bound":0.000000e0,"parity_scaled_abs_rescued":0}
== bench-fandhe-splitk-ab-after gemm metal size=1024 mode=fresh ==
{"framework":"fandhe-ai","version":"0.8.0","task":"gemm","device":"metal","size":1024,"median_s":0.002124687,"q1_s":0.001858229,"q3_s":0.002706438,"gflops":1010.729,"checksum":-1855.597736,"warmup":20,"iters":20,"mode":"fresh","parity_total":1048576,"parity_fail_count":0,"parity_max_abs_err":0.000000e0,"parity_max_rel_err":0.000000e0,"parity_scaled_abs_bound":0.000000e0,"parity_scaled_abs_rescued":0}
== bench-fandhe-splitk-ab-before gemm metal size=1024 mode=fresh ==
{"framework":"fandhe-ai","version":"0.8.0","task":"gemm","device":"metal","size":1024,"median_s":0.002129937,"q1_s":0.002024396,"q3_s":0.002682188,"gflops":1008.238,"checksum":-1855.597736,"warmup":20,"iters":20,"mode":"fresh","parity_total":1048576,"parity_fail_count":0,"parity_max_abs_err":0.000000e0,"parity_max_rel_err":0.000000e0,"parity_scaled_abs_bound":0.000000e0,"parity_scaled_abs_rescued":0}
== bench-fandhe-splitk-ab-after gemm metal size=1024 mode=reuse ==
{"framework":"fandhe-ai","version":"0.8.0","task":"gemm","device":"metal","size":1024,"median_s":0.002195208,"q1_s":0.002096157,"q3_s":0.002852563,"gflops":978.260,"checksum":-1855.597736,"warmup":20,"iters":20,"mode":"reuse","init_s":0.039622708,"parity_total":1048576,"parity_fail_count":0,"parity_max_abs_err":0.000000e0,"parity_max_rel_err":0.000000e0,"parity_scaled_abs_bound":0.000000e0,"parity_scaled_abs_rescued":0}
== bench-fandhe-splitk-ab-before gemm metal size=1024 mode=reuse ==
{"framework":"fandhe-ai","version":"0.8.0","task":"gemm","device":"metal","size":1024,"median_s":0.002316812,"q1_s":0.002198750,"q3_s":0.002515802,"gflops":926.913,"checksum":-1855.597736,"warmup":20,"iters":20,"mode":"reuse","init_s":0.045854041,"parity_total":1048576,"parity_fail_count":0,"parity_max_abs_err":0.000000e0,"parity_max_rel_err":0.000000e0,"parity_scaled_abs_bound":0.000000e0,"parity_scaled_abs_rescued":0}
== bench-fandhe-splitk-ab-after gemm metal size=2048 mode=fresh ==
{"framework":"fandhe-ai","version":"0.8.0","task":"gemm","device":"metal","size":2048,"median_s":0.009279104,"q1_s":0.007128739,"q3_s":0.010822989,"gflops":1851.458,"checksum":-6016.774008,"warmup":20,"iters":20,"mode":"fresh","parity_total":4194304,"parity_fail_count":0,"parity_max_abs_err":0.000000e0,"parity_max_rel_err":0.000000e0,"parity_scaled_abs_bound":0.000000e0,"parity_scaled_abs_rescued":0}
== bench-fandhe-splitk-ab-before gemm metal size=2048 mode=fresh ==
{"framework":"fandhe-ai","version":"0.8.0","task":"gemm","device":"metal","size":2048,"median_s":0.008265375,"q1_s":0.007030500,"q3_s":0.010198875,"gflops":2078.535,"checksum":-6016.774008,"warmup":20,"iters":20,"mode":"fresh","parity_total":4194304,"parity_fail_count":0,"parity_max_abs_err":0.000000e0,"parity_max_rel_err":0.000000e0,"parity_scaled_abs_bound":0.000000e0,"parity_scaled_abs_rescued":0}
== bench-fandhe-splitk-ab-after gemm metal size=2048 mode=reuse ==
{"framework":"fandhe-ai","version":"0.8.0","task":"gemm","device":"metal","size":2048,"median_s":0.010207437,"q1_s":0.007747136,"q3_s":0.011364615,"gflops":1683.074,"checksum":-6016.774008,"warmup":20,"iters":20,"mode":"reuse","init_s":0.061177167,"parity_total":4194304,"parity_fail_count":0,"parity_max_abs_err":0.000000e0,"parity_max_rel_err":0.000000e0,"parity_scaled_abs_bound":0.000000e0,"parity_scaled_abs_rescued":0}
== bench-fandhe-splitk-ab-before gemm metal size=2048 mode=reuse ==
{"framework":"fandhe-ai","version":"0.8.0","task":"gemm","device":"metal","size":2048,"median_s":0.009457396,"q1_s":0.007877917,"q3_s":0.012367978,"gflops":1816.554,"checksum":-6016.774008,"warmup":20,"iters":20,"mode":"reuse","init_s":0.064506875,"parity_total":4194304,"parity_fail_count":0,"parity_max_abs_err":0.000000e0,"parity_max_rel_err":0.000000e0,"parity_scaled_abs_bound":0.000000e0,"parity_scaled_abs_rescued":0}
== bench-fandhe-splitk-ab-after gemm metal size=4096 mode=fresh ==
{"framework":"fandhe-ai","version":"0.8.0","task":"gemm","device":"metal","size":4096,"median_s":0.034813708,"q1_s":0.033852260,"q3_s":0.035818614,"gflops":3947.840,"checksum":-25768.747284,"warmup":20,"iters":20,"mode":"fresh","parity_total":16777216,"parity_fail_count":0,"parity_max_abs_err":0.000000e0,"parity_max_rel_err":0.000000e0,"parity_scaled_abs_bound":0.000000e0,"parity_scaled_abs_rescued":0}
== bench-fandhe-splitk-ab-before gemm metal size=4096 mode=fresh ==
{"framework":"fandhe-ai","version":"0.8.0","task":"gemm","device":"metal","size":4096,"median_s":0.034856813,"q1_s":0.033802989,"q3_s":0.035642062,"gflops":3942.958,"checksum":-25768.747284,"warmup":20,"iters":20,"mode":"fresh","parity_total":16777216,"parity_fail_count":0,"parity_max_abs_err":0.000000e0,"parity_max_rel_err":0.000000e0,"parity_scaled_abs_bound":0.000000e0,"parity_scaled_abs_rescued":0}
== bench-fandhe-splitk-ab-after gemm metal size=4096 mode=reuse ==
{"framework":"fandhe-ai","version":"0.8.0","task":"gemm","device":"metal","size":4096,"median_s":0.038742708,"q1_s":0.038357781,"q3_s":0.038958739,"gflops":3547.479,"checksum":-25768.747284,"warmup":20,"iters":20,"mode":"reuse","init_s":0.110801625,"parity_total":16777216,"parity_fail_count":0,"parity_max_abs_err":0.000000e0,"parity_max_rel_err":0.000000e0,"parity_scaled_abs_bound":0.000000e0,"parity_scaled_abs_rescued":0}
== bench-fandhe-splitk-ab-before gemm metal size=4096 mode=reuse ==
{"framework":"fandhe-ai","version":"0.8.0","task":"gemm","device":"metal","size":4096,"median_s":0.040405208,"q1_s":0.040065198,"q3_s":0.041135792,"gflops":3401.516,"checksum":-25768.747284,"warmup":20,"iters":20,"mode":"reuse","init_s":0.099450291,"parity_total":16777216,"parity_fail_count":0,"parity_max_abs_err":0.000000e0,"parity_max_rel_err":0.000000e0,"parity_scaled_abs_bound":0.000000e0,"parity_scaled_abs_rescued":0}
== bench-fandhe-splitk-ab-after train metal mode=fresh ==
{"framework":"fandhe-ai","version":"0.8.0","task":"train","device":"metal","size":64,"median_s":0.001722833,"q1_s":0.001464396,"q3_s":0.001825406,"checksum":0.080541,"warmup":20,"iters":80,"mode":"fresh"}
== bench-fandhe-splitk-ab-before train metal mode=fresh ==
{"framework":"fandhe-ai","version":"0.8.0","task":"train","device":"metal","size":64,"median_s":0.001519458,"q1_s":0.001437302,"q3_s":0.001562688,"checksum":0.080541,"warmup":20,"iters":80,"mode":"fresh"}
== bench-fandhe-splitk-ab-after train metal mode=reuse ==
{"framework":"fandhe-ai","version":"0.8.0","task":"train","device":"metal","size":64,"median_s":0.001456104,"q1_s":0.001393833,"q3_s":0.001498021,"checksum":0.080541,"warmup":20,"iters":80,"mode":"reuse","init_s":0.030632417}
== bench-fandhe-splitk-ab-before train metal mode=reuse ==
{"framework":"fandhe-ai","version":"0.8.0","task":"train","device":"metal","size":64,"median_s":0.001467042,"q1_s":0.001407823,"q3_s":0.001519511,"checksum":0.080541,"warmup":20,"iters":80,"mode":"reuse","init_s":0.030162292}
== run 4/5 完了時点の status ==
Note: No thermal warning level has been recorded
Note: No performance warning level has been recorded
Note: No CPU power status has been recorded
21:42  up 23 days,  8:54, 20 users, load averages: 7.66 7.49 6.22
== bench-fandhe-splitk-ab-before gemm metal size=512 mode=fresh ==
{"framework":"fandhe-ai","version":"0.8.0","task":"gemm","device":"metal","size":512,"median_s":0.000543167,"q1_s":0.000527490,"q3_s":0.000556979,"gflops":494.205,"checksum":937.743233,"warmup":20,"iters":20,"mode":"fresh","parity_total":262144,"parity_fail_count":0,"parity_max_abs_err":0.000000e0,"parity_max_rel_err":0.000000e0,"parity_scaled_abs_bound":0.000000e0,"parity_scaled_abs_rescued":0}
== bench-fandhe-splitk-ab-after gemm metal size=512 mode=fresh ==
{"framework":"fandhe-ai","version":"0.8.0","task":"gemm","device":"metal","size":512,"median_s":0.000646312,"q1_s":0.000638125,"q3_s":0.000664885,"gflops":415.334,"checksum":937.743233,"warmup":20,"iters":20,"mode":"fresh","parity_total":262144,"parity_fail_count":0,"parity_max_abs_err":0.000000e0,"parity_max_rel_err":0.000000e0,"parity_scaled_abs_bound":0.000000e0,"parity_scaled_abs_rescued":0}
== bench-fandhe-splitk-ab-before gemm metal size=512 mode=reuse ==
{"framework":"fandhe-ai","version":"0.8.0","task":"gemm","device":"metal","size":512,"median_s":0.000704917,"q1_s":0.000557604,"q3_s":0.000739302,"gflops":380.805,"checksum":937.743233,"warmup":20,"iters":20,"mode":"reuse","init_s":0.037066583,"parity_total":262144,"parity_fail_count":0,"parity_max_abs_err":0.000000e0,"parity_max_rel_err":0.000000e0,"parity_scaled_abs_bound":0.000000e0,"parity_scaled_abs_rescued":0}
== bench-fandhe-splitk-ab-after gemm metal size=512 mode=reuse ==
{"framework":"fandhe-ai","version":"0.8.0","task":"gemm","device":"metal","size":512,"median_s":0.000733542,"q1_s":0.000718709,"q3_s":0.000891573,"gflops":365.944,"checksum":937.743233,"warmup":20,"iters":20,"mode":"reuse","init_s":0.037006292,"parity_total":262144,"parity_fail_count":0,"parity_max_abs_err":0.000000e0,"parity_max_rel_err":0.000000e0,"parity_scaled_abs_bound":0.000000e0,"parity_scaled_abs_rescued":0}
== bench-fandhe-splitk-ab-before gemm metal size=1024 mode=fresh ==
{"framework":"fandhe-ai","version":"0.8.0","task":"gemm","device":"metal","size":1024,"median_s":0.002691209,"q1_s":0.002003823,"q3_s":0.002770000,"gflops":797.963,"checksum":-1855.597736,"warmup":20,"iters":20,"mode":"fresh","parity_total":1048576,"parity_fail_count":0,"parity_max_abs_err":0.000000e0,"parity_max_rel_err":0.000000e0,"parity_scaled_abs_bound":0.000000e0,"parity_scaled_abs_rescued":0}
== bench-fandhe-splitk-ab-after gemm metal size=1024 mode=fresh ==
{"framework":"fandhe-ai","version":"0.8.0","task":"gemm","device":"metal","size":1024,"median_s":0.002353625,"q1_s":0.002225375,"q3_s":0.002901896,"gflops":912.415,"checksum":-1855.597736,"warmup":20,"iters":20,"mode":"fresh","parity_total":1048576,"parity_fail_count":0,"parity_max_abs_err":0.000000e0,"parity_max_rel_err":0.000000e0,"parity_scaled_abs_bound":0.000000e0,"parity_scaled_abs_rescued":0}
== bench-fandhe-splitk-ab-before gemm metal size=1024 mode=reuse ==
{"framework":"fandhe-ai","version":"0.8.0","task":"gemm","device":"metal","size":1024,"median_s":0.002344563,"q1_s":0.002036333,"q3_s":0.002955052,"gflops":915.942,"checksum":-1855.597736,"warmup":20,"iters":20,"mode":"reuse","init_s":0.042763166,"parity_total":1048576,"parity_fail_count":0,"parity_max_abs_err":0.000000e0,"parity_max_rel_err":0.000000e0,"parity_scaled_abs_bound":0.000000e0,"parity_scaled_abs_rescued":0}
== bench-fandhe-splitk-ab-after gemm metal size=1024 mode=reuse ==
{"framework":"fandhe-ai","version":"0.8.0","task":"gemm","device":"metal","size":1024,"median_s":0.002731229,"q1_s":0.002231146,"q3_s":0.003007041,"gflops":786.270,"checksum":-1855.597736,"warmup":20,"iters":20,"mode":"reuse","init_s":0.039679583,"parity_total":1048576,"parity_fail_count":0,"parity_max_abs_err":0.000000e0,"parity_max_rel_err":0.000000e0,"parity_scaled_abs_bound":0.000000e0,"parity_scaled_abs_rescued":0}
== bench-fandhe-splitk-ab-before gemm metal size=2048 mode=fresh ==
{"framework":"fandhe-ai","version":"0.8.0","task":"gemm","device":"metal","size":2048,"median_s":0.008067521,"q1_s":0.007443333,"q3_s":0.009770375,"gflops":2129.510,"checksum":-6016.774008,"warmup":20,"iters":20,"mode":"fresh","parity_total":4194304,"parity_fail_count":0,"parity_max_abs_err":0.000000e0,"parity_max_rel_err":0.000000e0,"parity_scaled_abs_bound":0.000000e0,"parity_scaled_abs_rescued":0}
== bench-fandhe-splitk-ab-after gemm metal size=2048 mode=fresh ==
{"framework":"fandhe-ai","version":"0.8.0","task":"gemm","device":"metal","size":2048,"median_s":0.007714687,"q1_s":0.007066114,"q3_s":0.010080667,"gflops":2226.904,"checksum":-6016.774008,"warmup":20,"iters":20,"mode":"fresh","parity_total":4194304,"parity_fail_count":0,"parity_max_abs_err":0.000000e0,"parity_max_rel_err":0.000000e0,"parity_scaled_abs_bound":0.000000e0,"parity_scaled_abs_rescued":0}
== bench-fandhe-splitk-ab-before gemm metal size=2048 mode=reuse ==
{"framework":"fandhe-ai","version":"0.8.0","task":"gemm","device":"metal","size":2048,"median_s":0.011189375,"q1_s":0.008100406,"q3_s":0.012636594,"gflops":1535.373,"checksum":-6016.774008,"warmup":20,"iters":20,"mode":"reuse","init_s":0.066376792,"parity_total":4194304,"parity_fail_count":0,"parity_max_abs_err":0.000000e0,"parity_max_rel_err":0.000000e0,"parity_scaled_abs_bound":0.000000e0,"parity_scaled_abs_rescued":0}
== bench-fandhe-splitk-ab-after gemm metal size=2048 mode=reuse ==
{"framework":"fandhe-ai","version":"0.8.0","task":"gemm","device":"metal","size":2048,"median_s":0.009245542,"q1_s":0.008600105,"q3_s":0.011249301,"gflops":1858.179,"checksum":-6016.774008,"warmup":20,"iters":20,"mode":"reuse","init_s":0.061814375,"parity_total":4194304,"parity_fail_count":0,"parity_max_abs_err":0.000000e0,"parity_max_rel_err":0.000000e0,"parity_scaled_abs_bound":0.000000e0,"parity_scaled_abs_rescued":0}
== bench-fandhe-splitk-ab-before gemm metal size=4096 mode=fresh ==
{"framework":"fandhe-ai","version":"0.8.0","task":"gemm","device":"metal","size":4096,"median_s":0.034755292,"q1_s":0.034123115,"q3_s":0.035769021,"gflops":3954.476,"checksum":-25768.747284,"warmup":20,"iters":20,"mode":"fresh","parity_total":16777216,"parity_fail_count":0,"parity_max_abs_err":0.000000e0,"parity_max_rel_err":0.000000e0,"parity_scaled_abs_bound":0.000000e0,"parity_scaled_abs_rescued":0}
== bench-fandhe-splitk-ab-after gemm metal size=4096 mode=fresh ==
{"framework":"fandhe-ai","version":"0.8.0","task":"gemm","device":"metal","size":4096,"median_s":0.034645438,"q1_s":0.033932385,"q3_s":0.035397791,"gflops":3967.015,"checksum":-25768.747284,"warmup":20,"iters":20,"mode":"fresh","parity_total":16777216,"parity_fail_count":0,"parity_max_abs_err":0.000000e0,"parity_max_rel_err":0.000000e0,"parity_scaled_abs_bound":0.000000e0,"parity_scaled_abs_rescued":0}
== bench-fandhe-splitk-ab-before gemm metal size=4096 mode=reuse ==
{"framework":"fandhe-ai","version":"0.8.0","task":"gemm","device":"metal","size":4096,"median_s":0.040047022,"q1_s":0.038406447,"q3_s":0.040666812,"gflops":3431.939,"checksum":-25768.747284,"warmup":20,"iters":20,"mode":"reuse","init_s":0.103544667,"parity_total":16777216,"parity_fail_count":0,"parity_max_abs_err":0.000000e0,"parity_max_rel_err":0.000000e0,"parity_scaled_abs_bound":0.000000e0,"parity_scaled_abs_rescued":0}
== bench-fandhe-splitk-ab-after gemm metal size=4096 mode=reuse ==
{"framework":"fandhe-ai","version":"0.8.0","task":"gemm","device":"metal","size":4096,"median_s":0.040451062,"q1_s":0.040087083,"q3_s":0.040769500,"gflops":3397.660,"checksum":-25768.747284,"warmup":20,"iters":20,"mode":"reuse","init_s":0.093206125,"parity_total":16777216,"parity_fail_count":0,"parity_max_abs_err":0.000000e0,"parity_max_rel_err":0.000000e0,"parity_scaled_abs_bound":0.000000e0,"parity_scaled_abs_rescued":0}
== bench-fandhe-splitk-ab-before train metal mode=fresh ==
{"framework":"fandhe-ai","version":"0.8.0","task":"train","device":"metal","size":64,"median_s":0.001513709,"q1_s":0.001468229,"q3_s":0.001602177,"checksum":0.080541,"warmup":20,"iters":80,"mode":"fresh"}
== bench-fandhe-splitk-ab-after train metal mode=fresh ==
{"framework":"fandhe-ai","version":"0.8.0","task":"train","device":"metal","size":64,"median_s":0.001385458,"q1_s":0.001309479,"q3_s":0.001416718,"checksum":0.080541,"warmup":20,"iters":80,"mode":"fresh"}
== bench-fandhe-splitk-ab-before train metal mode=reuse ==
{"framework":"fandhe-ai","version":"0.8.0","task":"train","device":"metal","size":64,"median_s":0.001398250,"q1_s":0.001332188,"q3_s":0.001494792,"checksum":0.080541,"warmup":20,"iters":80,"mode":"reuse","init_s":0.031879500}
== bench-fandhe-splitk-ab-after train metal mode=reuse ==
{"framework":"fandhe-ai","version":"0.8.0","task":"train","device":"metal","size":64,"median_s":0.001427208,"q1_s":0.001379521,"q3_s":0.001496792,"checksum":0.080541,"warmup":20,"iters":80,"mode":"reuse","init_s":0.036708625}
== run 5/5 完了時点の status ==
Note: No thermal warning level has been recorded
Note: No performance warning level has been recorded
Note: No CPU power status has been recorded
21:42  up 23 days,  8:55, 20 users, load averages: 11.56 8.33 6.55
== bench-fandhe-splitk-ab-before train --phases mode=fresh ==
{"framework":"fandhe-ai","version":"0.8.0","task":"train_phases","device":"metal","size":64,"median_s":0.000013813,"q1_s":0.000012614,"q3_s":0.000015219,"checksum":0.080541,"warmup":20,"iters":80,"mode":"fresh","phase":"tape_build","phase_index":0}
{"framework":"fandhe-ai","version":"0.8.0","task":"train_phases","device":"metal","size":64,"median_s":0.000000458,"q1_s":0.000000458,"q3_s":0.000000500,"checksum":0.080541,"warmup":20,"iters":80,"mode":"fresh","phase":"leaf_register","phase_index":1}
{"framework":"fandhe-ai","version":"0.8.0","task":"train_phases","device":"metal","size":64,"median_s":0.000679354,"q1_s":0.000647437,"q3_s":0.000741750,"checksum":0.080541,"warmup":20,"iters":80,"mode":"fresh","phase":"forward","phase_index":2}
{"framework":"fandhe-ai","version":"0.8.0","task":"train_phases","device":"metal","size":64,"median_s":0.000000042,"q1_s":0.000000000,"q3_s":0.000000042,"checksum":0.080541,"warmup":20,"iters":80,"mode":"fresh","phase":"loss_readout","phase_index":3}
{"framework":"fandhe-ai","version":"0.8.0","task":"train_phases","device":"metal","size":64,"median_s":0.000715208,"q1_s":0.000688114,"q3_s":0.000754657,"checksum":0.080541,"warmup":20,"iters":80,"mode":"fresh","phase":"backward","phase_index":4}
{"framework":"fandhe-ai","version":"0.8.0","task":"train_phases","device":"metal","size":64,"median_s":0.000021375,"q1_s":0.000021115,"q3_s":0.000022052,"checksum":0.080541,"warmup":20,"iters":80,"mode":"fresh","phase":"param_readout","phase_index":5}
{"framework":"fandhe-ai","version":"0.8.0","task":"train_phases","device":"metal","size":64,"median_s":0.000031063,"q1_s":0.000030958,"q3_s":0.000031469,"checksum":0.080541,"warmup":20,"iters":80,"mode":"fresh","phase":"host_sgd","phase_index":6}
{"framework":"fandhe-ai","version":"0.8.0","task":"train_phases","device":"metal","size":64,"median_s":0.000000209,"q1_s":0.000000208,"q3_s":0.000000250,"checksum":0.080541,"warmup":20,"iters":80,"mode":"fresh","phase":"apply_params","phase_index":7}
{"framework":"fandhe-ai","version":"0.8.0","task":"train_phases","device":"metal","size":64,"median_s":0.000000562,"q1_s":0.000000500,"q3_s":0.000000636,"checksum":0.080541,"warmup":20,"iters":80,"mode":"fresh","phase":"tape_drop","phase_index":8}
{"framework":"fandhe-ai","version":"0.8.0","task":"train_phases","device":"metal","size":64,"median_s":0.001496729,"q1_s":0.001420281,"q3_s":0.001573896,"checksum":0.080541,"warmup":20,"iters":80,"mode":"fresh","phase":"step_total","phase_index":9}
== bench-fandhe-splitk-ab-after train --phases mode=fresh ==
{"framework":"fandhe-ai","version":"0.8.0","task":"train_phases","device":"metal","size":64,"median_s":0.000014105,"q1_s":0.000012833,"q3_s":0.000015834,"checksum":0.080541,"warmup":20,"iters":80,"mode":"fresh","phase":"tape_build","phase_index":0}
{"framework":"fandhe-ai","version":"0.8.0","task":"train_phases","device":"metal","size":64,"median_s":0.000000500,"q1_s":0.000000458,"q3_s":0.000000541,"checksum":0.080541,"warmup":20,"iters":80,"mode":"fresh","phase":"leaf_register","phase_index":1}
{"framework":"fandhe-ai","version":"0.8.0","task":"train_phases","device":"metal","size":64,"median_s":0.000653604,"q1_s":0.000642635,"q3_s":0.000673636,"checksum":0.080541,"warmup":20,"iters":80,"mode":"fresh","phase":"forward","phase_index":2}
{"framework":"fandhe-ai","version":"0.8.0","task":"train_phases","device":"metal","size":64,"median_s":0.000000042,"q1_s":0.000000041,"q3_s":0.000000042,"checksum":0.080541,"warmup":20,"iters":80,"mode":"fresh","phase":"loss_readout","phase_index":3}
{"framework":"fandhe-ai","version":"0.8.0","task":"train_phases","device":"metal","size":64,"median_s":0.000707354,"q1_s":0.000696239,"q3_s":0.000731229,"checksum":0.080541,"warmup":20,"iters":80,"mode":"fresh","phase":"backward","phase_index":4}
{"framework":"fandhe-ai","version":"0.8.0","task":"train_phases","device":"metal","size":64,"median_s":0.000021458,"q1_s":0.000021198,"q3_s":0.000022801,"checksum":0.080541,"warmup":20,"iters":80,"mode":"fresh","phase":"param_readout","phase_index":5}
{"framework":"fandhe-ai","version":"0.8.0","task":"train_phases","device":"metal","size":64,"median_s":0.000031187,"q1_s":0.000030917,"q3_s":0.000031990,"checksum":0.080541,"warmup":20,"iters":80,"mode":"fresh","phase":"host_sgd","phase_index":6}
{"framework":"fandhe-ai","version":"0.8.0","task":"train_phases","device":"metal","size":64,"median_s":0.000000208,"q1_s":0.000000167,"q3_s":0.000000250,"checksum":0.080541,"warmup":20,"iters":80,"mode":"fresh","phase":"apply_params","phase_index":7}
{"framework":"fandhe-ai","version":"0.8.0","task":"train_phases","device":"metal","size":64,"median_s":0.000000541,"q1_s":0.000000500,"q3_s":0.000000625,"checksum":0.080541,"warmup":20,"iters":80,"mode":"fresh","phase":"tape_drop","phase_index":8}
{"framework":"fandhe-ai","version":"0.8.0","task":"train_phases","device":"metal","size":64,"median_s":0.001446042,"q1_s":0.001419229,"q3_s":0.001525688,"checksum":0.080541,"warmup":20,"iters":80,"mode":"fresh","phase":"step_total","phase_index":9}
== bench-fandhe-splitk-ab-before train --phases mode=reuse ==
{"framework":"fandhe-ai","version":"0.8.0","task":"train_phases","device":"metal","size":64,"median_s":0.000012083,"q1_s":0.000011417,"q3_s":0.000013896,"checksum":0.080541,"warmup":20,"iters":80,"mode":"reuse","init_s":0.031597042,"phase":"tape_build","phase_index":0}
{"framework":"fandhe-ai","version":"0.8.0","task":"train_phases","device":"metal","size":64,"median_s":0.000000125,"q1_s":0.000000125,"q3_s":0.000000167,"checksum":0.080541,"warmup":20,"iters":80,"mode":"reuse","init_s":0.031597042,"phase":"leaf_register","phase_index":1}
{"framework":"fandhe-ai","version":"0.8.0","task":"train_phases","device":"metal","size":64,"median_s":0.000618354,"q1_s":0.000599552,"q3_s":0.000650010,"checksum":0.080541,"warmup":20,"iters":80,"mode":"reuse","init_s":0.031597042,"phase":"forward_resident","phase_index":2}
{"framework":"fandhe-ai","version":"0.8.0","task":"train_phases","device":"metal","size":64,"median_s":0.000000042,"q1_s":0.000000041,"q3_s":0.000000042,"checksum":0.080541,"warmup":20,"iters":80,"mode":"reuse","init_s":0.031597042,"phase":"loss_readout","phase_index":3}
{"framework":"fandhe-ai","version":"0.8.0","task":"train_phases","device":"metal","size":64,"median_s":0.000683000,"q1_s":0.000660010,"q3_s":0.000739761,"checksum":0.080541,"warmup":20,"iters":80,"mode":"reuse","init_s":0.031597042,"phase":"backward","phase_index":4}
{"framework":"fandhe-ai","version":"0.8.0","task":"train_phases","device":"metal","size":64,"median_s":0.000062229,"q1_s":0.000058896,"q3_s":0.000064938,"checksum":0.080541,"warmup":20,"iters":80,"mode":"reuse","init_s":0.031597042,"phase":"device_update","phase_index":5}
{"framework":"fandhe-ai","version":"0.8.0","task":"train_phases","device":"metal","size":64,"median_s":0.000000250,"q1_s":0.000000209,"q3_s":0.000000250,"checksum":0.080541,"warmup":20,"iters":80,"mode":"reuse","init_s":0.031597042,"phase":"tape_drop","phase_index":6}
{"framework":"fandhe-ai","version":"0.8.0","task":"train_phases","device":"metal","size":64,"median_s":0.001405583,"q1_s":0.001357604,"q3_s":0.001475667,"checksum":0.080541,"warmup":20,"iters":80,"mode":"reuse","init_s":0.031597042,"phase":"step_total","phase_index":7}
== bench-fandhe-splitk-ab-after train --phases mode=reuse ==
{"framework":"fandhe-ai","version":"0.8.0","task":"train_phases","device":"metal","size":64,"median_s":0.000012688,"q1_s":0.000012198,"q3_s":0.000014115,"checksum":0.080541,"warmup":20,"iters":80,"mode":"reuse","init_s":0.030924209,"phase":"tape_build","phase_index":0}
{"framework":"fandhe-ai","version":"0.8.0","task":"train_phases","device":"metal","size":64,"median_s":0.000000125,"q1_s":0.000000125,"q3_s":0.000000167,"checksum":0.080541,"warmup":20,"iters":80,"mode":"reuse","init_s":0.030924209,"phase":"leaf_register","phase_index":1}
{"framework":"fandhe-ai","version":"0.8.0","task":"train_phases","device":"metal","size":64,"median_s":0.000613624,"q1_s":0.000596469,"q3_s":0.000666646,"checksum":0.080541,"warmup":20,"iters":80,"mode":"reuse","init_s":0.030924209,"phase":"forward_resident","phase_index":2}
{"framework":"fandhe-ai","version":"0.8.0","task":"train_phases","device":"metal","size":64,"median_s":0.000000041,"q1_s":0.000000000,"q3_s":0.000000042,"checksum":0.080541,"warmup":20,"iters":80,"mode":"reuse","init_s":0.030924209,"phase":"loss_readout","phase_index":3}
{"framework":"fandhe-ai","version":"0.8.0","task":"train_phases","device":"metal","size":64,"median_s":0.000678646,"q1_s":0.000664271,"q3_s":0.000707448,"checksum":0.080541,"warmup":20,"iters":80,"mode":"reuse","init_s":0.030924209,"phase":"backward","phase_index":4}
{"framework":"fandhe-ai","version":"0.8.0","task":"train_phases","device":"metal","size":64,"median_s":0.000062938,"q1_s":0.000060208,"q3_s":0.000065677,"checksum":0.080541,"warmup":20,"iters":80,"mode":"reuse","init_s":0.030924209,"phase":"device_update","phase_index":5}
{"framework":"fandhe-ai","version":"0.8.0","task":"train_phases","device":"metal","size":64,"median_s":0.000000250,"q1_s":0.000000250,"q3_s":0.000000291,"checksum":0.080541,"warmup":20,"iters":80,"mode":"reuse","init_s":0.030924209,"phase":"tape_drop","phase_index":6}
{"framework":"fandhe-ai","version":"0.8.0","task":"train_phases","device":"metal","size":64,"median_s":0.001391125,"q1_s":0.001342583,"q3_s":0.001482636,"checksum":0.080541,"warmup":20,"iters":80,"mode":"reuse","init_s":0.030924209,"phase":"step_total","phase_index":7}
== metal status (after loop) ==
Note: No thermal warning level has been recorded
Note: No performance warning level has been recorded
Note: No CPU power status has been recorded
21:42  up 23 days,  8:55, 20 users, load averages: 11.56 8.33 6.55
done. gemm before/after results in results/raw/results-m4max-splitk-ab-before-splitk-1517-run1-gemm.jsonl / results/raw/results-m4max-splitk-ab-after-splitk-1517-run1-gemm.jsonl ; train before/after results in results/raw/results-m4max-splitk-ab-before-splitk-1517-run1-train.jsonl / results/raw/results-m4max-splitk-ab-after-splitk-1517-run1-train.jsonl ; phases (diagnostic) in results/raw/results-m4max-splitk-ab-before-splitk-1517-run1-phases.jsonl/results/raw/results-m4max-splitk-ab-after-splitk-1517-run1-phases.jsonl ; failures (if any) in results/raw/skipped-m4max-splitk-ab-splitk-1517-run1.log ; manifest in results/raw/manifest-m4max-splitk-ab-splitk-1517-run1.json
