warning: unused import: `CudaSlice`
  --> crates/backend-cuda/src/gemm_mma.rs:17:19
   |
17 |     CudaFunction, CudaSlice, CudaStream, CudaView, CudaViewMut, LaunchConfig, PushKernelArg,
   |                   ^^^^^^^^^
   |
   = note: `#[warn(unused_imports)]` (part of `#[warn(unused)]`) on by default

warning: unused import: `CudaSlice`
  --> crates/backend-cuda/src/gemm_mma_tf32x3.rs:30:36
   |
30 | use cudarc::driver::{CudaFunction, CudaSlice, CudaStream};
   |                                    ^^^^^^^^^

warning: field `tiled_pipeline_128x64_error` is never read
   --> crates/backend-cuda/src/gemm.rs:399:5
    |
238 | pub struct CudaGemm {
    |            -------- field in this struct
...
399 |     tiled_pipeline_128x64_error: Option<String>,
    |     ^^^^^^^^^^^^^^^^^^^^^^^^^^^
    |
    = note: `#[warn(dead_code)]` (part of `#[warn(unused)]`) on by default

warning: field `1` is never read
   --> crates/backend-cuda/src/gemm.rs:977:48
    |
977 | pub struct TiledPipelineFunction(CudaFunction, usize, TiledPipelineTile);
    |            ---------------------               ^^^^^
    |            |
    |            field in this struct
    |
help: consider changing the field to be of unit type to suppress this warning while preserving the field numbering, or remove the field
    |
977 - pub struct TiledPipelineFunction(CudaFunction, usize, TiledPipelineTile);
977 + pub struct TiledPipelineFunction(CudaFunction, (), TiledPipelineTile);
    |

warning: method `context_ptr` is never used
   --> crates/backend-cuda/src/gemm.rs:990:8
    |
979 | impl TiledPipelineFunction {
    | -------------------------- method in this implementation
...
990 |     fn context_ptr(&self) -> usize {
    |        ^^^^^^^^^^^

warning: function `persistent_grid_blocks` is never used
    --> crates/backend-cuda/src/gemm.rs:1153:15
     |
1153 | pub(crate) fn persistent_grid_blocks(num_tiles: u32, num_sms: u32, blocks_per_sm: u32) -> u32 {
     |               ^^^^^^^^^^^^^^^^^^^^^^

warning: function `persistent_tile_count` is never used
    --> crates/backend-cuda/src/gemm.rs:1173:15
     |
1173 | pub(crate) fn persistent_tile_count(
     |               ^^^^^^^^^^^^^^^^^^^^^

warning: struct `PersistentTiledPipelineFunction` is never constructed
    --> crates/backend-cuda/src/gemm.rs:1240:12
     |
1240 | pub struct PersistentTiledPipelineFunction {
     |            ^^^^^^^^^^^^^^^^^^^^^^^^^^^^^^^

warning: function `persistent_block_threads` is never used
    --> crates/backend-cuda/src/gemm.rs:1483:4
     |
1483 | fn persistent_block_threads(tile: TiledPipelineTile) -> u32 {
     |    ^^^^^^^^^^^^^^^^^^^^^^^^

warning: struct `StreamKPlan` is never constructed
    --> crates/backend-cuda/src/gemm.rs:1516:12
     |
1516 | pub struct StreamKPlan {
     |            ^^^^^^^^^^^

warning: method `is_active` is never used
    --> crates/backend-cuda/src/gemm.rs:1547:12
     |
1542 | impl StreamKPlan {
     | ---------------- method in this implementation
...
1547 |     pub fn is_active(&self) -> bool {
     |            ^^^^^^^^^

warning: function `streamk_plan` is never used
    --> crates/backend-cuda/src/gemm.rs:1577:15
     |
1577 | pub(crate) fn streamk_plan(
     |               ^^^^^^^^^^^^

warning: function `u32_from_u64_bounded` is never used
    --> crates/backend-cuda/src/gemm.rs:1680:4
     |
1680 | fn u32_from_u64_bounded(value: u64, context: &str) -> Result<u32, CudaError> {
     |    ^^^^^^^^^^^^^^^^^^^^

warning: struct `StreamKTiledPipelineFunction` is never constructed
    --> crates/backend-cuda/src/gemm.rs:1715:12
     |
1715 | pub struct StreamKTiledPipelineFunction {
     |            ^^^^^^^^^^^^^^^^^^^^^^^^^^^^

warning: enum `GemmVariantKind` is never used
  --> crates/backend-cuda/src/gemm_variant.rs:89:10
   |
89 | pub enum GemmVariantKind {
   |          ^^^^^^^^^^^^^^^

warning: constant `SPLITK_MIN_K` is never used
   --> crates/backend-cuda/src/gemm_variant.rs:113:11
    |
113 | pub const SPLITK_MIN_K: u32 = 1024;
    |           ^^^^^^^^^^^^

warning: constant `SPLITK_MIN_K_PER_SPLIT` is never used
   --> crates/backend-cuda/src/gemm_variant.rs:118:11
    |
118 | pub const SPLITK_MIN_K_PER_SPLIT: u32 = 32;
    |           ^^^^^^^^^^^^^^^^^^^^^^

warning: constant `SPLITK_MAX_SPLITS` is never used
   --> crates/backend-cuda/src/gemm_variant.rs:124:11
    |
124 | pub const SPLITK_MAX_SPLITS: u32 = 32;
    |           ^^^^^^^^^^^^^^^^^

warning: constant `SPLITK_PARTIAL_MAX_BYTES` is never used
   --> crates/backend-cuda/src/gemm_variant.rs:130:11
    |
130 | pub const SPLITK_PARTIAL_MAX_BYTES: u64 = 256 * 1024 * 1024;
    |           ^^^^^^^^^^^^^^^^^^^^^^^^

warning: constant `DOUBLE_BUFFER_MIN_K` is never used
   --> crates/backend-cuda/src/gemm_variant.rs:134:11
    |
134 | pub const DOUBLE_BUFFER_MIN_K: u32 = 2 * 32;
    |           ^^^^^^^^^^^^^^^^^^^

warning: constant `VARIANT_TILE` is never used
   --> crates/backend-cuda/src/gemm_variant.rs:141:7
    |
141 | const VARIANT_TILE: u32 = 32;
    |       ^^^^^^^^^^^^

warning: function `num_blocks` is never used
   --> crates/backend-cuda/src/gemm_variant.rs:147:4
    |
147 | fn num_blocks(m: u32, n: u32) -> u64 {
    |    ^^^^^^^^^^

warning: function `derive_split_count` is never used
   --> crates/backend-cuda/src/gemm_variant.rs:159:4
    |
159 | fn derive_split_count(num_blocks: u64, num_sms: u32, k: u32) -> u32 {
    |    ^^^^^^^^^^^^^^^^^^

warning: function `recommend_split_count` is never used
   --> crates/backend-cuda/src/gemm_variant.rs:206:15
    |
206 | pub(crate) fn recommend_split_count(m: u32, n: u32, k: u32, num_sms: u32) -> Option<u32> {
    |               ^^^^^^^^^^^^^^^^^^^^^

warning: function `split_k_partial_bytes` is never used
   --> crates/backend-cuda/src/gemm_variant.rs:221:4
    |
221 | fn split_k_partial_bytes(num_splits: u32, m: u32, n: u32) -> Option<u64> {
    |    ^^^^^^^^^^^^^^^^^^^^^

warning: function `select_f32_gemm_variant` is never used
   --> crates/backend-cuda/src/gemm_variant.rs:264:8
    |
264 | pub fn select_f32_gemm_variant(
    |        ^^^^^^^^^^^^^^^^^^^^^^^

warning: function `validate_split_k_launch` is never used
   --> crates/backend-cuda/src/gemm_variant.rs:301:8
    |
301 | pub fn validate_split_k_launch(m: u32, n: u32, num_splits: u32) -> Result<(), CudaError> {
    |        ^^^^^^^^^^^^^^^^^^^^^^^

warning: constant `TILED_DB_TILE` is never used
  --> crates/backend-cuda/src/kernels_gemm_variants.rs:26:11
   |
26 | pub const TILED_DB_TILE: u32 = 32;
   |           ^^^^^^^^^^^^^

warning: constant `TILED_DB_F32` is never used
  --> crates/backend-cuda/src/kernels_gemm_variants.rs:55:11
   |
55 | pub const TILED_DB_F32: &str = r#"
   |           ^^^^^^^^^^^^

warning: constant `SPLITK_PARTIAL_F32` is never used
   --> crates/backend-cuda/src/kernels_gemm_variants.rs:144:11
    |
144 | pub const SPLITK_PARTIAL_F32: &str = r#"
    |           ^^^^^^^^^^^^^^^^^^

warning: constant `SPLITK_REDUCE_BLOCK_DIM` is never used
   --> crates/backend-cuda/src/kernels_gemm_variants.rs:212:11
    |
212 | pub const SPLITK_REDUCE_BLOCK_DIM: u32 = 256;
    |           ^^^^^^^^^^^^^^^^^^^^^^^

warning: constant `SPLITK_REDUCE_F32` is never used
   --> crates/backend-cuda/src/kernels_gemm_variants.rs:228:11
    |
228 | pub const SPLITK_REDUCE_F32: &str = r#"
    |           ^^^^^^^^^^^^^^^^^

warning: function `tiled_f32_source_with_swizzle` is never used
   --> crates/backend-cuda/src/kernels.rs:731:8
    |
731 | pub fn tiled_f32_source_with_swizzle(group_width: u32) -> Result<String, crate::error::CudaError> {
    |        ^^^^^^^^^^^^^^^^^^^^^^^^^^^^^

warning: function `tiled_pipeline_f32_source_with_stages` is never used
   --> crates/backend-cuda/src/kernels_tiled_pipeline.rs:240:8
    |
240 | pub fn tiled_pipeline_f32_source_with_stages(stages: u32) -> Result<String, CudaError> {
    |        ^^^^^^^^^^^^^^^^^^^^^^^^^^^^^^^^^^^^^

warning: function `render_persistent_source` is never used
   --> crates/backend-cuda/src/kernels_tiled_pipeline.rs:302:4
    |
302 | fn render_persistent_source(stages: u32) -> String {
    |    ^^^^^^^^^^^^^^^^^^^^^^^^

warning: function `tiled_pipeline_persistent_f32_source` is never used
   --> crates/backend-cuda/src/kernels_tiled_pipeline.rs:320:8
    |
320 | pub fn tiled_pipeline_persistent_f32_source() -> &'static str {
    |        ^^^^^^^^^^^^^^^^^^^^^^^^^^^^^^^^^^^^

warning: static `TILED_PIPELINE_PERSISTENT_F32_SOURCE` is never used
   --> crates/backend-cuda/src/kernels_tiled_pipeline.rs:324:8
    |
324 | static TILED_PIPELINE_PERSISTENT_F32_SOURCE: LazyLock<String> =
    |        ^^^^^^^^^^^^^^^^^^^^^^^^^^^^^^^^^^^^

warning: function `tiled_pipeline_persistent_f32_source_with_stages` is never used
   --> crates/backend-cuda/src/kernels_tiled_pipeline.rs:331:8
    |
331 | pub fn tiled_pipeline_persistent_f32_source_with_stages(stages: u32) -> Result<String, CudaError> {
    |        ^^^^^^^^^^^^^^^^^^^^^^^^^^^^^^^^^^^^^^^^^^^^^^^^

warning: constant `TP_KERNEL_PERSISTENT_PREFIX` is never used
   --> crates/backend-cuda/src/kernels_tiled_pipeline.rs:596:7
    |
596 | const TP_KERNEL_PERSISTENT_PREFIX: &str = r#"extern "C" __global__ void gemm_tiled_pipeline_persistent_f32(
    |       ^^^^^^^^^^^^^^^^^^^^^^^^^^^

warning: constant `TP_KERNEL_PERSISTENT_SUFFIX` is never used
   --> crates/backend-cuda/src/kernels_tiled_pipeline.rs:661:7
    |
661 | const TP_KERNEL_PERSISTENT_SUFFIX: &str = "    }\n}\n";
    |       ^^^^^^^^^^^^^^^^^^^^^^^^^^^

warning: constant `TP_SK_KERNEL_PREFIX` is never used
   --> crates/backend-cuda/src/kernels_tiled_pipeline.rs:711:7
    |
711 | const TP_SK_KERNEL_PREFIX: &str = r#"extern "C" __global__ void gemm_tiled_pipeline_streamk_f32(
    |       ^^^^^^^^^^^^^^^^^^^

warning: constant `TP_SK_TILE_CORE` is never used
   --> crates/backend-cuda/src/kernels_tiled_pipeline.rs:827:7
    |
827 | const TP_SK_TILE_CORE: &str = r#"            int tid = threadIdx.x;
    |       ^^^^^^^^^^^^^^^

warning: constant `TP_SK_KERNEL_SUFFIX` is never used
   --> crates/backend-cuda/src/kernels_tiled_pipeline.rs:965:7
    |
965 | const TP_SK_KERNEL_SUFFIX: &str = "        }\n    }\n}\n";
    |       ^^^^^^^^^^^^^^^^^^^

warning: constant `TP_SK_FIXUP_BLOCK_THREADS` is never used
   --> crates/backend-cuda/src/kernels_tiled_pipeline.rs:979:11
    |
979 | pub const TP_SK_FIXUP_BLOCK_THREADS: u32 = 256;
    |           ^^^^^^^^^^^^^^^^^^^^^^^^^

warning: constant `TP_SK_FIXUP_KERNEL` is never used
    --> crates/backend-cuda/src/kernels_tiled_pipeline.rs:1036:7
     |
1036 | const TP_SK_FIXUP_KERNEL: &str = r#"
     |       ^^^^^^^^^^^^^^^^^^

warning: function `render_streamk_source` is never used
    --> crates/backend-cuda/src/kernels_tiled_pipeline.rs:1105:4
     |
1105 | fn render_streamk_source(stages: u32) -> String {
     |    ^^^^^^^^^^^^^^^^^^^^^

warning: function `tiled_pipeline_streamk_f32_source` is never used
    --> crates/backend-cuda/src/kernels_tiled_pipeline.rs:1120:8
     |
1120 | pub fn tiled_pipeline_streamk_f32_source() -> &'static str {
     |        ^^^^^^^^^^^^^^^^^^^^^^^^^^^^^^^^^

warning: static `TILED_PIPELINE_STREAMK_F32_SOURCE` is never used
    --> crates/backend-cuda/src/kernels_tiled_pipeline.rs:1124:8
     |
1124 | static TILED_PIPELINE_STREAMK_F32_SOURCE: LazyLock<String> =
     |        ^^^^^^^^^^^^^^^^^^^^^^^^^^^^^^^^^

warning: function `tiled_pipeline_streamk_f32_source_with_stages` is never used
    --> crates/backend-cuda/src/kernels_tiled_pipeline.rs:1130:8
     |
1130 | pub fn tiled_pipeline_streamk_f32_source_with_stages(stages: u32) -> Result<String, CudaError> {
     |        ^^^^^^^^^^^^^^^^^^^^^^^^^^^^^^^^^^^^^^^^^^^^^

warning: function `tiled_pipeline_128x64_f32_source_with_stages` is never used
   --> crates/backend-cuda/src/kernels_tiled_pipeline_128x64.rs:320:8
    |
320 | pub fn tiled_pipeline_128x64_f32_source_with_stages(stages: u32) -> Result<String, CudaError> {
    |        ^^^^^^^^^^^^^^^^^^^^^^^^^^^^^^^^^^^^^^^^^^^^

warning: function `render_persistent_source` is never used
   --> crates/backend-cuda/src/kernels_tiled_pipeline_128x64.rs:380:4
    |
380 | fn render_persistent_source(stages: u32) -> String {
    |    ^^^^^^^^^^^^^^^^^^^^^^^^

warning: function `tiled_pipeline_128x64_persistent_f32_source` is never used
   --> crates/backend-cuda/src/kernels_tiled_pipeline_128x64.rs:399:8
    |
399 | pub fn tiled_pipeline_128x64_persistent_f32_source() -> &'static str {
    |        ^^^^^^^^^^^^^^^^^^^^^^^^^^^^^^^^^^^^^^^^^^^

warning: static `TILED_PIPELINE_128X64_PERSISTENT_F32_SOURCE` is never used
   --> crates/backend-cuda/src/kernels_tiled_pipeline_128x64.rs:403:8
    |
403 | static TILED_PIPELINE_128X64_PERSISTENT_F32_SOURCE: LazyLock<String> =
    |        ^^^^^^^^^^^^^^^^^^^^^^^^^^^^^^^^^^^^^^^^^^^

warning: function `tiled_pipeline_128x64_persistent_f32_source_with_stages` is never used
   --> crates/backend-cuda/src/kernels_tiled_pipeline_128x64.rs:411:8
    |
411 | pub fn tiled_pipeline_128x64_persistent_f32_source_with_stages(
    |        ^^^^^^^^^^^^^^^^^^^^^^^^^^^^^^^^^^^^^^^^^^^^^^^^^^^^^^^

warning: constant `TP128_KERNEL_PERSISTENT_PREFIX` is never used
   --> crates/backend-cuda/src/kernels_tiled_pipeline_128x64.rs:695:7
    |
695 | const TP128_KERNEL_PERSISTENT_PREFIX: &str = r#"extern "C" __global__ void gemm_tiled_pipeline_128x64_persistent_f32(
    |       ^^^^^^^^^^^^^^^^^^^^^^^^^^^^^^

warning: constant `TP128_KERNEL_PERSISTENT_SUFFIX` is never used
   --> crates/backend-cuda/src/kernels_tiled_pipeline_128x64.rs:763:7
    |
763 | const TP128_KERNEL_PERSISTENT_SUFFIX: &str = "    }\n}\n";
    |       ^^^^^^^^^^^^^^^^^^^^^^^^^^^^^^

warning: variant `Pageable` is never constructed
   --> crates/backend-cuda/src/host_staging.rs:118:5
    |
100 | pub enum HostStagingKind {
    |          --------------- variant in this enum
...
118 |     Pageable,
    |     ^^^^^^^^
    |
    = note: `HostStagingKind` has derived impls for the traits `Clone` and `Debug`, but these are intentionally ignored during dead code analysis

warning: method `stats` is never used
   --> crates/backend-cuda/src/host_staging.rs:278:19
    |
251 | impl HostStagingCache {
    | --------------------- method in this implementation
...
278 |     pub(crate) fn stats(&self) -> HostStagingStats {
    |                   ^^^^^

warning: method `stats` is never used
   --> crates/backend-cuda/src/host_staging.rs:501:19
    |
481 | impl H2dStagingCache {
    | -------------------- method in this implementation
...
501 |     pub(crate) fn stats(&self) -> HostStagingStats {
    |                   ^^^^^

warning: variant `Fresh` is never constructed
   --> crates/backend-cuda/src/memory.rs:618:5
    |
614 | pub(crate) enum ReadbackDest {
    |                 ------------ variant in this enum
...
618 |     Fresh,
    |     ^^^^^
    |
    = note: `ReadbackDest` has derived impls for the traits `Clone` and `Debug`, but these are intentionally ignored during dead code analysis

warning: method `context` is never used
   --> crates/backend-cuda/src/pool.rs:319:19
    |
299 | impl<T: PoolDtype> PooledCudaHandle<T> {
    | -------------------------------------- method in this implementation
...
319 |     pub(crate) fn context(&self) -> &Arc<CudaContext> {
    |                   ^^^^^^^

warning: methods `alloc_uninit_f16` and `upload_f16` are never used
   --> crates/backend-cuda/src/pool.rs:715:19
    |
517 | impl CudaAllocator {
    | ------------------ methods in this implementation
...
715 |     pub(crate) fn alloc_uninit_f16(
    |                   ^^^^^^^^^^^^^^^^
...
730 |     pub(crate) fn upload_f16(&self, src: &[f16]) -> Result<PooledCudaHandle<f16>, CudaError> {
    |                   ^^^^^^^^^^

warning: struct `BatchGpuTimestamps` is never constructed
   --> crates/backend-metal/src/context.rs:144:19
    |
144 | pub(crate) struct BatchGpuTimestamps {
    |                   ^^^^^^^^^^^^^^^^^^
    |
    = note: `#[warn(dead_code)]` (part of `#[warn(unused)]`) on by default

warning: associated items `from_raw`, `labels`, and `kernel_gpu_secs` are never used
   --> crates/backend-metal/src/context.rs:152:8
    |
150 | impl BatchGpuTimestamps {
    | ----------------------- associated items in this implementation
151 |     /// `0.0`（未開始／完了通知未受領）を `None` へ変換して保持する。
152 |     fn from_raw(gpu_start_secs: f64, gpu_end_secs: f64, meta: &BatchMeta) -> Self {
    |        ^^^^^^^^
...
161 |     pub fn labels(&self) -> &[&'static str] {
    |            ^^^^^^
...
168 |     pub fn kernel_gpu_secs(&self) -> Option<f64> {
    |            ^^^^^^^^^^^^^^^

warning: methods `synchronize_with_gpu_timestamps` and `synchronize_with_gpu_timestamps_impl` are never used
   --> crates/backend-metal/src/context.rs:691:19
    |
242 | impl MetalContext {
    | ----------------- methods in this implementation
...
691 |     pub(crate) fn synchronize_with_gpu_timestamps(
    |                   ^^^^^^^^^^^^^^^^^^^^^^^^^^^^^^^
...
699 |     fn synchronize_with_gpu_timestamps_impl(&self) -> Result<Vec<BatchGpuTimestamps>, MetalError> {
    |        ^^^^^^^^^^^^^^^^^^^^^^^^^^^^^^^^^^^^

warning: methods `encode_tiled_nn_recorded` and `encode_tiled_prepared` are never used
    --> crates/backend-metal/src/gemm.rs:2705:8
     |
 775 | impl MetalGemm {
     | -------------- methods in this implementation
...
2705 |     fn encode_tiled_nn_recorded(
     |        ^^^^^^^^^^^^^^^^^^^^^^^^
...
2827 |     pub(crate) fn encode_tiled_prepared(
     |                   ^^^^^^^^^^^^^^^^^^^^^

warning: `fandhe-ai-backend-cuda` (lib) generated 62 warnings (run `cargo fix --lib -p fandhe-ai-backend-cuda` to apply 2 suggestions)
warning: `fandhe-ai-backend-metal` (lib) generated 4 warnings
warning: method `encode_tiled_prepared` is never used
    --> crates/backend-metal/src/gemm.rs:2827:19
     |
 775 | impl MetalGemm {
     | -------------- method in this implementation
...
2827 |     pub(crate) fn encode_tiled_prepared(
     |                   ^^^^^^^^^^^^^^^^^^^^^
     |
     = note: `#[warn(dead_code)]` (part of `#[warn(unused)]`) on by default

warning: `fandhe-ai-backend-metal` (lib test) generated 1 warning
    Finished `release` profile [optimized] target(s) in 0.53s
     Running unittests src/lib.rs (<target>/release/deps/fandhe_ai_backend_metal-d489e16786ceae74)

running 1 test
test gemm_smem_swizzle_diag_tests::xor_swizzle_kernel_gpu_ab_production_sizes ... N=512 arm=L0-P4-S0 checksum=9379.498887
N=512 arm=L0-P0-S0 checksum=9379.498887 bit_identical=true
N=512 arm=L0-P4-S1 checksum=9379.498887 bit_identical=true
N=512 arm=L0-P0-S1 checksum=9379.498887 bit_identical=true
N=512 arm=L0-P8-S1 checksum=9379.498887 bit_identical=true
N=512 arm=L0-P4-S2 checksum=9379.498887 bit_identical=true
N=512 arm=L0-P0-S2 checksum=9379.498887 bit_identical=true
N=512 arm=L0-P4-S0 smem_swizzle=Off coop_load=CoopLoadConfig { layout: RowLinear, pad: Four } resolved_tile=TileConfig { bm: 64, bn: 32, bk: 32, wm: 2, wn: 2, staged: true } kernel_gpu_median_ms=0.1100 q1=0.0835 q3=0.2010
N=512 arm=L0-P0-S0 smem_swizzle=Off coop_load=CoopLoadConfig { layout: RowLinear, pad: Zero } resolved_tile=TileConfig { bm: 64, bn: 32, bk: 32, wm: 2, wn: 2, staged: true } kernel_gpu_median_ms=0.1123 q1=0.0769 q3=0.2035
N=512 arm=L0-P4-S1 smem_swizzle=ATile coop_load=CoopLoadConfig { layout: RowLinear, pad: Four } resolved_tile=TileConfig { bm: 64, bn: 32, bk: 32, wm: 2, wn: 2, staged: true } kernel_gpu_median_ms=0.1169 q1=0.0891 q3=0.2062
N=512 arm=L0-P0-S1 smem_swizzle=ATile coop_load=CoopLoadConfig { layout: RowLinear, pad: Zero } resolved_tile=TileConfig { bm: 64, bn: 32, bk: 32, wm: 2, wn: 2, staged: true } kernel_gpu_median_ms=0.1165 q1=0.0780 q3=0.2095
N=512 arm=L0-P8-S1 smem_swizzle=ATile coop_load=CoopLoadConfig { layout: RowLinear, pad: Eight } resolved_tile=TileConfig { bm: 64, bn: 32, bk: 32, wm: 2, wn: 2, staged: true } kernel_gpu_median_ms=0.1133 q1=0.0769 q3=0.2094
N=512 arm=L0-P4-S2 smem_swizzle=BothTiles coop_load=CoopLoadConfig { layout: RowLinear, pad: Four } resolved_tile=TileConfig { bm: 64, bn: 32, bk: 32, wm: 2, wn: 2, staged: true } kernel_gpu_median_ms=0.0920 q1=0.0769 q3=0.2064
N=512 arm=L0-P0-S2 smem_swizzle=BothTiles coop_load=CoopLoadConfig { layout: RowLinear, pad: Zero } resolved_tile=TileConfig { bm: 64, bn: 32, bk: 32, wm: 2, wn: 2, staged: true } kernel_gpu_median_ms=0.1129 q1=0.0779 q3=0.2086
N=512 arm=L0-P4-S0 head_over_base_kernel_gpu=1.000000
N=512 arm=L0-P0-S0 head_over_base_kernel_gpu=1.020836
N=512 arm=L0-P4-S1 head_over_base_kernel_gpu=1.062877
N=512 arm=L0-P0-S1 head_over_base_kernel_gpu=1.059469
N=512 arm=L0-P8-S1 head_over_base_kernel_gpu=1.030306
N=512 arm=L0-P4-S2 head_over_base_kernel_gpu=0.836366
N=512 arm=L0-P0-S2 head_over_base_kernel_gpu=1.026136
N=1024 arm=L0-P4-S0 checksum=-16521.588332
N=1024 arm=L0-P0-S0 checksum=-16521.588332 bit_identical=true
N=1024 arm=L0-P4-S1 checksum=-16521.588332 bit_identical=true
N=1024 arm=L0-P0-S1 checksum=-16521.588332 bit_identical=true
N=1024 arm=L0-P8-S1 checksum=-16521.588332 bit_identical=true
N=1024 arm=L0-P4-S2 checksum=-16521.588332 bit_identical=true
N=1024 arm=L0-P0-S2 checksum=-16521.588332 bit_identical=true
N=1024 arm=L0-P4-S0 smem_swizzle=Off coop_load=CoopLoadConfig { layout: RowLinear, pad: Four } resolved_tile=TileConfig { bm: 64, bn: 32, bk: 8, wm: 4, wn: 1, staged: true } kernel_gpu_median_ms=0.2241 q1=0.2236 q3=1.0224
N=1024 arm=L0-P0-S0 smem_swizzle=Off coop_load=CoopLoadConfig { layout: RowLinear, pad: Zero } resolved_tile=TileConfig { bm: 64, bn: 32, bk: 8, wm: 4, wn: 1, staged: true } kernel_gpu_median_ms=0.2224 q1=0.2220 q3=1.0129
N=1024 arm=L0-P4-S1 smem_swizzle=ATile coop_load=CoopLoadConfig { layout: RowLinear, pad: Four } resolved_tile=TileConfig { bm: 64, bn: 32, bk: 8, wm: 4, wn: 1, staged: true } kernel_gpu_median_ms=0.2257 q1=0.2245 q3=1.0247
N=1024 arm=L0-P0-S1 smem_swizzle=ATile coop_load=CoopLoadConfig { layout: RowLinear, pad: Zero } resolved_tile=TileConfig { bm: 64, bn: 32, bk: 8, wm: 4, wn: 1, staged: true } kernel_gpu_median_ms=0.2233 q1=0.2224 q3=1.0159
N=1024 arm=L0-P8-S1 smem_swizzle=ATile coop_load=CoopLoadConfig { layout: RowLinear, pad: Eight } resolved_tile=TileConfig { bm: 64, bn: 32, bk: 8, wm: 4, wn: 1, staged: true } kernel_gpu_median_ms=0.2233 q1=0.2223 q3=1.0181
N=1024 arm=L0-P4-S2 smem_swizzle=BothTiles coop_load=CoopLoadConfig { layout: RowLinear, pad: Four } resolved_tile=TileConfig { bm: 64, bn: 32, bk: 8, wm: 4, wn: 1, staged: true } kernel_gpu_median_ms=0.2254 q1=0.2248 q3=1.0276
N=1024 arm=L0-P0-S2 smem_swizzle=BothTiles coop_load=CoopLoadConfig { layout: RowLinear, pad: Zero } resolved_tile=TileConfig { bm: 64, bn: 32, bk: 8, wm: 4, wn: 1, staged: true } kernel_gpu_median_ms=0.2228 q1=0.2217 q3=0.7675
N=1024 arm=L0-P4-S0 head_over_base_kernel_gpu=1.000000
N=1024 arm=L0-P0-S0 head_over_base_kernel_gpu=0.992377
N=1024 arm=L0-P4-S1 head_over_base_kernel_gpu=1.007249
N=1024 arm=L0-P0-S1 head_over_base_kernel_gpu=0.996096
N=1024 arm=L0-P8-S1 head_over_base_kernel_gpu=0.996096
N=1024 arm=L0-P4-S2 head_over_base_kernel_gpu=1.005763
N=1024 arm=L0-P0-S2 head_over_base_kernel_gpu=0.993865
N=2048 arm=L0-P4-S0 checksum=-6246.147289
N=2048 arm=L0-P0-S0 checksum=-6246.147289 bit_identical=true
N=2048 arm=L0-P4-S1 checksum=-6246.147289 bit_identical=true
N=2048 arm=L0-P0-S1 checksum=-6246.147289 bit_identical=true
N=2048 arm=L0-P8-S1 checksum=-6246.147289 bit_identical=true
N=2048 arm=L0-P4-S2 checksum=-6246.147289 bit_identical=true
N=2048 arm=L0-P0-S2 checksum=-6246.147289 bit_identical=true
N=2048 arm=L0-P4-S0 smem_swizzle=Off coop_load=CoopLoadConfig { layout: RowLinear, pad: Four } resolved_tile=TileConfig { bm: 64, bn: 32, bk: 16, wm: 2, wn: 2, staged: true } kernel_gpu_median_ms=1.6060 q1=1.6011 q3=1.6173
N=2048 arm=L0-P0-S0 smem_swizzle=Off coop_load=CoopLoadConfig { layout: RowLinear, pad: Zero } resolved_tile=TileConfig { bm: 64, bn: 32, bk: 16, wm: 2, wn: 2, staged: true } kernel_gpu_median_ms=1.6109 q1=1.6066 q3=1.6354
N=2048 arm=L0-P4-S1 smem_swizzle=ATile coop_load=CoopLoadConfig { layout: RowLinear, pad: Four } resolved_tile=TileConfig { bm: 64, bn: 32, bk: 16, wm: 2, wn: 2, staged: true } kernel_gpu_median_ms=1.5929 q1=1.5803 q3=2.9515
N=2048 arm=L0-P0-S1 smem_swizzle=ATile coop_load=CoopLoadConfig { layout: RowLinear, pad: Zero } resolved_tile=TileConfig { bm: 64, bn: 32, bk: 16, wm: 2, wn: 2, staged: true } kernel_gpu_median_ms=1.6008 q1=1.5909 q3=3.0820
N=2048 arm=L0-P8-S1 smem_swizzle=ATile coop_load=CoopLoadConfig { layout: RowLinear, pad: Eight } resolved_tile=TileConfig { bm: 64, bn: 32, bk: 16, wm: 2, wn: 2, staged: true } kernel_gpu_median_ms=1.5720 q1=1.5666 q3=3.3548
N=2048 arm=L0-P4-S2 smem_swizzle=BothTiles coop_load=CoopLoadConfig { layout: RowLinear, pad: Four } resolved_tile=TileConfig { bm: 64, bn: 32, bk: 16, wm: 2, wn: 2, staged: true } kernel_gpu_median_ms=1.5831 q1=1.5801 q3=1.7796
N=2048 arm=L0-P0-S2 smem_swizzle=BothTiles coop_load=CoopLoadConfig { layout: RowLinear, pad: Zero } resolved_tile=TileConfig { bm: 64, bn: 32, bk: 16, wm: 2, wn: 2, staged: true } kernel_gpu_median_ms=1.5832 q1=1.5796 q3=1.6693
N=2048 arm=L0-P4-S0 head_over_base_kernel_gpu=1.000000
N=2048 arm=L0-P0-S0 head_over_base_kernel_gpu=1.003035
N=2048 arm=L0-P4-S1 head_over_base_kernel_gpu=0.991854
N=2048 arm=L0-P0-S1 head_over_base_kernel_gpu=0.996757
N=2048 arm=L0-P8-S1 head_over_base_kernel_gpu=0.978829
N=2048 arm=L0-P4-S2 head_over_base_kernel_gpu=0.985756
N=2048 arm=L0-P0-S2 head_over_base_kernel_gpu=0.985808
N=4096 arm=L0-P4-S0 checksum=49221.282315
N=4096 arm=L0-P0-S0 checksum=49221.282315 bit_identical=true
N=4096 arm=L0-P4-S1 checksum=49221.282315 bit_identical=true
N=4096 arm=L0-P0-S1 checksum=49221.282315 bit_identical=true
N=4096 arm=L0-P8-S1 checksum=49221.282315 bit_identical=true
N=4096 arm=L0-P4-S2 checksum=49221.282315 bit_identical=true
N=4096 arm=L0-P0-S2 checksum=49221.282315 bit_identical=true
N=4096 arm=L0-P4-S0 smem_swizzle=Off coop_load=CoopLoadConfig { layout: RowLinear, pad: Four } resolved_tile=TileConfig { bm: 32, bn: 64, bk: 16, wm: 2, wn: 2, staged: true } kernel_gpu_median_ms=13.6506 q1=13.6200 q3=13.6845
N=4096 arm=L0-P0-S0 smem_swizzle=Off coop_load=CoopLoadConfig { layout: RowLinear, pad: Zero } resolved_tile=TileConfig { bm: 32, bn: 64, bk: 16, wm: 2, wn: 2, staged: true } kernel_gpu_median_ms=13.4605 q1=13.4190 q3=13.4685
N=4096 arm=L0-P4-S1 smem_swizzle=ATile coop_load=CoopLoadConfig { layout: RowLinear, pad: Four } resolved_tile=TileConfig { bm: 32, bn: 64, bk: 16, wm: 2, wn: 2, staged: true } kernel_gpu_median_ms=13.3829 q1=13.3625 q3=13.4137
N=4096 arm=L0-P0-S1 smem_swizzle=ATile coop_load=CoopLoadConfig { layout: RowLinear, pad: Zero } resolved_tile=TileConfig { bm: 32, bn: 64, bk: 16, wm: 2, wn: 2, staged: true } kernel_gpu_median_ms=13.4152 q1=13.3265 q3=13.5018
N=4096 arm=L0-P8-S1 smem_swizzle=ATile coop_load=CoopLoadConfig { layout: RowLinear, pad: Eight } resolved_tile=TileConfig { bm: 32, bn: 64, bk: 16, wm: 2, wn: 2, staged: true } kernel_gpu_median_ms=13.2795 q1=13.2611 q3=13.2911
N=4096 arm=L0-P4-S2 smem_swizzle=BothTiles coop_load=CoopLoadConfig { layout: RowLinear, pad: Four } resolved_tile=TileConfig { bm: 32, bn: 64, bk: 16, wm: 2, wn: 2, staged: true } kernel_gpu_median_ms=13.4289 q1=13.3774 q3=13.4677
N=4096 arm=L0-P0-S2 smem_swizzle=BothTiles coop_load=CoopLoadConfig { layout: RowLinear, pad: Zero } resolved_tile=TileConfig { bm: 32, bn: 64, bk: 16, wm: 2, wn: 2, staged: true } kernel_gpu_median_ms=13.4889 q1=13.4657 q3=13.5185
N=4096 arm=L0-P4-S0 head_over_base_kernel_gpu=1.000000
N=4096 arm=L0-P0-S0 head_over_base_kernel_gpu=0.986075
N=4096 arm=L0-P4-S1 head_over_base_kernel_gpu=0.980386
N=4096 arm=L0-P0-S1 head_over_base_kernel_gpu=0.982757
N=4096 arm=L0-P8-S1 head_over_base_kernel_gpu=0.972813
N=4096 arm=L0-P4-S2 head_over_base_kernel_gpu=0.983755
N=4096 arm=L0-P0-S2 head_over_base_kernel_gpu=0.988151
ok

test result: ok. 1 passed; 0 failed; 0 ignored; 0 measured; 708 filtered out; finished in 14.47s

