start 2026-09-16T19:51:21Z sha=f045cf32
 4:51  up 28 days, 16:03, 24 users, load averages: 5.90 9.57 10.75
└── fandhe-ai v0.9.0
build-done 2026-09-16T19:51:21Z
 4:51  up 28 days, 16:03, 24 users, load averages: 5.90 9.57 10.75
== bench-fandhe gemm cpu 256 fresh ==
{"framework":"fandhe-ai","version":"0.9.0","task":"gemm","device":"cpu","size":256,"median_s":0.000294792,"q1_s":0.000272260,"q3_s":0.000310407,"gflops":113.824,"checksum":237.546660,"warmup":20,"iters":20,"mode":"fresh","parity_total":65536,"parity_fail_count":0,"parity_max_abs_err":0.000000e0,"parity_max_rel_err":0.000000e0,"parity_scaled_abs_bound":0.000000e0,"parity_scaled_abs_rescued":0}
== bench-fandhe gemm cpu 512 fresh ==
{"framework":"fandhe-ai","version":"0.9.0","task":"gemm","device":"cpu","size":512,"median_s":0.000633208,"q1_s":0.000617823,"q3_s":0.000662594,"gflops":423.929,"checksum":937.743233,"warmup":20,"iters":20,"mode":"fresh","parity_total":262144,"parity_fail_count":0,"parity_max_abs_err":0.000000e0,"parity_max_rel_err":0.000000e0,"parity_scaled_abs_bound":0.000000e0,"parity_scaled_abs_rescued":0}
== bench-fandhe gemm cpu 1024 fresh ==
{"framework":"fandhe-ai","version":"0.9.0","task":"gemm","device":"cpu","size":1024,"median_s":0.002856500,"q1_s":0.002822062,"q3_s":0.002906125,"gflops":751.788,"checksum":-1855.597736,"warmup":20,"iters":20,"mode":"fresh","parity_total":1048576,"parity_fail_count":0,"parity_max_abs_err":0.000000e0,"parity_max_rel_err":0.000000e0,"parity_scaled_abs_bound":0.000000e0,"parity_scaled_abs_rescued":0}
== bench-fandhe gemm cpu 2048 fresh ==
{"framework":"fandhe-ai","version":"0.9.0","task":"gemm","device":"cpu","size":2048,"median_s":0.017193479,"q1_s":0.017050208,"q3_s":0.017388448,"gflops":999.208,"checksum":-6016.774008,"warmup":20,"iters":20,"mode":"fresh","parity_total":4194304,"parity_fail_count":0,"parity_max_abs_err":0.000000e0,"parity_max_rel_err":0.000000e0,"parity_scaled_abs_bound":0.000000e0,"parity_scaled_abs_rescued":0}
== bench-fandhe gemm metal 256 fresh ==
{"framework":"fandhe-ai","version":"0.9.0","task":"gemm","device":"metal","size":256,"median_s":0.000320396,"q1_s":0.000317636,"q3_s":0.000330323,"gflops":104.728,"checksum":237.546660,"warmup":20,"iters":20,"mode":"fresh","parity_total":65536,"parity_fail_count":0,"parity_max_abs_err":0.000000e0,"parity_max_rel_err":0.000000e0,"parity_scaled_abs_bound":0.000000e0,"parity_scaled_abs_rescued":0}
== bench-fandhe gemm metal 512 fresh ==
{"framework":"fandhe-ai","version":"0.9.0","task":"gemm","device":"metal","size":512,"median_s":0.000750979,"q1_s":0.000743156,"q3_s":0.000776854,"gflops":357.447,"checksum":937.743233,"warmup":20,"iters":20,"mode":"fresh","parity_total":262144,"parity_fail_count":0,"parity_max_abs_err":0.000000e0,"parity_max_rel_err":0.000000e0,"parity_scaled_abs_bound":0.000000e0,"parity_scaled_abs_rescued":0}
== bench-fandhe gemm metal 1024 fresh ==
{"framework":"fandhe-ai","version":"0.9.0","task":"gemm","device":"metal","size":1024,"median_s":0.002309688,"q1_s":0.001898709,"q3_s":0.002656115,"gflops":929.772,"checksum":-1855.597736,"warmup":20,"iters":20,"mode":"fresh","parity_total":1048576,"parity_fail_count":0,"parity_max_abs_err":0.000000e0,"parity_max_rel_err":0.000000e0,"parity_scaled_abs_bound":0.000000e0,"parity_scaled_abs_rescued":0}
== bench-fandhe gemm metal 2048 fresh ==
{"framework":"fandhe-ai","version":"0.9.0","task":"gemm","device":"metal","size":2048,"median_s":0.007997459,"q1_s":0.007313979,"q3_s":0.010956531,"gflops":2148.166,"checksum":-6016.774008,"warmup":20,"iters":20,"mode":"fresh","parity_total":4194304,"parity_fail_count":0,"parity_max_abs_err":0.000000e0,"parity_max_rel_err":0.000000e0,"parity_scaled_abs_bound":0.000000e0,"parity_scaled_abs_rescued":0}
== bench-fandhe gemm metal 4096 fresh ==
{"framework":"fandhe-ai","version":"0.9.0","task":"gemm","device":"metal","size":4096,"median_s":0.033022812,"q1_s":0.032799031,"q3_s":0.033915114,"gflops":4161.940,"checksum":-25768.747284,"warmup":20,"iters":20,"mode":"fresh","parity_total":16777216,"parity_fail_count":0,"parity_max_abs_err":0.000000e0,"parity_max_rel_err":0.000000e0,"parity_scaled_abs_bound":0.000000e0,"parity_scaled_abs_rescued":0}
== bench-fandhe train cpu 64 fresh ==
{"framework":"fandhe-ai","version":"0.9.0","task":"train","device":"cpu","size":64,"median_s":0.000866313,"q1_s":0.000729000,"q3_s":0.000991552,"checksum":0.080541,"warmup":20,"iters":80,"mode":"fresh"}
== bench-fandhe infer cpu 64 fresh ==
{"framework":"fandhe-ai","version":"0.9.0","task":"infer","device":"cpu","size":64,"median_s":0.000189646,"q1_s":0.000157219,"q3_s":0.000271603,"throughput_per_s":5272.982,"checksum":13.976574,"warmup":20,"iters":20,"mode":"fresh"}
== bench-fandhe train metal 64 fresh ==
{"framework":"fandhe-ai","version":"0.9.0","task":"train","device":"metal","size":64,"median_s":0.002073209,"q1_s":0.001753260,"q3_s":0.002226781,"checksum":0.080541,"warmup":20,"iters":80,"mode":"fresh"}
== bench-fandhe infer metal 64 fresh ==
{"framework":"fandhe-ai","version":"0.9.0","task":"infer","device":"metal","size":64,"median_s":0.000774666,"q1_s":0.000745426,"q3_s":0.000792448,"throughput_per_s":1290.878,"checksum":13.976574,"warmup":20,"iters":20,"mode":"fresh"}
== bench-candle gemm cpu 256 fresh ==
{"framework":"candle","version":"0.11.0","task":"gemm","device":"cpu","size":256,"median_s":0.000504730,"q1_s":0.000389604,"q3_s":0.000589386,"gflops":66.480,"checksum":237.546660,"warmup":20,"iters":20,"mode":"fresh","parity_total":65536,"parity_fail_count":0,"parity_max_abs_err":0.000000e0,"parity_max_rel_err":0.000000e0,"parity_scaled_abs_bound":1.907255e-6,"parity_scaled_abs_rescued":0}
== bench-candle gemm cpu 512 fresh ==
{"framework":"candle","version":"0.11.0","task":"gemm","device":"cpu","size":512,"median_s":0.000755146,"q1_s":0.000713417,"q3_s":0.000822708,"gflops":355.475,"checksum":937.743233,"warmup":20,"iters":20,"mode":"fresh","parity_total":262144,"parity_fail_count":0,"parity_max_abs_err":0.000000e0,"parity_max_rel_err":0.000000e0,"parity_scaled_abs_bound":3.814663e-6,"parity_scaled_abs_rescued":0}
== bench-candle gemm cpu 1024 fresh ==
{"framework":"candle","version":"0.11.0","task":"gemm","device":"cpu","size":1024,"median_s":0.002793854,"q1_s":0.002717406,"q3_s":0.002883042,"gflops":768.646,"checksum":-1855.597736,"warmup":20,"iters":20,"mode":"fresh","parity_total":1048576,"parity_fail_count":0,"parity_max_abs_err":0.000000e0,"parity_max_rel_err":0.000000e0,"parity_scaled_abs_bound":7.629375e-6,"parity_scaled_abs_rescued":0}
== bench-candle gemm cpu 2048 fresh ==
{"framework":"candle","version":"0.11.0","task":"gemm","device":"cpu","size":2048,"median_s":0.017653938,"q1_s":0.017394333,"q3_s":0.017817562,"gflops":973.147,"checksum":-6016.774008,"warmup":20,"iters":20,"mode":"fresh","parity_total":4194304,"parity_fail_count":0,"parity_max_abs_err":0.000000e0,"parity_max_rel_err":0.000000e0,"parity_scaled_abs_bound":1.525878e-5,"parity_scaled_abs_rescued":0}
== bench-candle gemm metal 256 fresh ==
{"framework":"candle","version":"0.11.0","task":"gemm","device":"metal","size":256,"median_s":0.000275188,"q1_s":0.000262562,"q3_s":0.000306646,"gflops":121.933,"checksum":237.546660,"warmup":20,"iters":20,"mode":"fresh","parity_total":65536,"parity_fail_count":0,"parity_max_abs_err":0.000000e0,"parity_max_rel_err":0.000000e0,"parity_scaled_abs_bound":1.907255e-6,"parity_scaled_abs_rescued":0}
== bench-candle gemm metal 512 fresh ==
{"framework":"candle","version":"0.11.0","task":"gemm","device":"metal","size":512,"median_s":0.000590354,"q1_s":0.000582771,"q3_s":0.000594021,"gflops":454.703,"checksum":937.743233,"warmup":20,"iters":20,"mode":"fresh","parity_total":262144,"parity_fail_count":0,"parity_max_abs_err":0.000000e0,"parity_max_rel_err":0.000000e0,"parity_scaled_abs_bound":3.814663e-6,"parity_scaled_abs_rescued":0}
== bench-candle gemm metal 1024 fresh ==
{"framework":"candle","version":"0.11.0","task":"gemm","device":"metal","size":1024,"median_s":0.002064271,"q1_s":0.001681552,"q3_s":0.002102823,"gflops":1040.311,"checksum":-1855.597736,"warmup":20,"iters":20,"mode":"fresh","parity_total":1048576,"parity_fail_count":0,"parity_max_abs_err":0.000000e0,"parity_max_rel_err":0.000000e0,"parity_scaled_abs_bound":7.629375e-6,"parity_scaled_abs_rescued":0}
== bench-candle gemm metal 2048 fresh ==
{"framework":"candle","version":"0.11.0","task":"gemm","device":"metal","size":2048,"median_s":0.007349250,"q1_s":0.005017032,"q3_s":0.009652104,"gflops":2337.636,"checksum":-6016.774008,"warmup":20,"iters":20,"mode":"fresh","parity_total":4194304,"parity_fail_count":0,"parity_max_abs_err":0.000000e0,"parity_max_rel_err":0.000000e0,"parity_scaled_abs_bound":1.525878e-5,"parity_scaled_abs_rescued":0}
== bench-candle gemm metal 4096 fresh ==
{"framework":"candle","version":"0.11.0","task":"gemm","device":"metal","size":4096,"median_s":0.022425229,"q1_s":0.021835813,"q3_s":0.030941553,"gflops":6128.765,"checksum":-25768.747284,"warmup":20,"iters":20,"mode":"fresh","parity_total":16777216,"parity_fail_count":0,"parity_max_abs_err":0.000000e0,"parity_max_rel_err":0.000000e0,"parity_scaled_abs_bound":3.051757e-5,"parity_scaled_abs_rescued":0}
== bench-candle train cpu 64 fresh ==
{"framework":"candle","version":"0.11.0","task":"train","device":"cpu","size":64,"median_s":0.000860812,"q1_s":0.000799594,"q3_s":0.000986479,"checksum":0.117550,"warmup":20,"iters":80,"mode":"fresh"}
== bench-candle infer cpu 64 fresh ==
{"framework":"candle","version":"0.11.0","task":"infer","device":"cpu","size":64,"median_s":0.000182188,"q1_s":0.000140552,"q3_s":0.000244177,"throughput_per_s":5488.851,"checksum":1381.708783,"warmup":20,"iters":20,"mode":"fresh"}
== bench-candle train metal 64 fresh ==
{"framework":"candle","version":"0.11.0","task":"train","device":"metal","size":64,"median_s":0.000601791,"q1_s":0.000591823,"q3_s":0.000607021,"checksum":0.117550,"warmup":20,"iters":80,"mode":"fresh"}
== bench-candle infer metal 64 fresh ==
{"framework":"candle","version":"0.11.0","task":"infer","device":"metal","size":64,"median_s":0.000211083,"q1_s":0.000209303,"q3_s":0.000212937,"throughput_per_s":4737.473,"checksum":1381.708809,"warmup":20,"iters":20,"mode":"fresh"}
== bench-burn gemm cpu 256 fresh ==
{"framework":"burn","version":"0.21.0","task":"gemm","device":"cpu","size":256,"median_s":0.000363667,"q1_s":0.000363490,"q3_s":0.000363760,"gflops":92.267,"checksum":237.546660,"warmup":20,"iters":20,"mode":"fresh","parity_total":65536,"parity_fail_count":0,"parity_max_abs_err":0.000000e0,"parity_max_rel_err":0.000000e0,"parity_scaled_abs_bound":1.907255e-6,"parity_scaled_abs_rescued":0}
== bench-burn gemm cpu 512 fresh ==
{"framework":"burn","version":"0.21.0","task":"gemm","device":"cpu","size":512,"median_s":0.002616646,"q1_s":0.002612677,"q3_s":0.002626729,"gflops":102.588,"checksum":937.743112,"warmup":20,"iters":20,"mode":"fresh","parity_total":262144,"parity_fail_count":0,"parity_max_abs_err":9.059906e-6,"parity_max_rel_err":8.316180e-3,"parity_scaled_abs_bound":3.814663e-6,"parity_scaled_abs_rescued":0}
== bench-burn gemm cpu 1024 fresh ==
{"framework":"burn","version":"0.21.0","task":"gemm","device":"cpu","size":1024,"median_s":0.020080208,"q1_s":0.019975666,"q3_s":0.020250051,"gflops":106.945,"checksum":-1855.595863,"warmup":20,"iters":20,"mode":"fresh","parity_total":1048576,"parity_fail_count":0,"parity_max_abs_err":2.050400e-5,"parity_max_rel_err":1.834505e-1,"parity_scaled_abs_bound":7.629375e-6,"parity_scaled_abs_rescued":0}
== bench-burn gemm cpu 2048 fresh ==
{"framework":"burn","version":"0.21.0","task":"gemm","device":"cpu","size":2048,"median_s":0.159079542,"q1_s":0.158443291,"q3_s":0.160956000,"gflops":107.995,"checksum":-6016.774966,"warmup":20,"iters":20,"mode":"fresh","parity_total":4194304,"parity_fail_count":0,"parity_max_abs_err":3.528595e-5,"parity_max_rel_err":3.051549e-1,"parity_scaled_abs_bound":1.525878e-5,"parity_scaled_abs_rescued":5}
== bench-burn gemm metal 256 fresh ==
{"framework":"burn","version":"0.21.0","task":"gemm","device":"metal","size":256,"median_s":0.001624188,"q1_s":0.001613136,"q3_s":0.001628021,"gflops":20.659,"checksum":237.546660,"warmup":20,"iters":20,"mode":"fresh","parity_total":65536,"parity_fail_count":0,"parity_max_abs_err":0.000000e0,"parity_max_rel_err":0.000000e0,"parity_scaled_abs_bound":1.907255e-6,"parity_scaled_abs_rescued":0}
== bench-burn gemm metal 512 fresh ==
== bench-burn gemm metal 1024 fresh ==
== bench-burn gemm metal 2048 fresh ==
== bench-burn gemm metal 4096 fresh ==
== bench-burn train cpu 64 fresh ==
{"framework":"burn","version":"0.21.0","task":"train","device":"cpu","size":64,"median_s":0.000630041,"q1_s":0.000628959,"q3_s":0.000635479,"checksum":0.117549,"warmup":20,"iters":80,"mode":"fresh"}
== bench-burn infer cpu 64 fresh ==
{"framework":"burn","version":"0.21.0","task":"infer","device":"cpu","size":64,"median_s":0.000282375,"q1_s":0.000282135,"q3_s":0.000285844,"throughput_per_s":3541.390,"checksum":1381.708825,"warmup":20,"iters":20,"mode":"fresh"}
== bench-burn train metal 64 fresh ==
{"framework":"burn","version":"0.21.0","task":"train","device":"metal","size":64,"median_s":0.001852792,"q1_s":0.001845854,"q3_s":0.001862520,"checksum":0.117550,"warmup":20,"iters":80,"mode":"fresh"}
== bench-burn infer metal 64 fresh ==
{"framework":"burn","version":"0.21.0","task":"infer","device":"metal","size":64,"median_s":0.001754937,"q1_s":0.001751624,"q3_s":0.001764365,"throughput_per_s":569.821,"checksum":1381.708783,"warmup":20,"iters":20,"mode":"fresh"}
== bench-fandhe gemm metal 256 reuse ==
{"framework":"fandhe-ai","version":"0.9.0","task":"gemm","device":"metal","size":256,"median_s":0.000297229,"q1_s":0.000292896,"q3_s":0.000303354,"gflops":112.891,"checksum":237.546660,"warmup":20,"iters":20,"mode":"reuse","init_s":0.037964083,"parity_total":65536,"parity_fail_count":0,"parity_max_abs_err":0.000000e0,"parity_max_rel_err":0.000000e0,"parity_scaled_abs_bound":0.000000e0,"parity_scaled_abs_rescued":0}
== bench-fandhe gemm metal 512 reuse ==
{"framework":"fandhe-ai","version":"0.9.0","task":"gemm","device":"metal","size":512,"median_s":0.000681646,"q1_s":0.000673042,"q3_s":0.000702052,"gflops":393.805,"checksum":937.743233,"warmup":20,"iters":20,"mode":"reuse","init_s":0.040199208,"parity_total":262144,"parity_fail_count":0,"parity_max_abs_err":0.000000e0,"parity_max_rel_err":0.000000e0,"parity_scaled_abs_bound":0.000000e0,"parity_scaled_abs_rescued":0}
== bench-fandhe gemm metal 1024 reuse ==
{"framework":"fandhe-ai","version":"0.9.0","task":"gemm","device":"metal","size":1024,"median_s":0.002957146,"q1_s":0.002771125,"q3_s":0.003044520,"gflops":726.201,"checksum":-1855.597736,"warmup":20,"iters":20,"mode":"reuse","init_s":0.044512541,"parity_total":1048576,"parity_fail_count":0,"parity_max_abs_err":0.000000e0,"parity_max_rel_err":0.000000e0,"parity_scaled_abs_bound":0.000000e0,"parity_scaled_abs_rescued":0}
== bench-fandhe gemm metal 2048 reuse ==
{"framework":"fandhe-ai","version":"0.9.0","task":"gemm","device":"metal","size":2048,"median_s":0.009102625,"q1_s":0.008416937,"q3_s":0.013176301,"gflops":1887.353,"checksum":-6016.774008,"warmup":20,"iters":20,"mode":"reuse","init_s":0.058165417,"parity_total":4194304,"parity_fail_count":0,"parity_max_abs_err":0.000000e0,"parity_max_rel_err":0.000000e0,"parity_scaled_abs_bound":0.000000e0,"parity_scaled_abs_rescued":0}
== bench-fandhe gemm metal 4096 reuse ==
{"framework":"fandhe-ai","version":"0.9.0","task":"gemm","device":"metal","size":4096,"median_s":0.046563875,"q1_s":0.039445916,"q3_s":0.050824719,"gflops":2951.622,"checksum":-25768.747284,"warmup":20,"iters":20,"mode":"reuse","init_s":0.100762833,"parity_total":16777216,"parity_fail_count":0,"parity_max_abs_err":0.000000e0,"parity_max_rel_err":0.000000e0,"parity_scaled_abs_bound":0.000000e0,"parity_scaled_abs_rescued":0}
== bench-fandhe gemm cpu 256 reuse ==
{"framework":"fandhe-ai","version":"0.9.0","task":"gemm","device":"cpu","size":256,"median_s":0.000252896,"q1_s":0.000229990,"q3_s":0.000267948,"gflops":132.681,"checksum":237.546660,"warmup":20,"iters":20,"mode":"reuse","init_s":0.002819834,"parity_total":65536,"parity_fail_count":0,"parity_max_abs_err":0.000000e0,"parity_max_rel_err":0.000000e0,"parity_scaled_abs_bound":0.000000e0,"parity_scaled_abs_rescued":0}
== bench-fandhe gemm cpu 512 reuse ==
{"framework":"fandhe-ai","version":"0.9.0","task":"gemm","device":"cpu","size":512,"median_s":0.000625645,"q1_s":0.000607979,"q3_s":0.000671416,"gflops":429.054,"checksum":937.743233,"warmup":20,"iters":20,"mode":"reuse","init_s":0.003783167,"parity_total":262144,"parity_fail_count":0,"parity_max_abs_err":0.000000e0,"parity_max_rel_err":0.000000e0,"parity_scaled_abs_bound":0.000000e0,"parity_scaled_abs_rescued":0}
== bench-fandhe gemm cpu 1024 reuse ==
{"framework":"fandhe-ai","version":"0.9.0","task":"gemm","device":"cpu","size":1024,"median_s":0.003166312,"q1_s":0.003010510,"q3_s":0.003273677,"gflops":678.229,"checksum":-1855.597736,"warmup":20,"iters":20,"mode":"reuse","init_s":0.005970375,"parity_total":1048576,"parity_fail_count":0,"parity_max_abs_err":0.000000e0,"parity_max_rel_err":0.000000e0,"parity_scaled_abs_bound":0.000000e0,"parity_scaled_abs_rescued":0}
== bench-fandhe gemm cpu 2048 reuse ==
{"framework":"fandhe-ai","version":"0.9.0","task":"gemm","device":"cpu","size":2048,"median_s":0.019643105,"q1_s":0.019329906,"q3_s":0.019827740,"gflops":874.601,"checksum":-6016.774008,"warmup":20,"iters":20,"mode":"reuse","init_s":0.022419959,"parity_total":4194304,"parity_fail_count":0,"parity_max_abs_err":0.000000e0,"parity_max_rel_err":0.000000e0,"parity_scaled_abs_bound":0.000000e0,"parity_scaled_abs_rescued":0}
== bench-fandhe train cpu 64 reuse ==
{"framework":"fandhe-ai","version":"0.9.0","task":"train","device":"cpu","size":64,"median_s":0.000972813,"q1_s":0.000870021,"q3_s":0.001141270,"checksum":0.080541,"warmup":20,"iters":80,"mode":"reuse","init_s":0.000186917}
== bench-fandhe infer cpu 64 reuse ==
{"framework":"fandhe-ai","version":"0.9.0","task":"infer","device":"cpu","size":64,"median_s":0.000179646,"q1_s":0.000152906,"q3_s":0.000234437,"throughput_per_s":5566.503,"checksum":13.976574,"warmup":20,"iters":20,"mode":"reuse","init_s":0.000184250}
== bench-fandhe train metal 64 reuse ==
{"framework":"fandhe-ai","version":"0.9.0","task":"train","device":"metal","size":64,"median_s":0.001044812,"q1_s":0.001027417,"q3_s":0.001158115,"checksum":0.080541,"warmup":20,"iters":80,"mode":"reuse","init_s":0.031365208}
== bench-fandhe infer metal 64 reuse ==
{"framework":"fandhe-ai","version":"0.9.0","task":"infer","device":"metal","size":64,"median_s":0.000370917,"q1_s":0.000365667,"q3_s":0.000375521,"throughput_per_s":2696.021,"checksum":13.976574,"warmup":20,"iters":20,"mode":"reuse","init_s":0.029778917}
 4:51  up 28 days, 16:04, 24 users, load averages: 7.64 9.63 10.73
done. rows=      48 skipped=       4 2026-09-16T19:51:52Z
