start 2026-09-16T19:51:52Z sha=f045cf32
 4:51  up 28 days, 16:04, 24 users, load averages: 7.64 9.63 10.73
└── fandhe-ai v0.9.0
build-done 2026-09-16T19:51:52Z
 4:51  up 28 days, 16:04, 24 users, load averages: 7.64 9.63 10.73
== bench-fandhe gemm cpu 256 fresh ==
{"framework":"fandhe-ai","version":"0.9.0","task":"gemm","device":"cpu","size":256,"median_s":0.000242916,"q1_s":0.000230281,"q3_s":0.000267427,"gflops":138.132,"checksum":237.546660,"warmup":20,"iters":20,"mode":"fresh","parity_total":65536,"parity_fail_count":0,"parity_max_abs_err":0.000000e0,"parity_max_rel_err":0.000000e0,"parity_scaled_abs_bound":0.000000e0,"parity_scaled_abs_rescued":0}
== bench-fandhe gemm cpu 512 fresh ==
{"framework":"fandhe-ai","version":"0.9.0","task":"gemm","device":"cpu","size":512,"median_s":0.000664188,"q1_s":0.000624303,"q3_s":0.000695677,"gflops":404.156,"checksum":937.743233,"warmup":20,"iters":20,"mode":"fresh","parity_total":262144,"parity_fail_count":0,"parity_max_abs_err":0.000000e0,"parity_max_rel_err":0.000000e0,"parity_scaled_abs_bound":0.000000e0,"parity_scaled_abs_rescued":0}
== bench-fandhe gemm cpu 1024 fresh ==
{"framework":"fandhe-ai","version":"0.9.0","task":"gemm","device":"cpu","size":1024,"median_s":0.002870875,"q1_s":0.002845417,"q3_s":0.002900604,"gflops":748.024,"checksum":-1855.597736,"warmup":20,"iters":20,"mode":"fresh","parity_total":1048576,"parity_fail_count":0,"parity_max_abs_err":0.000000e0,"parity_max_rel_err":0.000000e0,"parity_scaled_abs_bound":0.000000e0,"parity_scaled_abs_rescued":0}
== bench-fandhe gemm cpu 2048 fresh ==
{"framework":"fandhe-ai","version":"0.9.0","task":"gemm","device":"cpu","size":2048,"median_s":0.017241124,"q1_s":0.017048719,"q3_s":0.017511281,"gflops":996.447,"checksum":-6016.774008,"warmup":20,"iters":20,"mode":"fresh","parity_total":4194304,"parity_fail_count":0,"parity_max_abs_err":0.000000e0,"parity_max_rel_err":0.000000e0,"parity_scaled_abs_bound":0.000000e0,"parity_scaled_abs_rescued":0}
== bench-fandhe gemm metal 256 fresh ==
{"framework":"fandhe-ai","version":"0.9.0","task":"gemm","device":"metal","size":256,"median_s":0.000308542,"q1_s":0.000303614,"q3_s":0.000312021,"gflops":108.752,"checksum":237.546660,"warmup":20,"iters":20,"mode":"fresh","parity_total":65536,"parity_fail_count":0,"parity_max_abs_err":0.000000e0,"parity_max_rel_err":0.000000e0,"parity_scaled_abs_bound":0.000000e0,"parity_scaled_abs_rescued":0}
== bench-fandhe gemm metal 512 fresh ==
{"framework":"fandhe-ai","version":"0.9.0","task":"gemm","device":"metal","size":512,"median_s":0.000674666,"q1_s":0.000659614,"q3_s":0.000682271,"gflops":397.879,"checksum":937.743233,"warmup":20,"iters":20,"mode":"fresh","parity_total":262144,"parity_fail_count":0,"parity_max_abs_err":0.000000e0,"parity_max_rel_err":0.000000e0,"parity_scaled_abs_bound":0.000000e0,"parity_scaled_abs_rescued":0}
== bench-fandhe gemm metal 1024 fresh ==
{"framework":"fandhe-ai","version":"0.9.0","task":"gemm","device":"metal","size":1024,"median_s":0.002730291,"q1_s":0.002698864,"q3_s":0.002751948,"gflops":786.540,"checksum":-1855.597736,"warmup":20,"iters":20,"mode":"fresh","parity_total":1048576,"parity_fail_count":0,"parity_max_abs_err":0.000000e0,"parity_max_rel_err":0.000000e0,"parity_scaled_abs_bound":0.000000e0,"parity_scaled_abs_rescued":0}
== bench-fandhe gemm metal 2048 fresh ==
{"framework":"fandhe-ai","version":"0.9.0","task":"gemm","device":"metal","size":2048,"median_s":0.008303438,"q1_s":0.006980708,"q3_s":0.010629427,"gflops":2069.007,"checksum":-6016.774008,"warmup":20,"iters":20,"mode":"fresh","parity_total":4194304,"parity_fail_count":0,"parity_max_abs_err":0.000000e0,"parity_max_rel_err":0.000000e0,"parity_scaled_abs_bound":0.000000e0,"parity_scaled_abs_rescued":0}
== bench-fandhe gemm metal 4096 fresh ==
{"framework":"fandhe-ai","version":"0.9.0","task":"gemm","device":"metal","size":4096,"median_s":0.034480458,"q1_s":0.034176104,"q3_s":0.038746740,"gflops":3985.996,"checksum":-25768.747284,"warmup":20,"iters":20,"mode":"fresh","parity_total":16777216,"parity_fail_count":0,"parity_max_abs_err":0.000000e0,"parity_max_rel_err":0.000000e0,"parity_scaled_abs_bound":0.000000e0,"parity_scaled_abs_rescued":0}
== bench-fandhe train cpu 64 fresh ==
{"framework":"fandhe-ai","version":"0.9.0","task":"train","device":"cpu","size":64,"median_s":0.000867604,"q1_s":0.000736750,"q3_s":0.000983177,"checksum":0.080541,"warmup":20,"iters":80,"mode":"fresh"}
== bench-fandhe infer cpu 64 fresh ==
{"framework":"fandhe-ai","version":"0.9.0","task":"infer","device":"cpu","size":64,"median_s":0.000155937,"q1_s":0.000139084,"q3_s":0.000198802,"throughput_per_s":6412.826,"checksum":13.976574,"warmup":20,"iters":20,"mode":"fresh"}
== bench-fandhe train metal 64 fresh ==
{"framework":"fandhe-ai","version":"0.9.0","task":"train","device":"metal","size":64,"median_s":0.001492021,"q1_s":0.001294990,"q3_s":0.001508281,"checksum":0.080541,"warmup":20,"iters":80,"mode":"fresh"}
== bench-fandhe infer metal 64 fresh ==
{"framework":"fandhe-ai","version":"0.9.0","task":"infer","device":"metal","size":64,"median_s":0.000519354,"q1_s":0.000509719,"q3_s":0.000700896,"throughput_per_s":1925.469,"checksum":13.976574,"warmup":20,"iters":20,"mode":"fresh"}
== bench-candle gemm cpu 256 fresh ==
{"framework":"candle","version":"0.11.0","task":"gemm","device":"cpu","size":256,"median_s":0.000335708,"q1_s":0.000289073,"q3_s":0.000372458,"gflops":99.951,"checksum":237.546660,"warmup":20,"iters":20,"mode":"fresh","parity_total":65536,"parity_fail_count":0,"parity_max_abs_err":0.000000e0,"parity_max_rel_err":0.000000e0,"parity_scaled_abs_bound":1.907255e-6,"parity_scaled_abs_rescued":0}
== bench-candle gemm cpu 512 fresh ==
{"framework":"candle","version":"0.11.0","task":"gemm","device":"cpu","size":512,"median_s":0.000688104,"q1_s":0.000644031,"q3_s":0.000713656,"gflops":390.109,"checksum":937.743233,"warmup":20,"iters":20,"mode":"fresh","parity_total":262144,"parity_fail_count":0,"parity_max_abs_err":0.000000e0,"parity_max_rel_err":0.000000e0,"parity_scaled_abs_bound":3.814663e-6,"parity_scaled_abs_rescued":0}
== bench-candle gemm cpu 1024 fresh ==
{"framework":"candle","version":"0.11.0","task":"gemm","device":"cpu","size":1024,"median_s":0.002755521,"q1_s":0.002712073,"q3_s":0.002832302,"gflops":779.339,"checksum":-1855.597736,"warmup":20,"iters":20,"mode":"fresh","parity_total":1048576,"parity_fail_count":0,"parity_max_abs_err":0.000000e0,"parity_max_rel_err":0.000000e0,"parity_scaled_abs_bound":7.629375e-6,"parity_scaled_abs_rescued":0}
== bench-candle gemm cpu 2048 fresh ==
{"framework":"candle","version":"0.11.0","task":"gemm","device":"cpu","size":2048,"median_s":0.017762479,"q1_s":0.017326354,"q3_s":0.018670708,"gflops":967.200,"checksum":-6016.774008,"warmup":20,"iters":20,"mode":"fresh","parity_total":4194304,"parity_fail_count":0,"parity_max_abs_err":0.000000e0,"parity_max_rel_err":0.000000e0,"parity_scaled_abs_bound":1.525878e-5,"parity_scaled_abs_rescued":0}
== bench-candle gemm metal 256 fresh ==
{"framework":"candle","version":"0.11.0","task":"gemm","device":"metal","size":256,"median_s":0.000249167,"q1_s":0.000234302,"q3_s":0.000252521,"gflops":134.666,"checksum":237.546660,"warmup":20,"iters":20,"mode":"fresh","parity_total":65536,"parity_fail_count":0,"parity_max_abs_err":0.000000e0,"parity_max_rel_err":0.000000e0,"parity_scaled_abs_bound":1.907255e-6,"parity_scaled_abs_rescued":0}
== bench-candle gemm metal 512 fresh ==
{"framework":"candle","version":"0.11.0","task":"gemm","device":"metal","size":512,"median_s":0.000499167,"q1_s":0.000485802,"q3_s":0.000505156,"gflops":537.767,"checksum":937.743233,"warmup":20,"iters":20,"mode":"fresh","parity_total":262144,"parity_fail_count":0,"parity_max_abs_err":0.000000e0,"parity_max_rel_err":0.000000e0,"parity_scaled_abs_bound":3.814663e-6,"parity_scaled_abs_rescued":0}
== bench-candle gemm metal 1024 fresh ==
{"framework":"candle","version":"0.11.0","task":"gemm","device":"metal","size":1024,"median_s":0.002080459,"q1_s":0.001688010,"q3_s":0.002156407,"gflops":1032.217,"checksum":-1855.597736,"warmup":20,"iters":20,"mode":"fresh","parity_total":1048576,"parity_fail_count":0,"parity_max_abs_err":0.000000e0,"parity_max_rel_err":0.000000e0,"parity_scaled_abs_bound":7.629375e-6,"parity_scaled_abs_rescued":0}
== bench-candle gemm metal 2048 fresh ==
{"framework":"candle","version":"0.11.0","task":"gemm","device":"metal","size":2048,"median_s":0.007557563,"q1_s":0.005248250,"q3_s":0.009901771,"gflops":2273.202,"checksum":-6016.774008,"warmup":20,"iters":20,"mode":"fresh","parity_total":4194304,"parity_fail_count":0,"parity_max_abs_err":0.000000e0,"parity_max_rel_err":0.000000e0,"parity_scaled_abs_bound":1.525878e-5,"parity_scaled_abs_rescued":0}
== bench-candle gemm metal 4096 fresh ==
{"framework":"candle","version":"0.11.0","task":"gemm","device":"metal","size":4096,"median_s":0.033359979,"q1_s":0.022796385,"q3_s":0.035132104,"gflops":4119.875,"checksum":-25768.747284,"warmup":20,"iters":20,"mode":"fresh","parity_total":16777216,"parity_fail_count":0,"parity_max_abs_err":0.000000e0,"parity_max_rel_err":0.000000e0,"parity_scaled_abs_bound":3.051757e-5,"parity_scaled_abs_rescued":0}
== bench-candle train cpu 64 fresh ==
{"framework":"candle","version":"0.11.0","task":"train","device":"cpu","size":64,"median_s":0.000891917,"q1_s":0.000802749,"q3_s":0.000952313,"checksum":0.117550,"warmup":20,"iters":80,"mode":"fresh"}
== bench-candle infer cpu 64 fresh ==
{"framework":"candle","version":"0.11.0","task":"infer","device":"cpu","size":64,"median_s":0.000239500,"q1_s":0.000141740,"q3_s":0.000273865,"throughput_per_s":4175.357,"checksum":1381.708783,"warmup":20,"iters":20,"mode":"fresh"}
== bench-candle train metal 64 fresh ==
{"framework":"candle","version":"0.11.0","task":"train","device":"metal","size":64,"median_s":0.000609229,"q1_s":0.000601437,"q3_s":0.000645344,"checksum":0.117550,"warmup":20,"iters":80,"mode":"fresh"}
== bench-candle infer metal 64 fresh ==
{"framework":"candle","version":"0.11.0","task":"infer","device":"metal","size":64,"median_s":0.000388250,"q1_s":0.000382906,"q3_s":0.000396344,"throughput_per_s":2575.660,"checksum":1381.708809,"warmup":20,"iters":20,"mode":"fresh"}
== bench-burn gemm cpu 256 fresh ==
{"framework":"burn","version":"0.21.0","task":"gemm","device":"cpu","size":256,"median_s":0.000360146,"q1_s":0.000359395,"q3_s":0.000369396,"gflops":93.169,"checksum":237.546660,"warmup":20,"iters":20,"mode":"fresh","parity_total":65536,"parity_fail_count":0,"parity_max_abs_err":0.000000e0,"parity_max_rel_err":0.000000e0,"parity_scaled_abs_bound":1.907255e-6,"parity_scaled_abs_rescued":0}
== bench-burn gemm cpu 512 fresh ==
{"framework":"burn","version":"0.21.0","task":"gemm","device":"cpu","size":512,"median_s":0.002641208,"q1_s":0.002616708,"q3_s":0.002647573,"gflops":101.634,"checksum":937.743112,"warmup":20,"iters":20,"mode":"fresh","parity_total":262144,"parity_fail_count":0,"parity_max_abs_err":9.059906e-6,"parity_max_rel_err":8.316180e-3,"parity_scaled_abs_bound":3.814663e-6,"parity_scaled_abs_rescued":0}
== bench-burn gemm cpu 1024 fresh ==
{"framework":"burn","version":"0.21.0","task":"gemm","device":"cpu","size":1024,"median_s":0.020159104,"q1_s":0.020053897,"q3_s":0.020506521,"gflops":106.527,"checksum":-1855.595863,"warmup":20,"iters":20,"mode":"fresh","parity_total":1048576,"parity_fail_count":0,"parity_max_abs_err":2.050400e-5,"parity_max_rel_err":1.834505e-1,"parity_scaled_abs_bound":7.629375e-6,"parity_scaled_abs_rescued":0}
== bench-burn gemm cpu 2048 fresh ==
{"framework":"burn","version":"0.21.0","task":"gemm","device":"cpu","size":2048,"median_s":0.158958083,"q1_s":0.158243323,"q3_s":0.161229166,"gflops":108.078,"checksum":-6016.774966,"warmup":20,"iters":20,"mode":"fresh","parity_total":4194304,"parity_fail_count":0,"parity_max_abs_err":3.528595e-5,"parity_max_rel_err":3.051549e-1,"parity_scaled_abs_bound":1.525878e-5,"parity_scaled_abs_rescued":5}
== bench-burn gemm metal 256 fresh ==
{"framework":"burn","version":"0.21.0","task":"gemm","device":"metal","size":256,"median_s":0.001636813,"q1_s":0.001622792,"q3_s":0.001654427,"gflops":20.500,"checksum":237.546660,"warmup":20,"iters":20,"mode":"fresh","parity_total":65536,"parity_fail_count":0,"parity_max_abs_err":0.000000e0,"parity_max_rel_err":0.000000e0,"parity_scaled_abs_bound":1.907255e-6,"parity_scaled_abs_rescued":0}
== bench-burn gemm metal 512 fresh ==
== bench-burn gemm metal 1024 fresh ==
== bench-burn gemm metal 2048 fresh ==
== bench-burn gemm metal 4096 fresh ==
== bench-burn train cpu 64 fresh ==
{"framework":"burn","version":"0.21.0","task":"train","device":"cpu","size":64,"median_s":0.000641834,"q1_s":0.000637625,"q3_s":0.000647792,"checksum":0.117549,"warmup":20,"iters":80,"mode":"fresh"}
== bench-burn infer cpu 64 fresh ==
{"framework":"burn","version":"0.21.0","task":"infer","device":"cpu","size":64,"median_s":0.000282438,"q1_s":0.000281865,"q3_s":0.000288718,"throughput_per_s":3540.606,"checksum":1381.708825,"warmup":20,"iters":20,"mode":"fresh"}
== bench-burn train metal 64 fresh ==
{"framework":"burn","version":"0.21.0","task":"train","device":"metal","size":64,"median_s":0.001861833,"q1_s":0.001853823,"q3_s":0.001871594,"checksum":0.117550,"warmup":20,"iters":80,"mode":"fresh"}
== bench-burn infer metal 64 fresh ==
{"framework":"burn","version":"0.21.0","task":"infer","device":"metal","size":64,"median_s":0.001753646,"q1_s":0.001749353,"q3_s":0.001760854,"throughput_per_s":570.241,"checksum":1381.708783,"warmup":20,"iters":20,"mode":"fresh"}
== bench-fandhe gemm metal 256 reuse ==
{"framework":"fandhe-ai","version":"0.9.0","task":"gemm","device":"metal","size":256,"median_s":0.000267458,"q1_s":0.000245688,"q3_s":0.000288906,"gflops":125.457,"checksum":237.546660,"warmup":20,"iters":20,"mode":"reuse","init_s":0.036078208,"parity_total":65536,"parity_fail_count":0,"parity_max_abs_err":0.000000e0,"parity_max_rel_err":0.000000e0,"parity_scaled_abs_bound":0.000000e0,"parity_scaled_abs_rescued":0}
== bench-fandhe gemm metal 512 reuse ==
{"framework":"fandhe-ai","version":"0.9.0","task":"gemm","device":"metal","size":512,"median_s":0.000604792,"q1_s":0.000597844,"q3_s":0.000615407,"gflops":443.848,"checksum":937.743233,"warmup":20,"iters":20,"mode":"reuse","init_s":0.035765292,"parity_total":262144,"parity_fail_count":0,"parity_max_abs_err":0.000000e0,"parity_max_rel_err":0.000000e0,"parity_scaled_abs_bound":0.000000e0,"parity_scaled_abs_rescued":0}
== bench-fandhe gemm metal 1024 reuse ==
{"framework":"fandhe-ai","version":"0.9.0","task":"gemm","device":"metal","size":1024,"median_s":0.003054542,"q1_s":0.002845271,"q3_s":0.003097885,"gflops":703.046,"checksum":-1855.597736,"warmup":20,"iters":20,"mode":"reuse","init_s":0.144669333,"parity_total":1048576,"parity_fail_count":0,"parity_max_abs_err":0.000000e0,"parity_max_rel_err":0.000000e0,"parity_scaled_abs_bound":0.000000e0,"parity_scaled_abs_rescued":0}
== bench-fandhe gemm metal 2048 reuse ==
{"framework":"fandhe-ai","version":"0.9.0","task":"gemm","device":"metal","size":2048,"median_s":0.009527354,"q1_s":0.008861750,"q3_s":0.010633646,"gflops":1803.215,"checksum":-6016.774008,"warmup":20,"iters":20,"mode":"reuse","init_s":0.052677167,"parity_total":4194304,"parity_fail_count":0,"parity_max_abs_err":0.000000e0,"parity_max_rel_err":0.000000e0,"parity_scaled_abs_bound":0.000000e0,"parity_scaled_abs_rescued":0}
== bench-fandhe gemm metal 4096 reuse ==
{"framework":"fandhe-ai","version":"0.9.0","task":"gemm","device":"metal","size":4096,"median_s":0.047880292,"q1_s":0.039565031,"q3_s":0.049922750,"gflops":2870.470,"checksum":-25768.747284,"warmup":20,"iters":20,"mode":"reuse","init_s":0.195531167,"parity_total":16777216,"parity_fail_count":0,"parity_max_abs_err":0.000000e0,"parity_max_rel_err":0.000000e0,"parity_scaled_abs_bound":0.000000e0,"parity_scaled_abs_rescued":0}
== bench-fandhe gemm cpu 256 reuse ==
{"framework":"fandhe-ai","version":"0.9.0","task":"gemm","device":"cpu","size":256,"median_s":0.000245729,"q1_s":0.000228990,"q3_s":0.000262479,"gflops":136.551,"checksum":237.546660,"warmup":20,"iters":20,"mode":"reuse","init_s":0.002879958,"parity_total":65536,"parity_fail_count":0,"parity_max_abs_err":0.000000e0,"parity_max_rel_err":0.000000e0,"parity_scaled_abs_bound":0.000000e0,"parity_scaled_abs_rescued":0}
== bench-fandhe gemm cpu 512 reuse ==
{"framework":"fandhe-ai","version":"0.9.0","task":"gemm","device":"cpu","size":512,"median_s":0.000631813,"q1_s":0.000614000,"q3_s":0.000646437,"gflops":424.865,"checksum":937.743233,"warmup":20,"iters":20,"mode":"reuse","init_s":0.003506375,"parity_total":262144,"parity_fail_count":0,"parity_max_abs_err":0.000000e0,"parity_max_rel_err":0.000000e0,"parity_scaled_abs_bound":0.000000e0,"parity_scaled_abs_rescued":0}
== bench-fandhe gemm cpu 1024 reuse ==
{"framework":"fandhe-ai","version":"0.9.0","task":"gemm","device":"cpu","size":1024,"median_s":0.003238875,"q1_s":0.003097844,"q3_s":0.003335667,"gflops":663.034,"checksum":-1855.597736,"warmup":20,"iters":20,"mode":"reuse","init_s":0.005967750,"parity_total":1048576,"parity_fail_count":0,"parity_max_abs_err":0.000000e0,"parity_max_rel_err":0.000000e0,"parity_scaled_abs_bound":0.000000e0,"parity_scaled_abs_rescued":0}
== bench-fandhe gemm cpu 2048 reuse ==
{"framework":"fandhe-ai","version":"0.9.0","task":"gemm","device":"cpu","size":2048,"median_s":0.019704458,"q1_s":0.019392864,"q3_s":0.019996895,"gflops":871.877,"checksum":-6016.774008,"warmup":20,"iters":20,"mode":"reuse","init_s":0.023134958,"parity_total":4194304,"parity_fail_count":0,"parity_max_abs_err":0.000000e0,"parity_max_rel_err":0.000000e0,"parity_scaled_abs_bound":0.000000e0,"parity_scaled_abs_rescued":0}
== bench-fandhe train cpu 64 reuse ==
{"framework":"fandhe-ai","version":"0.9.0","task":"train","device":"cpu","size":64,"median_s":0.000969500,"q1_s":0.000870802,"q3_s":0.001108770,"checksum":0.080541,"warmup":20,"iters":80,"mode":"reuse","init_s":0.000160250}
== bench-fandhe infer cpu 64 reuse ==
{"framework":"fandhe-ai","version":"0.9.0","task":"infer","device":"cpu","size":64,"median_s":0.000273021,"q1_s":0.000213292,"q3_s":0.000330927,"throughput_per_s":3662.722,"checksum":13.976574,"warmup":20,"iters":20,"mode":"reuse","init_s":0.000176042}
== bench-fandhe train metal 64 reuse ==
{"framework":"fandhe-ai","version":"0.9.0","task":"train","device":"metal","size":64,"median_s":0.000954854,"q1_s":0.000934729,"q3_s":0.001090510,"checksum":0.080541,"warmup":20,"iters":80,"mode":"reuse","init_s":0.030363834}
== bench-fandhe infer metal 64 reuse ==
{"framework":"fandhe-ai","version":"0.9.0","task":"infer","device":"metal","size":64,"median_s":0.000361499,"q1_s":0.000358969,"q3_s":0.000365667,"throughput_per_s":2766.256,"checksum":13.976574,"warmup":20,"iters":20,"mode":"reuse","init_s":0.029382000}
 4:52  up 28 days, 16:04, 24 users, load averages: 6.70 9.20 10.53
done. rows=      48 skipped=       4 2026-09-16T19:52:22Z
