== build bench-fandhe  ==
== build bench-candle --no-default-features --features cuda ==
== build bench-burn --no-default-features --features cuda ==
== bench-fandhe gemm cuda size=256 mode=fresh extra=none ==
{"framework":"fandhe-ai","version":"0.11.0","task":"gemm","device":"cuda","size":256,"median_s":0.000087056,"q1_s":0.000086692,"q3_s":0.000087381,"gflops":385.435,"checksum":237.546660,"warmup":20,"iters":20,"mode":"fresh","parity_total":65536,"parity_fail_count":0,"parity_max_abs_err":0.000000e0,"parity_max_rel_err":0.000000e0,"parity_scaled_abs_bound":0.000000e0,"parity_scaled_abs_rescued":0}
== bench-fandhe gemm cuda size=512 mode=fresh extra=none ==
{"framework":"fandhe-ai","version":"0.11.0","task":"gemm","device":"cuda","size":512,"median_s":0.000257769,"q1_s":0.000257497,"q3_s":0.000258921,"gflops":1041.380,"checksum":937.743233,"warmup":20,"iters":20,"mode":"fresh","parity_total":262144,"parity_fail_count":0,"parity_max_abs_err":0.000000e0,"parity_max_rel_err":0.000000e0,"parity_scaled_abs_bound":0.000000e0,"parity_scaled_abs_rescued":0}
== bench-fandhe gemm cuda size=1024 mode=fresh extra=none ==
{"framework":"fandhe-ai","version":"0.11.0","task":"gemm","device":"cuda","size":1024,"median_s":0.000957964,"q1_s":0.000957200,"q3_s":0.000959080,"gflops":2241.715,"checksum":-1855.597736,"warmup":20,"iters":20,"mode":"fresh","parity_total":1048576,"parity_fail_count":0,"parity_max_abs_err":0.000000e0,"parity_max_rel_err":0.000000e0,"parity_scaled_abs_bound":0.000000e0,"parity_scaled_abs_rescued":0}
== bench-fandhe gemm cuda size=2048 mode=fresh extra=none ==
{"framework":"fandhe-ai","version":"0.11.0","task":"gemm","device":"cuda","size":2048,"median_s":0.004188754,"q1_s":0.004184498,"q3_s":0.004198735,"gflops":4101.427,"checksum":-6016.774008,"warmup":20,"iters":20,"mode":"fresh","parity_total":4194304,"parity_fail_count":0,"parity_max_abs_err":0.000000e0,"parity_max_rel_err":0.000000e0,"parity_scaled_abs_bound":0.000000e0,"parity_scaled_abs_rescued":0}
== bench-fandhe gemm cuda size=4096 mode=fresh extra=none ==
{"framework":"fandhe-ai","version":"0.11.0","task":"gemm","device":"cuda","size":4096,"median_s":0.038935563,"q1_s":0.038758146,"q3_s":0.039051431,"gflops":3529.908,"checksum":-25768.747284,"warmup":20,"iters":20,"mode":"fresh","parity_total":16777216,"parity_fail_count":0,"parity_max_abs_err":0.000000e0,"parity_max_rel_err":0.000000e0,"parity_scaled_abs_bound":0.000000e0,"parity_scaled_abs_rescued":0}
== bench-fandhe gemm cpu size=256 mode=fresh extra=none ==
{"framework":"fandhe-ai","version":"0.11.0","task":"gemm","device":"cpu","size":256,"median_s":0.000182481,"q1_s":0.000167145,"q3_s":0.000193776,"gflops":183.880,"checksum":237.546660,"warmup":20,"iters":20,"mode":"fresh","parity_total":65536,"parity_fail_count":0,"parity_max_abs_err":0.000000e0,"parity_max_rel_err":0.000000e0,"parity_scaled_abs_bound":0.000000e0,"parity_scaled_abs_rescued":0}
== bench-fandhe gemm cpu size=512 mode=fresh extra=none ==
{"framework":"fandhe-ai","version":"0.11.0","task":"gemm","device":"cpu","size":512,"median_s":0.001674776,"q1_s":0.001402198,"q3_s":0.001945817,"gflops":160.281,"checksum":937.743233,"warmup":20,"iters":20,"mode":"fresh","parity_total":262144,"parity_fail_count":0,"parity_max_abs_err":0.000000e0,"parity_max_rel_err":0.000000e0,"parity_scaled_abs_bound":0.000000e0,"parity_scaled_abs_rescued":0}
== bench-fandhe gemm cpu size=1024 mode=fresh extra=none ==
{"framework":"fandhe-ai","version":"0.11.0","task":"gemm","device":"cpu","size":1024,"median_s":0.003868481,"q1_s":0.003745796,"q3_s":0.004501799,"gflops":555.123,"checksum":-1855.597736,"warmup":20,"iters":20,"mode":"fresh","parity_total":1048576,"parity_fail_count":0,"parity_max_abs_err":0.000000e0,"parity_max_rel_err":0.000000e0,"parity_scaled_abs_bound":0.000000e0,"parity_scaled_abs_rescued":0}
== bench-fandhe gemm cpu size=2048 mode=fresh extra=none ==
{"framework":"fandhe-ai","version":"0.11.0","task":"gemm","device":"cpu","size":2048,"median_s":0.016607665,"q1_s":0.016423764,"q3_s":0.016990723,"gflops":1034.454,"checksum":-6016.774008,"warmup":20,"iters":20,"mode":"fresh","parity_total":4194304,"parity_fail_count":0,"parity_max_abs_err":0.000000e0,"parity_max_rel_err":0.000000e0,"parity_scaled_abs_bound":0.000000e0,"parity_scaled_abs_rescued":0}
== bench-fandhe train cuda size=64 mode=fresh extra=none ==
{"framework":"fandhe-ai","version":"0.11.0","task":"train","device":"cuda","size":64,"median_s":0.000511890,"q1_s":0.000505690,"q3_s":0.000522386,"checksum":0.080541,"warmup":20,"iters":80,"mode":"fresh"}
== bench-fandhe infer cuda size=64 mode=fresh extra=none ==
{"framework":"fandhe-ai","version":"0.11.0","task":"infer","device":"cuda","size":64,"median_s":0.000153984,"q1_s":0.000150048,"q3_s":0.000157881,"throughput_per_s":6494.160,"checksum":13.976574,"warmup":20,"iters":20,"mode":"fresh"}
== bench-fandhe train cpu size=64 mode=fresh extra=none ==
{"framework":"fandhe-ai","version":"0.11.0","task":"train","device":"cpu","size":64,"median_s":0.000999796,"q1_s":0.000837592,"q3_s":0.001192957,"checksum":0.080541,"warmup":20,"iters":80,"mode":"fresh"}
== bench-fandhe infer cpu size=64 mode=fresh extra=none ==
{"framework":"fandhe-ai","version":"0.11.0","task":"infer","device":"cpu","size":64,"median_s":0.000171241,"q1_s":0.000156353,"q3_s":0.000188688,"throughput_per_s":5839.723,"checksum":13.976574,"warmup":20,"iters":20,"mode":"fresh"}
== bench-candle gemm cuda size=256 mode=fresh extra=none ==
{"framework":"candle","version":"0.11.0","task":"gemm","device":"cuda","size":256,"median_s":0.000075360,"q1_s":0.000075032,"q3_s":0.000075664,"gflops":445.252,"checksum":237.546670,"warmup":20,"iters":20,"mode":"fresh","parity_total":65536,"parity_fail_count":0,"parity_max_abs_err":4.053116e-6,"parity_max_rel_err":2.549727e-2,"parity_scaled_abs_bound":1.907255e-6,"parity_scaled_abs_rescued":0}
== bench-candle gemm cuda size=512 mode=fresh extra=none ==
{"framework":"candle","version":"0.11.0","task":"gemm","device":"cuda","size":512,"median_s":0.000233985,"q1_s":0.000233505,"q3_s":0.000234385,"gflops":1147.234,"checksum":937.743128,"warmup":20,"iters":20,"mode":"fresh","parity_total":262144,"parity_fail_count":0,"parity_max_abs_err":9.536743e-6,"parity_max_rel_err":8.516808e-3,"parity_scaled_abs_bound":3.814663e-6,"parity_scaled_abs_rescued":0}
== bench-candle gemm cuda size=1024 mode=fresh extra=none ==
{"framework":"candle","version":"0.11.0","task":"gemm","device":"cuda","size":1024,"median_s":0.000927628,"q1_s":0.000925764,"q3_s":0.000933512,"gflops":2315.027,"checksum":-1855.594967,"warmup":20,"iters":20,"mode":"fresh","parity_total":1048576,"parity_fail_count":0,"parity_max_abs_err":1.811981e-5,"parity_max_rel_err":3.398111e-1,"parity_scaled_abs_bound":7.629375e-6,"parity_scaled_abs_rescued":0}
== bench-candle gemm cuda size=2048 mode=fresh extra=none ==
{"framework":"candle","version":"0.11.0","task":"gemm","device":"cuda","size":2048,"median_s":0.004221051,"q1_s":0.004211158,"q3_s":0.004232987,"gflops":4070.046,"checksum":-6016.775802,"warmup":20,"iters":20,"mode":"fresh","parity_total":4194304,"parity_fail_count":0,"parity_max_abs_err":3.623962e-5,"parity_max_rel_err":2.811288e-1,"parity_scaled_abs_bound":1.525878e-5,"parity_scaled_abs_rescued":2}
== bench-candle gemm cuda size=4096 mode=fresh extra=none ==
{"framework":"candle","version":"0.11.0","task":"gemm","device":"cuda","size":4096,"median_s":0.056201117,"q1_s":0.055453346,"q3_s":0.057735436,"gflops":2445.484,"checksum":-25768.747284,"warmup":20,"iters":20,"mode":"fresh","parity_total":16777216,"parity_fail_count":0,"parity_max_abs_err":0.000000e0,"parity_max_rel_err":0.000000e0,"parity_scaled_abs_bound":3.051757e-5,"parity_scaled_abs_rescued":0}
== bench-candle gemm cpu size=256 mode=fresh extra=none ==
{"framework":"candle","version":"0.11.0","task":"gemm","device":"cpu","size":256,"median_s":0.000348146,"q1_s":0.000326301,"q3_s":0.000372429,"gflops":96.380,"checksum":237.546660,"warmup":20,"iters":20,"mode":"fresh","parity_total":65536,"parity_fail_count":0,"parity_max_abs_err":0.000000e0,"parity_max_rel_err":0.000000e0,"parity_scaled_abs_bound":1.907255e-6,"parity_scaled_abs_rescued":0}
== bench-candle gemm cpu size=512 mode=fresh extra=none ==
{"framework":"candle","version":"0.11.0","task":"gemm","device":"cpu","size":512,"median_s":0.001761975,"q1_s":0.001637711,"q3_s":0.001877008,"gflops":152.349,"checksum":937.743233,"warmup":20,"iters":20,"mode":"fresh","parity_total":262144,"parity_fail_count":0,"parity_max_abs_err":0.000000e0,"parity_max_rel_err":0.000000e0,"parity_scaled_abs_bound":3.814663e-6,"parity_scaled_abs_rescued":0}
== bench-candle gemm cpu size=1024 mode=fresh extra=none ==
{"framework":"candle","version":"0.11.0","task":"gemm","device":"cpu","size":1024,"median_s":0.005455231,"q1_s":0.005276755,"q3_s":0.005634185,"gflops":393.656,"checksum":-1855.597736,"warmup":20,"iters":20,"mode":"fresh","parity_total":1048576,"parity_fail_count":0,"parity_max_abs_err":0.000000e0,"parity_max_rel_err":0.000000e0,"parity_scaled_abs_bound":7.629375e-6,"parity_scaled_abs_rescued":0}
== bench-candle gemm cpu size=2048 mode=fresh extra=none ==
{"framework":"candle","version":"0.11.0","task":"gemm","device":"cpu","size":2048,"median_s":0.033547241,"q1_s":0.032864639,"q3_s":0.034335365,"gflops":512.110,"checksum":-6016.773874,"warmup":20,"iters":20,"mode":"fresh","parity_total":4194304,"parity_fail_count":0,"parity_max_abs_err":3.814697e-5,"parity_max_rel_err":3.944416e-1,"parity_scaled_abs_bound":1.525878e-5,"parity_scaled_abs_rescued":2}
== bench-candle train cuda size=64 mode=fresh extra=none ==
{"framework":"candle","version":"0.11.0","task":"train","device":"cuda","size":64,"median_s":0.000271697,"q1_s":0.000268589,"q3_s":0.000275185,"checksum":0.117549,"warmup":20,"iters":80,"mode":"fresh"}
== bench-candle infer cuda size=64 mode=fresh extra=none ==
{"framework":"candle","version":"0.11.0","task":"infer","device":"cuda","size":64,"median_s":0.000041640,"q1_s":0.000040140,"q3_s":0.000042316,"throughput_per_s":24015.370,"checksum":1381.708740,"warmup":20,"iters":20,"mode":"fresh"}
== bench-candle train cpu size=64 mode=fresh extra=none ==
{"framework":"candle","version":"0.11.0","task":"train","device":"cpu","size":64,"median_s":0.002277569,"q1_s":0.002031501,"q3_s":0.002589815,"checksum":0.117550,"warmup":20,"iters":80,"mode":"fresh"}
== bench-candle infer cpu size=64 mode=fresh extra=none ==
{"framework":"candle","version":"0.11.0","task":"infer","device":"cpu","size":64,"median_s":0.000292466,"q1_s":0.000215784,"q3_s":0.000391398,"throughput_per_s":3419.201,"checksum":1381.708783,"warmup":20,"iters":20,"mode":"fresh"}
== bench-burn gemm cuda size=256 mode=fresh extra=none ==
{"framework":"burn","version":"0.21.0","task":"gemm","device":"cuda","size":256,"median_s":0.000172417,"q1_s":0.000166037,"q3_s":0.000431177,"gflops":194.613,"checksum":237.580621,"warmup":20,"iters":20,"mode":"fresh","parity_total":65536,"parity_fail_count":0,"parity_max_abs_err":1.581430e-3,"parity_max_rel_err":1.553981e0,"parity_scaled_abs_bound":1.562424e-2,"parity_scaled_abs_rescued":10538,"tf32":true}
== bench-burn gemm cuda size=512 mode=fresh extra=none ==
{"framework":"burn","version":"0.21.0","task":"gemm","device":"cuda","size":512,"median_s":0.000689875,"q1_s":0.000332382,"q3_s":0.000701331,"gflops":389.107,"checksum":937.360224,"warmup":20,"iters":20,"mode":"fresh","parity_total":262144,"parity_fail_count":0,"parity_max_abs_err":2.342582e-3,"parity_max_rel_err":1.972325e0,"parity_scaled_abs_bound":3.124972e-2,"parity_scaled_abs_rescued":42361,"tf32":true}
== bench-burn gemm cuda size=1024 mode=fresh extra=none ==
{"framework":"burn","version":"0.21.0","task":"gemm","device":"cuda","size":1024,"median_s":0.001166853,"q1_s":0.001012476,"q3_s":0.001177009,"gflops":1840.406,"checksum":-1855.919764,"warmup":20,"iters":20,"mode":"fresh","parity_total":1048576,"parity_fail_count":0,"parity_max_abs_err":3.642797e-3,"parity_max_rel_err":1.964783e0,"parity_scaled_abs_bound":6.249984e-2,"parity_scaled_abs_rescued":169929,"tf32":true}
== bench-burn gemm cuda size=2048 mode=fresh extra=none ==
{"framework":"burn","version":"0.21.0","task":"gemm","device":"cuda","size":2048,"median_s":0.004140986,"q1_s":0.004106902,"q3_s":0.004158490,"gflops":4148.739,"checksum":-6017.744475,"warmup":20,"iters":20,"mode":"fresh","parity_total":4194304,"parity_fail_count":0,"parity_max_abs_err":4.941225e-3,"parity_max_rel_err":1.986745e0,"parity_scaled_abs_bound":1.249999e-1,"parity_scaled_abs_rescued":681454,"tf32":true}
== bench-burn gemm cuda size=4096 mode=fresh extra=none ==
{"framework":"burn","version":"0.21.0","task":"gemm","device":"cuda","size":4096,"median_s":0.039790796,"q1_s":0.039722099,"q3_s":0.039879328,"gflops":3454.039,"checksum":-25774.003763,"warmup":20,"iters":20,"mode":"fresh","parity_total":16777216,"parity_fail_count":0,"parity_max_abs_err":7.116556e-3,"parity_max_rel_err":1.997358e0,"parity_scaled_abs_bound":2.500000e-1,"parity_scaled_abs_rescued":2729050,"tf32":true}
== bench-burn gemm cpu size=256 mode=fresh extra=none ==
{"framework":"burn","version":"0.21.0","task":"gemm","device":"cpu","size":256,"median_s":0.000573315,"q1_s":0.000511082,"q3_s":0.000593278,"gflops":58.527,"checksum":237.546660,"warmup":20,"iters":20,"mode":"fresh","parity_total":65536,"parity_fail_count":0,"parity_max_abs_err":0.000000e0,"parity_max_rel_err":0.000000e0,"parity_scaled_abs_bound":1.907255e-6,"parity_scaled_abs_rescued":0}
== bench-burn gemm cpu size=512 mode=fresh extra=none ==
{"framework":"burn","version":"0.21.0","task":"gemm","device":"cpu","size":512,"median_s":0.002986269,"q1_s":0.002925065,"q3_s":0.003040961,"gflops":89.890,"checksum":937.743112,"warmup":20,"iters":20,"mode":"fresh","parity_total":262144,"parity_fail_count":0,"parity_max_abs_err":9.059906e-6,"parity_max_rel_err":8.316180e-3,"parity_scaled_abs_bound":3.814663e-6,"parity_scaled_abs_rescued":0}
== bench-burn gemm cpu size=1024 mode=fresh extra=none ==
{"framework":"burn","version":"0.21.0","task":"gemm","device":"cpu","size":1024,"median_s":0.022537306,"q1_s":0.022510413,"q3_s":0.022551245,"gflops":95.286,"checksum":-1855.595863,"warmup":20,"iters":20,"mode":"fresh","parity_total":1048576,"parity_fail_count":0,"parity_max_abs_err":2.050400e-5,"parity_max_rel_err":1.834505e-1,"parity_scaled_abs_bound":7.629375e-6,"parity_scaled_abs_rescued":0}
== bench-burn gemm cpu size=2048 mode=fresh extra=none ==
{"framework":"burn","version":"0.21.0","task":"gemm","device":"cpu","size":2048,"median_s":0.159848687,"q1_s":0.159713504,"q3_s":0.160034232,"gflops":107.476,"checksum":-6016.774966,"warmup":20,"iters":20,"mode":"fresh","parity_total":4194304,"parity_fail_count":0,"parity_max_abs_err":3.528595e-5,"parity_max_rel_err":3.051549e-1,"parity_scaled_abs_bound":1.525878e-5,"parity_scaled_abs_rescued":5}
== bench-burn train cuda size=64 mode=fresh extra=none ==
{"framework":"burn","version":"0.21.0","task":"train","device":"cuda","size":64,"median_s":0.000623659,"q1_s":0.000326549,"q3_s":0.000787528,"checksum":0.117643,"warmup":20,"iters":80,"mode":"fresh","tf32":true}
== bench-burn infer cuda size=64 mode=fresh extra=none ==
{"framework":"burn","version":"0.21.0","task":"infer","device":"cuda","size":64,"median_s":0.000104145,"q1_s":0.000103224,"q3_s":0.000106265,"throughput_per_s":9602.043,"checksum":1381.643178,"warmup":20,"iters":20,"mode":"fresh","tf32":true}
== bench-burn train cpu size=64 mode=fresh extra=none ==
{"framework":"burn","version":"0.21.0","task":"train","device":"cpu","size":64,"median_s":0.000973132,"q1_s":0.000967112,"q3_s":0.000976388,"checksum":0.117549,"warmup":20,"iters":80,"mode":"fresh"}
== bench-burn infer cpu size=64 mode=fresh extra=none ==
{"framework":"burn","version":"0.21.0","task":"infer","device":"cpu","size":64,"median_s":0.000236497,"q1_s":0.000236185,"q3_s":0.000237141,"throughput_per_s":4228.383,"checksum":1381.708825,"warmup":20,"iters":20,"mode":"fresh"}
== bench-fandhe gemm cuda size=256 mode=reuse extra=none ==
{"framework":"fandhe-ai","version":"0.11.0","task":"gemm","device":"cuda","size":256,"median_s":0.000090016,"q1_s":0.000089604,"q3_s":0.000090204,"gflops":372.759,"checksum":237.546660,"warmup":20,"iters":20,"mode":"reuse","init_s":0.409030909,"parity_total":65536,"parity_fail_count":0,"parity_max_abs_err":0.000000e0,"parity_max_rel_err":0.000000e0,"parity_scaled_abs_bound":0.000000e0,"parity_scaled_abs_rescued":0}
== bench-fandhe gemm cuda size=512 mode=reuse extra=none ==
{"framework":"fandhe-ai","version":"0.11.0","task":"gemm","device":"cuda","size":512,"median_s":0.000572274,"q1_s":0.000555798,"q3_s":0.000591163,"gflops":469.068,"checksum":937.743233,"warmup":20,"iters":20,"mode":"reuse","init_s":0.407576311,"parity_total":262144,"parity_fail_count":0,"parity_max_abs_err":0.000000e0,"parity_max_rel_err":0.000000e0,"parity_scaled_abs_bound":0.000000e0,"parity_scaled_abs_rescued":0}
== bench-fandhe gemm cuda size=1024 mode=reuse extra=none ==
{"framework":"fandhe-ai","version":"0.11.0","task":"gemm","device":"cuda","size":1024,"median_s":0.002268746,"q1_s":0.002139661,"q3_s":0.002385551,"gflops":946.551,"checksum":-1855.597736,"warmup":20,"iters":20,"mode":"reuse","init_s":0.417302448,"parity_total":1048576,"parity_fail_count":0,"parity_max_abs_err":0.000000e0,"parity_max_rel_err":0.000000e0,"parity_scaled_abs_bound":0.000000e0,"parity_scaled_abs_rescued":0}
== bench-fandhe gemm cuda size=2048 mode=reuse extra=none ==
{"framework":"fandhe-ai","version":"0.11.0","task":"gemm","device":"cuda","size":2048,"median_s":0.008630101,"q1_s":0.008607077,"q3_s":0.008697822,"gflops":1990.692,"checksum":-6016.774008,"warmup":20,"iters":20,"mode":"reuse","init_s":0.419205030,"parity_total":4194304,"parity_fail_count":0,"parity_max_abs_err":0.000000e0,"parity_max_rel_err":0.000000e0,"parity_scaled_abs_bound":0.000000e0,"parity_scaled_abs_rescued":0}
== bench-fandhe gemm cuda size=4096 mode=reuse extra=none ==
{"framework":"fandhe-ai","version":"0.11.0","task":"gemm","device":"cuda","size":4096,"median_s":0.039114367,"q1_s":0.038950163,"q3_s":0.039378948,"gflops":3513.772,"checksum":-25768.747284,"warmup":20,"iters":20,"mode":"reuse","init_s":0.453372967,"parity_total":16777216,"parity_fail_count":0,"parity_max_abs_err":0.000000e0,"parity_max_rel_err":0.000000e0,"parity_scaled_abs_bound":0.000000e0,"parity_scaled_abs_rescued":0}
== bench-fandhe train cuda size=64 mode=reuse extra=none ==
{"framework":"fandhe-ai","version":"0.11.0","task":"train","device":"cuda","size":64,"median_s":0.000328009,"q1_s":0.000326554,"q3_s":0.000329302,"checksum":0.080541,"warmup":20,"iters":80,"mode":"reuse","init_s":0.207486663}
== bench-fandhe train cpu size=64 mode=reuse extra=none ==
{"framework":"fandhe-ai","version":"0.11.0","task":"train","device":"cpu","size":64,"median_s":0.000979484,"q1_s":0.000907316,"q3_s":0.001147193,"checksum":0.080541,"warmup":20,"iters":80,"mode":"reuse","init_s":0.001041348}
== bench-fandhe train cuda size=64 mode=fresh extra=--phases ==
{"framework":"fandhe-ai","version":"0.11.0","task":"train_phases","device":"cuda","size":64,"median_s":0.000003040,"q1_s":0.000002976,"q3_s":0.000003140,"checksum":0.080541,"warmup":20,"iters":80,"mode":"fresh","phase":"tape_build","phase_index":0}
{"framework":"fandhe-ai","version":"0.11.0","task":"train_phases","device":"cuda","size":64,"median_s":0.000001576,"q1_s":0.000001136,"q3_s":0.000001712,"checksum":0.080541,"warmup":20,"iters":80,"mode":"fresh","phase":"leaf_register","phase_index":1}
{"framework":"fandhe-ai","version":"0.11.0","task":"train_phases","device":"cuda","size":64,"median_s":0.000176977,"q1_s":0.000171960,"q3_s":0.000178537,"checksum":0.080541,"warmup":20,"iters":80,"mode":"fresh","phase":"forward","phase_index":2}
{"framework":"fandhe-ai","version":"0.11.0","task":"train_phases","device":"cuda","size":64,"median_s":0.000000032,"q1_s":0.000000032,"q3_s":0.000000048,"checksum":0.080541,"warmup":20,"iters":80,"mode":"fresh","phase":"loss_readout","phase_index":3}
{"framework":"fandhe-ai","version":"0.11.0","task":"train_phases","device":"cuda","size":64,"median_s":0.000208609,"q1_s":0.000197669,"q3_s":0.000211361,"checksum":0.080541,"warmup":20,"iters":80,"mode":"fresh","phase":"backward","phase_index":4}
{"framework":"fandhe-ai","version":"0.11.0","task":"train_phases","device":"cuda","size":64,"median_s":0.000080768,"q1_s":0.000067101,"q3_s":0.000092528,"checksum":0.080541,"warmup":20,"iters":80,"mode":"fresh","phase":"param_readout","phase_index":5}
{"framework":"fandhe-ai","version":"0.11.0","task":"train_phases","device":"cuda","size":64,"median_s":0.000045312,"q1_s":0.000038168,"q3_s":0.000057801,"checksum":0.080541,"warmup":20,"iters":80,"mode":"fresh","phase":"host_sgd","phase_index":6}
{"framework":"fandhe-ai","version":"0.11.0","task":"train_phases","device":"cuda","size":64,"median_s":0.000000272,"q1_s":0.000000256,"q3_s":0.000000292,"checksum":0.080541,"warmup":20,"iters":80,"mode":"fresh","phase":"apply_params","phase_index":7}
{"framework":"fandhe-ai","version":"0.11.0","task":"train_phases","device":"cuda","size":64,"median_s":0.000002136,"q1_s":0.000002000,"q3_s":0.000002292,"checksum":0.080541,"warmup":20,"iters":80,"mode":"fresh","phase":"tape_drop","phase_index":8}
{"framework":"fandhe-ai","version":"0.11.0","task":"train_phases","device":"cuda","size":64,"median_s":0.000517210,"q1_s":0.000496958,"q3_s":0.000531319,"checksum":0.080541,"warmup":20,"iters":80,"mode":"fresh","phase":"step_total","phase_index":9}
== bench-fandhe train cuda size=64 mode=reuse extra=--phases ==
{"framework":"fandhe-ai","version":"0.11.0","task":"train_phases","device":"cuda","size":64,"median_s":0.000002448,"q1_s":0.000002396,"q3_s":0.000002528,"checksum":0.080541,"warmup":20,"iters":80,"mode":"reuse","init_s":0.207917209,"phase":"tape_build","phase_index":0}
{"framework":"fandhe-ai","version":"0.11.0","task":"train_phases","device":"cuda","size":64,"median_s":0.000000240,"q1_s":0.000000240,"q3_s":0.000000256,"checksum":0.080541,"warmup":20,"iters":80,"mode":"reuse","init_s":0.207917209,"phase":"leaf_register","phase_index":1}
{"framework":"fandhe-ai","version":"0.11.0","task":"train_phases","device":"cuda","size":64,"median_s":0.000155425,"q1_s":0.000154341,"q3_s":0.000156248,"checksum":0.080541,"warmup":20,"iters":80,"mode":"reuse","init_s":0.207917209,"phase":"forward_resident","phase_index":2}
{"framework":"fandhe-ai","version":"0.11.0","task":"train_phases","device":"cuda","size":64,"median_s":0.000000032,"q1_s":0.000000032,"q3_s":0.000000048,"checksum":0.080541,"warmup":20,"iters":80,"mode":"reuse","init_s":0.207917209,"phase":"loss_readout","phase_index":3}
{"framework":"fandhe-ai","version":"0.11.0","task":"train_phases","device":"cuda","size":64,"median_s":0.000163577,"q1_s":0.000162441,"q3_s":0.000166788,"checksum":0.080541,"warmup":20,"iters":80,"mode":"reuse","init_s":0.207917209,"phase":"backward","phase_index":4}
{"framework":"fandhe-ai","version":"0.11.0","task":"train_phases","device":"cuda","size":64,"median_s":0.000007856,"q1_s":0.000007792,"q3_s":0.000007936,"checksum":0.080541,"warmup":20,"iters":80,"mode":"reuse","init_s":0.207917209,"phase":"device_update","phase_index":5}
{"framework":"fandhe-ai","version":"0.11.0","task":"train_phases","device":"cuda","size":64,"median_s":0.000000912,"q1_s":0.000000816,"q3_s":0.000000944,"checksum":0.080541,"warmup":20,"iters":80,"mode":"reuse","init_s":0.207917209,"phase":"tape_drop","phase_index":6}
{"framework":"fandhe-ai","version":"0.11.0","task":"train_phases","device":"cuda","size":64,"median_s":0.000330937,"q1_s":0.000329626,"q3_s":0.000335753,"checksum":0.080541,"warmup":20,"iters":80,"mode":"reuse","init_s":0.207917209,"phase":"step_total","phase_index":7}
== bench-fandhe train cpu size=64 mode=fresh extra=--phases ==
{"framework":"fandhe-ai","version":"0.11.0","task":"train_phases","device":"cpu","size":64,"median_s":0.000000320,"q1_s":0.000000272,"q3_s":0.000000352,"checksum":0.080541,"warmup":20,"iters":80,"mode":"fresh","phase":"tape_build","phase_index":0}
{"framework":"fandhe-ai","version":"0.11.0","task":"train_phases","device":"cpu","size":64,"median_s":0.000002112,"q1_s":0.000001692,"q3_s":0.000002836,"checksum":0.080541,"warmup":20,"iters":80,"mode":"fresh","phase":"leaf_register","phase_index":1}
{"framework":"fandhe-ai","version":"0.11.0","task":"train_phases","device":"cpu","size":64,"median_s":0.000232201,"q1_s":0.000214373,"q3_s":0.000274529,"checksum":0.080541,"warmup":20,"iters":80,"mode":"fresh","phase":"forward","phase_index":2}
{"framework":"fandhe-ai","version":"0.11.0","task":"train_phases","device":"cpu","size":64,"median_s":0.000000128,"q1_s":0.000000096,"q3_s":0.000000192,"checksum":0.080541,"warmup":20,"iters":80,"mode":"fresh","phase":"loss_readout","phase_index":3}
{"framework":"fandhe-ai","version":"0.11.0","task":"train_phases","device":"cpu","size":64,"median_s":0.000475090,"q1_s":0.000402458,"q3_s":0.000577130,"checksum":0.080541,"warmup":20,"iters":80,"mode":"fresh","phase":"backward","phase_index":4}
{"framework":"fandhe-ai","version":"0.11.0","task":"train_phases","device":"cpu","size":64,"median_s":0.000044321,"q1_s":0.000037988,"q3_s":0.000050324,"checksum":0.080541,"warmup":20,"iters":80,"mode":"fresh","phase":"param_readout","phase_index":5}
{"framework":"fandhe-ai","version":"0.11.0","task":"train_phases","device":"cpu","size":64,"median_s":0.000057720,"q1_s":0.000048688,"q3_s":0.000074805,"checksum":0.080541,"warmup":20,"iters":80,"mode":"fresh","phase":"host_sgd","phase_index":6}
{"framework":"fandhe-ai","version":"0.11.0","task":"train_phases","device":"cpu","size":64,"median_s":0.000000968,"q1_s":0.000000688,"q3_s":0.000001316,"checksum":0.080541,"warmup":20,"iters":80,"mode":"fresh","phase":"apply_params","phase_index":7}
{"framework":"fandhe-ai","version":"0.11.0","task":"train_phases","device":"cpu","size":64,"median_s":0.000003896,"q1_s":0.000003432,"q3_s":0.000004500,"checksum":0.080541,"warmup":20,"iters":80,"mode":"fresh","phase":"tape_drop","phase_index":8}
{"framework":"fandhe-ai","version":"0.11.0","task":"train_phases","device":"cpu","size":64,"median_s":0.000896948,"q1_s":0.000754807,"q3_s":0.001204565,"checksum":0.080541,"warmup":20,"iters":80,"mode":"fresh","phase":"step_total","phase_index":9}
== bench-fandhe train cpu size=64 mode=reuse extra=--phases ==
{"framework":"fandhe-ai","version":"0.11.0","task":"train_phases","device":"cpu","size":64,"median_s":0.000000256,"q1_s":0.000000176,"q3_s":0.000000352,"checksum":0.080541,"warmup":20,"iters":80,"mode":"reuse","init_s":0.001132740,"phase":"tape_build","phase_index":0}
{"framework":"fandhe-ai","version":"0.11.0","task":"train_phases","device":"cpu","size":64,"median_s":0.000000768,"q1_s":0.000000512,"q3_s":0.000001156,"checksum":0.080541,"warmup":20,"iters":80,"mode":"reuse","init_s":0.001132740,"phase":"leaf_register","phase_index":1}
{"framework":"fandhe-ai","version":"0.11.0","task":"train_phases","device":"cpu","size":64,"median_s":0.000236833,"q1_s":0.000202773,"q3_s":0.000330894,"checksum":0.080541,"warmup":20,"iters":80,"mode":"reuse","init_s":0.001132740,"phase":"forward_resident","phase_index":2}
{"framework":"fandhe-ai","version":"0.11.0","task":"train_phases","device":"cpu","size":64,"median_s":0.000000152,"q1_s":0.000000080,"q3_s":0.000000196,"checksum":0.080541,"warmup":20,"iters":80,"mode":"reuse","init_s":0.001132740,"phase":"loss_readout","phase_index":3}
{"framework":"fandhe-ai","version":"0.11.0","task":"train_phases","device":"cpu","size":64,"median_s":0.000491130,"q1_s":0.000421594,"q3_s":0.000674646,"checksum":0.080541,"warmup":20,"iters":80,"mode":"reuse","init_s":0.001132740,"phase":"backward","phase_index":4}
{"framework":"fandhe-ai","version":"0.11.0","task":"train_phases","device":"cpu","size":64,"median_s":0.000277145,"q1_s":0.000236197,"q3_s":0.000302218,"checksum":0.080541,"warmup":20,"iters":80,"mode":"reuse","init_s":0.001132740,"phase":"device_update","phase_index":5}
{"framework":"fandhe-ai","version":"0.11.0","task":"train_phases","device":"cpu","size":64,"median_s":0.000001976,"q1_s":0.000001492,"q3_s":0.000002196,"checksum":0.080541,"warmup":20,"iters":80,"mode":"reuse","init_s":0.001132740,"phase":"tape_drop","phase_index":6}
{"framework":"fandhe-ai","version":"0.11.0","task":"train_phases","device":"cpu","size":64,"median_s":0.001078525,"q1_s":0.000898915,"q3_s":0.001393706,"checksum":0.080541,"warmup":20,"iters":80,"mode":"reuse","init_s":0.001132740,"phase":"step_total","phase_index":7}
== bench-fandhe infer cuda size=64 mode=reuse extra=none ==
{"framework":"fandhe-ai","version":"0.11.0","task":"infer","device":"cuda","size":64,"median_s":0.000099024,"q1_s":0.000098924,"q3_s":0.000099088,"throughput_per_s":10098.562,"checksum":13.976574,"warmup":20,"iters":20,"mode":"reuse","init_s":0.215360392}
== bench-fandhe infer cpu size=64 mode=reuse extra=none ==
{"framework":"fandhe-ai","version":"0.11.0","task":"infer","device":"cpu","size":64,"median_s":0.000215049,"q1_s":0.000202873,"q3_s":0.000234417,"throughput_per_s":4650.103,"checksum":13.976574,"warmup":20,"iters":20,"mode":"reuse","init_s":0.001204949}
== bench-fandhe infer cuda size=64 mode=fresh extra=--phases ==
{"framework":"fandhe-ai","version":"0.11.0","task":"infer_phases","device":"cuda","size":64,"median_s":0.000000264,"q1_s":0.000000256,"q3_s":0.000000276,"checksum":13.976574,"warmup":20,"iters":20,"mode":"fresh","phase":"leaf_register","phase_index":0}
{"framework":"fandhe-ai","version":"0.11.0","task":"infer_phases","device":"cuda","size":64,"median_s":0.000137841,"q1_s":0.000132141,"q3_s":0.000138705,"checksum":13.976574,"warmup":20,"iters":20,"mode":"fresh","phase":"forward","phase_index":1}
{"framework":"fandhe-ai","version":"0.11.0","task":"infer_phases","device":"cuda","size":64,"median_s":0.000018704,"q1_s":0.000018572,"q3_s":0.000018964,"checksum":13.976574,"warmup":20,"iters":20,"mode":"fresh","phase":"to_tensor","phase_index":2}
{"framework":"fandhe-ai","version":"0.11.0","task":"infer_phases","device":"cuda","size":64,"median_s":0.000000080,"q1_s":0.000000080,"q3_s":0.000000080,"checksum":13.976574,"warmup":20,"iters":20,"mode":"fresh","phase":"host_copy","phase_index":3}
{"framework":"fandhe-ai","version":"0.11.0","task":"infer_phases","device":"cuda","size":64,"median_s":0.000000640,"q1_s":0.000000572,"q3_s":0.000000792,"checksum":13.976574,"warmup":20,"iters":20,"mode":"fresh","phase":"checksum","phase_index":4}
{"framework":"fandhe-ai","version":"0.11.0","task":"infer_phases","device":"cuda","size":64,"median_s":0.000157913,"q1_s":0.000153157,"q3_s":0.000158721,"checksum":13.976574,"warmup":20,"iters":20,"mode":"fresh","phase":"iter_total","phase_index":5}
== bench-fandhe infer cuda size=64 mode=reuse extra=--phases ==
{"framework":"fandhe-ai","version":"0.11.0","task":"infer_phases","device":"cuda","size":64,"median_s":0.000098297,"q1_s":0.000097884,"q3_s":0.000098700,"checksum":13.976574,"warmup":20,"iters":20,"mode":"reuse","init_s":0.216378108,"phase":"predict_resident","phase_index":0}
{"framework":"fandhe-ai","version":"0.11.0","task":"infer_phases","device":"cuda","size":64,"median_s":0.000000064,"q1_s":0.000000048,"q3_s":0.000000064,"checksum":13.976574,"warmup":20,"iters":20,"mode":"reuse","init_s":0.216378108,"phase":"host_copy","phase_index":1}
{"framework":"fandhe-ai","version":"0.11.0","task":"infer_phases","device":"cuda","size":64,"median_s":0.000001072,"q1_s":0.000001040,"q3_s":0.000001092,"checksum":13.976574,"warmup":20,"iters":20,"mode":"reuse","init_s":0.216378108,"phase":"checksum","phase_index":2}
{"framework":"fandhe-ai","version":"0.11.0","task":"infer_phases","device":"cuda","size":64,"median_s":0.000099545,"q1_s":0.000099160,"q3_s":0.000100000,"checksum":13.976574,"warmup":20,"iters":20,"mode":"reuse","init_s":0.216378108,"phase":"iter_total","phase_index":3}
== bench-fandhe infer cpu size=64 mode=fresh extra=--phases ==
{"framework":"fandhe-ai","version":"0.11.0","task":"infer_phases","device":"cpu","size":64,"median_s":0.000173113,"q1_s":0.000159444,"q3_s":0.000258297,"checksum":13.976574,"warmup":20,"iters":20,"mode":"fresh","phase":"predict","phase_index":0}
{"framework":"fandhe-ai","version":"0.11.0","task":"infer_phases","device":"cpu","size":64,"median_s":0.000000112,"q1_s":0.000000076,"q3_s":0.000000132,"checksum":13.976574,"warmup":20,"iters":20,"mode":"fresh","phase":"host_copy","phase_index":1}
{"framework":"fandhe-ai","version":"0.11.0","task":"infer_phases","device":"cpu","size":64,"median_s":0.000000320,"q1_s":0.000000320,"q3_s":0.000000336,"checksum":13.976574,"warmup":20,"iters":20,"mode":"fresh","phase":"checksum","phase_index":2}
{"framework":"fandhe-ai","version":"0.11.0","task":"infer_phases","device":"cpu","size":64,"median_s":0.000173705,"q1_s":0.000160044,"q3_s":0.000259521,"checksum":13.976574,"warmup":20,"iters":20,"mode":"fresh","phase":"iter_total","phase_index":3}
== bench-fandhe infer cpu size=64 mode=reuse extra=--phases ==
{"framework":"fandhe-ai","version":"0.11.0","task":"infer_phases","device":"cpu","size":64,"median_s":0.000177649,"q1_s":0.000163305,"q3_s":0.000201797,"checksum":13.976574,"warmup":20,"iters":20,"mode":"reuse","init_s":0.001017925,"phase":"predict_resident","phase_index":0}
{"framework":"fandhe-ai","version":"0.11.0","task":"infer_phases","device":"cpu","size":64,"median_s":0.000000144,"q1_s":0.000000124,"q3_s":0.000000228,"checksum":13.976574,"warmup":20,"iters":20,"mode":"reuse","init_s":0.001017925,"phase":"host_copy","phase_index":1}
{"framework":"fandhe-ai","version":"0.11.0","task":"infer_phases","device":"cpu","size":64,"median_s":0.000000352,"q1_s":0.000000332,"q3_s":0.000000528,"checksum":13.976574,"warmup":20,"iters":20,"mode":"reuse","init_s":0.001017925,"phase":"checksum","phase_index":2}
{"framework":"fandhe-ai","version":"0.11.0","task":"infer_phases","device":"cpu","size":64,"median_s":0.000178761,"q1_s":0.000163929,"q3_s":0.000203209,"checksum":13.976574,"warmup":20,"iters":20,"mode":"reuse","init_s":0.001017925,"phase":"iter_total","phase_index":3}
== bench-fandhe gemm cuda size=256 mode=fresh extra=--tf32 ==
{"framework":"fandhe-ai","version":"0.11.0","task":"gemm","device":"cuda","size":256,"median_s":0.000090584,"q1_s":0.000090192,"q3_s":0.000090836,"gflops":370.423,"checksum":237.580621,"warmup":20,"iters":20,"mode":"fresh","parity_total":65536,"parity_fail_count":10538,"parity_max_abs_err":1.581430e-3,"parity_max_rel_err":1.553981e0,"parity_scaled_abs_bound":0.000000e0,"parity_scaled_abs_rescued":0,"tf32":true}
== bench-fandhe gemm cuda size=512 mode=fresh extra=--tf32 ==
{"framework":"fandhe-ai","version":"0.11.0","task":"gemm","device":"cuda","size":512,"median_s":0.000263161,"q1_s":0.000262925,"q3_s":0.000263462,"gflops":1020.043,"checksum":937.360224,"warmup":20,"iters":20,"mode":"fresh","parity_total":262144,"parity_fail_count":42361,"parity_max_abs_err":2.342582e-3,"parity_max_rel_err":1.972325e0,"parity_scaled_abs_bound":0.000000e0,"parity_scaled_abs_rescued":0,"tf32":true}
== bench-fandhe gemm cuda size=1024 mode=fresh extra=--tf32 ==
{"framework":"fandhe-ai","version":"0.11.0","task":"gemm","device":"cuda","size":1024,"median_s":0.000958628,"q1_s":0.000957916,"q3_s":0.000959744,"gflops":2240.164,"checksum":-1855.919764,"warmup":20,"iters":20,"mode":"fresh","parity_total":1048576,"parity_fail_count":169929,"parity_max_abs_err":3.642797e-3,"parity_max_rel_err":1.964783e0,"parity_scaled_abs_bound":0.000000e0,"parity_scaled_abs_rescued":0,"tf32":true}
== bench-fandhe gemm cuda size=2048 mode=fresh extra=--tf32 ==
{"framework":"fandhe-ai","version":"0.11.0","task":"gemm","device":"cuda","size":2048,"median_s":0.004335970,"q1_s":0.004330699,"q3_s":0.004341555,"gflops":3962.174,"checksum":-6017.744475,"warmup":20,"iters":20,"mode":"fresh","parity_total":4194304,"parity_fail_count":681454,"parity_max_abs_err":4.941225e-3,"parity_max_rel_err":1.986745e0,"parity_scaled_abs_bound":0.000000e0,"parity_scaled_abs_rescued":0,"tf32":true}
== bench-fandhe gemm cuda size=4096 mode=fresh extra=--tf32 ==
{"framework":"fandhe-ai","version":"0.11.0","task":"gemm","device":"cuda","size":4096,"median_s":0.033566775,"q1_s":0.033448026,"q3_s":0.033773431,"gflops":4094.494,"checksum":-25774.003763,"warmup":20,"iters":20,"mode":"fresh","parity_total":16777216,"parity_fail_count":2729050,"parity_max_abs_err":7.116556e-3,"parity_max_rel_err":1.997358e0,"parity_scaled_abs_bound":0.000000e0,"parity_scaled_abs_rescued":0,"tf32":true}
== bench-candle gemm cuda size=256 mode=fresh extra=--tf32 ==
{"framework":"candle","version":"0.11.0","task":"gemm","device":"cuda","size":256,"median_s":0.000064280,"q1_s":0.000063573,"q3_s":0.000064504,"gflops":522.000,"checksum":237.576196,"warmup":20,"iters":20,"mode":"fresh","parity_total":65536,"parity_fail_count":10522,"parity_max_abs_err":1.581907e-3,"parity_max_rel_err":1.553996e0,"parity_scaled_abs_bound":1.907255e-6,"parity_scaled_abs_rescued":0,"tf32":true}
== bench-candle gemm cuda size=512 mode=fresh extra=--tf32 ==
{"framework":"candle","version":"0.11.0","task":"gemm","device":"cuda","size":512,"median_s":0.000222977,"q1_s":0.000221817,"q3_s":0.000223665,"gflops":1203.871,"checksum":937.356025,"warmup":20,"iters":20,"mode":"fresh","parity_total":262144,"parity_fail_count":42387,"parity_max_abs_err":2.340317e-3,"parity_max_rel_err":1.969541e0,"parity_scaled_abs_bound":3.814663e-6,"parity_scaled_abs_rescued":0,"tf32":true}
== bench-candle gemm cuda size=1024 mode=fresh extra=--tf32 ==
{"framework":"candle","version":"0.11.0","task":"gemm","device":"cuda","size":1024,"median_s":0.000856939,"q1_s":0.000856399,"q3_s":0.000857908,"gflops":2505.994,"checksum":-1855.914004,"warmup":20,"iters":20,"mode":"fresh","parity_total":1048576,"parity_fail_count":169971,"parity_max_abs_err":3.649950e-3,"parity_max_rel_err":1.951418e0,"parity_scaled_abs_bound":7.629375e-6,"parity_scaled_abs_rescued":0,"tf32":true}
== bench-candle gemm cuda size=2048 mode=fresh extra=--tf32 ==
{"framework":"candle","version":"0.11.0","task":"gemm","device":"cuda","size":2048,"median_s":0.003667895,"q1_s":0.003665292,"q3_s":0.003682148,"gflops":4683.849,"checksum":-6017.991603,"warmup":20,"iters":20,"mode":"fresh","parity_total":4194304,"parity_fail_count":681418,"parity_max_abs_err":4.930019e-3,"parity_max_rel_err":1.984422e0,"parity_scaled_abs_bound":1.525878e-5,"parity_scaled_abs_rescued":33,"tf32":true}
== bench-candle gemm cuda size=4096 mode=fresh extra=--tf32 ==
{"framework":"candle","version":"0.11.0","task":"gemm","device":"cuda","size":4096,"median_s":0.056740960,"q1_s":0.056442210,"q3_s":0.057621907,"gflops":2422.218,"checksum":-25774.377339,"warmup":20,"iters":20,"mode":"fresh","parity_total":16777216,"parity_fail_count":2726683,"parity_max_abs_err":7.167101e-3,"parity_max_rel_err":1.999795e0,"parity_scaled_abs_bound":3.051757e-5,"parity_scaled_abs_rescued":646,"tf32":true}
done. results in results/raw/results-cuda.jsonl ; failures (if any) in results/raw/skipped-cuda.log
