== RAYON_NUM_THREADS=8 run=1 taskset=none ==
oss-gemm-compare: commit=unknown hw=linux/aarch64 (20 logical cores) rayon_threads=8
::warning::size=1920 出力不一致（matrixmultiply）: matrixmultiply: index=1063 reference=0.0025112743 candidate=0.002501011 abs_diff=0.000010263408 rel_diff=0.004086932
::warning::size=1920 出力不一致（gemm crate）: gemm: index=24026 reference=-0.015577868 candidate=-0.015557289 abs_diff=0.000020578504 rel_diff=0.001321009
{"date":"2026-09-07","commit":"unknown","hw":"linux/aarch64 (20 logical cores)","boundary":"device_resident","impl":"self_gemm_blis_parallel","lib_version":"0.1.0","impl_threads":8,"size":1920,"warmup":20,"iters":20,"tflops_median":0.8656,"tflops_q1":0.8291,"tflops_q3":0.8826,"output_match":true,"mismatch_detail":null}
{"date":"2026-09-07","commit":"unknown","hw":"linux/aarch64 (20 logical cores)","boundary":"device_resident","impl":"matrixmultiply","lib_version":"0.3.11","impl_threads":1,"size":1920,"warmup":20,"iters":20,"tflops_median":0.1326,"tflops_q1":0.1325,"tflops_q3":0.1327,"output_match":false,"mismatch_detail":"matrixmultiply: index=1063 reference=0.0025112743 candidate=0.002501011 abs_diff=0.000010263408 rel_diff=0.004086932"}
{"date":"2026-09-07","commit":"unknown","hw":"linux/aarch64 (20 logical cores)","boundary":"device_resident","impl":"gemm","lib_version":"0.19.0","impl_threads":8,"size":1920,"warmup":20,"iters":20,"tflops_median":0.8483,"tflops_q1":0.8405,"tflops_q3":0.8855,"output_match":false,"mismatch_detail":"gemm: index=24026 reference=-0.015577868 candidate=-0.015557289 abs_diff=0.000020578504 rel_diff=0.001321009"}
::error::出力突合 NG（統一複合判定: 相対誤差 1e-3 未満 または 絶対誤差 1e-5 未満）を検出した。各 JSON Lines レコードの output_match / mismatch_detail を参照。既知の限界は docs/oss-comparison-harness-decision.md「出力突合とその限界」節を参照。
== RAYON_NUM_THREADS=8 run=1 rc=1 ==
== RAYON_NUM_THREADS=8 run=2 taskset=none ==
oss-gemm-compare: commit=unknown hw=linux/aarch64 (20 logical cores) rayon_threads=8
::warning::size=1920 出力不一致（matrixmultiply）: matrixmultiply: index=1063 reference=0.0025112743 candidate=0.002501011 abs_diff=0.000010263408 rel_diff=0.004086932
::warning::size=1920 出力不一致（gemm crate）: gemm: index=24026 reference=-0.015577868 candidate=-0.015557289 abs_diff=0.000020578504 rel_diff=0.001321009
{"date":"2026-09-07","commit":"unknown","hw":"linux/aarch64 (20 logical cores)","boundary":"device_resident","impl":"self_gemm_blis_parallel","lib_version":"0.1.0","impl_threads":8,"size":1920,"warmup":20,"iters":20,"tflops_median":0.8905,"tflops_q1":0.8816,"tflops_q3":0.8983,"output_match":true,"mismatch_detail":null}
{"date":"2026-09-07","commit":"unknown","hw":"linux/aarch64 (20 logical cores)","boundary":"device_resident","impl":"matrixmultiply","lib_version":"0.3.11","impl_threads":1,"size":1920,"warmup":20,"iters":20,"tflops_median":0.1325,"tflops_q1":0.1324,"tflops_q3":0.1326,"output_match":false,"mismatch_detail":"matrixmultiply: index=1063 reference=0.0025112743 candidate=0.002501011 abs_diff=0.000010263408 rel_diff=0.004086932"}
{"date":"2026-09-07","commit":"unknown","hw":"linux/aarch64 (20 logical cores)","boundary":"device_resident","impl":"gemm","lib_version":"0.19.0","impl_threads":8,"size":1920,"warmup":20,"iters":20,"tflops_median":0.8474,"tflops_q1":0.8299,"tflops_q3":0.8777,"output_match":false,"mismatch_detail":"gemm: index=24026 reference=-0.015577868 candidate=-0.015557289 abs_diff=0.000020578504 rel_diff=0.001321009"}
::error::出力突合 NG（統一複合判定: 相対誤差 1e-3 未満 または 絶対誤差 1e-5 未満）を検出した。各 JSON Lines レコードの output_match / mismatch_detail を参照。既知の限界は docs/oss-comparison-harness-decision.md「出力突合とその限界」節を参照。
== RAYON_NUM_THREADS=8 run=2 rc=1 ==
== RAYON_NUM_THREADS=8 run=3 taskset=none ==
oss-gemm-compare: commit=unknown hw=linux/aarch64 (20 logical cores) rayon_threads=8
::warning::size=1920 出力不一致（matrixmultiply）: matrixmultiply: index=1063 reference=0.0025112743 candidate=0.002501011 abs_diff=0.000010263408 rel_diff=0.004086932
::warning::size=1920 出力不一致（gemm crate）: gemm: index=24026 reference=-0.015577868 candidate=-0.015557289 abs_diff=0.000020578504 rel_diff=0.001321009
{"date":"2026-09-07","commit":"unknown","hw":"linux/aarch64 (20 logical cores)","boundary":"device_resident","impl":"self_gemm_blis_parallel","lib_version":"0.1.0","impl_threads":8,"size":1920,"warmup":20,"iters":20,"tflops_median":0.8922,"tflops_q1":0.8750,"tflops_q3":0.8988,"output_match":true,"mismatch_detail":null}
{"date":"2026-09-07","commit":"unknown","hw":"linux/aarch64 (20 logical cores)","boundary":"device_resident","impl":"matrixmultiply","lib_version":"0.3.11","impl_threads":1,"size":1920,"warmup":20,"iters":20,"tflops_median":0.1326,"tflops_q1":0.1326,"tflops_q3":0.1327,"output_match":false,"mismatch_detail":"matrixmultiply: index=1063 reference=0.0025112743 candidate=0.002501011 abs_diff=0.000010263408 rel_diff=0.004086932"}
{"date":"2026-09-07","commit":"unknown","hw":"linux/aarch64 (20 logical cores)","boundary":"device_resident","impl":"gemm","lib_version":"0.19.0","impl_threads":8,"size":1920,"warmup":20,"iters":20,"tflops_median":0.8581,"tflops_q1":0.8410,"tflops_q3":0.8837,"output_match":false,"mismatch_detail":"gemm: index=24026 reference=-0.015577868 candidate=-0.015557289 abs_diff=0.000020578504 rel_diff=0.001321009"}
::error::出力突合 NG（統一複合判定: 相対誤差 1e-3 未満 または 絶対誤差 1e-5 未満）を検出した。各 JSON Lines レコードの output_match / mismatch_detail を参照。既知の限界は docs/oss-comparison-harness-decision.md「出力突合とその限界」節を参照。
== RAYON_NUM_THREADS=8 run=3 rc=1 ==
== RAYON_NUM_THREADS=8 run=4 taskset=none ==
oss-gemm-compare: commit=unknown hw=linux/aarch64 (20 logical cores) rayon_threads=8
::warning::size=1920 出力不一致（matrixmultiply）: matrixmultiply: index=1063 reference=0.0025112743 candidate=0.002501011 abs_diff=0.000010263408 rel_diff=0.004086932
::warning::size=1920 出力不一致（gemm crate）: gemm: index=24026 reference=-0.015577868 candidate=-0.015557289 abs_diff=0.000020578504 rel_diff=0.001321009
{"date":"2026-09-07","commit":"unknown","hw":"linux/aarch64 (20 logical cores)","boundary":"device_resident","impl":"self_gemm_blis_parallel","lib_version":"0.1.0","impl_threads":8,"size":1920,"warmup":20,"iters":20,"tflops_median":0.8975,"tflops_q1":0.8803,"tflops_q3":0.9078,"output_match":true,"mismatch_detail":null}
{"date":"2026-09-07","commit":"unknown","hw":"linux/aarch64 (20 logical cores)","boundary":"device_resident","impl":"matrixmultiply","lib_version":"0.3.11","impl_threads":1,"size":1920,"warmup":20,"iters":20,"tflops_median":0.1326,"tflops_q1":0.1325,"tflops_q3":0.1326,"output_match":false,"mismatch_detail":"matrixmultiply: index=1063 reference=0.0025112743 candidate=0.002501011 abs_diff=0.000010263408 rel_diff=0.004086932"}
{"date":"2026-09-07","commit":"unknown","hw":"linux/aarch64 (20 logical cores)","boundary":"device_resident","impl":"gemm","lib_version":"0.19.0","impl_threads":8,"size":1920,"warmup":20,"iters":20,"tflops_median":0.8699,"tflops_q1":0.8361,"tflops_q3":0.8930,"output_match":false,"mismatch_detail":"gemm: index=24026 reference=-0.015577868 candidate=-0.015557289 abs_diff=0.000020578504 rel_diff=0.001321009"}
::error::出力突合 NG（統一複合判定: 相対誤差 1e-3 未満 または 絶対誤差 1e-5 未満）を検出した。各 JSON Lines レコードの output_match / mismatch_detail を参照。既知の限界は docs/oss-comparison-harness-decision.md「出力突合とその限界」節を参照。
== RAYON_NUM_THREADS=8 run=4 rc=1 ==
== RAYON_NUM_THREADS=8 run=5 taskset=none ==
oss-gemm-compare: commit=unknown hw=linux/aarch64 (20 logical cores) rayon_threads=8
::warning::size=1920 出力不一致（matrixmultiply）: matrixmultiply: index=1063 reference=0.0025112743 candidate=0.002501011 abs_diff=0.000010263408 rel_diff=0.004086932
::warning::size=1920 出力不一致（gemm crate）: gemm: index=24026 reference=-0.015577868 candidate=-0.015557289 abs_diff=0.000020578504 rel_diff=0.001321009
{"date":"2026-09-07","commit":"unknown","hw":"linux/aarch64 (20 logical cores)","boundary":"device_resident","impl":"self_gemm_blis_parallel","lib_version":"0.1.0","impl_threads":8,"size":1920,"warmup":20,"iters":20,"tflops_median":0.8750,"tflops_q1":0.8547,"tflops_q3":0.8860,"output_match":true,"mismatch_detail":null}
{"date":"2026-09-07","commit":"unknown","hw":"linux/aarch64 (20 logical cores)","boundary":"device_resident","impl":"matrixmultiply","lib_version":"0.3.11","impl_threads":1,"size":1920,"warmup":20,"iters":20,"tflops_median":0.1327,"tflops_q1":0.1326,"tflops_q3":0.1327,"output_match":false,"mismatch_detail":"matrixmultiply: index=1063 reference=0.0025112743 candidate=0.002501011 abs_diff=0.000010263408 rel_diff=0.004086932"}
{"date":"2026-09-07","commit":"unknown","hw":"linux/aarch64 (20 logical cores)","boundary":"device_resident","impl":"gemm","lib_version":"0.19.0","impl_threads":8,"size":1920,"warmup":20,"iters":20,"tflops_median":0.8614,"tflops_q1":0.8502,"tflops_q3":0.8916,"output_match":false,"mismatch_detail":"gemm: index=24026 reference=-0.015577868 candidate=-0.015557289 abs_diff=0.000020578504 rel_diff=0.001321009"}
::error::出力突合 NG（統一複合判定: 相対誤差 1e-3 未満 または 絶対誤差 1e-5 未満）を検出した。各 JSON Lines レコードの output_match / mismatch_detail を参照。既知の限界は docs/oss-comparison-harness-decision.md「出力突合とその限界」節を参照。
== RAYON_NUM_THREADS=8 run=5 rc=1 ==
== RAYON_NUM_THREADS=10 run=1 taskset=none ==
oss-gemm-compare: commit=unknown hw=linux/aarch64 (20 logical cores) rayon_threads=10
::warning::size=1920 出力不一致（matrixmultiply）: matrixmultiply: index=1063 reference=0.0025112743 candidate=0.002501011 abs_diff=0.000010263408 rel_diff=0.004086932
::warning::size=1920 出力不一致（gemm crate）: gemm: index=24026 reference=-0.015577868 candidate=-0.015557289 abs_diff=0.000020578504 rel_diff=0.001321009
{"date":"2026-09-07","commit":"unknown","hw":"linux/aarch64 (20 logical cores)","boundary":"device_resident","impl":"self_gemm_blis_parallel","lib_version":"0.1.0","impl_threads":10,"size":1920,"warmup":20,"iters":20,"tflops_median":1.0528,"tflops_q1":1.0120,"tflops_q3":1.0781,"output_match":true,"mismatch_detail":null}
{"date":"2026-09-07","commit":"unknown","hw":"linux/aarch64 (20 logical cores)","boundary":"device_resident","impl":"matrixmultiply","lib_version":"0.3.11","impl_threads":1,"size":1920,"warmup":20,"iters":20,"tflops_median":0.1295,"tflops_q1":0.1294,"tflops_q3":0.1295,"output_match":false,"mismatch_detail":"matrixmultiply: index=1063 reference=0.0025112743 candidate=0.002501011 abs_diff=0.000010263408 rel_diff=0.004086932"}
{"date":"2026-09-07","commit":"unknown","hw":"linux/aarch64 (20 logical cores)","boundary":"device_resident","impl":"gemm","lib_version":"0.19.0","impl_threads":10,"size":1920,"warmup":20,"iters":20,"tflops_median":0.9543,"tflops_q1":0.9074,"tflops_q3":0.9846,"output_match":false,"mismatch_detail":"gemm: index=24026 reference=-0.015577868 candidate=-0.015557289 abs_diff=0.000020578504 rel_diff=0.001321009"}
::error::出力突合 NG（統一複合判定: 相対誤差 1e-3 未満 または 絶対誤差 1e-5 未満）を検出した。各 JSON Lines レコードの output_match / mismatch_detail を参照。既知の限界は docs/oss-comparison-harness-decision.md「出力突合とその限界」節を参照。
== RAYON_NUM_THREADS=10 run=1 rc=1 ==
== RAYON_NUM_THREADS=10 run=2 taskset=none ==
oss-gemm-compare: commit=unknown hw=linux/aarch64 (20 logical cores) rayon_threads=10
::warning::size=1920 出力不一致（matrixmultiply）: matrixmultiply: index=1063 reference=0.0025112743 candidate=0.002501011 abs_diff=0.000010263408 rel_diff=0.004086932
::warning::size=1920 出力不一致（gemm crate）: gemm: index=24026 reference=-0.015577868 candidate=-0.015557289 abs_diff=0.000020578504 rel_diff=0.001321009
{"date":"2026-09-07","commit":"unknown","hw":"linux/aarch64 (20 logical cores)","boundary":"device_resident","impl":"self_gemm_blis_parallel","lib_version":"0.1.0","impl_threads":10,"size":1920,"warmup":20,"iters":20,"tflops_median":1.0601,"tflops_q1":1.0403,"tflops_q3":1.0817,"output_match":true,"mismatch_detail":null}
{"date":"2026-09-07","commit":"unknown","hw":"linux/aarch64 (20 logical cores)","boundary":"device_resident","impl":"matrixmultiply","lib_version":"0.3.11","impl_threads":1,"size":1920,"warmup":20,"iters":20,"tflops_median":0.1296,"tflops_q1":0.1295,"tflops_q3":0.1296,"output_match":false,"mismatch_detail":"matrixmultiply: index=1063 reference=0.0025112743 candidate=0.002501011 abs_diff=0.000010263408 rel_diff=0.004086932"}
{"date":"2026-09-07","commit":"unknown","hw":"linux/aarch64 (20 logical cores)","boundary":"device_resident","impl":"gemm","lib_version":"0.19.0","impl_threads":10,"size":1920,"warmup":20,"iters":20,"tflops_median":0.9401,"tflops_q1":0.9139,"tflops_q3":0.9933,"output_match":false,"mismatch_detail":"gemm: index=24026 reference=-0.015577868 candidate=-0.015557289 abs_diff=0.000020578504 rel_diff=0.001321009"}
::error::出力突合 NG（統一複合判定: 相対誤差 1e-3 未満 または 絶対誤差 1e-5 未満）を検出した。各 JSON Lines レコードの output_match / mismatch_detail を参照。既知の限界は docs/oss-comparison-harness-decision.md「出力突合とその限界」節を参照。
== RAYON_NUM_THREADS=10 run=2 rc=1 ==
== RAYON_NUM_THREADS=10 run=3 taskset=none ==
oss-gemm-compare: commit=unknown hw=linux/aarch64 (20 logical cores) rayon_threads=10
::warning::size=1920 出力不一致（matrixmultiply）: matrixmultiply: index=1063 reference=0.0025112743 candidate=0.002501011 abs_diff=0.000010263408 rel_diff=0.004086932
::warning::size=1920 出力不一致（gemm crate）: gemm: index=24026 reference=-0.015577868 candidate=-0.015557289 abs_diff=0.000020578504 rel_diff=0.001321009
{"date":"2026-09-07","commit":"unknown","hw":"linux/aarch64 (20 logical cores)","boundary":"device_resident","impl":"self_gemm_blis_parallel","lib_version":"0.1.0","impl_threads":10,"size":1920,"warmup":20,"iters":20,"tflops_median":1.0730,"tflops_q1":1.0540,"tflops_q3":1.0836,"output_match":true,"mismatch_detail":null}
{"date":"2026-09-07","commit":"unknown","hw":"linux/aarch64 (20 logical cores)","boundary":"device_resident","impl":"matrixmultiply","lib_version":"0.3.11","impl_threads":1,"size":1920,"warmup":20,"iters":20,"tflops_median":0.1295,"tflops_q1":0.1295,"tflops_q3":0.1296,"output_match":false,"mismatch_detail":"matrixmultiply: index=1063 reference=0.0025112743 candidate=0.002501011 abs_diff=0.000010263408 rel_diff=0.004086932"}
{"date":"2026-09-07","commit":"unknown","hw":"linux/aarch64 (20 logical cores)","boundary":"device_resident","impl":"gemm","lib_version":"0.19.0","impl_threads":10,"size":1920,"warmup":20,"iters":20,"tflops_median":0.9204,"tflops_q1":0.9008,"tflops_q3":0.9541,"output_match":false,"mismatch_detail":"gemm: index=24026 reference=-0.015577868 candidate=-0.015557289 abs_diff=0.000020578504 rel_diff=0.001321009"}
::error::出力突合 NG（統一複合判定: 相対誤差 1e-3 未満 または 絶対誤差 1e-5 未満）を検出した。各 JSON Lines レコードの output_match / mismatch_detail を参照。既知の限界は docs/oss-comparison-harness-decision.md「出力突合とその限界」節を参照。
== RAYON_NUM_THREADS=10 run=3 rc=1 ==
== RAYON_NUM_THREADS=10 run=4 taskset=none ==
oss-gemm-compare: commit=unknown hw=linux/aarch64 (20 logical cores) rayon_threads=10
::warning::size=1920 出力不一致（matrixmultiply）: matrixmultiply: index=1063 reference=0.0025112743 candidate=0.002501011 abs_diff=0.000010263408 rel_diff=0.004086932
::warning::size=1920 出力不一致（gemm crate）: gemm: index=24026 reference=-0.015577868 candidate=-0.015557289 abs_diff=0.000020578504 rel_diff=0.001321009
{"date":"2026-09-07","commit":"unknown","hw":"linux/aarch64 (20 logical cores)","boundary":"device_resident","impl":"self_gemm_blis_parallel","lib_version":"0.1.0","impl_threads":10,"size":1920,"warmup":20,"iters":20,"tflops_median":1.0594,"tflops_q1":1.0359,"tflops_q3":1.0893,"output_match":true,"mismatch_detail":null}
{"date":"2026-09-07","commit":"unknown","hw":"linux/aarch64 (20 logical cores)","boundary":"device_resident","impl":"matrixmultiply","lib_version":"0.3.11","impl_threads":1,"size":1920,"warmup":20,"iters":20,"tflops_median":0.1294,"tflops_q1":0.1293,"tflops_q3":0.1294,"output_match":false,"mismatch_detail":"matrixmultiply: index=1063 reference=0.0025112743 candidate=0.002501011 abs_diff=0.000010263408 rel_diff=0.004086932"}
{"date":"2026-09-07","commit":"unknown","hw":"linux/aarch64 (20 logical cores)","boundary":"device_resident","impl":"gemm","lib_version":"0.19.0","impl_threads":10,"size":1920,"warmup":20,"iters":20,"tflops_median":0.9101,"tflops_q1":0.8884,"tflops_q3":0.9365,"output_match":false,"mismatch_detail":"gemm: index=24026 reference=-0.015577868 candidate=-0.015557289 abs_diff=0.000020578504 rel_diff=0.001321009"}
::error::出力突合 NG（統一複合判定: 相対誤差 1e-3 未満 または 絶対誤差 1e-5 未満）を検出した。各 JSON Lines レコードの output_match / mismatch_detail を参照。既知の限界は docs/oss-comparison-harness-decision.md「出力突合とその限界」節を参照。
== RAYON_NUM_THREADS=10 run=4 rc=1 ==
== RAYON_NUM_THREADS=10 run=5 taskset=none ==
oss-gemm-compare: commit=unknown hw=linux/aarch64 (20 logical cores) rayon_threads=10
::warning::size=1920 出力不一致（matrixmultiply）: matrixmultiply: index=1063 reference=0.0025112743 candidate=0.002501011 abs_diff=0.000010263408 rel_diff=0.004086932
::warning::size=1920 出力不一致（gemm crate）: gemm: index=24026 reference=-0.015577868 candidate=-0.015557289 abs_diff=0.000020578504 rel_diff=0.001321009
{"date":"2026-09-07","commit":"unknown","hw":"linux/aarch64 (20 logical cores)","boundary":"device_resident","impl":"self_gemm_blis_parallel","lib_version":"0.1.0","impl_threads":10,"size":1920,"warmup":20,"iters":20,"tflops_median":1.0447,"tflops_q1":1.0317,"tflops_q3":1.0910,"output_match":true,"mismatch_detail":null}
{"date":"2026-09-07","commit":"unknown","hw":"linux/aarch64 (20 logical cores)","boundary":"device_resident","impl":"matrixmultiply","lib_version":"0.3.11","impl_threads":1,"size":1920,"warmup":20,"iters":20,"tflops_median":0.1295,"tflops_q1":0.1294,"tflops_q3":0.1295,"output_match":false,"mismatch_detail":"matrixmultiply: index=1063 reference=0.0025112743 candidate=0.002501011 abs_diff=0.000010263408 rel_diff=0.004086932"}
{"date":"2026-09-07","commit":"unknown","hw":"linux/aarch64 (20 logical cores)","boundary":"device_resident","impl":"gemm","lib_version":"0.19.0","impl_threads":10,"size":1920,"warmup":20,"iters":20,"tflops_median":0.9246,"tflops_q1":0.8977,"tflops_q3":0.9583,"output_match":false,"mismatch_detail":"gemm: index=24026 reference=-0.015577868 candidate=-0.015557289 abs_diff=0.000020578504 rel_diff=0.001321009"}
::error::出力突合 NG（統一複合判定: 相対誤差 1e-3 未満 または 絶対誤差 1e-5 未満）を検出した。各 JSON Lines レコードの output_match / mismatch_detail を参照。既知の限界は docs/oss-comparison-harness-decision.md「出力突合とその限界」節を参照。
== RAYON_NUM_THREADS=10 run=5 rc=1 ==
== RAYON_NUM_THREADS=20 run=1 taskset=none ==
oss-gemm-compare: commit=unknown hw=linux/aarch64 (20 logical cores) rayon_threads=20
::warning::size=1920 出力不一致（matrixmultiply）: matrixmultiply: index=1063 reference=0.0025112743 candidate=0.002501011 abs_diff=0.000010263408 rel_diff=0.004086932
::warning::size=1920 出力不一致（gemm crate）: gemm: index=24026 reference=-0.015577868 candidate=-0.015557289 abs_diff=0.000020578504 rel_diff=0.001321009
{"date":"2026-09-07","commit":"unknown","hw":"linux/aarch64 (20 logical cores)","boundary":"device_resident","impl":"self_gemm_blis_parallel","lib_version":"0.1.0","impl_threads":20,"size":1920,"warmup":20,"iters":20,"tflops_median":0.7127,"tflops_q1":0.6948,"tflops_q3":0.7277,"output_match":true,"mismatch_detail":null}
{"date":"2026-09-07","commit":"unknown","hw":"linux/aarch64 (20 logical cores)","boundary":"device_resident","impl":"matrixmultiply","lib_version":"0.3.11","impl_threads":1,"size":1920,"warmup":20,"iters":20,"tflops_median":0.1327,"tflops_q1":0.1327,"tflops_q3":0.1328,"output_match":false,"mismatch_detail":"matrixmultiply: index=1063 reference=0.0025112743 candidate=0.002501011 abs_diff=0.000010263408 rel_diff=0.004086932"}
{"date":"2026-09-07","commit":"unknown","hw":"linux/aarch64 (20 logical cores)","boundary":"device_resident","impl":"gemm","lib_version":"0.19.0","impl_threads":20,"size":1920,"warmup":20,"iters":20,"tflops_median":0.7454,"tflops_q1":0.7230,"tflops_q3":0.7746,"output_match":false,"mismatch_detail":"gemm: index=24026 reference=-0.015577868 candidate=-0.015557289 abs_diff=0.000020578504 rel_diff=0.001321009"}
::error::出力突合 NG（統一複合判定: 相対誤差 1e-3 未満 または 絶対誤差 1e-5 未満）を検出した。各 JSON Lines レコードの output_match / mismatch_detail を参照。既知の限界は docs/oss-comparison-harness-decision.md「出力突合とその限界」節を参照。
== RAYON_NUM_THREADS=20 run=1 rc=1 ==
== RAYON_NUM_THREADS=20 run=2 taskset=none ==
oss-gemm-compare: commit=unknown hw=linux/aarch64 (20 logical cores) rayon_threads=20
::warning::size=1920 出力不一致（matrixmultiply）: matrixmultiply: index=1063 reference=0.0025112743 candidate=0.002501011 abs_diff=0.000010263408 rel_diff=0.004086932
::warning::size=1920 出力不一致（gemm crate）: gemm: index=24026 reference=-0.015577868 candidate=-0.015557289 abs_diff=0.000020578504 rel_diff=0.001321009
{"date":"2026-09-07","commit":"unknown","hw":"linux/aarch64 (20 logical cores)","boundary":"device_resident","impl":"self_gemm_blis_parallel","lib_version":"0.1.0","impl_threads":20,"size":1920,"warmup":20,"iters":20,"tflops_median":0.7219,"tflops_q1":0.7166,"tflops_q3":0.7292,"output_match":true,"mismatch_detail":null}
{"date":"2026-09-07","commit":"unknown","hw":"linux/aarch64 (20 logical cores)","boundary":"device_resident","impl":"matrixmultiply","lib_version":"0.3.11","impl_threads":1,"size":1920,"warmup":20,"iters":20,"tflops_median":0.1290,"tflops_q1":0.1289,"tflops_q3":0.1290,"output_match":false,"mismatch_detail":"matrixmultiply: index=1063 reference=0.0025112743 candidate=0.002501011 abs_diff=0.000010263408 rel_diff=0.004086932"}
{"date":"2026-09-07","commit":"unknown","hw":"linux/aarch64 (20 logical cores)","boundary":"device_resident","impl":"gemm","lib_version":"0.19.0","impl_threads":20,"size":1920,"warmup":20,"iters":20,"tflops_median":0.7396,"tflops_q1":0.7323,"tflops_q3":0.7534,"output_match":false,"mismatch_detail":"gemm: index=24026 reference=-0.015577868 candidate=-0.015557289 abs_diff=0.000020578504 rel_diff=0.001321009"}
::error::出力突合 NG（統一複合判定: 相対誤差 1e-3 未満 または 絶対誤差 1e-5 未満）を検出した。各 JSON Lines レコードの output_match / mismatch_detail を参照。既知の限界は docs/oss-comparison-harness-decision.md「出力突合とその限界」節を参照。
== RAYON_NUM_THREADS=20 run=2 rc=1 ==
== RAYON_NUM_THREADS=20 run=3 taskset=none ==
oss-gemm-compare: commit=unknown hw=linux/aarch64 (20 logical cores) rayon_threads=20
::warning::size=1920 出力不一致（matrixmultiply）: matrixmultiply: index=1063 reference=0.0025112743 candidate=0.002501011 abs_diff=0.000010263408 rel_diff=0.004086932
::warning::size=1920 出力不一致（gemm crate）: gemm: index=24026 reference=-0.015577868 candidate=-0.015557289 abs_diff=0.000020578504 rel_diff=0.001321009
{"date":"2026-09-07","commit":"unknown","hw":"linux/aarch64 (20 logical cores)","boundary":"device_resident","impl":"self_gemm_blis_parallel","lib_version":"0.1.0","impl_threads":20,"size":1920,"warmup":20,"iters":20,"tflops_median":0.7241,"tflops_q1":0.7137,"tflops_q3":0.7284,"output_match":true,"mismatch_detail":null}
{"date":"2026-09-07","commit":"unknown","hw":"linux/aarch64 (20 logical cores)","boundary":"device_resident","impl":"matrixmultiply","lib_version":"0.3.11","impl_threads":1,"size":1920,"warmup":20,"iters":20,"tflops_median":0.1327,"tflops_q1":0.1327,"tflops_q3":0.1328,"output_match":false,"mismatch_detail":"matrixmultiply: index=1063 reference=0.0025112743 candidate=0.002501011 abs_diff=0.000010263408 rel_diff=0.004086932"}
{"date":"2026-09-07","commit":"unknown","hw":"linux/aarch64 (20 logical cores)","boundary":"device_resident","impl":"gemm","lib_version":"0.19.0","impl_threads":20,"size":1920,"warmup":20,"iters":20,"tflops_median":0.7445,"tflops_q1":0.7289,"tflops_q3":0.7595,"output_match":false,"mismatch_detail":"gemm: index=24026 reference=-0.015577868 candidate=-0.015557289 abs_diff=0.000020578504 rel_diff=0.001321009"}
::error::出力突合 NG（統一複合判定: 相対誤差 1e-3 未満 または 絶対誤差 1e-5 未満）を検出した。各 JSON Lines レコードの output_match / mismatch_detail を参照。既知の限界は docs/oss-comparison-harness-decision.md「出力突合とその限界」節を参照。
== RAYON_NUM_THREADS=20 run=3 rc=1 ==
== RAYON_NUM_THREADS=20 run=4 taskset=none ==
oss-gemm-compare: commit=unknown hw=linux/aarch64 (20 logical cores) rayon_threads=20
::warning::size=1920 出力不一致（matrixmultiply）: matrixmultiply: index=1063 reference=0.0025112743 candidate=0.002501011 abs_diff=0.000010263408 rel_diff=0.004086932
::warning::size=1920 出力不一致（gemm crate）: gemm: index=24026 reference=-0.015577868 candidate=-0.015557289 abs_diff=0.000020578504 rel_diff=0.001321009
{"date":"2026-09-07","commit":"unknown","hw":"linux/aarch64 (20 logical cores)","boundary":"device_resident","impl":"self_gemm_blis_parallel","lib_version":"0.1.0","impl_threads":20,"size":1920,"warmup":20,"iters":20,"tflops_median":0.7196,"tflops_q1":0.7028,"tflops_q3":0.7371,"output_match":true,"mismatch_detail":null}
{"date":"2026-09-07","commit":"unknown","hw":"linux/aarch64 (20 logical cores)","boundary":"device_resident","impl":"matrixmultiply","lib_version":"0.3.11","impl_threads":1,"size":1920,"warmup":20,"iters":20,"tflops_median":0.1325,"tflops_q1":0.1324,"tflops_q3":0.1326,"output_match":false,"mismatch_detail":"matrixmultiply: index=1063 reference=0.0025112743 candidate=0.002501011 abs_diff=0.000010263408 rel_diff=0.004086932"}
{"date":"2026-09-07","commit":"unknown","hw":"linux/aarch64 (20 logical cores)","boundary":"device_resident","impl":"gemm","lib_version":"0.19.0","impl_threads":20,"size":1920,"warmup":20,"iters":20,"tflops_median":0.7571,"tflops_q1":0.7441,"tflops_q3":0.7661,"output_match":false,"mismatch_detail":"gemm: index=24026 reference=-0.015577868 candidate=-0.015557289 abs_diff=0.000020578504 rel_diff=0.001321009"}
::error::出力突合 NG（統一複合判定: 相対誤差 1e-3 未満 または 絶対誤差 1e-5 未満）を検出した。各 JSON Lines レコードの output_match / mismatch_detail を参照。既知の限界は docs/oss-comparison-harness-decision.md「出力突合とその限界」節を参照。
== RAYON_NUM_THREADS=20 run=4 rc=1 ==
== RAYON_NUM_THREADS=20 run=5 taskset=none ==
oss-gemm-compare: commit=unknown hw=linux/aarch64 (20 logical cores) rayon_threads=20
::warning::size=1920 出力不一致（matrixmultiply）: matrixmultiply: index=1063 reference=0.0025112743 candidate=0.002501011 abs_diff=0.000010263408 rel_diff=0.004086932
::warning::size=1920 出力不一致（gemm crate）: gemm: index=24026 reference=-0.015577868 candidate=-0.015557289 abs_diff=0.000020578504 rel_diff=0.001321009
{"date":"2026-09-07","commit":"unknown","hw":"linux/aarch64 (20 logical cores)","boundary":"device_resident","impl":"self_gemm_blis_parallel","lib_version":"0.1.0","impl_threads":20,"size":1920,"warmup":20,"iters":20,"tflops_median":0.7213,"tflops_q1":0.7139,"tflops_q3":0.7292,"output_match":true,"mismatch_detail":null}
{"date":"2026-09-07","commit":"unknown","hw":"linux/aarch64 (20 logical cores)","boundary":"device_resident","impl":"matrixmultiply","lib_version":"0.3.11","impl_threads":1,"size":1920,"warmup":20,"iters":20,"tflops_median":0.1297,"tflops_q1":0.1297,"tflops_q3":0.1298,"output_match":false,"mismatch_detail":"matrixmultiply: index=1063 reference=0.0025112743 candidate=0.002501011 abs_diff=0.000010263408 rel_diff=0.004086932"}
{"date":"2026-09-07","commit":"unknown","hw":"linux/aarch64 (20 logical cores)","boundary":"device_resident","impl":"gemm","lib_version":"0.19.0","impl_threads":20,"size":1920,"warmup":20,"iters":20,"tflops_median":0.7280,"tflops_q1":0.7163,"tflops_q3":0.7571,"output_match":false,"mismatch_detail":"gemm: index=24026 reference=-0.015577868 candidate=-0.015557289 abs_diff=0.000020578504 rel_diff=0.001321009"}
::error::出力突合 NG（統一複合判定: 相対誤差 1e-3 未満 または 絶対誤差 1e-5 未満）を検出した。各 JSON Lines レコードの output_match / mismatch_detail を参照。既知の限界は docs/oss-comparison-harness-decision.md「出力突合とその限界」節を参照。
== RAYON_NUM_THREADS=20 run=5 rc=1 ==
done.
