== RAYON_NUM_THREADS=10 run=1 taskset=5-9,15-19 ==
oss-gemm-compare: commit=unknown hw=linux/aarch64 (10 logical cores) rayon_threads=10
::warning::size=1024 出力不一致（matrixmultiply）: matrixmultiply: index=5119 reference=-0.0021471737 candidate=-0.0021572113 abs_diff=0.000010037562 rel_diff=0.004653027
{"date":"2026-09-07","commit":"unknown","hw":"linux/aarch64 (10 logical cores)","boundary":"device_resident","impl":"self_gemm_blis_parallel","lib_version":"0.1.0","impl_threads":10,"size":1024,"warmup":20,"iters":20,"tflops_median":0.8909,"tflops_q1":0.8046,"tflops_q3":0.9487,"output_match":true,"mismatch_detail":null}
{"date":"2026-09-07","commit":"unknown","hw":"linux/aarch64 (10 logical cores)","boundary":"device_resident","impl":"matrixmultiply","lib_version":"0.3.11","impl_threads":1,"size":1024,"warmup":20,"iters":20,"tflops_median":0.1318,"tflops_q1":0.1318,"tflops_q3":0.1319,"output_match":false,"mismatch_detail":"matrixmultiply: index=5119 reference=-0.0021471737 candidate=-0.0021572113 abs_diff=0.000010037562 rel_diff=0.004653027"}
{"date":"2026-09-07","commit":"unknown","hw":"linux/aarch64 (10 logical cores)","boundary":"device_resident","impl":"gemm","lib_version":"0.19.0","impl_threads":10,"size":1024,"warmup":20,"iters":20,"tflops_median":1.1264,"tflops_q1":1.0980,"tflops_q3":1.1495,"output_match":true,"mismatch_detail":null}
::warning::size=2048 出力不一致（matrixmultiply）: matrixmultiply: index=1988 reference=-0.0072821276 candidate=-0.00727129 abs_diff=0.000010837801 rel_diff=0.001488274
::warning::size=2048 出力不一致（gemm crate）: gemm: index=7264 reference=-0.004956358 candidate=-0.0049700737 abs_diff=0.000013715588 rel_diff=0.0027596347
{"date":"2026-09-07","commit":"unknown","hw":"linux/aarch64 (10 logical cores)","boundary":"device_resident","impl":"self_gemm_blis_parallel","lib_version":"0.1.0","impl_threads":10,"size":2048,"warmup":20,"iters":20,"tflops_median":1.0857,"tflops_q1":1.0789,"tflops_q3":1.0996,"output_match":true,"mismatch_detail":null}
{"date":"2026-09-07","commit":"unknown","hw":"linux/aarch64 (10 logical cores)","boundary":"device_resident","impl":"matrixmultiply","lib_version":"0.3.11","impl_threads":1,"size":2048,"warmup":20,"iters":20,"tflops_median":0.1262,"tflops_q1":0.1261,"tflops_q3":0.1262,"output_match":false,"mismatch_detail":"matrixmultiply: index=1988 reference=-0.0072821276 candidate=-0.00727129 abs_diff=0.000010837801 rel_diff=0.001488274"}
{"date":"2026-09-07","commit":"unknown","hw":"linux/aarch64 (10 logical cores)","boundary":"device_resident","impl":"gemm","lib_version":"0.19.0","impl_threads":10,"size":2048,"warmup":20,"iters":20,"tflops_median":1.1441,"tflops_q1":1.1422,"tflops_q3":1.1446,"output_match":false,"mismatch_detail":"gemm: index=7264 reference=-0.004956358 candidate=-0.0049700737 abs_diff=0.000013715588 rel_diff=0.0027596347"}
::warning::size=4096 出力不一致（matrixmultiply）: matrixmultiply: index=117 reference=0.012689356 candidate=0.012704611 abs_diff=0.000015255064 rel_diff=0.0012007502
::warning::size=4096 出力不一致（gemm crate）: gemm: index=117 reference=0.012689356 candidate=0.01272583 abs_diff=0.000036474317 rel_diff=0.002866164
{"date":"2026-09-07","commit":"unknown","hw":"linux/aarch64 (10 logical cores)","boundary":"device_resident","impl":"self_gemm_blis_parallel","lib_version":"0.1.0","impl_threads":10,"size":4096,"warmup":20,"iters":20,"tflops_median":1.1357,"tflops_q1":1.1323,"tflops_q3":1.1394,"output_match":true,"mismatch_detail":null}
{"date":"2026-09-07","commit":"unknown","hw":"linux/aarch64 (10 logical cores)","boundary":"device_resident","impl":"matrixmultiply","lib_version":"0.3.11","impl_threads":1,"size":4096,"warmup":20,"iters":20,"tflops_median":0.1305,"tflops_q1":0.1305,"tflops_q3":0.1306,"output_match":false,"mismatch_detail":"matrixmultiply: index=117 reference=0.012689356 candidate=0.012704611 abs_diff=0.000015255064 rel_diff=0.0012007502"}
{"date":"2026-09-07","commit":"unknown","hw":"linux/aarch64 (10 logical cores)","boundary":"device_resident","impl":"gemm","lib_version":"0.19.0","impl_threads":10,"size":4096,"warmup":20,"iters":20,"tflops_median":1.1427,"tflops_q1":1.1372,"tflops_q3":1.1580,"output_match":false,"mismatch_detail":"gemm: index=117 reference=0.012689356 candidate=0.01272583 abs_diff=0.000036474317 rel_diff=0.002866164"}
::error::出力突合 NG（統一複合判定: 相対誤差 1e-3 未満 または 絶対誤差 1e-5 未満）を検出した。各 JSON Lines レコードの output_match / mismatch_detail を参照。既知の限界は docs/oss-comparison-harness-decision.md「出力突合とその限界」節を参照。
== RAYON_NUM_THREADS=10 run=1 rc=1 ==
== RAYON_NUM_THREADS=10 run=2 taskset=5-9,15-19 ==
oss-gemm-compare: commit=unknown hw=linux/aarch64 (10 logical cores) rayon_threads=10
::warning::size=1024 出力不一致（matrixmultiply）: matrixmultiply: index=5119 reference=-0.0021471737 candidate=-0.0021572113 abs_diff=0.000010037562 rel_diff=0.004653027
{"date":"2026-09-07","commit":"unknown","hw":"linux/aarch64 (10 logical cores)","boundary":"device_resident","impl":"self_gemm_blis_parallel","lib_version":"0.1.0","impl_threads":10,"size":1024,"warmup":20,"iters":20,"tflops_median":0.8356,"tflops_q1":0.7829,"tflops_q3":0.8927,"output_match":true,"mismatch_detail":null}
{"date":"2026-09-07","commit":"unknown","hw":"linux/aarch64 (10 logical cores)","boundary":"device_resident","impl":"matrixmultiply","lib_version":"0.3.11","impl_threads":1,"size":1024,"warmup":20,"iters":20,"tflops_median":0.1319,"tflops_q1":0.1319,"tflops_q3":0.1320,"output_match":false,"mismatch_detail":"matrixmultiply: index=5119 reference=-0.0021471737 candidate=-0.0021572113 abs_diff=0.000010037562 rel_diff=0.004653027"}
{"date":"2026-09-07","commit":"unknown","hw":"linux/aarch64 (10 logical cores)","boundary":"device_resident","impl":"gemm","lib_version":"0.19.0","impl_threads":10,"size":1024,"warmup":20,"iters":20,"tflops_median":1.1355,"tflops_q1":1.1320,"tflops_q3":1.1428,"output_match":true,"mismatch_detail":null}
::warning::size=2048 出力不一致（matrixmultiply）: matrixmultiply: index=1988 reference=-0.0072821276 candidate=-0.00727129 abs_diff=0.000010837801 rel_diff=0.001488274
::warning::size=2048 出力不一致（gemm crate）: gemm: index=7264 reference=-0.004956358 candidate=-0.0049700737 abs_diff=0.000013715588 rel_diff=0.0027596347
{"date":"2026-09-07","commit":"unknown","hw":"linux/aarch64 (10 logical cores)","boundary":"device_resident","impl":"self_gemm_blis_parallel","lib_version":"0.1.0","impl_threads":10,"size":2048,"warmup":20,"iters":20,"tflops_median":1.0698,"tflops_q1":1.0560,"tflops_q3":1.0773,"output_match":true,"mismatch_detail":null}
{"date":"2026-09-07","commit":"unknown","hw":"linux/aarch64 (10 logical cores)","boundary":"device_resident","impl":"matrixmultiply","lib_version":"0.3.11","impl_threads":1,"size":2048,"warmup":20,"iters":20,"tflops_median":0.1299,"tflops_q1":0.1298,"tflops_q3":0.1300,"output_match":false,"mismatch_detail":"matrixmultiply: index=1988 reference=-0.0072821276 candidate=-0.00727129 abs_diff=0.000010837801 rel_diff=0.001488274"}
{"date":"2026-09-07","commit":"unknown","hw":"linux/aarch64 (10 logical cores)","boundary":"device_resident","impl":"gemm","lib_version":"0.19.0","impl_threads":10,"size":2048,"warmup":20,"iters":20,"tflops_median":1.1389,"tflops_q1":1.1379,"tflops_q3":1.1426,"output_match":false,"mismatch_detail":"gemm: index=7264 reference=-0.004956358 candidate=-0.0049700737 abs_diff=0.000013715588 rel_diff=0.0027596347"}
::warning::size=4096 出力不一致（matrixmultiply）: matrixmultiply: index=117 reference=0.012689356 candidate=0.012704611 abs_diff=0.000015255064 rel_diff=0.0012007502
::warning::size=4096 出力不一致（gemm crate）: gemm: index=117 reference=0.012689356 candidate=0.01272583 abs_diff=0.000036474317 rel_diff=0.002866164
{"date":"2026-09-07","commit":"unknown","hw":"linux/aarch64 (10 logical cores)","boundary":"device_resident","impl":"self_gemm_blis_parallel","lib_version":"0.1.0","impl_threads":10,"size":4096,"warmup":20,"iters":20,"tflops_median":1.1349,"tflops_q1":1.1332,"tflops_q3":1.1383,"output_match":true,"mismatch_detail":null}
{"date":"2026-09-07","commit":"unknown","hw":"linux/aarch64 (10 logical cores)","boundary":"device_resident","impl":"matrixmultiply","lib_version":"0.3.11","impl_threads":1,"size":4096,"warmup":20,"iters":20,"tflops_median":0.1289,"tflops_q1":0.1289,"tflops_q3":0.1290,"output_match":false,"mismatch_detail":"matrixmultiply: index=117 reference=0.012689356 candidate=0.012704611 abs_diff=0.000015255064 rel_diff=0.0012007502"}
{"date":"2026-09-07","commit":"unknown","hw":"linux/aarch64 (10 logical cores)","boundary":"device_resident","impl":"gemm","lib_version":"0.19.0","impl_threads":10,"size":4096,"warmup":20,"iters":20,"tflops_median":1.1396,"tflops_q1":1.1282,"tflops_q3":1.1504,"output_match":false,"mismatch_detail":"gemm: index=117 reference=0.012689356 candidate=0.01272583 abs_diff=0.000036474317 rel_diff=0.002866164"}
::error::出力突合 NG（統一複合判定: 相対誤差 1e-3 未満 または 絶対誤差 1e-5 未満）を検出した。各 JSON Lines レコードの output_match / mismatch_detail を参照。既知の限界は docs/oss-comparison-harness-decision.md「出力突合とその限界」節を参照。
== RAYON_NUM_THREADS=10 run=2 rc=1 ==
== RAYON_NUM_THREADS=10 run=3 taskset=5-9,15-19 ==
oss-gemm-compare: commit=unknown hw=linux/aarch64 (10 logical cores) rayon_threads=10
::warning::size=1024 出力不一致（matrixmultiply）: matrixmultiply: index=5119 reference=-0.0021471737 candidate=-0.0021572113 abs_diff=0.000010037562 rel_diff=0.004653027
{"date":"2026-09-07","commit":"unknown","hw":"linux/aarch64 (10 logical cores)","boundary":"device_resident","impl":"self_gemm_blis_parallel","lib_version":"0.1.0","impl_threads":10,"size":1024,"warmup":20,"iters":20,"tflops_median":0.8890,"tflops_q1":0.8603,"tflops_q3":0.9316,"output_match":true,"mismatch_detail":null}
{"date":"2026-09-07","commit":"unknown","hw":"linux/aarch64 (10 logical cores)","boundary":"device_resident","impl":"matrixmultiply","lib_version":"0.3.11","impl_threads":1,"size":1024,"warmup":20,"iters":20,"tflops_median":0.1282,"tflops_q1":0.1278,"tflops_q3":0.1285,"output_match":false,"mismatch_detail":"matrixmultiply: index=5119 reference=-0.0021471737 candidate=-0.0021572113 abs_diff=0.000010037562 rel_diff=0.004653027"}
{"date":"2026-09-07","commit":"unknown","hw":"linux/aarch64 (10 logical cores)","boundary":"device_resident","impl":"gemm","lib_version":"0.19.0","impl_threads":10,"size":1024,"warmup":20,"iters":20,"tflops_median":1.1395,"tflops_q1":1.1350,"tflops_q3":1.1492,"output_match":true,"mismatch_detail":null}
::warning::size=2048 出力不一致（matrixmultiply）: matrixmultiply: index=1988 reference=-0.0072821276 candidate=-0.00727129 abs_diff=0.000010837801 rel_diff=0.001488274
::warning::size=2048 出力不一致（gemm crate）: gemm: index=7264 reference=-0.004956358 candidate=-0.0049700737 abs_diff=0.000013715588 rel_diff=0.0027596347
{"date":"2026-09-07","commit":"unknown","hw":"linux/aarch64 (10 logical cores)","boundary":"device_resident","impl":"self_gemm_blis_parallel","lib_version":"0.1.0","impl_threads":10,"size":2048,"warmup":20,"iters":20,"tflops_median":1.0889,"tflops_q1":1.0788,"tflops_q3":1.1002,"output_match":true,"mismatch_detail":null}
{"date":"2026-09-07","commit":"unknown","hw":"linux/aarch64 (10 logical cores)","boundary":"device_resident","impl":"matrixmultiply","lib_version":"0.3.11","impl_threads":1,"size":2048,"warmup":20,"iters":20,"tflops_median":0.1301,"tflops_q1":0.1301,"tflops_q3":0.1302,"output_match":false,"mismatch_detail":"matrixmultiply: index=1988 reference=-0.0072821276 candidate=-0.00727129 abs_diff=0.000010837801 rel_diff=0.001488274"}
{"date":"2026-09-07","commit":"unknown","hw":"linux/aarch64 (10 logical cores)","boundary":"device_resident","impl":"gemm","lib_version":"0.19.0","impl_threads":10,"size":2048,"warmup":20,"iters":20,"tflops_median":1.1385,"tflops_q1":1.1372,"tflops_q3":1.1404,"output_match":false,"mismatch_detail":"gemm: index=7264 reference=-0.004956358 candidate=-0.0049700737 abs_diff=0.000013715588 rel_diff=0.0027596347"}
::warning::size=4096 出力不一致（matrixmultiply）: matrixmultiply: index=117 reference=0.012689356 candidate=0.012704611 abs_diff=0.000015255064 rel_diff=0.0012007502
::warning::size=4096 出力不一致（gemm crate）: gemm: index=117 reference=0.012689356 candidate=0.01272583 abs_diff=0.000036474317 rel_diff=0.002866164
{"date":"2026-09-07","commit":"unknown","hw":"linux/aarch64 (10 logical cores)","boundary":"device_resident","impl":"self_gemm_blis_parallel","lib_version":"0.1.0","impl_threads":10,"size":4096,"warmup":20,"iters":20,"tflops_median":1.1369,"tflops_q1":1.1356,"tflops_q3":1.1381,"output_match":true,"mismatch_detail":null}
{"date":"2026-09-07","commit":"unknown","hw":"linux/aarch64 (10 logical cores)","boundary":"device_resident","impl":"matrixmultiply","lib_version":"0.3.11","impl_threads":1,"size":4096,"warmup":20,"iters":20,"tflops_median":0.1262,"tflops_q1":0.1261,"tflops_q3":0.1262,"output_match":false,"mismatch_detail":"matrixmultiply: index=117 reference=0.012689356 candidate=0.012704611 abs_diff=0.000015255064 rel_diff=0.0012007502"}
{"date":"2026-09-07","commit":"unknown","hw":"linux/aarch64 (10 logical cores)","boundary":"device_resident","impl":"gemm","lib_version":"0.19.0","impl_threads":10,"size":4096,"warmup":20,"iters":20,"tflops_median":0.7411,"tflops_q1":0.6633,"tflops_q3":0.9770,"output_match":false,"mismatch_detail":"gemm: index=117 reference=0.012689356 candidate=0.01272583 abs_diff=0.000036474317 rel_diff=0.002866164"}
::error::出力突合 NG（統一複合判定: 相対誤差 1e-3 未満 または 絶対誤差 1e-5 未満）を検出した。各 JSON Lines レコードの output_match / mismatch_detail を参照。既知の限界は docs/oss-comparison-harness-decision.md「出力突合とその限界」節を参照。
== RAYON_NUM_THREADS=10 run=3 rc=1 ==
== RAYON_NUM_THREADS=10 run=4 taskset=5-9,15-19 ==
oss-gemm-compare: commit=unknown hw=linux/aarch64 (10 logical cores) rayon_threads=10
::warning::size=1024 出力不一致（matrixmultiply）: matrixmultiply: index=5119 reference=-0.0021471737 candidate=-0.0021572113 abs_diff=0.000010037562 rel_diff=0.004653027
{"date":"2026-09-07","commit":"unknown","hw":"linux/aarch64 (10 logical cores)","boundary":"device_resident","impl":"self_gemm_blis_parallel","lib_version":"0.1.0","impl_threads":10,"size":1024,"warmup":20,"iters":20,"tflops_median":0.8883,"tflops_q1":0.8367,"tflops_q3":0.9195,"output_match":true,"mismatch_detail":null}
{"date":"2026-09-07","commit":"unknown","hw":"linux/aarch64 (10 logical cores)","boundary":"device_resident","impl":"matrixmultiply","lib_version":"0.3.11","impl_threads":1,"size":1024,"warmup":20,"iters":20,"tflops_median":0.1280,"tflops_q1":0.1280,"tflops_q3":0.1281,"output_match":false,"mismatch_detail":"matrixmultiply: index=5119 reference=-0.0021471737 candidate=-0.0021572113 abs_diff=0.000010037562 rel_diff=0.004653027"}
{"date":"2026-09-07","commit":"unknown","hw":"linux/aarch64 (10 logical cores)","boundary":"device_resident","impl":"gemm","lib_version":"0.19.0","impl_threads":10,"size":1024,"warmup":20,"iters":20,"tflops_median":1.0057,"tflops_q1":0.7881,"tflops_q3":1.0671,"output_match":true,"mismatch_detail":null}
::warning::size=2048 出力不一致（matrixmultiply）: matrixmultiply: index=1988 reference=-0.0072821276 candidate=-0.00727129 abs_diff=0.000010837801 rel_diff=0.001488274
::warning::size=2048 出力不一致（gemm crate）: gemm: index=7264 reference=-0.004956358 candidate=-0.0049700737 abs_diff=0.000013715588 rel_diff=0.0027596347
{"date":"2026-09-07","commit":"unknown","hw":"linux/aarch64 (10 logical cores)","boundary":"device_resident","impl":"self_gemm_blis_parallel","lib_version":"0.1.0","impl_threads":10,"size":2048,"warmup":20,"iters":20,"tflops_median":1.0768,"tflops_q1":1.0667,"tflops_q3":1.0874,"output_match":true,"mismatch_detail":null}
{"date":"2026-09-07","commit":"unknown","hw":"linux/aarch64 (10 logical cores)","boundary":"device_resident","impl":"matrixmultiply","lib_version":"0.3.11","impl_threads":1,"size":2048,"warmup":20,"iters":20,"tflops_median":0.1268,"tflops_q1":0.1267,"tflops_q3":0.1269,"output_match":false,"mismatch_detail":"matrixmultiply: index=1988 reference=-0.0072821276 candidate=-0.00727129 abs_diff=0.000010837801 rel_diff=0.001488274"}
{"date":"2026-09-07","commit":"unknown","hw":"linux/aarch64 (10 logical cores)","boundary":"device_resident","impl":"gemm","lib_version":"0.19.0","impl_threads":10,"size":2048,"warmup":20,"iters":20,"tflops_median":0.8438,"tflops_q1":0.6813,"tflops_q3":1.1271,"output_match":false,"mismatch_detail":"gemm: index=7264 reference=-0.004956358 candidate=-0.0049700737 abs_diff=0.000013715588 rel_diff=0.0027596347"}
::warning::size=4096 出力不一致（matrixmultiply）: matrixmultiply: index=117 reference=0.012689356 candidate=0.012704611 abs_diff=0.000015255064 rel_diff=0.0012007502
::warning::size=4096 出力不一致（gemm crate）: gemm: index=117 reference=0.012689356 candidate=0.01272583 abs_diff=0.000036474317 rel_diff=0.002866164
{"date":"2026-09-07","commit":"unknown","hw":"linux/aarch64 (10 logical cores)","boundary":"device_resident","impl":"self_gemm_blis_parallel","lib_version":"0.1.0","impl_threads":10,"size":4096,"warmup":20,"iters":20,"tflops_median":1.1307,"tflops_q1":1.1228,"tflops_q3":1.1365,"output_match":true,"mismatch_detail":null}
{"date":"2026-09-07","commit":"unknown","hw":"linux/aarch64 (10 logical cores)","boundary":"device_resident","impl":"matrixmultiply","lib_version":"0.3.11","impl_threads":1,"size":4096,"warmup":20,"iters":20,"tflops_median":0.1277,"tflops_q1":0.1277,"tflops_q3":0.1283,"output_match":false,"mismatch_detail":"matrixmultiply: index=117 reference=0.012689356 candidate=0.012704611 abs_diff=0.000015255064 rel_diff=0.0012007502"}
{"date":"2026-09-07","commit":"unknown","hw":"linux/aarch64 (10 logical cores)","boundary":"device_resident","impl":"gemm","lib_version":"0.19.0","impl_threads":10,"size":4096,"warmup":20,"iters":20,"tflops_median":1.1450,"tflops_q1":1.1314,"tflops_q3":1.1541,"output_match":false,"mismatch_detail":"gemm: index=117 reference=0.012689356 candidate=0.01272583 abs_diff=0.000036474317 rel_diff=0.002866164"}
::error::出力突合 NG（統一複合判定: 相対誤差 1e-3 未満 または 絶対誤差 1e-5 未満）を検出した。各 JSON Lines レコードの output_match / mismatch_detail を参照。既知の限界は docs/oss-comparison-harness-decision.md「出力突合とその限界」節を参照。
== RAYON_NUM_THREADS=10 run=4 rc=1 ==
== RAYON_NUM_THREADS=10 run=5 taskset=5-9,15-19 ==
oss-gemm-compare: commit=unknown hw=linux/aarch64 (10 logical cores) rayon_threads=10
::warning::size=1024 出力不一致（matrixmultiply）: matrixmultiply: index=5119 reference=-0.0021471737 candidate=-0.0021572113 abs_diff=0.000010037562 rel_diff=0.004653027
{"date":"2026-09-07","commit":"unknown","hw":"linux/aarch64 (10 logical cores)","boundary":"device_resident","impl":"self_gemm_blis_parallel","lib_version":"0.1.0","impl_threads":10,"size":1024,"warmup":20,"iters":20,"tflops_median":0.8791,"tflops_q1":0.8452,"tflops_q3":0.9197,"output_match":true,"mismatch_detail":null}
{"date":"2026-09-07","commit":"unknown","hw":"linux/aarch64 (10 logical cores)","boundary":"device_resident","impl":"matrixmultiply","lib_version":"0.3.11","impl_threads":1,"size":1024,"warmup":20,"iters":20,"tflops_median":0.1323,"tflops_q1":0.1322,"tflops_q3":0.1323,"output_match":false,"mismatch_detail":"matrixmultiply: index=5119 reference=-0.0021471737 candidate=-0.0021572113 abs_diff=0.000010037562 rel_diff=0.004653027"}
{"date":"2026-09-07","commit":"unknown","hw":"linux/aarch64 (10 logical cores)","boundary":"device_resident","impl":"gemm","lib_version":"0.19.0","impl_threads":10,"size":1024,"warmup":20,"iters":20,"tflops_median":1.1195,"tflops_q1":1.0867,"tflops_q3":1.1336,"output_match":true,"mismatch_detail":null}
::warning::size=2048 出力不一致（matrixmultiply）: matrixmultiply: index=1988 reference=-0.0072821276 candidate=-0.00727129 abs_diff=0.000010837801 rel_diff=0.001488274
::warning::size=2048 出力不一致（gemm crate）: gemm: index=7264 reference=-0.004956358 candidate=-0.0049700737 abs_diff=0.000013715588 rel_diff=0.0027596347
{"date":"2026-09-07","commit":"unknown","hw":"linux/aarch64 (10 logical cores)","boundary":"device_resident","impl":"self_gemm_blis_parallel","lib_version":"0.1.0","impl_threads":10,"size":2048,"warmup":20,"iters":20,"tflops_median":1.0849,"tflops_q1":1.0718,"tflops_q3":1.0990,"output_match":true,"mismatch_detail":null}
{"date":"2026-09-07","commit":"unknown","hw":"linux/aarch64 (10 logical cores)","boundary":"device_resident","impl":"matrixmultiply","lib_version":"0.3.11","impl_threads":1,"size":2048,"warmup":20,"iters":20,"tflops_median":0.1299,"tflops_q1":0.1299,"tflops_q3":0.1300,"output_match":false,"mismatch_detail":"matrixmultiply: index=1988 reference=-0.0072821276 candidate=-0.00727129 abs_diff=0.000010837801 rel_diff=0.001488274"}
{"date":"2026-09-07","commit":"unknown","hw":"linux/aarch64 (10 logical cores)","boundary":"device_resident","impl":"gemm","lib_version":"0.19.0","impl_threads":10,"size":2048,"warmup":20,"iters":20,"tflops_median":1.1385,"tflops_q1":1.1378,"tflops_q3":1.1419,"output_match":false,"mismatch_detail":"gemm: index=7264 reference=-0.004956358 candidate=-0.0049700737 abs_diff=0.000013715588 rel_diff=0.0027596347"}
::warning::size=4096 出力不一致（matrixmultiply）: matrixmultiply: index=117 reference=0.012689356 candidate=0.012704611 abs_diff=0.000015255064 rel_diff=0.0012007502
::warning::size=4096 出力不一致（gemm crate）: gemm: index=117 reference=0.012689356 candidate=0.01272583 abs_diff=0.000036474317 rel_diff=0.002866164
{"date":"2026-09-07","commit":"unknown","hw":"linux/aarch64 (10 logical cores)","boundary":"device_resident","impl":"self_gemm_blis_parallel","lib_version":"0.1.0","impl_threads":10,"size":4096,"warmup":20,"iters":20,"tflops_median":1.1353,"tflops_q1":1.1324,"tflops_q3":1.1367,"output_match":true,"mismatch_detail":null}
{"date":"2026-09-07","commit":"unknown","hw":"linux/aarch64 (10 logical cores)","boundary":"device_resident","impl":"matrixmultiply","lib_version":"0.3.11","impl_threads":1,"size":4096,"warmup":20,"iters":20,"tflops_median":0.1259,"tflops_q1":0.1259,"tflops_q3":0.1259,"output_match":false,"mismatch_detail":"matrixmultiply: index=117 reference=0.012689356 candidate=0.012704611 abs_diff=0.000015255064 rel_diff=0.0012007502"}
{"date":"2026-09-07","commit":"unknown","hw":"linux/aarch64 (10 logical cores)","boundary":"device_resident","impl":"gemm","lib_version":"0.19.0","impl_threads":10,"size":4096,"warmup":20,"iters":20,"tflops_median":1.1334,"tflops_q1":1.1312,"tflops_q3":1.1470,"output_match":false,"mismatch_detail":"gemm: index=117 reference=0.012689356 candidate=0.01272583 abs_diff=0.000036474317 rel_diff=0.002866164"}
::error::出力突合 NG（統一複合判定: 相対誤差 1e-3 未満 または 絶対誤差 1e-5 未満）を検出した。各 JSON Lines レコードの output_match / mismatch_detail を参照。既知の限界は docs/oss-comparison-harness-decision.md「出力突合とその限界」節を参照。
== RAYON_NUM_THREADS=10 run=5 rc=1 ==
done.
