== RAYON_NUM_THREADS=10 run=1 taskset=5-9,15-19 ==
oss-gemm-compare: commit=unknown hw=linux/aarch64 (10 logical cores) rayon_threads=10
::warning::size=1024 出力不一致（matrixmultiply）: matrixmultiply: index=5119 reference=-0.0021471737 candidate=-0.0021572113 abs_diff=0.000010037562 rel_diff=0.004653027
{"date":"2026-09-07","commit":"unknown","hw":"linux/aarch64 (10 logical cores)","boundary":"device_resident","impl":"self_gemm_blis_parallel","lib_version":"0.1.0","impl_threads":10,"size":1024,"warmup":20,"iters":20,"tflops_median":0.8909,"tflops_q1":0.8046,"tflops_q3":0.9487,"output_match":true,"mismatch_detail":null}
{"date":"2026-09-07","commit":"unknown","hw":"linux/aarch64 (10 logical cores)","boundary":"device_resident","impl":"matrixmultiply","lib_version":"0.3.11","impl_threads":1,"size":1024,"warmup":20,"iters":20,"tflops_median":0.1318,"tflops_q1":0.1318,"tflops_q3":0.1319,"output_match":false,"mismatch_detail":"matrixmultiply: index=5119 reference=-0.0021471737 candidate=-0.0021572113 abs_diff=0.000010037562 rel_diff=0.004653027"}
{"date":"2026-09-07","commit":"unknown","hw":"linux/aarch64 (10 logical cores)","boundary":"device_resident","impl":"gemm","lib_version":"0.19.0","impl_threads":10,"size":1024,"warmup":20,"iters":20,"tflops_median":1.1264,"tflops_q1":1.0980,"tflops_q3":1.1495,"output_match":true,"mismatch_detail":null}
::warning::size=2048 出力不一致（matrixmultiply）: matrixmultiply: index=1988 reference=-0.0072821276 candidate=-0.00727129 abs_diff=0.000010837801 rel_diff=0.001488274
::warning::size=2048 出力不一致（gemm crate）: gemm: index=7264 reference=-0.004956358 candidate=-0.0049700737 abs_diff=0.000013715588 rel_diff=0.0027596347
{"date":"2026-09-07","commit":"unknown","hw":"linux/aarch64 (10 logical cores)","boundary":"device_resident","impl":"self_gemm_blis_parallel","lib_version":"0.1.0","impl_threads":10,"size":2048,"warmup":20,"iters":20,"tflops_median":1.0857,"tflops_q1":1.0789,"tflops_q3":1.0996,"output_match":true,"mismatch_detail":null}
{"date":"2026-09-07","commit":"unknown","hw":"linux/aarch64 (10 logical cores)","boundary":"device_resident","impl":"matrixmultiply","lib_version":"0.3.11","impl_threads":1,"size":2048,"warmup":20,"iters":20,"tflops_median":0.1262,"tflops_q1":0.1261,"tflops_q3":0.1262,"output_match":false,"mismatch_detail":"matrixmultiply: index=1988 reference=-0.0072821276 candidate=-0.00727129 abs_diff=0.000010837801 rel_diff=0.001488274"}
{"date":"2026-09-07","commit":"unknown","hw":"linux/aarch64 (10 logical cores)","boundary":"device_resident","impl":"gemm","lib_version":"0.19.0","impl_threads":10,"size":2048,"warmup":20,"iters":20,"tflops_median":1.1441,"tflops_q1":1.1422,"tflops_q3":1.1446,"output_match":false,"mismatch_detail":"gemm: index=7264 reference=-0.004956358 candidate=-0.0049700737 abs_diff=0.000013715588 rel_diff=0.0027596347"}
::warning::size=4096 出力不一致（matrixmultiply）: matrixmultiply: index=117 reference=0.012689356 candidate=0.012704611 abs_diff=0.000015255064 rel_diff=0.0012007502
::warning::size=4096 出力不一致（gemm crate）: gemm: index=117 reference=0.012689356 candidate=0.01272583 abs_diff=0.000036474317 rel_diff=0.002866164
{"date":"2026-09-07","commit":"unknown","hw":"linux/aarch64 (10 logical cores)","boundary":"device_resident","impl":"self_gemm_blis_parallel","lib_version":"0.1.0","impl_threads":10,"size":4096,"warmup":20,"iters":20,"tflops_median":1.1357,"tflops_q1":1.1323,"tflops_q3":1.1394,"output_match":true,"mismatch_detail":null}
{"date":"2026-09-07","commit":"unknown","hw":"linux/aarch64 (10 logical cores)","boundary":"device_resident","impl":"matrixmultiply","lib_version":"0.3.11","impl_threads":1,"size":4096,"warmup":20,"iters":20,"tflops_median":0.1305,"tflops_q1":0.1305,"tflops_q3":0.1306,"output_match":false,"mismatch_detail":"matrixmultiply: index=117 reference=0.012689356 candidate=0.012704611 abs_diff=0.000015255064 rel_diff=0.0012007502"}
{"date":"2026-09-07","commit":"unknown","hw":"linux/aarch64 (10 logical cores)","boundary":"device_resident","impl":"gemm","lib_version":"0.19.0","impl_threads":10,"size":4096,"warmup":20,"iters":20,"tflops_median":1.1427,"tflops_q1":1.1372,"tflops_q3":1.1580,"output_match":false,"mismatch_detail":"gemm: index=117 reference=0.012689356 candidate=0.01272583 abs_diff=0.000036474317 rel_diff=0.002866164"}
::error::出力突合 NG（統一複合判定: 相対誤差 1e-3 未満 または 絶対誤差 1e-5 未満）を検出した。各 JSON Lines レコードの output_match / mismatch_detail を参照。既知の限界は docs/oss-comparison-harness-decision.md「出力突合とその限界」節を参照。
== RAYON_NUM_THREADS=10 run=1 rc=1 ==
== RAYON_NUM_THREADS=10 run=2 taskset=5-9,15-19 ==
oss-gemm-compare: commit=unknown hw=linux/aarch64 (10 logical cores) rayon_threads=10
::warning::size=1024 出力不一致（matrixmultiply）: matrixmultiply: index=5119 reference=-0.0021471737 candidate=-0.0021572113 abs_diff=0.000010037562 rel_diff=0.004653027
{"date":"2026-09-07","commit":"unknown","hw":"linux/aarch64 (10 logical cores)","boundary":"device_resident","impl":"self_gemm_blis_parallel","lib_version":"0.1.0","impl_threads":10,"size":1024,"warmup":20,"iters":20,"tflops_median":0.8356,"tflops_q1":0.7829,"tflops_q3":0.8927,"output_match":true,"mismatch_detail":null}
{"date":"2026-09-07","commit":"unknown","hw":"linux/aarch64 (10 logical cores)","boundary":"device_resident","impl":"matrixmultiply","lib_version":"0.3.11","impl_threads":1,"size":1024,"warmup":20,"iters":20,"tflops_median":0.1319,"tflops_q1":0.1319,"tflops_q3":0.1320,"output_match":false,"mismatch_detail":"matrixmultiply: index=5119 reference=-0.0021471737 candidate=-0.0021572113 abs_diff=0.000010037562 rel_diff=0.004653027"}
{"date":"2026-09-07","commit":"unknown","hw":"linux/aarch64 (10 logical cores)","boundary":"device_resident","impl":"gemm","lib_version":"0.19.0","impl_threads":10,"size":1024,"warmup":20,"iters":20,"tflops_median":1.1355,"tflops_q1":1.1320,"tflops_q3":1.1428,"output_match":true,"mismatch_detail":null}
::warning::size=2048 出力不一致（matrixmultiply）: matrixmultiply: index=1988 reference=-0.0072821276 candidate=-0.00727129 abs_diff=0.000010837801 rel_diff=0.001488274
::warning::size=2048 出力不一致（gemm crate）: gemm: index=7264 reference=-0.004956358 candidate=-0.0049700737 abs_diff=0.000013715588 rel_diff=0.0027596347
{"date":"2026-09-07","commit":"unknown","hw":"linux/aarch64 (10 logical cores)","boundary":"device_resident","impl":"self_gemm_blis_parallel","lib_version":"0.1.0","impl_threads":10,"size":2048,"warmup":20,"iters":20,"tflops_median":1.0698,"tflops_q1":1.0560,"tflops_q3":1.0773,"output_match":true,"mismatch_detail":null}
{"date":"2026-09-07","commit":"unknown","hw":"linux/aarch64 (10 logical cores)","boundary":"device_resident","impl":"matrixmultiply","lib_version":"0.3.11","impl_threads":1,"size":2048,"warmup":20,"iters":20,"tflops_median":0.1299,"tflops_q1":0.1298,"tflops_q3":0.1300,"output_match":false,"mismatch_detail":"matrixmultiply: index=1988 reference=-0.0072821276 candidate=-0.00727129 abs_diff=0.000010837801 rel_diff=0.001488274"}
{"date":"2026-09-07","commit":"unknown","hw":"linux/aarch64 (10 logical cores)","boundary":"device_resident","impl":"gemm","lib_version":"0.19.0","impl_threads":10,"size":2048,"warmup":20,"iters":20,"tflops_median":1.1389,"tflops_q1":1.1379,"tflops_q3":1.1426,"output_match":false,"mismatch_detail":"gemm: index=7264 reference=-0.004956358 candidate=-0.0049700737 abs_diff=0.000013715588 rel_diff=0.0027596347"}
::warning::size=4096 出力不一致（matrixmultiply）: matrixmultiply: index=117 reference=0.012689356 candidate=0.012704611 abs_diff=0.000015255064 rel_diff=0.0012007502
::warning::size=4096 出力不一致（gemm crate）: gemm: index=117 reference=0.012689356 candidate=0.01272583 abs_diff=0.000036474317 rel_diff=0.002866164
{"date":"2026-09-07","commit":"unknown","hw":"linux/aarch64 (10 logical cores)","boundary":"device_resident","impl":"self_gemm_blis_parallel","lib_version":"0.1.0","impl_threads":10,"size":4096,"warmup":20,"iters":20,"tflops_median":1.1349,"tflops_q1":1.1332,"tflops_q3":1.1383,"output_match":true,"mismatch_detail":null}
{"date":"2026-09-07","commit":"unknown","hw":"linux/aarch64 (10 logical cores)","boundary":"device_resident","impl":"matrixmultiply","lib_version":"0.3.11","impl_threads":1,"size":4096,"warmup":20,"iters":20,"tflops_median":0.1289,"tflops_q1":0.1289,"tflops_q3":0.1290,"output_match":false,"mismatch_detail":"matrixmultiply: index=117 reference=0.012689356 candidate=0.012704611 abs_diff=0.000015255064 rel_diff=0.0012007502"}
{"date":"2026-09-07","commit":"unknown","hw":"linux/aarch64 (10 logical cores)","boundary":"device_resident","impl":"gemm","lib_version":"0.19.0","impl_threads":10,"size":4096,"warmup":20,"iters":20,"tflops_median":1.1396,"tflops_q1":1.1282,"tflops_q3":1.1504,"output_match":false,"mismatch_detail":"gemm: index=117 reference=0.012689356 candidate=0.01272583 abs_diff=0.000036474317 rel_diff=0.002866164"}
::error::出力突合 NG（統一複合判定: 相対誤差 1e-3 未満 または 絶対誤差 1e-5 未満）を検出した。各 JSON Lines レコードの output_match / mismatch_detail を参照。既知の限界は docs/oss-comparison-harness-decision.md「出力突合とその限界」節を参照。
== RAYON_NUM_THREADS=10 run=2 rc=1 ==
== RAYON_NUM_THREADS=10 run=3 taskset=5-9,15-19 ==
oss-gemm-compare: commit=unknown hw=linux/aarch64 (10 logical cores) rayon_threads=10
::warning::size=1024 出力不一致（matrixmultiply）: matrixmultiply: index=5119 reference=-0.0021471737 candidate=-0.0021572113 abs_diff=0.000010037562 rel_diff=0.004653027
{"date":"2026-09-07","commit":"unknown","hw":"linux/aarch64 (10 logical cores)","boundary":"device_resident","impl":"self_gemm_blis_parallel","lib_version":"0.1.0","impl_threads":10,"size":1024,"warmup":20,"iters":20,"tflops_median":0.8890,"tflops_q1":0.8603,"tflops_q3":0.9316,"output_match":true,"mismatch_detail":null}
{"date":"2026-09-07","commit":"unknown","hw":"linux/aarch64 (10 logical cores)","boundary":"device_resident","impl":"matrixmultiply","lib_version":"0.3.11","impl_threads":1,"size":1024,"warmup":20,"iters":20,"tflops_median":0.1282,"tflops_q1":0.1278,"tflops_q3":0.1285,"output_match":false,"mismatch_detail":"matrixmultiply: index=5119 reference=-0.0021471737 candidate=-0.0021572113 abs_diff=0.000010037562 rel_diff=0.004653027"}
{"date":"2026-09-07","commit":"unknown","hw":"linux/aarch64 (10 logical cores)","boundary":"device_resident","impl":"gemm","lib_version":"0.19.0","impl_threads":10,"size":1024,"warmup":20,"iters":20,"tflops_median":1.1395,"tflops_q1":1.1350,"tflops_q3":1.1492,"output_match":true,"mismatch_detail":null}
::warning::size=2048 出力不一致（matrixmultiply）: matrixmultiply: index=1988 reference=-0.0072821276 candidate=-0.00727129 abs_diff=0.000010837801 rel_diff=0.001488274
::warning::size=2048 出力不一致（gemm crate）: gemm: index=7264 reference=-0.004956358 candidate=-0.0049700737 abs_diff=0.000013715588 rel_diff=0.0027596347
{"date":"2026-09-07","commit":"unknown","hw":"linux/aarch64 (10 logical cores)","boundary":"device_resident","impl":"self_gemm_blis_parallel","lib_version":"0.1.0","impl_threads":10,"size":2048,"warmup":20,"iters":20,"tflops_median":1.0889,"tflops_q1":1.0788,"tflops_q3":1.1002,"output_match":true,"mismatch_detail":null}
{"date":"2026-09-07","commit":"unknown","hw":"linux/aarch64 (10 logical cores)","boundary":"device_resident","impl":"matrixmultiply","lib_version":"0.3.11","impl_threads":1,"size":2048,"warmup":20,"iters":20,"tflops_median":0.1301,"tflops_q1":0.1301,"tflops_q3":0.1302,"output_match":false,"mismatch_detail":"matrixmultiply: index=1988 reference=-0.0072821276 candidate=-0.00727129 abs_diff=0.000010837801 rel_diff=0.001488274"}
{"date":"2026-09-07","commit":"unknown","hw":"linux/aarch64 (10 logical cores)","boundary":"device_resident","impl":"gemm","lib_version":"0.19.0","impl_threads":10,"size":2048,"warmup":20,"iters":20,"tflops_median":1.1385,"tflops_q1":1.1372,"tflops_q3":1.1404,"output_match":false,"mismatch_detail":"gemm: index=7264 reference=-0.004956358 candidate=-0.0049700737 abs_diff=0.000013715588 rel_diff=0.0027596347"}
::warning::size=4096 出力不一致（matrixmultiply）: matrixmultiply: index=117 reference=0.012689356 candidate=0.012704611 abs_diff=0.000015255064 rel_diff=0.0012007502
::warning::size=4096 出力不一致（gemm crate）: gemm: index=117 reference=0.012689356 candidate=0.01272583 abs_diff=0.000036474317 rel_diff=0.002866164
{"date":"2026-09-07","commit":"unknown","hw":"linux/aarch64 (10 logical cores)","boundary":"device_resident","impl":"self_gemm_blis_parallel","lib_version":"0.1.0","impl_threads":10,"size":4096,"warmup":20,"iters":20,"tflops_median":1.1369,"tflops_q1":1.1356,"tflops_q3":1.1381,"output_match":true,"mismatch_detail":null}
{"date":"2026-09-07","commit":"unknown","hw":"linux/aarch64 (10 logical cores)","boundary":"device_resident","impl":"matrixmultiply","lib_version":"0.3.11","impl_threads":1,"size":4096,"warmup":20,"iters":20,"tflops_median":0.1262,"tflops_q1":0.1261,"tflops_q3":0.1262,"output_match":false,"mismatch_detail":"matrixmultiply: index=117 reference=0.012689356 candidate=0.012704611 abs_diff=0.000015255064 rel_diff=0.0012007502"}
{"date":"2026-09-07","commit":"unknown","hw":"linux/aarch64 (10 logical cores)","boundary":"device_resident","impl":"gemm","lib_version":"0.19.0","impl_threads":10,"size":4096,"warmup":20,"iters":20,"tflops_median":0.7411,"tflops_q1":0.6633,"tflops_q3":0.9770,"output_match":false,"mismatch_detail":"gemm: index=117 reference=0.012689356 candidate=0.01272583 abs_diff=0.000036474317 rel_diff=0.002866164"}
::error::出力突合 NG（統一複合判定: 相対誤差 1e-3 未満 または 絶対誤差 1e-5 未満）を検出した。各 JSON Lines レコードの output_match / mismatch_detail を参照。既知の限界は docs/oss-comparison-harness-decision.md「出力突合とその限界」節を参照。
== RAYON_NUM_THREADS=10 run=3 rc=1 ==
== RAYON_NUM_THREADS=10 run=4 taskset=5-9,15-19 ==
oss-gemm-compare: commit=unknown hw=linux/aarch64 (10 logical cores) rayon_threads=10
::warning::size=1024 出力不一致（matrixmultiply）: matrixmultiply: index=5119 reference=-0.0021471737 candidate=-0.0021572113 abs_diff=0.000010037562 rel_diff=0.004653027
{"date":"2026-09-07","commit":"unknown","hw":"linux/aarch64 (10 logical cores)","boundary":"device_resident","impl":"self_gemm_blis_parallel","lib_version":"0.1.0","impl_threads":10,"size":1024,"warmup":20,"iters":20,"tflops_median":0.8883,"tflops_q1":0.8367,"tflops_q3":0.9195,"output_match":true,"mismatch_detail":null}
{"date":"2026-09-07","commit":"unknown","hw":"linux/aarch64 (10 logical cores)","boundary":"device_resident","impl":"matrixmultiply","lib_version":"0.3.11","impl_threads":1,"size":1024,"warmup":20,"iters":20,"tflops_median":0.1280,"tflops_q1":0.1280,"tflops_q3":0.1281,"output_match":false,"mismatch_detail":"matrixmultiply: index=5119 reference=-0.0021471737 candidate=-0.0021572113 abs_diff=0.000010037562 rel_diff=0.004653027"}
{"date":"2026-09-07","commit":"unknown","hw":"linux/aarch64 (10 logical cores)","boundary":"device_resident","impl":"gemm","lib_version":"0.19.0","impl_threads":10,"size":1024,"warmup":20,"iters":20,"tflops_median":1.0057,"tflops_q1":0.7881,"tflops_q3":1.0671,"output_match":true,"mismatch_detail":null}
::warning::size=2048 出力不一致（matrixmultiply）: matrixmultiply: index=1988 reference=-0.0072821276 candidate=-0.00727129 abs_diff=0.000010837801 rel_diff=0.001488274
::warning::size=2048 出力不一致（gemm crate）: gemm: index=7264 reference=-0.004956358 candidate=-0.0049700737 abs_diff=0.000013715588 rel_diff=0.0027596347
{"date":"2026-09-07","commit":"unknown","hw":"linux/aarch64 (10 logical cores)","boundary":"device_resident","impl":"self_gemm_blis_parallel","lib_version":"0.1.0","impl_threads":10,"size":2048,"warmup":20,"iters":20,"tflops_median":1.0768,"tflops_q1":1.0667,"tflops_q3":1.0874,"output_match":true,"mismatch_detail":null}
{"date":"2026-09-07","commit":"unknown","hw":"linux/aarch64 (10 logical cores)","boundary":"device_resident","impl":"matrixmultiply","lib_version":"0.3.11","impl_threads":1,"size":2048,"warmup":20,"iters":20,"tflops_median":0.1268,"tflops_q1":0.1267,"tflops_q3":0.1269,"output_match":false,"mismatch_detail":"matrixmultiply: index=1988 reference=-0.0072821276 candidate=-0.00727129 abs_diff=0.000010837801 rel_diff=0.001488274"}
{"date":"2026-09-07","commit":"unknown","hw":"linux/aarch64 (10 logical cores)","boundary":"device_resident","impl":"gemm","lib_version":"0.19.0","impl_threads":10,"size":2048,"warmup":20,"iters":20,"tflops_median":0.8438,"tflops_q1":0.6813,"tflops_q3":1.1271,"output_match":false,"mismatch_detail":"gemm: index=7264 reference=-0.004956358 candidate=-0.0049700737 abs_diff=0.000013715588 rel_diff=0.0027596347"}
::warning::size=4096 出力不一致（matrixmultiply）: matrixmultiply: index=117 reference=0.012689356 candidate=0.012704611 abs_diff=0.000015255064 rel_diff=0.0012007502
::warning::size=4096 出力不一致（gemm crate）: gemm: index=117 reference=0.012689356 candidate=0.01272583 abs_diff=0.000036474317 rel_diff=0.002866164
{"date":"2026-09-07","commit":"unknown","hw":"linux/aarch64 (10 logical cores)","boundary":"device_resident","impl":"self_gemm_blis_parallel","lib_version":"0.1.0","impl_threads":10,"size":4096,"warmup":20,"iters":20,"tflops_median":1.1307,"tflops_q1":1.1228,"tflops_q3":1.1365,"output_match":true,"mismatch_detail":null}
{"date":"2026-09-07","commit":"unknown","hw":"linux/aarch64 (10 logical cores)","boundary":"device_resident","impl":"matrixmultiply","lib_version":"0.3.11","impl_threads":1,"size":4096,"warmup":20,"iters":20,"tflops_median":0.1277,"tflops_q1":0.1277,"tflops_q3":0.1283,"output_match":false,"mismatch_detail":"matrixmultiply: index=117 reference=0.012689356 candidate=0.012704611 abs_diff=0.000015255064 rel_diff=0.0012007502"}
{"date":"2026-09-07","commit":"unknown","hw":"linux/aarch64 (10 logical cores)","boundary":"device_resident","impl":"gemm","lib_version":"0.19.0","impl_threads":10,"size":4096,"warmup":20,"iters":20,"tflops_median":1.1450,"tflops_q1":1.1314,"tflops_q3":1.1541,"output_match":false,"mismatch_detail":"gemm: index=117 reference=0.012689356 candidate=0.01272583 abs_diff=0.000036474317 rel_diff=0.002866164"}
::error::出力突合 NG（統一複合判定: 相対誤差 1e-3 未満 または 絶対誤差 1e-5 未満）を検出した。各 JSON Lines レコードの output_match / mismatch_detail を参照。既知の限界は docs/oss-comparison-harness-decision.md「出力突合とその限界」節を参照。
== RAYON_NUM_THREADS=10 run=4 rc=1 ==
== RAYON_NUM_THREADS=10 run=5 taskset=5-9,15-19 ==
oss-gemm-compare: commit=unknown hw=linux/aarch64 (10 logical cores) rayon_threads=10
::warning::size=1024 出力不一致（matrixmultiply）: matrixmultiply: index=5119 reference=-0.0021471737 candidate=-0.0021572113 abs_diff=0.000010037562 rel_diff=0.004653027
{"date":"2026-09-07","commit":"unknown","hw":"linux/aarch64 (10 logical cores)","boundary":"device_resident","impl":"self_gemm_blis_parallel","lib_version":"0.1.0","impl_threads":10,"size":1024,"warmup":20,"iters":20,"tflops_median":0.8791,"tflops_q1":0.8452,"tflops_q3":0.9197,"output_match":true,"mismatch_detail":null}
{"date":"2026-09-07","commit":"unknown","hw":"linux/aarch64 (10 logical cores)","boundary":"device_resident","impl":"matrixmultiply","lib_version":"0.3.11","impl_threads":1,"size":1024,"warmup":20,"iters":20,"tflops_median":0.1323,"tflops_q1":0.1322,"tflops_q3":0.1323,"output_match":false,"mismatch_detail":"matrixmultiply: index=5119 reference=-0.0021471737 candidate=-0.0021572113 abs_diff=0.000010037562 rel_diff=0.004653027"}
{"date":"2026-09-07","commit":"unknown","hw":"linux/aarch64 (10 logical cores)","boundary":"device_resident","impl":"gemm","lib_version":"0.19.0","impl_threads":10,"size":1024,"warmup":20,"iters":20,"tflops_median":1.1195,"tflops_q1":1.0867,"tflops_q3":1.1336,"output_match":true,"mismatch_detail":null}
::warning::size=2048 出力不一致（matrixmultiply）: matrixmultiply: index=1988 reference=-0.0072821276 candidate=-0.00727129 abs_diff=0.000010837801 rel_diff=0.001488274
::warning::size=2048 出力不一致（gemm crate）: gemm: index=7264 reference=-0.004956358 candidate=-0.0049700737 abs_diff=0.000013715588 rel_diff=0.0027596347
{"date":"2026-09-07","commit":"unknown","hw":"linux/aarch64 (10 logical cores)","boundary":"device_resident","impl":"self_gemm_blis_parallel","lib_version":"0.1.0","impl_threads":10,"size":2048,"warmup":20,"iters":20,"tflops_median":1.0849,"tflops_q1":1.0718,"tflops_q3":1.0990,"output_match":true,"mismatch_detail":null}
{"date":"2026-09-07","commit":"unknown","hw":"linux/aarch64 (10 logical cores)","boundary":"device_resident","impl":"matrixmultiply","lib_version":"0.3.11","impl_threads":1,"size":2048,"warmup":20,"iters":20,"tflops_median":0.1299,"tflops_q1":0.1299,"tflops_q3":0.1300,"output_match":false,"mismatch_detail":"matrixmultiply: index=1988 reference=-0.0072821276 candidate=-0.00727129 abs_diff=0.000010837801 rel_diff=0.001488274"}
{"date":"2026-09-07","commit":"unknown","hw":"linux/aarch64 (10 logical cores)","boundary":"device_resident","impl":"gemm","lib_version":"0.19.0","impl_threads":10,"size":2048,"warmup":20,"iters":20,"tflops_median":1.1385,"tflops_q1":1.1378,"tflops_q3":1.1419,"output_match":false,"mismatch_detail":"gemm: index=7264 reference=-0.004956358 candidate=-0.0049700737 abs_diff=0.000013715588 rel_diff=0.0027596347"}
::warning::size=4096 出力不一致（matrixmultiply）: matrixmultiply: index=117 reference=0.012689356 candidate=0.012704611 abs_diff=0.000015255064 rel_diff=0.0012007502
::warning::size=4096 出力不一致（gemm crate）: gemm: index=117 reference=0.012689356 candidate=0.01272583 abs_diff=0.000036474317 rel_diff=0.002866164
{"date":"2026-09-07","commit":"unknown","hw":"linux/aarch64 (10 logical cores)","boundary":"device_resident","impl":"self_gemm_blis_parallel","lib_version":"0.1.0","impl_threads":10,"size":4096,"warmup":20,"iters":20,"tflops_median":1.1353,"tflops_q1":1.1324,"tflops_q3":1.1367,"output_match":true,"mismatch_detail":null}
{"date":"2026-09-07","commit":"unknown","hw":"linux/aarch64 (10 logical cores)","boundary":"device_resident","impl":"matrixmultiply","lib_version":"0.3.11","impl_threads":1,"size":4096,"warmup":20,"iters":20,"tflops_median":0.1259,"tflops_q1":0.1259,"tflops_q3":0.1259,"output_match":false,"mismatch_detail":"matrixmultiply: index=117 reference=0.012689356 candidate=0.012704611 abs_diff=0.000015255064 rel_diff=0.0012007502"}
{"date":"2026-09-07","commit":"unknown","hw":"linux/aarch64 (10 logical cores)","boundary":"device_resident","impl":"gemm","lib_version":"0.19.0","impl_threads":10,"size":4096,"warmup":20,"iters":20,"tflops_median":1.1334,"tflops_q1":1.1312,"tflops_q3":1.1470,"output_match":false,"mismatch_detail":"gemm: index=117 reference=0.012689356 candidate=0.01272583 abs_diff=0.000036474317 rel_diff=0.002866164"}
::error::出力突合 NG（統一複合判定: 相対誤差 1e-3 未満 または 絶対誤差 1e-5 未満）を検出した。各 JSON Lines レコードの output_match / mismatch_detail を参照。既知の限界は docs/oss-comparison-harness-decision.md「出力突合とその限界」節を参照。
== RAYON_NUM_THREADS=10 run=5 rc=1 ==
done.
== RAYON_NUM_THREADS=10 run=1 taskset=0-4,10-14 ==
oss-gemm-compare: commit=unknown hw=linux/aarch64 (10 logical cores) rayon_threads=10
::warning::size=1024 出力不一致（matrixmultiply）: matrixmultiply: index=5119 reference=-0.0021471737 candidate=-0.0021572113 abs_diff=0.000010037562 rel_diff=0.004653027
{"date":"2026-09-07","commit":"unknown","hw":"linux/aarch64 (10 logical cores)","boundary":"device_resident","impl":"self_gemm_blis_parallel","lib_version":"0.1.0","impl_threads":10,"size":1024,"warmup":20,"iters":20,"tflops_median":0.3491,"tflops_q1":0.3162,"tflops_q3":0.3559,"output_match":true,"mismatch_detail":null}
{"date":"2026-09-07","commit":"unknown","hw":"linux/aarch64 (10 logical cores)","boundary":"device_resident","impl":"matrixmultiply","lib_version":"0.3.11","impl_threads":1,"size":1024,"warmup":20,"iters":20,"tflops_median":0.0422,"tflops_q1":0.0422,"tflops_q3":0.0422,"output_match":false,"mismatch_detail":"matrixmultiply: index=5119 reference=-0.0021471737 candidate=-0.0021572113 abs_diff=0.000010037562 rel_diff=0.004653027"}
{"date":"2026-09-07","commit":"unknown","hw":"linux/aarch64 (10 logical cores)","boundary":"device_resident","impl":"gemm","lib_version":"0.19.0","impl_threads":10,"size":1024,"warmup":20,"iters":20,"tflops_median":0.3744,"tflops_q1":0.3438,"tflops_q3":0.3955,"output_match":true,"mismatch_detail":null}
::warning::size=2048 出力不一致（matrixmultiply）: matrixmultiply: index=1988 reference=-0.0072821276 candidate=-0.00727129 abs_diff=0.000010837801 rel_diff=0.001488274
::warning::size=2048 出力不一致（gemm crate）: gemm: index=7264 reference=-0.004956358 candidate=-0.0049700737 abs_diff=0.000013715588 rel_diff=0.0027596347
{"date":"2026-09-07","commit":"unknown","hw":"linux/aarch64 (10 logical cores)","boundary":"device_resident","impl":"self_gemm_blis_parallel","lib_version":"0.1.0","impl_threads":10,"size":2048,"warmup":20,"iters":20,"tflops_median":0.3736,"tflops_q1":0.3698,"tflops_q3":0.3759,"output_match":true,"mismatch_detail":null}
{"date":"2026-09-07","commit":"unknown","hw":"linux/aarch64 (10 logical cores)","boundary":"device_resident","impl":"matrixmultiply","lib_version":"0.3.11","impl_threads":1,"size":2048,"warmup":20,"iters":20,"tflops_median":0.0422,"tflops_q1":0.0422,"tflops_q3":0.0422,"output_match":false,"mismatch_detail":"matrixmultiply: index=1988 reference=-0.0072821276 candidate=-0.00727129 abs_diff=0.000010837801 rel_diff=0.001488274"}
{"date":"2026-09-07","commit":"unknown","hw":"linux/aarch64 (10 logical cores)","boundary":"device_resident","impl":"gemm","lib_version":"0.19.0","impl_threads":10,"size":2048,"warmup":20,"iters":20,"tflops_median":0.3786,"tflops_q1":0.3673,"tflops_q3":0.3900,"output_match":false,"mismatch_detail":"gemm: index=7264 reference=-0.004956358 candidate=-0.0049700737 abs_diff=0.000013715588 rel_diff=0.0027596347"}
::warning::size=4096 出力不一致（matrixmultiply）: matrixmultiply: index=117 reference=0.012689356 candidate=0.012704611 abs_diff=0.000015255064 rel_diff=0.0012007502
::warning::size=4096 出力不一致（gemm crate）: gemm: index=117 reference=0.012689356 candidate=0.01272583 abs_diff=0.000036474317 rel_diff=0.002866164
{"date":"2026-09-07","commit":"unknown","hw":"linux/aarch64 (10 logical cores)","boundary":"device_resident","impl":"self_gemm_blis_parallel","lib_version":"0.1.0","impl_threads":10,"size":4096,"warmup":20,"iters":20,"tflops_median":0.3842,"tflops_q1":0.3840,"tflops_q3":0.3849,"output_match":true,"mismatch_detail":null}
{"date":"2026-09-07","commit":"unknown","hw":"linux/aarch64 (10 logical cores)","boundary":"device_resident","impl":"matrixmultiply","lib_version":"0.3.11","impl_threads":1,"size":4096,"warmup":20,"iters":20,"tflops_median":0.0419,"tflops_q1":0.0419,"tflops_q3":0.0420,"output_match":false,"mismatch_detail":"matrixmultiply: index=117 reference=0.012689356 candidate=0.012704611 abs_diff=0.000015255064 rel_diff=0.0012007502"}
{"date":"2026-09-07","commit":"unknown","hw":"linux/aarch64 (10 logical cores)","boundary":"device_resident","impl":"gemm","lib_version":"0.19.0","impl_threads":10,"size":4096,"warmup":20,"iters":20,"tflops_median":0.4006,"tflops_q1":0.3911,"tflops_q3":0.4090,"output_match":false,"mismatch_detail":"gemm: index=117 reference=0.012689356 candidate=0.01272583 abs_diff=0.000036474317 rel_diff=0.002866164"}
::error::出力突合 NG（統一複合判定: 相対誤差 1e-3 未満 または 絶対誤差 1e-5 未満）を検出した。各 JSON Lines レコードの output_match / mismatch_detail を参照。既知の限界は docs/oss-comparison-harness-decision.md「出力突合とその限界」節を参照。
== RAYON_NUM_THREADS=10 run=1 rc=1 ==
== RAYON_NUM_THREADS=10 run=2 taskset=0-4,10-14 ==
oss-gemm-compare: commit=unknown hw=linux/aarch64 (10 logical cores) rayon_threads=10
::warning::size=1024 出力不一致（matrixmultiply）: matrixmultiply: index=5119 reference=-0.0021471737 candidate=-0.0021572113 abs_diff=0.000010037562 rel_diff=0.004653027
{"date":"2026-09-07","commit":"unknown","hw":"linux/aarch64 (10 logical cores)","boundary":"device_resident","impl":"self_gemm_blis_parallel","lib_version":"0.1.0","impl_threads":10,"size":1024,"warmup":20,"iters":20,"tflops_median":0.3557,"tflops_q1":0.3543,"tflops_q3":0.3580,"output_match":true,"mismatch_detail":null}
{"date":"2026-09-07","commit":"unknown","hw":"linux/aarch64 (10 logical cores)","boundary":"device_resident","impl":"matrixmultiply","lib_version":"0.3.11","impl_threads":1,"size":1024,"warmup":20,"iters":20,"tflops_median":0.0423,"tflops_q1":0.0423,"tflops_q3":0.0423,"output_match":false,"mismatch_detail":"matrixmultiply: index=5119 reference=-0.0021471737 candidate=-0.0021572113 abs_diff=0.000010037562 rel_diff=0.004653027"}
{"date":"2026-09-07","commit":"unknown","hw":"linux/aarch64 (10 logical cores)","boundary":"device_resident","impl":"gemm","lib_version":"0.19.0","impl_threads":10,"size":1024,"warmup":20,"iters":20,"tflops_median":0.3520,"tflops_q1":0.3321,"tflops_q3":0.3630,"output_match":true,"mismatch_detail":null}
::warning::size=2048 出力不一致（matrixmultiply）: matrixmultiply: index=1988 reference=-0.0072821276 candidate=-0.00727129 abs_diff=0.000010837801 rel_diff=0.001488274
::warning::size=2048 出力不一致（gemm crate）: gemm: index=7264 reference=-0.004956358 candidate=-0.0049700737 abs_diff=0.000013715588 rel_diff=0.0027596347
{"date":"2026-09-07","commit":"unknown","hw":"linux/aarch64 (10 logical cores)","boundary":"device_resident","impl":"self_gemm_blis_parallel","lib_version":"0.1.0","impl_threads":10,"size":2048,"warmup":20,"iters":20,"tflops_median":0.3744,"tflops_q1":0.3741,"tflops_q3":0.3757,"output_match":true,"mismatch_detail":null}
{"date":"2026-09-07","commit":"unknown","hw":"linux/aarch64 (10 logical cores)","boundary":"device_resident","impl":"matrixmultiply","lib_version":"0.3.11","impl_threads":1,"size":2048,"warmup":20,"iters":20,"tflops_median":0.0422,"tflops_q1":0.0422,"tflops_q3":0.0422,"output_match":false,"mismatch_detail":"matrixmultiply: index=1988 reference=-0.0072821276 candidate=-0.00727129 abs_diff=0.000010837801 rel_diff=0.001488274"}
{"date":"2026-09-07","commit":"unknown","hw":"linux/aarch64 (10 logical cores)","boundary":"device_resident","impl":"gemm","lib_version":"0.19.0","impl_threads":10,"size":2048,"warmup":20,"iters":20,"tflops_median":0.3807,"tflops_q1":0.3616,"tflops_q3":0.3899,"output_match":false,"mismatch_detail":"gemm: index=7264 reference=-0.004956358 candidate=-0.0049700737 abs_diff=0.000013715588 rel_diff=0.0027596347"}
::warning::size=4096 出力不一致（matrixmultiply）: matrixmultiply: index=117 reference=0.012689356 candidate=0.012704611 abs_diff=0.000015255064 rel_diff=0.0012007502
::warning::size=4096 出力不一致（gemm crate）: gemm: index=117 reference=0.012689356 candidate=0.01272583 abs_diff=0.000036474317 rel_diff=0.002866164
{"date":"2026-09-07","commit":"unknown","hw":"linux/aarch64 (10 logical cores)","boundary":"device_resident","impl":"self_gemm_blis_parallel","lib_version":"0.1.0","impl_threads":10,"size":4096,"warmup":20,"iters":20,"tflops_median":0.3835,"tflops_q1":0.3832,"tflops_q3":0.3840,"output_match":true,"mismatch_detail":null}
{"date":"2026-09-07","commit":"unknown","hw":"linux/aarch64 (10 logical cores)","boundary":"device_resident","impl":"matrixmultiply","lib_version":"0.3.11","impl_threads":1,"size":4096,"warmup":20,"iters":20,"tflops_median":0.0421,"tflops_q1":0.0420,"tflops_q3":0.0421,"output_match":false,"mismatch_detail":"matrixmultiply: index=117 reference=0.012689356 candidate=0.012704611 abs_diff=0.000015255064 rel_diff=0.0012007502"}
{"date":"2026-09-07","commit":"unknown","hw":"linux/aarch64 (10 logical cores)","boundary":"device_resident","impl":"gemm","lib_version":"0.19.0","impl_threads":10,"size":4096,"warmup":20,"iters":20,"tflops_median":0.4061,"tflops_q1":0.3920,"tflops_q3":0.4090,"output_match":false,"mismatch_detail":"gemm: index=117 reference=0.012689356 candidate=0.01272583 abs_diff=0.000036474317 rel_diff=0.002866164"}
::error::出力突合 NG（統一複合判定: 相対誤差 1e-3 未満 または 絶対誤差 1e-5 未満）を検出した。各 JSON Lines レコードの output_match / mismatch_detail を参照。既知の限界は docs/oss-comparison-harness-decision.md「出力突合とその限界」節を参照。
== RAYON_NUM_THREADS=10 run=2 rc=1 ==
== RAYON_NUM_THREADS=10 run=3 taskset=0-4,10-14 ==
oss-gemm-compare: commit=unknown hw=linux/aarch64 (10 logical cores) rayon_threads=10
::warning::size=1024 出力不一致（matrixmultiply）: matrixmultiply: index=5119 reference=-0.0021471737 candidate=-0.0021572113 abs_diff=0.000010037562 rel_diff=0.004653027
{"date":"2026-09-07","commit":"unknown","hw":"linux/aarch64 (10 logical cores)","boundary":"device_resident","impl":"self_gemm_blis_parallel","lib_version":"0.1.0","impl_threads":10,"size":1024,"warmup":20,"iters":20,"tflops_median":0.3363,"tflops_q1":0.3117,"tflops_q3":0.3426,"output_match":true,"mismatch_detail":null}
{"date":"2026-09-07","commit":"unknown","hw":"linux/aarch64 (10 logical cores)","boundary":"device_resident","impl":"matrixmultiply","lib_version":"0.3.11","impl_threads":1,"size":1024,"warmup":20,"iters":20,"tflops_median":0.0423,"tflops_q1":0.0423,"tflops_q3":0.0424,"output_match":false,"mismatch_detail":"matrixmultiply: index=5119 reference=-0.0021471737 candidate=-0.0021572113 abs_diff=0.000010037562 rel_diff=0.004653027"}
{"date":"2026-09-07","commit":"unknown","hw":"linux/aarch64 (10 logical cores)","boundary":"device_resident","impl":"gemm","lib_version":"0.19.0","impl_threads":10,"size":1024,"warmup":20,"iters":20,"tflops_median":0.3669,"tflops_q1":0.3523,"tflops_q3":0.3854,"output_match":true,"mismatch_detail":null}
::warning::size=2048 出力不一致（matrixmultiply）: matrixmultiply: index=1988 reference=-0.0072821276 candidate=-0.00727129 abs_diff=0.000010837801 rel_diff=0.001488274
::warning::size=2048 出力不一致（gemm crate）: gemm: index=7264 reference=-0.004956358 candidate=-0.0049700737 abs_diff=0.000013715588 rel_diff=0.0027596347
{"date":"2026-09-07","commit":"unknown","hw":"linux/aarch64 (10 logical cores)","boundary":"device_resident","impl":"self_gemm_blis_parallel","lib_version":"0.1.0","impl_threads":10,"size":2048,"warmup":20,"iters":20,"tflops_median":0.3733,"tflops_q1":0.3722,"tflops_q3":0.3754,"output_match":true,"mismatch_detail":null}
{"date":"2026-09-07","commit":"unknown","hw":"linux/aarch64 (10 logical cores)","boundary":"device_resident","impl":"matrixmultiply","lib_version":"0.3.11","impl_threads":1,"size":2048,"warmup":20,"iters":20,"tflops_median":0.0423,"tflops_q1":0.0422,"tflops_q3":0.0423,"output_match":false,"mismatch_detail":"matrixmultiply: index=1988 reference=-0.0072821276 candidate=-0.00727129 abs_diff=0.000010837801 rel_diff=0.001488274"}
{"date":"2026-09-07","commit":"unknown","hw":"linux/aarch64 (10 logical cores)","boundary":"device_resident","impl":"gemm","lib_version":"0.19.0","impl_threads":10,"size":2048,"warmup":20,"iters":20,"tflops_median":0.3917,"tflops_q1":0.3405,"tflops_q3":0.3978,"output_match":false,"mismatch_detail":"gemm: index=7264 reference=-0.004956358 candidate=-0.0049700737 abs_diff=0.000013715588 rel_diff=0.0027596347"}
::warning::size=4096 出力不一致（matrixmultiply）: matrixmultiply: index=117 reference=0.012689356 candidate=0.012704611 abs_diff=0.000015255064 rel_diff=0.0012007502
::warning::size=4096 出力不一致（gemm crate）: gemm: index=117 reference=0.012689356 candidate=0.01272583 abs_diff=0.000036474317 rel_diff=0.002866164
{"date":"2026-09-07","commit":"unknown","hw":"linux/aarch64 (10 logical cores)","boundary":"device_resident","impl":"self_gemm_blis_parallel","lib_version":"0.1.0","impl_threads":10,"size":4096,"warmup":20,"iters":20,"tflops_median":0.3848,"tflops_q1":0.3841,"tflops_q3":0.3851,"output_match":true,"mismatch_detail":null}
{"date":"2026-09-07","commit":"unknown","hw":"linux/aarch64 (10 logical cores)","boundary":"device_resident","impl":"matrixmultiply","lib_version":"0.3.11","impl_threads":1,"size":4096,"warmup":20,"iters":20,"tflops_median":0.0420,"tflops_q1":0.0420,"tflops_q3":0.0420,"output_match":false,"mismatch_detail":"matrixmultiply: index=117 reference=0.012689356 candidate=0.012704611 abs_diff=0.000015255064 rel_diff=0.0012007502"}
{"date":"2026-09-07","commit":"unknown","hw":"linux/aarch64 (10 logical cores)","boundary":"device_resident","impl":"gemm","lib_version":"0.19.0","impl_threads":10,"size":4096,"warmup":20,"iters":20,"tflops_median":0.4006,"tflops_q1":0.3898,"tflops_q3":0.4074,"output_match":false,"mismatch_detail":"gemm: index=117 reference=0.012689356 candidate=0.01272583 abs_diff=0.000036474317 rel_diff=0.002866164"}
::error::出力突合 NG（統一複合判定: 相対誤差 1e-3 未満 または 絶対誤差 1e-5 未満）を検出した。各 JSON Lines レコードの output_match / mismatch_detail を参照。既知の限界は docs/oss-comparison-harness-decision.md「出力突合とその限界」節を参照。
== RAYON_NUM_THREADS=10 run=3 rc=1 ==
== RAYON_NUM_THREADS=10 run=4 taskset=0-4,10-14 ==
oss-gemm-compare: commit=unknown hw=linux/aarch64 (10 logical cores) rayon_threads=10
::warning::size=1024 出力不一致（matrixmultiply）: matrixmultiply: index=5119 reference=-0.0021471737 candidate=-0.0021572113 abs_diff=0.000010037562 rel_diff=0.004653027
{"date":"2026-09-07","commit":"unknown","hw":"linux/aarch64 (10 logical cores)","boundary":"device_resident","impl":"self_gemm_blis_parallel","lib_version":"0.1.0","impl_threads":10,"size":1024,"warmup":20,"iters":20,"tflops_median":0.3117,"tflops_q1":0.2970,"tflops_q3":0.3436,"output_match":true,"mismatch_detail":null}
{"date":"2026-09-07","commit":"unknown","hw":"linux/aarch64 (10 logical cores)","boundary":"device_resident","impl":"matrixmultiply","lib_version":"0.3.11","impl_threads":1,"size":1024,"warmup":20,"iters":20,"tflops_median":0.0423,"tflops_q1":0.0423,"tflops_q3":0.0423,"output_match":false,"mismatch_detail":"matrixmultiply: index=5119 reference=-0.0021471737 candidate=-0.0021572113 abs_diff=0.000010037562 rel_diff=0.004653027"}
{"date":"2026-09-07","commit":"unknown","hw":"linux/aarch64 (10 logical cores)","boundary":"device_resident","impl":"gemm","lib_version":"0.19.0","impl_threads":10,"size":1024,"warmup":20,"iters":20,"tflops_median":0.3977,"tflops_q1":0.3640,"tflops_q3":0.4073,"output_match":true,"mismatch_detail":null}
::warning::size=2048 出力不一致（matrixmultiply）: matrixmultiply: index=1988 reference=-0.0072821276 candidate=-0.00727129 abs_diff=0.000010837801 rel_diff=0.001488274
::warning::size=2048 出力不一致（gemm crate）: gemm: index=7264 reference=-0.004956358 candidate=-0.0049700737 abs_diff=0.000013715588 rel_diff=0.0027596347
{"date":"2026-09-07","commit":"unknown","hw":"linux/aarch64 (10 logical cores)","boundary":"device_resident","impl":"self_gemm_blis_parallel","lib_version":"0.1.0","impl_threads":10,"size":2048,"warmup":20,"iters":20,"tflops_median":0.3723,"tflops_q1":0.3721,"tflops_q3":0.3739,"output_match":true,"mismatch_detail":null}
{"date":"2026-09-07","commit":"unknown","hw":"linux/aarch64 (10 logical cores)","boundary":"device_resident","impl":"matrixmultiply","lib_version":"0.3.11","impl_threads":1,"size":2048,"warmup":20,"iters":20,"tflops_median":0.0423,"tflops_q1":0.0423,"tflops_q3":0.0423,"output_match":false,"mismatch_detail":"matrixmultiply: index=1988 reference=-0.0072821276 candidate=-0.00727129 abs_diff=0.000010837801 rel_diff=0.001488274"}
{"date":"2026-09-07","commit":"unknown","hw":"linux/aarch64 (10 logical cores)","boundary":"device_resident","impl":"gemm","lib_version":"0.19.0","impl_threads":10,"size":2048,"warmup":20,"iters":20,"tflops_median":0.3792,"tflops_q1":0.3413,"tflops_q3":0.4036,"output_match":false,"mismatch_detail":"gemm: index=7264 reference=-0.004956358 candidate=-0.0049700737 abs_diff=0.000013715588 rel_diff=0.0027596347"}
::warning::size=4096 出力不一致（matrixmultiply）: matrixmultiply: index=117 reference=0.012689356 candidate=0.012704611 abs_diff=0.000015255064 rel_diff=0.0012007502
::warning::size=4096 出力不一致（gemm crate）: gemm: index=117 reference=0.012689356 candidate=0.01272583 abs_diff=0.000036474317 rel_diff=0.002866164
{"date":"2026-09-07","commit":"unknown","hw":"linux/aarch64 (10 logical cores)","boundary":"device_resident","impl":"self_gemm_blis_parallel","lib_version":"0.1.0","impl_threads":10,"size":4096,"warmup":20,"iters":20,"tflops_median":0.3845,"tflops_q1":0.3838,"tflops_q3":0.3859,"output_match":true,"mismatch_detail":null}
{"date":"2026-09-07","commit":"unknown","hw":"linux/aarch64 (10 logical cores)","boundary":"device_resident","impl":"matrixmultiply","lib_version":"0.3.11","impl_threads":1,"size":4096,"warmup":20,"iters":20,"tflops_median":0.0420,"tflops_q1":0.0420,"tflops_q3":0.0420,"output_match":false,"mismatch_detail":"matrixmultiply: index=117 reference=0.012689356 candidate=0.012704611 abs_diff=0.000015255064 rel_diff=0.0012007502"}
{"date":"2026-09-07","commit":"unknown","hw":"linux/aarch64 (10 logical cores)","boundary":"device_resident","impl":"gemm","lib_version":"0.19.0","impl_threads":10,"size":4096,"warmup":20,"iters":20,"tflops_median":0.3948,"tflops_q1":0.3903,"tflops_q3":0.4079,"output_match":false,"mismatch_detail":"gemm: index=117 reference=0.012689356 candidate=0.01272583 abs_diff=0.000036474317 rel_diff=0.002866164"}
::error::出力突合 NG（統一複合判定: 相対誤差 1e-3 未満 または 絶対誤差 1e-5 未満）を検出した。各 JSON Lines レコードの output_match / mismatch_detail を参照。既知の限界は docs/oss-comparison-harness-decision.md「出力突合とその限界」節を参照。
== RAYON_NUM_THREADS=10 run=4 rc=1 ==
== RAYON_NUM_THREADS=10 run=5 taskset=0-4,10-14 ==
oss-gemm-compare: commit=unknown hw=linux/aarch64 (10 logical cores) rayon_threads=10
::warning::size=1024 出力不一致（matrixmultiply）: matrixmultiply: index=5119 reference=-0.0021471737 candidate=-0.0021572113 abs_diff=0.000010037562 rel_diff=0.004653027
{"date":"2026-09-07","commit":"unknown","hw":"linux/aarch64 (10 logical cores)","boundary":"device_resident","impl":"self_gemm_blis_parallel","lib_version":"0.1.0","impl_threads":10,"size":1024,"warmup":20,"iters":20,"tflops_median":0.3500,"tflops_q1":0.3227,"tflops_q3":0.3560,"output_match":true,"mismatch_detail":null}
{"date":"2026-09-07","commit":"unknown","hw":"linux/aarch64 (10 logical cores)","boundary":"device_resident","impl":"matrixmultiply","lib_version":"0.3.11","impl_threads":1,"size":1024,"warmup":20,"iters":20,"tflops_median":0.0424,"tflops_q1":0.0424,"tflops_q3":0.0424,"output_match":false,"mismatch_detail":"matrixmultiply: index=5119 reference=-0.0021471737 candidate=-0.0021572113 abs_diff=0.000010037562 rel_diff=0.004653027"}
{"date":"2026-09-07","commit":"unknown","hw":"linux/aarch64 (10 logical cores)","boundary":"device_resident","impl":"gemm","lib_version":"0.19.0","impl_threads":10,"size":1024,"warmup":20,"iters":20,"tflops_median":0.3669,"tflops_q1":0.3349,"tflops_q3":0.3975,"output_match":true,"mismatch_detail":null}
::warning::size=2048 出力不一致（matrixmultiply）: matrixmultiply: index=1988 reference=-0.0072821276 candidate=-0.00727129 abs_diff=0.000010837801 rel_diff=0.001488274
::warning::size=2048 出力不一致（gemm crate）: gemm: index=7264 reference=-0.004956358 candidate=-0.0049700737 abs_diff=0.000013715588 rel_diff=0.0027596347
{"date":"2026-09-07","commit":"unknown","hw":"linux/aarch64 (10 logical cores)","boundary":"device_resident","impl":"self_gemm_blis_parallel","lib_version":"0.1.0","impl_threads":10,"size":2048,"warmup":20,"iters":20,"tflops_median":0.3735,"tflops_q1":0.3703,"tflops_q3":0.3753,"output_match":true,"mismatch_detail":null}
{"date":"2026-09-07","commit":"unknown","hw":"linux/aarch64 (10 logical cores)","boundary":"device_resident","impl":"matrixmultiply","lib_version":"0.3.11","impl_threads":1,"size":2048,"warmup":20,"iters":20,"tflops_median":0.0423,"tflops_q1":0.0423,"tflops_q3":0.0423,"output_match":false,"mismatch_detail":"matrixmultiply: index=1988 reference=-0.0072821276 candidate=-0.00727129 abs_diff=0.000010837801 rel_diff=0.001488274"}
{"date":"2026-09-07","commit":"unknown","hw":"linux/aarch64 (10 logical cores)","boundary":"device_resident","impl":"gemm","lib_version":"0.19.0","impl_threads":10,"size":2048,"warmup":20,"iters":20,"tflops_median":0.3899,"tflops_q1":0.3863,"tflops_q3":0.3976,"output_match":false,"mismatch_detail":"gemm: index=7264 reference=-0.004956358 candidate=-0.0049700737 abs_diff=0.000013715588 rel_diff=0.0027596347"}
::warning::size=4096 出力不一致（matrixmultiply）: matrixmultiply: index=117 reference=0.012689356 candidate=0.012704611 abs_diff=0.000015255064 rel_diff=0.0012007502
::warning::size=4096 出力不一致（gemm crate）: gemm: index=117 reference=0.012689356 candidate=0.01272583 abs_diff=0.000036474317 rel_diff=0.002866164
{"date":"2026-09-07","commit":"unknown","hw":"linux/aarch64 (10 logical cores)","boundary":"device_resident","impl":"self_gemm_blis_parallel","lib_version":"0.1.0","impl_threads":10,"size":4096,"warmup":20,"iters":20,"tflops_median":0.3851,"tflops_q1":0.3846,"tflops_q3":0.3856,"output_match":true,"mismatch_detail":null}
{"date":"2026-09-07","commit":"unknown","hw":"linux/aarch64 (10 logical cores)","boundary":"device_resident","impl":"matrixmultiply","lib_version":"0.3.11","impl_threads":1,"size":4096,"warmup":20,"iters":20,"tflops_median":0.0420,"tflops_q1":0.0420,"tflops_q3":0.0420,"output_match":false,"mismatch_detail":"matrixmultiply: index=117 reference=0.012689356 candidate=0.012704611 abs_diff=0.000015255064 rel_diff=0.0012007502"}
{"date":"2026-09-07","commit":"unknown","hw":"linux/aarch64 (10 logical cores)","boundary":"device_resident","impl":"gemm","lib_version":"0.19.0","impl_threads":10,"size":4096,"warmup":20,"iters":20,"tflops_median":0.4017,"tflops_q1":0.3914,"tflops_q3":0.4101,"output_match":false,"mismatch_detail":"gemm: index=117 reference=0.012689356 candidate=0.01272583 abs_diff=0.000036474317 rel_diff=0.002866164"}
::error::出力突合 NG（統一複合判定: 相対誤差 1e-3 未満 または 絶対誤差 1e-5 未満）を検出した。各 JSON Lines レコードの output_match / mismatch_detail を参照。既知の限界は docs/oss-comparison-harness-decision.md「出力突合とその限界」節を参照。
== RAYON_NUM_THREADS=10 run=5 rc=1 ==
done.
== RAYON_NUM_THREADS=10 run=1 taskset=none ==
oss-gemm-compare: commit=unknown hw=linux/aarch64 (20 logical cores) rayon_threads=10
::warning::size=1024 出力不一致（matrixmultiply）: matrixmultiply: index=5119 reference=-0.0021471737 candidate=-0.0021572113 abs_diff=0.000010037562 rel_diff=0.004653027
{"date":"2026-09-07","commit":"unknown","hw":"linux/aarch64 (20 logical cores)","boundary":"device_resident","impl":"self_gemm_blis_parallel","lib_version":"0.1.0","impl_threads":10,"size":1024,"warmup":20,"iters":20,"tflops_median":0.3504,"tflops_q1":0.3371,"tflops_q3":0.3734,"output_match":true,"mismatch_detail":null}
{"date":"2026-09-07","commit":"unknown","hw":"linux/aarch64 (20 logical cores)","boundary":"device_resident","impl":"matrixmultiply","lib_version":"0.3.11","impl_threads":1,"size":1024,"warmup":20,"iters":20,"tflops_median":0.1322,"tflops_q1":0.1321,"tflops_q3":0.1323,"output_match":false,"mismatch_detail":"matrixmultiply: index=5119 reference=-0.0021471737 candidate=-0.0021572113 abs_diff=0.000010037562 rel_diff=0.004653027"}
{"date":"2026-09-07","commit":"unknown","hw":"linux/aarch64 (20 logical cores)","boundary":"device_resident","impl":"gemm","lib_version":"0.19.0","impl_threads":10,"size":1024,"warmup":20,"iters":20,"tflops_median":0.6612,"tflops_q1":0.3841,"tflops_q3":0.8243,"output_match":true,"mismatch_detail":null}
::warning::size=2048 出力不一致（matrixmultiply）: matrixmultiply: index=1988 reference=-0.0072821276 candidate=-0.00727129 abs_diff=0.000010837801 rel_diff=0.001488274
::warning::size=2048 出力不一致（gemm crate）: gemm: index=7264 reference=-0.004956358 candidate=-0.0049700737 abs_diff=0.000013715588 rel_diff=0.0027596347
{"date":"2026-09-07","commit":"unknown","hw":"linux/aarch64 (20 logical cores)","boundary":"device_resident","impl":"self_gemm_blis_parallel","lib_version":"0.1.0","impl_threads":10,"size":2048,"warmup":20,"iters":20,"tflops_median":1.0374,"tflops_q1":1.0270,"tflops_q3":1.0708,"output_match":true,"mismatch_detail":null}
{"date":"2026-09-07","commit":"unknown","hw":"linux/aarch64 (20 logical cores)","boundary":"device_resident","impl":"matrixmultiply","lib_version":"0.3.11","impl_threads":1,"size":2048,"warmup":20,"iters":20,"tflops_median":0.1270,"tflops_q1":0.1270,"tflops_q3":0.1270,"output_match":false,"mismatch_detail":"matrixmultiply: index=1988 reference=-0.0072821276 candidate=-0.00727129 abs_diff=0.000010837801 rel_diff=0.001488274"}
{"date":"2026-09-07","commit":"unknown","hw":"linux/aarch64 (20 logical cores)","boundary":"device_resident","impl":"gemm","lib_version":"0.19.0","impl_threads":10,"size":2048,"warmup":20,"iters":20,"tflops_median":0.8109,"tflops_q1":0.7872,"tflops_q3":0.8201,"output_match":false,"mismatch_detail":"gemm: index=7264 reference=-0.004956358 candidate=-0.0049700737 abs_diff=0.000013715588 rel_diff=0.0027596347"}
::warning::size=4096 出力不一致（matrixmultiply）: matrixmultiply: index=117 reference=0.012689356 candidate=0.012704611 abs_diff=0.000015255064 rel_diff=0.0012007502
::warning::size=4096 出力不一致（gemm crate）: gemm: index=117 reference=0.012689356 candidate=0.01272583 abs_diff=0.000036474317 rel_diff=0.002866164
{"date":"2026-09-07","commit":"unknown","hw":"linux/aarch64 (20 logical cores)","boundary":"device_resident","impl":"self_gemm_blis_parallel","lib_version":"0.1.0","impl_threads":10,"size":4096,"warmup":20,"iters":20,"tflops_median":1.1337,"tflops_q1":1.1319,"tflops_q3":1.1387,"output_match":true,"mismatch_detail":null}
{"date":"2026-09-07","commit":"unknown","hw":"linux/aarch64 (20 logical cores)","boundary":"device_resident","impl":"matrixmultiply","lib_version":"0.3.11","impl_threads":1,"size":4096,"warmup":20,"iters":20,"tflops_median":0.1292,"tflops_q1":0.1292,"tflops_q3":0.1292,"output_match":false,"mismatch_detail":"matrixmultiply: index=117 reference=0.012689356 candidate=0.012704611 abs_diff=0.000015255064 rel_diff=0.0012007502"}
{"date":"2026-09-07","commit":"unknown","hw":"linux/aarch64 (20 logical cores)","boundary":"device_resident","impl":"gemm","lib_version":"0.19.0","impl_threads":10,"size":4096,"warmup":20,"iters":20,"tflops_median":0.9889,"tflops_q1":0.9821,"tflops_q3":1.0112,"output_match":false,"mismatch_detail":"gemm: index=117 reference=0.012689356 candidate=0.01272583 abs_diff=0.000036474317 rel_diff=0.002866164"}
::error::出力突合 NG（統一複合判定: 相対誤差 1e-3 未満 または 絶対誤差 1e-5 未満）を検出した。各 JSON Lines レコードの output_match / mismatch_detail を参照。既知の限界は docs/oss-comparison-harness-decision.md「出力突合とその限界」節を参照。
== RAYON_NUM_THREADS=10 run=1 rc=1 ==
== RAYON_NUM_THREADS=10 run=2 taskset=none ==
oss-gemm-compare: commit=unknown hw=linux/aarch64 (20 logical cores) rayon_threads=10
::warning::size=1024 出力不一致（matrixmultiply）: matrixmultiply: index=5119 reference=-0.0021471737 candidate=-0.0021572113 abs_diff=0.000010037562 rel_diff=0.004653027
{"date":"2026-09-07","commit":"unknown","hw":"linux/aarch64 (20 logical cores)","boundary":"device_resident","impl":"self_gemm_blis_parallel","lib_version":"0.1.0","impl_threads":10,"size":1024,"warmup":20,"iters":20,"tflops_median":0.3273,"tflops_q1":0.2933,"tflops_q3":0.7167,"output_match":true,"mismatch_detail":null}
{"date":"2026-09-07","commit":"unknown","hw":"linux/aarch64 (20 logical cores)","boundary":"device_resident","impl":"matrixmultiply","lib_version":"0.3.11","impl_threads":1,"size":1024,"warmup":20,"iters":20,"tflops_median":0.1325,"tflops_q1":0.1324,"tflops_q3":0.1325,"output_match":false,"mismatch_detail":"matrixmultiply: index=5119 reference=-0.0021471737 candidate=-0.0021572113 abs_diff=0.000010037562 rel_diff=0.004653027"}
{"date":"2026-09-07","commit":"unknown","hw":"linux/aarch64 (20 logical cores)","boundary":"device_resident","impl":"gemm","lib_version":"0.19.0","impl_threads":10,"size":1024,"warmup":20,"iters":20,"tflops_median":0.6343,"tflops_q1":0.6033,"tflops_q3":0.7089,"output_match":true,"mismatch_detail":null}
::warning::size=2048 出力不一致（matrixmultiply）: matrixmultiply: index=1988 reference=-0.0072821276 candidate=-0.00727129 abs_diff=0.000010837801 rel_diff=0.001488274
::warning::size=2048 出力不一致（gemm crate）: gemm: index=7264 reference=-0.004956358 candidate=-0.0049700737 abs_diff=0.000013715588 rel_diff=0.0027596347
{"date":"2026-09-07","commit":"unknown","hw":"linux/aarch64 (20 logical cores)","boundary":"device_resident","impl":"self_gemm_blis_parallel","lib_version":"0.1.0","impl_threads":10,"size":2048,"warmup":20,"iters":20,"tflops_median":1.0428,"tflops_q1":1.0245,"tflops_q3":1.0486,"output_match":true,"mismatch_detail":null}
{"date":"2026-09-07","commit":"unknown","hw":"linux/aarch64 (20 logical cores)","boundary":"device_resident","impl":"matrixmultiply","lib_version":"0.3.11","impl_threads":1,"size":2048,"warmup":20,"iters":20,"tflops_median":0.1269,"tflops_q1":0.1269,"tflops_q3":0.1270,"output_match":false,"mismatch_detail":"matrixmultiply: index=1988 reference=-0.0072821276 candidate=-0.00727129 abs_diff=0.000010837801 rel_diff=0.001488274"}
{"date":"2026-09-07","commit":"unknown","hw":"linux/aarch64 (20 logical cores)","boundary":"device_resident","impl":"gemm","lib_version":"0.19.0","impl_threads":10,"size":2048,"warmup":20,"iters":20,"tflops_median":0.8028,"tflops_q1":0.7838,"tflops_q3":0.8244,"output_match":false,"mismatch_detail":"gemm: index=7264 reference=-0.004956358 candidate=-0.0049700737 abs_diff=0.000013715588 rel_diff=0.0027596347"}
::warning::size=4096 出力不一致（matrixmultiply）: matrixmultiply: index=117 reference=0.012689356 candidate=0.012704611 abs_diff=0.000015255064 rel_diff=0.0012007502
::warning::size=4096 出力不一致（gemm crate）: gemm: index=117 reference=0.012689356 candidate=0.01272583 abs_diff=0.000036474317 rel_diff=0.002866164
{"date":"2026-09-07","commit":"unknown","hw":"linux/aarch64 (20 logical cores)","boundary":"device_resident","impl":"self_gemm_blis_parallel","lib_version":"0.1.0","impl_threads":10,"size":4096,"warmup":20,"iters":20,"tflops_median":1.1318,"tflops_q1":1.1287,"tflops_q3":1.1353,"output_match":true,"mismatch_detail":null}
{"date":"2026-09-07","commit":"unknown","hw":"linux/aarch64 (20 logical cores)","boundary":"device_resident","impl":"matrixmultiply","lib_version":"0.3.11","impl_threads":1,"size":4096,"warmup":20,"iters":20,"tflops_median":0.1262,"tflops_q1":0.1262,"tflops_q3":0.1263,"output_match":false,"mismatch_detail":"matrixmultiply: index=117 reference=0.012689356 candidate=0.012704611 abs_diff=0.000015255064 rel_diff=0.0012007502"}
{"date":"2026-09-07","commit":"unknown","hw":"linux/aarch64 (20 logical cores)","boundary":"device_resident","impl":"gemm","lib_version":"0.19.0","impl_threads":10,"size":4096,"warmup":20,"iters":20,"tflops_median":1.0004,"tflops_q1":0.9881,"tflops_q3":1.0175,"output_match":false,"mismatch_detail":"gemm: index=117 reference=0.012689356 candidate=0.01272583 abs_diff=0.000036474317 rel_diff=0.002866164"}
::error::出力突合 NG（統一複合判定: 相対誤差 1e-3 未満 または 絶対誤差 1e-5 未満）を検出した。各 JSON Lines レコードの output_match / mismatch_detail を参照。既知の限界は docs/oss-comparison-harness-decision.md「出力突合とその限界」節を参照。
== RAYON_NUM_THREADS=10 run=2 rc=1 ==
== RAYON_NUM_THREADS=10 run=3 taskset=none ==
oss-gemm-compare: commit=unknown hw=linux/aarch64 (20 logical cores) rayon_threads=10
::warning::size=1024 出力不一致（matrixmultiply）: matrixmultiply: index=5119 reference=-0.0021471737 candidate=-0.0021572113 abs_diff=0.000010037562 rel_diff=0.004653027
{"date":"2026-09-07","commit":"unknown","hw":"linux/aarch64 (20 logical cores)","boundary":"device_resident","impl":"self_gemm_blis_parallel","lib_version":"0.1.0","impl_threads":10,"size":1024,"warmup":20,"iters":20,"tflops_median":0.3058,"tflops_q1":0.2873,"tflops_q3":0.3117,"output_match":true,"mismatch_detail":null}
{"date":"2026-09-07","commit":"unknown","hw":"linux/aarch64 (20 logical cores)","boundary":"device_resident","impl":"matrixmultiply","lib_version":"0.3.11","impl_threads":1,"size":1024,"warmup":20,"iters":20,"tflops_median":0.1321,"tflops_q1":0.1321,"tflops_q3":0.1322,"output_match":false,"mismatch_detail":"matrixmultiply: index=5119 reference=-0.0021471737 candidate=-0.0021572113 abs_diff=0.000010037562 rel_diff=0.004653027"}
{"date":"2026-09-07","commit":"unknown","hw":"linux/aarch64 (20 logical cores)","boundary":"device_resident","impl":"gemm","lib_version":"0.19.0","impl_threads":10,"size":1024,"warmup":20,"iters":20,"tflops_median":0.6675,"tflops_q1":0.5870,"tflops_q3":0.7417,"output_match":true,"mismatch_detail":null}
::warning::size=2048 出力不一致（matrixmultiply）: matrixmultiply: index=1988 reference=-0.0072821276 candidate=-0.00727129 abs_diff=0.000010837801 rel_diff=0.001488274
::warning::size=2048 出力不一致（gemm crate）: gemm: index=7264 reference=-0.004956358 candidate=-0.0049700737 abs_diff=0.000013715588 rel_diff=0.0027596347
{"date":"2026-09-07","commit":"unknown","hw":"linux/aarch64 (20 logical cores)","boundary":"device_resident","impl":"self_gemm_blis_parallel","lib_version":"0.1.0","impl_threads":10,"size":2048,"warmup":20,"iters":20,"tflops_median":1.0628,"tflops_q1":1.0545,"tflops_q3":1.0664,"output_match":true,"mismatch_detail":null}
{"date":"2026-09-07","commit":"unknown","hw":"linux/aarch64 (20 logical cores)","boundary":"device_resident","impl":"matrixmultiply","lib_version":"0.3.11","impl_threads":1,"size":2048,"warmup":20,"iters":20,"tflops_median":0.1268,"tflops_q1":0.1268,"tflops_q3":0.1269,"output_match":false,"mismatch_detail":"matrixmultiply: index=1988 reference=-0.0072821276 candidate=-0.00727129 abs_diff=0.000010837801 rel_diff=0.001488274"}
{"date":"2026-09-07","commit":"unknown","hw":"linux/aarch64 (20 logical cores)","boundary":"device_resident","impl":"gemm","lib_version":"0.19.0","impl_threads":10,"size":2048,"warmup":20,"iters":20,"tflops_median":0.7853,"tflops_q1":0.7596,"tflops_q3":0.8148,"output_match":false,"mismatch_detail":"gemm: index=7264 reference=-0.004956358 candidate=-0.0049700737 abs_diff=0.000013715588 rel_diff=0.0027596347"}
::warning::size=4096 出力不一致（matrixmultiply）: matrixmultiply: index=117 reference=0.012689356 candidate=0.012704611 abs_diff=0.000015255064 rel_diff=0.0012007502
::warning::size=4096 出力不一致（gemm crate）: gemm: index=117 reference=0.012689356 candidate=0.01272583 abs_diff=0.000036474317 rel_diff=0.002866164
{"date":"2026-09-07","commit":"unknown","hw":"linux/aarch64 (20 logical cores)","boundary":"device_resident","impl":"self_gemm_blis_parallel","lib_version":"0.1.0","impl_threads":10,"size":4096,"warmup":20,"iters":20,"tflops_median":1.1325,"tflops_q1":1.1312,"tflops_q3":1.1351,"output_match":true,"mismatch_detail":null}
{"date":"2026-09-07","commit":"unknown","hw":"linux/aarch64 (20 logical cores)","boundary":"device_resident","impl":"matrixmultiply","lib_version":"0.3.11","impl_threads":1,"size":4096,"warmup":20,"iters":20,"tflops_median":0.1260,"tflops_q1":0.1260,"tflops_q3":0.1260,"output_match":false,"mismatch_detail":"matrixmultiply: index=117 reference=0.012689356 candidate=0.012704611 abs_diff=0.000015255064 rel_diff=0.0012007502"}
{"date":"2026-09-07","commit":"unknown","hw":"linux/aarch64 (20 logical cores)","boundary":"device_resident","impl":"gemm","lib_version":"0.19.0","impl_threads":10,"size":4096,"warmup":20,"iters":20,"tflops_median":0.9979,"tflops_q1":0.9865,"tflops_q3":1.0064,"output_match":false,"mismatch_detail":"gemm: index=117 reference=0.012689356 candidate=0.01272583 abs_diff=0.000036474317 rel_diff=0.002866164"}
::error::出力突合 NG（統一複合判定: 相対誤差 1e-3 未満 または 絶対誤差 1e-5 未満）を検出した。各 JSON Lines レコードの output_match / mismatch_detail を参照。既知の限界は docs/oss-comparison-harness-decision.md「出力突合とその限界」節を参照。
== RAYON_NUM_THREADS=10 run=3 rc=1 ==
== RAYON_NUM_THREADS=10 run=4 taskset=none ==
oss-gemm-compare: commit=unknown hw=linux/aarch64 (20 logical cores) rayon_threads=10
::warning::size=1024 出力不一致（matrixmultiply）: matrixmultiply: index=5119 reference=-0.0021471737 candidate=-0.0021572113 abs_diff=0.000010037562 rel_diff=0.004653027
{"date":"2026-09-07","commit":"unknown","hw":"linux/aarch64 (20 logical cores)","boundary":"device_resident","impl":"self_gemm_blis_parallel","lib_version":"0.1.0","impl_threads":10,"size":1024,"warmup":20,"iters":20,"tflops_median":0.5597,"tflops_q1":0.3603,"tflops_q3":0.7215,"output_match":true,"mismatch_detail":null}
{"date":"2026-09-07","commit":"unknown","hw":"linux/aarch64 (20 logical cores)","boundary":"device_resident","impl":"matrixmultiply","lib_version":"0.3.11","impl_threads":1,"size":1024,"warmup":20,"iters":20,"tflops_median":0.1285,"tflops_q1":0.1283,"tflops_q3":0.1285,"output_match":false,"mismatch_detail":"matrixmultiply: index=5119 reference=-0.0021471737 candidate=-0.0021572113 abs_diff=0.000010037562 rel_diff=0.004653027"}
{"date":"2026-09-07","commit":"unknown","hw":"linux/aarch64 (20 logical cores)","boundary":"device_resident","impl":"gemm","lib_version":"0.19.0","impl_threads":10,"size":1024,"warmup":20,"iters":20,"tflops_median":0.3400,"tflops_q1":0.3113,"tflops_q3":0.3529,"output_match":true,"mismatch_detail":null}
::warning::size=2048 出力不一致（matrixmultiply）: matrixmultiply: index=1988 reference=-0.0072821276 candidate=-0.00727129 abs_diff=0.000010837801 rel_diff=0.001488274
::warning::size=2048 出力不一致（gemm crate）: gemm: index=7264 reference=-0.004956358 candidate=-0.0049700737 abs_diff=0.000013715588 rel_diff=0.0027596347
{"date":"2026-09-07","commit":"unknown","hw":"linux/aarch64 (20 logical cores)","boundary":"device_resident","impl":"self_gemm_blis_parallel","lib_version":"0.1.0","impl_threads":10,"size":2048,"warmup":20,"iters":20,"tflops_median":1.0613,"tflops_q1":1.0473,"tflops_q3":1.0718,"output_match":true,"mismatch_detail":null}
{"date":"2026-09-07","commit":"unknown","hw":"linux/aarch64 (20 logical cores)","boundary":"device_resident","impl":"matrixmultiply","lib_version":"0.3.11","impl_threads":1,"size":2048,"warmup":20,"iters":20,"tflops_median":0.1299,"tflops_q1":0.1298,"tflops_q3":0.1299,"output_match":false,"mismatch_detail":"matrixmultiply: index=1988 reference=-0.0072821276 candidate=-0.00727129 abs_diff=0.000010837801 rel_diff=0.001488274"}
{"date":"2026-09-07","commit":"unknown","hw":"linux/aarch64 (20 logical cores)","boundary":"device_resident","impl":"gemm","lib_version":"0.19.0","impl_threads":10,"size":2048,"warmup":20,"iters":20,"tflops_median":0.8055,"tflops_q1":0.7757,"tflops_q3":0.8244,"output_match":false,"mismatch_detail":"gemm: index=7264 reference=-0.004956358 candidate=-0.0049700737 abs_diff=0.000013715588 rel_diff=0.0027596347"}
::warning::size=4096 出力不一致（matrixmultiply）: matrixmultiply: index=117 reference=0.012689356 candidate=0.012704611 abs_diff=0.000015255064 rel_diff=0.0012007502
::warning::size=4096 出力不一致（gemm crate）: gemm: index=117 reference=0.012689356 candidate=0.01272583 abs_diff=0.000036474317 rel_diff=0.002866164
{"date":"2026-09-07","commit":"unknown","hw":"linux/aarch64 (20 logical cores)","boundary":"device_resident","impl":"self_gemm_blis_parallel","lib_version":"0.1.0","impl_threads":10,"size":4096,"warmup":20,"iters":20,"tflops_median":1.1332,"tflops_q1":1.1294,"tflops_q3":1.1350,"output_match":true,"mismatch_detail":null}
{"date":"2026-09-07","commit":"unknown","hw":"linux/aarch64 (20 logical cores)","boundary":"device_resident","impl":"matrixmultiply","lib_version":"0.3.11","impl_threads":1,"size":4096,"warmup":20,"iters":20,"tflops_median":0.1257,"tflops_q1":0.1257,"tflops_q3":0.1258,"output_match":false,"mismatch_detail":"matrixmultiply: index=117 reference=0.012689356 candidate=0.012704611 abs_diff=0.000015255064 rel_diff=0.0012007502"}
{"date":"2026-09-07","commit":"unknown","hw":"linux/aarch64 (20 logical cores)","boundary":"device_resident","impl":"gemm","lib_version":"0.19.0","impl_threads":10,"size":4096,"warmup":20,"iters":20,"tflops_median":1.0000,"tflops_q1":0.9844,"tflops_q3":1.0113,"output_match":false,"mismatch_detail":"gemm: index=117 reference=0.012689356 candidate=0.01272583 abs_diff=0.000036474317 rel_diff=0.002866164"}
::error::出力突合 NG（統一複合判定: 相対誤差 1e-3 未満 または 絶対誤差 1e-5 未満）を検出した。各 JSON Lines レコードの output_match / mismatch_detail を参照。既知の限界は docs/oss-comparison-harness-decision.md「出力突合とその限界」節を参照。
== RAYON_NUM_THREADS=10 run=4 rc=1 ==
== RAYON_NUM_THREADS=10 run=5 taskset=none ==
oss-gemm-compare: commit=unknown hw=linux/aarch64 (20 logical cores) rayon_threads=10
::warning::size=1024 出力不一致（matrixmultiply）: matrixmultiply: index=5119 reference=-0.0021471737 candidate=-0.0021572113 abs_diff=0.000010037562 rel_diff=0.004653027
{"date":"2026-09-07","commit":"unknown","hw":"linux/aarch64 (20 logical cores)","boundary":"device_resident","impl":"self_gemm_blis_parallel","lib_version":"0.1.0","impl_threads":10,"size":1024,"warmup":20,"iters":20,"tflops_median":0.3036,"tflops_q1":0.2905,"tflops_q3":0.3110,"output_match":true,"mismatch_detail":null}
{"date":"2026-09-07","commit":"unknown","hw":"linux/aarch64 (20 logical cores)","boundary":"device_resident","impl":"matrixmultiply","lib_version":"0.3.11","impl_threads":1,"size":1024,"warmup":20,"iters":20,"tflops_median":0.1289,"tflops_q1":0.1289,"tflops_q3":0.1290,"output_match":false,"mismatch_detail":"matrixmultiply: index=5119 reference=-0.0021471737 candidate=-0.0021572113 abs_diff=0.000010037562 rel_diff=0.004653027"}
{"date":"2026-09-07","commit":"unknown","hw":"linux/aarch64 (20 logical cores)","boundary":"device_resident","impl":"gemm","lib_version":"0.19.0","impl_threads":10,"size":1024,"warmup":20,"iters":20,"tflops_median":0.3179,"tflops_q1":0.3109,"tflops_q3":0.3341,"output_match":true,"mismatch_detail":null}
::warning::size=2048 出力不一致（matrixmultiply）: matrixmultiply: index=1988 reference=-0.0072821276 candidate=-0.00727129 abs_diff=0.000010837801 rel_diff=0.001488274
::warning::size=2048 出力不一致（gemm crate）: gemm: index=7264 reference=-0.004956358 candidate=-0.0049700737 abs_diff=0.000013715588 rel_diff=0.0027596347
{"date":"2026-09-07","commit":"unknown","hw":"linux/aarch64 (20 logical cores)","boundary":"device_resident","impl":"self_gemm_blis_parallel","lib_version":"0.1.0","impl_threads":10,"size":2048,"warmup":20,"iters":20,"tflops_median":1.0316,"tflops_q1":1.0226,"tflops_q3":1.0613,"output_match":true,"mismatch_detail":null}
{"date":"2026-09-07","commit":"unknown","hw":"linux/aarch64 (20 logical cores)","boundary":"device_resident","impl":"matrixmultiply","lib_version":"0.3.11","impl_threads":1,"size":2048,"warmup":20,"iters":20,"tflops_median":0.1271,"tflops_q1":0.1271,"tflops_q3":0.1272,"output_match":false,"mismatch_detail":"matrixmultiply: index=1988 reference=-0.0072821276 candidate=-0.00727129 abs_diff=0.000010837801 rel_diff=0.001488274"}
{"date":"2026-09-07","commit":"unknown","hw":"linux/aarch64 (20 logical cores)","boundary":"device_resident","impl":"gemm","lib_version":"0.19.0","impl_threads":10,"size":2048,"warmup":20,"iters":20,"tflops_median":0.8198,"tflops_q1":0.7743,"tflops_q3":0.8368,"output_match":false,"mismatch_detail":"gemm: index=7264 reference=-0.004956358 candidate=-0.0049700737 abs_diff=0.000013715588 rel_diff=0.0027596347"}
::warning::size=4096 出力不一致（matrixmultiply）: matrixmultiply: index=117 reference=0.012689356 candidate=0.012704611 abs_diff=0.000015255064 rel_diff=0.0012007502
::warning::size=4096 出力不一致（gemm crate）: gemm: index=117 reference=0.012689356 candidate=0.01272583 abs_diff=0.000036474317 rel_diff=0.002866164
{"date":"2026-09-07","commit":"unknown","hw":"linux/aarch64 (20 logical cores)","boundary":"device_resident","impl":"self_gemm_blis_parallel","lib_version":"0.1.0","impl_threads":10,"size":4096,"warmup":20,"iters":20,"tflops_median":1.1317,"tflops_q1":1.1311,"tflops_q3":1.1342,"output_match":true,"mismatch_detail":null}
{"date":"2026-09-07","commit":"unknown","hw":"linux/aarch64 (20 logical cores)","boundary":"device_resident","impl":"matrixmultiply","lib_version":"0.3.11","impl_threads":1,"size":4096,"warmup":20,"iters":20,"tflops_median":0.1293,"tflops_q1":0.1292,"tflops_q3":0.1293,"output_match":false,"mismatch_detail":"matrixmultiply: index=117 reference=0.012689356 candidate=0.012704611 abs_diff=0.000015255064 rel_diff=0.0012007502"}
{"date":"2026-09-07","commit":"unknown","hw":"linux/aarch64 (20 logical cores)","boundary":"device_resident","impl":"gemm","lib_version":"0.19.0","impl_threads":10,"size":4096,"warmup":20,"iters":20,"tflops_median":0.9839,"tflops_q1":0.9731,"tflops_q3":0.9966,"output_match":false,"mismatch_detail":"gemm: index=117 reference=0.012689356 candidate=0.01272583 abs_diff=0.000036474317 rel_diff=0.002866164"}
::error::出力突合 NG（統一複合判定: 相対誤差 1e-3 未満 または 絶対誤差 1e-5 未満）を検出した。各 JSON Lines レコードの output_match / mismatch_detail を参照。既知の限界は docs/oss-comparison-harness-decision.md「出力突合とその限界」節を参照。
== RAYON_NUM_THREADS=10 run=5 rc=1 ==
done.
