== RAYON_NUM_THREADS=10 run=1 taskset=0-4,10-14 ==
oss-gemm-compare: commit=unknown hw=linux/aarch64 (10 logical cores) rayon_threads=10
::warning::size=1024 出力不一致（matrixmultiply）: matrixmultiply: index=5119 reference=-0.0021471737 candidate=-0.0021572113 abs_diff=0.000010037562 rel_diff=0.004653027
{"date":"2026-09-07","commit":"unknown","hw":"linux/aarch64 (10 logical cores)","boundary":"device_resident","impl":"self_gemm_blis_parallel","lib_version":"0.1.0","impl_threads":10,"size":1024,"warmup":20,"iters":20,"tflops_median":0.3491,"tflops_q1":0.3162,"tflops_q3":0.3559,"output_match":true,"mismatch_detail":null}
{"date":"2026-09-07","commit":"unknown","hw":"linux/aarch64 (10 logical cores)","boundary":"device_resident","impl":"matrixmultiply","lib_version":"0.3.11","impl_threads":1,"size":1024,"warmup":20,"iters":20,"tflops_median":0.0422,"tflops_q1":0.0422,"tflops_q3":0.0422,"output_match":false,"mismatch_detail":"matrixmultiply: index=5119 reference=-0.0021471737 candidate=-0.0021572113 abs_diff=0.000010037562 rel_diff=0.004653027"}
{"date":"2026-09-07","commit":"unknown","hw":"linux/aarch64 (10 logical cores)","boundary":"device_resident","impl":"gemm","lib_version":"0.19.0","impl_threads":10,"size":1024,"warmup":20,"iters":20,"tflops_median":0.3744,"tflops_q1":0.3438,"tflops_q3":0.3955,"output_match":true,"mismatch_detail":null}
::warning::size=2048 出力不一致（matrixmultiply）: matrixmultiply: index=1988 reference=-0.0072821276 candidate=-0.00727129 abs_diff=0.000010837801 rel_diff=0.001488274
::warning::size=2048 出力不一致（gemm crate）: gemm: index=7264 reference=-0.004956358 candidate=-0.0049700737 abs_diff=0.000013715588 rel_diff=0.0027596347
{"date":"2026-09-07","commit":"unknown","hw":"linux/aarch64 (10 logical cores)","boundary":"device_resident","impl":"self_gemm_blis_parallel","lib_version":"0.1.0","impl_threads":10,"size":2048,"warmup":20,"iters":20,"tflops_median":0.3736,"tflops_q1":0.3698,"tflops_q3":0.3759,"output_match":true,"mismatch_detail":null}
{"date":"2026-09-07","commit":"unknown","hw":"linux/aarch64 (10 logical cores)","boundary":"device_resident","impl":"matrixmultiply","lib_version":"0.3.11","impl_threads":1,"size":2048,"warmup":20,"iters":20,"tflops_median":0.0422,"tflops_q1":0.0422,"tflops_q3":0.0422,"output_match":false,"mismatch_detail":"matrixmultiply: index=1988 reference=-0.0072821276 candidate=-0.00727129 abs_diff=0.000010837801 rel_diff=0.001488274"}
{"date":"2026-09-07","commit":"unknown","hw":"linux/aarch64 (10 logical cores)","boundary":"device_resident","impl":"gemm","lib_version":"0.19.0","impl_threads":10,"size":2048,"warmup":20,"iters":20,"tflops_median":0.3786,"tflops_q1":0.3673,"tflops_q3":0.3900,"output_match":false,"mismatch_detail":"gemm: index=7264 reference=-0.004956358 candidate=-0.0049700737 abs_diff=0.000013715588 rel_diff=0.0027596347"}
::warning::size=4096 出力不一致（matrixmultiply）: matrixmultiply: index=117 reference=0.012689356 candidate=0.012704611 abs_diff=0.000015255064 rel_diff=0.0012007502
::warning::size=4096 出力不一致（gemm crate）: gemm: index=117 reference=0.012689356 candidate=0.01272583 abs_diff=0.000036474317 rel_diff=0.002866164
{"date":"2026-09-07","commit":"unknown","hw":"linux/aarch64 (10 logical cores)","boundary":"device_resident","impl":"self_gemm_blis_parallel","lib_version":"0.1.0","impl_threads":10,"size":4096,"warmup":20,"iters":20,"tflops_median":0.3842,"tflops_q1":0.3840,"tflops_q3":0.3849,"output_match":true,"mismatch_detail":null}
{"date":"2026-09-07","commit":"unknown","hw":"linux/aarch64 (10 logical cores)","boundary":"device_resident","impl":"matrixmultiply","lib_version":"0.3.11","impl_threads":1,"size":4096,"warmup":20,"iters":20,"tflops_median":0.0419,"tflops_q1":0.0419,"tflops_q3":0.0420,"output_match":false,"mismatch_detail":"matrixmultiply: index=117 reference=0.012689356 candidate=0.012704611 abs_diff=0.000015255064 rel_diff=0.0012007502"}
{"date":"2026-09-07","commit":"unknown","hw":"linux/aarch64 (10 logical cores)","boundary":"device_resident","impl":"gemm","lib_version":"0.19.0","impl_threads":10,"size":4096,"warmup":20,"iters":20,"tflops_median":0.4006,"tflops_q1":0.3911,"tflops_q3":0.4090,"output_match":false,"mismatch_detail":"gemm: index=117 reference=0.012689356 candidate=0.01272583 abs_diff=0.000036474317 rel_diff=0.002866164"}
::error::出力突合 NG（統一複合判定: 相対誤差 1e-3 未満 または 絶対誤差 1e-5 未満）を検出した。各 JSON Lines レコードの output_match / mismatch_detail を参照。既知の限界は docs/oss-comparison-harness-decision.md「出力突合とその限界」節を参照。
== RAYON_NUM_THREADS=10 run=1 rc=1 ==
== RAYON_NUM_THREADS=10 run=2 taskset=0-4,10-14 ==
oss-gemm-compare: commit=unknown hw=linux/aarch64 (10 logical cores) rayon_threads=10
::warning::size=1024 出力不一致（matrixmultiply）: matrixmultiply: index=5119 reference=-0.0021471737 candidate=-0.0021572113 abs_diff=0.000010037562 rel_diff=0.004653027
{"date":"2026-09-07","commit":"unknown","hw":"linux/aarch64 (10 logical cores)","boundary":"device_resident","impl":"self_gemm_blis_parallel","lib_version":"0.1.0","impl_threads":10,"size":1024,"warmup":20,"iters":20,"tflops_median":0.3557,"tflops_q1":0.3543,"tflops_q3":0.3580,"output_match":true,"mismatch_detail":null}
{"date":"2026-09-07","commit":"unknown","hw":"linux/aarch64 (10 logical cores)","boundary":"device_resident","impl":"matrixmultiply","lib_version":"0.3.11","impl_threads":1,"size":1024,"warmup":20,"iters":20,"tflops_median":0.0423,"tflops_q1":0.0423,"tflops_q3":0.0423,"output_match":false,"mismatch_detail":"matrixmultiply: index=5119 reference=-0.0021471737 candidate=-0.0021572113 abs_diff=0.000010037562 rel_diff=0.004653027"}
{"date":"2026-09-07","commit":"unknown","hw":"linux/aarch64 (10 logical cores)","boundary":"device_resident","impl":"gemm","lib_version":"0.19.0","impl_threads":10,"size":1024,"warmup":20,"iters":20,"tflops_median":0.3520,"tflops_q1":0.3321,"tflops_q3":0.3630,"output_match":true,"mismatch_detail":null}
::warning::size=2048 出力不一致（matrixmultiply）: matrixmultiply: index=1988 reference=-0.0072821276 candidate=-0.00727129 abs_diff=0.000010837801 rel_diff=0.001488274
::warning::size=2048 出力不一致（gemm crate）: gemm: index=7264 reference=-0.004956358 candidate=-0.0049700737 abs_diff=0.000013715588 rel_diff=0.0027596347
{"date":"2026-09-07","commit":"unknown","hw":"linux/aarch64 (10 logical cores)","boundary":"device_resident","impl":"self_gemm_blis_parallel","lib_version":"0.1.0","impl_threads":10,"size":2048,"warmup":20,"iters":20,"tflops_median":0.3744,"tflops_q1":0.3741,"tflops_q3":0.3757,"output_match":true,"mismatch_detail":null}
{"date":"2026-09-07","commit":"unknown","hw":"linux/aarch64 (10 logical cores)","boundary":"device_resident","impl":"matrixmultiply","lib_version":"0.3.11","impl_threads":1,"size":2048,"warmup":20,"iters":20,"tflops_median":0.0422,"tflops_q1":0.0422,"tflops_q3":0.0422,"output_match":false,"mismatch_detail":"matrixmultiply: index=1988 reference=-0.0072821276 candidate=-0.00727129 abs_diff=0.000010837801 rel_diff=0.001488274"}
{"date":"2026-09-07","commit":"unknown","hw":"linux/aarch64 (10 logical cores)","boundary":"device_resident","impl":"gemm","lib_version":"0.19.0","impl_threads":10,"size":2048,"warmup":20,"iters":20,"tflops_median":0.3807,"tflops_q1":0.3616,"tflops_q3":0.3899,"output_match":false,"mismatch_detail":"gemm: index=7264 reference=-0.004956358 candidate=-0.0049700737 abs_diff=0.000013715588 rel_diff=0.0027596347"}
::warning::size=4096 出力不一致（matrixmultiply）: matrixmultiply: index=117 reference=0.012689356 candidate=0.012704611 abs_diff=0.000015255064 rel_diff=0.0012007502
::warning::size=4096 出力不一致（gemm crate）: gemm: index=117 reference=0.012689356 candidate=0.01272583 abs_diff=0.000036474317 rel_diff=0.002866164
{"date":"2026-09-07","commit":"unknown","hw":"linux/aarch64 (10 logical cores)","boundary":"device_resident","impl":"self_gemm_blis_parallel","lib_version":"0.1.0","impl_threads":10,"size":4096,"warmup":20,"iters":20,"tflops_median":0.3835,"tflops_q1":0.3832,"tflops_q3":0.3840,"output_match":true,"mismatch_detail":null}
{"date":"2026-09-07","commit":"unknown","hw":"linux/aarch64 (10 logical cores)","boundary":"device_resident","impl":"matrixmultiply","lib_version":"0.3.11","impl_threads":1,"size":4096,"warmup":20,"iters":20,"tflops_median":0.0421,"tflops_q1":0.0420,"tflops_q3":0.0421,"output_match":false,"mismatch_detail":"matrixmultiply: index=117 reference=0.012689356 candidate=0.012704611 abs_diff=0.000015255064 rel_diff=0.0012007502"}
{"date":"2026-09-07","commit":"unknown","hw":"linux/aarch64 (10 logical cores)","boundary":"device_resident","impl":"gemm","lib_version":"0.19.0","impl_threads":10,"size":4096,"warmup":20,"iters":20,"tflops_median":0.4061,"tflops_q1":0.3920,"tflops_q3":0.4090,"output_match":false,"mismatch_detail":"gemm: index=117 reference=0.012689356 candidate=0.01272583 abs_diff=0.000036474317 rel_diff=0.002866164"}
::error::出力突合 NG（統一複合判定: 相対誤差 1e-3 未満 または 絶対誤差 1e-5 未満）を検出した。各 JSON Lines レコードの output_match / mismatch_detail を参照。既知の限界は docs/oss-comparison-harness-decision.md「出力突合とその限界」節を参照。
== RAYON_NUM_THREADS=10 run=2 rc=1 ==
== RAYON_NUM_THREADS=10 run=3 taskset=0-4,10-14 ==
oss-gemm-compare: commit=unknown hw=linux/aarch64 (10 logical cores) rayon_threads=10
::warning::size=1024 出力不一致（matrixmultiply）: matrixmultiply: index=5119 reference=-0.0021471737 candidate=-0.0021572113 abs_diff=0.000010037562 rel_diff=0.004653027
{"date":"2026-09-07","commit":"unknown","hw":"linux/aarch64 (10 logical cores)","boundary":"device_resident","impl":"self_gemm_blis_parallel","lib_version":"0.1.0","impl_threads":10,"size":1024,"warmup":20,"iters":20,"tflops_median":0.3363,"tflops_q1":0.3117,"tflops_q3":0.3426,"output_match":true,"mismatch_detail":null}
{"date":"2026-09-07","commit":"unknown","hw":"linux/aarch64 (10 logical cores)","boundary":"device_resident","impl":"matrixmultiply","lib_version":"0.3.11","impl_threads":1,"size":1024,"warmup":20,"iters":20,"tflops_median":0.0423,"tflops_q1":0.0423,"tflops_q3":0.0424,"output_match":false,"mismatch_detail":"matrixmultiply: index=5119 reference=-0.0021471737 candidate=-0.0021572113 abs_diff=0.000010037562 rel_diff=0.004653027"}
{"date":"2026-09-07","commit":"unknown","hw":"linux/aarch64 (10 logical cores)","boundary":"device_resident","impl":"gemm","lib_version":"0.19.0","impl_threads":10,"size":1024,"warmup":20,"iters":20,"tflops_median":0.3669,"tflops_q1":0.3523,"tflops_q3":0.3854,"output_match":true,"mismatch_detail":null}
::warning::size=2048 出力不一致（matrixmultiply）: matrixmultiply: index=1988 reference=-0.0072821276 candidate=-0.00727129 abs_diff=0.000010837801 rel_diff=0.001488274
::warning::size=2048 出力不一致（gemm crate）: gemm: index=7264 reference=-0.004956358 candidate=-0.0049700737 abs_diff=0.000013715588 rel_diff=0.0027596347
{"date":"2026-09-07","commit":"unknown","hw":"linux/aarch64 (10 logical cores)","boundary":"device_resident","impl":"self_gemm_blis_parallel","lib_version":"0.1.0","impl_threads":10,"size":2048,"warmup":20,"iters":20,"tflops_median":0.3733,"tflops_q1":0.3722,"tflops_q3":0.3754,"output_match":true,"mismatch_detail":null}
{"date":"2026-09-07","commit":"unknown","hw":"linux/aarch64 (10 logical cores)","boundary":"device_resident","impl":"matrixmultiply","lib_version":"0.3.11","impl_threads":1,"size":2048,"warmup":20,"iters":20,"tflops_median":0.0423,"tflops_q1":0.0422,"tflops_q3":0.0423,"output_match":false,"mismatch_detail":"matrixmultiply: index=1988 reference=-0.0072821276 candidate=-0.00727129 abs_diff=0.000010837801 rel_diff=0.001488274"}
{"date":"2026-09-07","commit":"unknown","hw":"linux/aarch64 (10 logical cores)","boundary":"device_resident","impl":"gemm","lib_version":"0.19.0","impl_threads":10,"size":2048,"warmup":20,"iters":20,"tflops_median":0.3917,"tflops_q1":0.3405,"tflops_q3":0.3978,"output_match":false,"mismatch_detail":"gemm: index=7264 reference=-0.004956358 candidate=-0.0049700737 abs_diff=0.000013715588 rel_diff=0.0027596347"}
::warning::size=4096 出力不一致（matrixmultiply）: matrixmultiply: index=117 reference=0.012689356 candidate=0.012704611 abs_diff=0.000015255064 rel_diff=0.0012007502
::warning::size=4096 出力不一致（gemm crate）: gemm: index=117 reference=0.012689356 candidate=0.01272583 abs_diff=0.000036474317 rel_diff=0.002866164
{"date":"2026-09-07","commit":"unknown","hw":"linux/aarch64 (10 logical cores)","boundary":"device_resident","impl":"self_gemm_blis_parallel","lib_version":"0.1.0","impl_threads":10,"size":4096,"warmup":20,"iters":20,"tflops_median":0.3848,"tflops_q1":0.3841,"tflops_q3":0.3851,"output_match":true,"mismatch_detail":null}
{"date":"2026-09-07","commit":"unknown","hw":"linux/aarch64 (10 logical cores)","boundary":"device_resident","impl":"matrixmultiply","lib_version":"0.3.11","impl_threads":1,"size":4096,"warmup":20,"iters":20,"tflops_median":0.0420,"tflops_q1":0.0420,"tflops_q3":0.0420,"output_match":false,"mismatch_detail":"matrixmultiply: index=117 reference=0.012689356 candidate=0.012704611 abs_diff=0.000015255064 rel_diff=0.0012007502"}
{"date":"2026-09-07","commit":"unknown","hw":"linux/aarch64 (10 logical cores)","boundary":"device_resident","impl":"gemm","lib_version":"0.19.0","impl_threads":10,"size":4096,"warmup":20,"iters":20,"tflops_median":0.4006,"tflops_q1":0.3898,"tflops_q3":0.4074,"output_match":false,"mismatch_detail":"gemm: index=117 reference=0.012689356 candidate=0.01272583 abs_diff=0.000036474317 rel_diff=0.002866164"}
::error::出力突合 NG（統一複合判定: 相対誤差 1e-3 未満 または 絶対誤差 1e-5 未満）を検出した。各 JSON Lines レコードの output_match / mismatch_detail を参照。既知の限界は docs/oss-comparison-harness-decision.md「出力突合とその限界」節を参照。
== RAYON_NUM_THREADS=10 run=3 rc=1 ==
== RAYON_NUM_THREADS=10 run=4 taskset=0-4,10-14 ==
oss-gemm-compare: commit=unknown hw=linux/aarch64 (10 logical cores) rayon_threads=10
::warning::size=1024 出力不一致（matrixmultiply）: matrixmultiply: index=5119 reference=-0.0021471737 candidate=-0.0021572113 abs_diff=0.000010037562 rel_diff=0.004653027
{"date":"2026-09-07","commit":"unknown","hw":"linux/aarch64 (10 logical cores)","boundary":"device_resident","impl":"self_gemm_blis_parallel","lib_version":"0.1.0","impl_threads":10,"size":1024,"warmup":20,"iters":20,"tflops_median":0.3117,"tflops_q1":0.2970,"tflops_q3":0.3436,"output_match":true,"mismatch_detail":null}
{"date":"2026-09-07","commit":"unknown","hw":"linux/aarch64 (10 logical cores)","boundary":"device_resident","impl":"matrixmultiply","lib_version":"0.3.11","impl_threads":1,"size":1024,"warmup":20,"iters":20,"tflops_median":0.0423,"tflops_q1":0.0423,"tflops_q3":0.0423,"output_match":false,"mismatch_detail":"matrixmultiply: index=5119 reference=-0.0021471737 candidate=-0.0021572113 abs_diff=0.000010037562 rel_diff=0.004653027"}
{"date":"2026-09-07","commit":"unknown","hw":"linux/aarch64 (10 logical cores)","boundary":"device_resident","impl":"gemm","lib_version":"0.19.0","impl_threads":10,"size":1024,"warmup":20,"iters":20,"tflops_median":0.3977,"tflops_q1":0.3640,"tflops_q3":0.4073,"output_match":true,"mismatch_detail":null}
::warning::size=2048 出力不一致（matrixmultiply）: matrixmultiply: index=1988 reference=-0.0072821276 candidate=-0.00727129 abs_diff=0.000010837801 rel_diff=0.001488274
::warning::size=2048 出力不一致（gemm crate）: gemm: index=7264 reference=-0.004956358 candidate=-0.0049700737 abs_diff=0.000013715588 rel_diff=0.0027596347
{"date":"2026-09-07","commit":"unknown","hw":"linux/aarch64 (10 logical cores)","boundary":"device_resident","impl":"self_gemm_blis_parallel","lib_version":"0.1.0","impl_threads":10,"size":2048,"warmup":20,"iters":20,"tflops_median":0.3723,"tflops_q1":0.3721,"tflops_q3":0.3739,"output_match":true,"mismatch_detail":null}
{"date":"2026-09-07","commit":"unknown","hw":"linux/aarch64 (10 logical cores)","boundary":"device_resident","impl":"matrixmultiply","lib_version":"0.3.11","impl_threads":1,"size":2048,"warmup":20,"iters":20,"tflops_median":0.0423,"tflops_q1":0.0423,"tflops_q3":0.0423,"output_match":false,"mismatch_detail":"matrixmultiply: index=1988 reference=-0.0072821276 candidate=-0.00727129 abs_diff=0.000010837801 rel_diff=0.001488274"}
{"date":"2026-09-07","commit":"unknown","hw":"linux/aarch64 (10 logical cores)","boundary":"device_resident","impl":"gemm","lib_version":"0.19.0","impl_threads":10,"size":2048,"warmup":20,"iters":20,"tflops_median":0.3792,"tflops_q1":0.3413,"tflops_q3":0.4036,"output_match":false,"mismatch_detail":"gemm: index=7264 reference=-0.004956358 candidate=-0.0049700737 abs_diff=0.000013715588 rel_diff=0.0027596347"}
::warning::size=4096 出力不一致（matrixmultiply）: matrixmultiply: index=117 reference=0.012689356 candidate=0.012704611 abs_diff=0.000015255064 rel_diff=0.0012007502
::warning::size=4096 出力不一致（gemm crate）: gemm: index=117 reference=0.012689356 candidate=0.01272583 abs_diff=0.000036474317 rel_diff=0.002866164
{"date":"2026-09-07","commit":"unknown","hw":"linux/aarch64 (10 logical cores)","boundary":"device_resident","impl":"self_gemm_blis_parallel","lib_version":"0.1.0","impl_threads":10,"size":4096,"warmup":20,"iters":20,"tflops_median":0.3845,"tflops_q1":0.3838,"tflops_q3":0.3859,"output_match":true,"mismatch_detail":null}
{"date":"2026-09-07","commit":"unknown","hw":"linux/aarch64 (10 logical cores)","boundary":"device_resident","impl":"matrixmultiply","lib_version":"0.3.11","impl_threads":1,"size":4096,"warmup":20,"iters":20,"tflops_median":0.0420,"tflops_q1":0.0420,"tflops_q3":0.0420,"output_match":false,"mismatch_detail":"matrixmultiply: index=117 reference=0.012689356 candidate=0.012704611 abs_diff=0.000015255064 rel_diff=0.0012007502"}
{"date":"2026-09-07","commit":"unknown","hw":"linux/aarch64 (10 logical cores)","boundary":"device_resident","impl":"gemm","lib_version":"0.19.0","impl_threads":10,"size":4096,"warmup":20,"iters":20,"tflops_median":0.3948,"tflops_q1":0.3903,"tflops_q3":0.4079,"output_match":false,"mismatch_detail":"gemm: index=117 reference=0.012689356 candidate=0.01272583 abs_diff=0.000036474317 rel_diff=0.002866164"}
::error::出力突合 NG（統一複合判定: 相対誤差 1e-3 未満 または 絶対誤差 1e-5 未満）を検出した。各 JSON Lines レコードの output_match / mismatch_detail を参照。既知の限界は docs/oss-comparison-harness-decision.md「出力突合とその限界」節を参照。
== RAYON_NUM_THREADS=10 run=4 rc=1 ==
== RAYON_NUM_THREADS=10 run=5 taskset=0-4,10-14 ==
oss-gemm-compare: commit=unknown hw=linux/aarch64 (10 logical cores) rayon_threads=10
::warning::size=1024 出力不一致（matrixmultiply）: matrixmultiply: index=5119 reference=-0.0021471737 candidate=-0.0021572113 abs_diff=0.000010037562 rel_diff=0.004653027
{"date":"2026-09-07","commit":"unknown","hw":"linux/aarch64 (10 logical cores)","boundary":"device_resident","impl":"self_gemm_blis_parallel","lib_version":"0.1.0","impl_threads":10,"size":1024,"warmup":20,"iters":20,"tflops_median":0.3500,"tflops_q1":0.3227,"tflops_q3":0.3560,"output_match":true,"mismatch_detail":null}
{"date":"2026-09-07","commit":"unknown","hw":"linux/aarch64 (10 logical cores)","boundary":"device_resident","impl":"matrixmultiply","lib_version":"0.3.11","impl_threads":1,"size":1024,"warmup":20,"iters":20,"tflops_median":0.0424,"tflops_q1":0.0424,"tflops_q3":0.0424,"output_match":false,"mismatch_detail":"matrixmultiply: index=5119 reference=-0.0021471737 candidate=-0.0021572113 abs_diff=0.000010037562 rel_diff=0.004653027"}
{"date":"2026-09-07","commit":"unknown","hw":"linux/aarch64 (10 logical cores)","boundary":"device_resident","impl":"gemm","lib_version":"0.19.0","impl_threads":10,"size":1024,"warmup":20,"iters":20,"tflops_median":0.3669,"tflops_q1":0.3349,"tflops_q3":0.3975,"output_match":true,"mismatch_detail":null}
::warning::size=2048 出力不一致（matrixmultiply）: matrixmultiply: index=1988 reference=-0.0072821276 candidate=-0.00727129 abs_diff=0.000010837801 rel_diff=0.001488274
::warning::size=2048 出力不一致（gemm crate）: gemm: index=7264 reference=-0.004956358 candidate=-0.0049700737 abs_diff=0.000013715588 rel_diff=0.0027596347
{"date":"2026-09-07","commit":"unknown","hw":"linux/aarch64 (10 logical cores)","boundary":"device_resident","impl":"self_gemm_blis_parallel","lib_version":"0.1.0","impl_threads":10,"size":2048,"warmup":20,"iters":20,"tflops_median":0.3735,"tflops_q1":0.3703,"tflops_q3":0.3753,"output_match":true,"mismatch_detail":null}
{"date":"2026-09-07","commit":"unknown","hw":"linux/aarch64 (10 logical cores)","boundary":"device_resident","impl":"matrixmultiply","lib_version":"0.3.11","impl_threads":1,"size":2048,"warmup":20,"iters":20,"tflops_median":0.0423,"tflops_q1":0.0423,"tflops_q3":0.0423,"output_match":false,"mismatch_detail":"matrixmultiply: index=1988 reference=-0.0072821276 candidate=-0.00727129 abs_diff=0.000010837801 rel_diff=0.001488274"}
{"date":"2026-09-07","commit":"unknown","hw":"linux/aarch64 (10 logical cores)","boundary":"device_resident","impl":"gemm","lib_version":"0.19.0","impl_threads":10,"size":2048,"warmup":20,"iters":20,"tflops_median":0.3899,"tflops_q1":0.3863,"tflops_q3":0.3976,"output_match":false,"mismatch_detail":"gemm: index=7264 reference=-0.004956358 candidate=-0.0049700737 abs_diff=0.000013715588 rel_diff=0.0027596347"}
::warning::size=4096 出力不一致（matrixmultiply）: matrixmultiply: index=117 reference=0.012689356 candidate=0.012704611 abs_diff=0.000015255064 rel_diff=0.0012007502
::warning::size=4096 出力不一致（gemm crate）: gemm: index=117 reference=0.012689356 candidate=0.01272583 abs_diff=0.000036474317 rel_diff=0.002866164
{"date":"2026-09-07","commit":"unknown","hw":"linux/aarch64 (10 logical cores)","boundary":"device_resident","impl":"self_gemm_blis_parallel","lib_version":"0.1.0","impl_threads":10,"size":4096,"warmup":20,"iters":20,"tflops_median":0.3851,"tflops_q1":0.3846,"tflops_q3":0.3856,"output_match":true,"mismatch_detail":null}
{"date":"2026-09-07","commit":"unknown","hw":"linux/aarch64 (10 logical cores)","boundary":"device_resident","impl":"matrixmultiply","lib_version":"0.3.11","impl_threads":1,"size":4096,"warmup":20,"iters":20,"tflops_median":0.0420,"tflops_q1":0.0420,"tflops_q3":0.0420,"output_match":false,"mismatch_detail":"matrixmultiply: index=117 reference=0.012689356 candidate=0.012704611 abs_diff=0.000015255064 rel_diff=0.0012007502"}
{"date":"2026-09-07","commit":"unknown","hw":"linux/aarch64 (10 logical cores)","boundary":"device_resident","impl":"gemm","lib_version":"0.19.0","impl_threads":10,"size":4096,"warmup":20,"iters":20,"tflops_median":0.4017,"tflops_q1":0.3914,"tflops_q3":0.4101,"output_match":false,"mismatch_detail":"gemm: index=117 reference=0.012689356 candidate=0.01272583 abs_diff=0.000036474317 rel_diff=0.002866164"}
::error::出力突合 NG（統一複合判定: 相対誤差 1e-3 未満 または 絶対誤差 1e-5 未満）を検出した。各 JSON Lines レコードの output_match / mismatch_detail を参照。既知の限界は docs/oss-comparison-harness-decision.md「出力突合とその限界」節を参照。
== RAYON_NUM_THREADS=10 run=5 rc=1 ==
done.
