== build bench-fandhe ==
== build bench-candle (cpu) ==
== manifest 記録: results/raw/manifest-m4max-cpu-gemm-gate-head-1c298ff-readout-off.json ==
{"label":"head-1c298ff-readout-off","device":"cpu","bench_fandhe_sha256":"e372c86b6d10be6d7e737523a18df638da723838a31fe509a07e61a5a9ddbf78","fandhe_ai_source":"registry","bench_fandhe_features":"","bench_candle_sha256":"730e79f3188968a92be31746aba287a6192711f35378b351b064f767d52b1b74","candle_core_source":"registry","recorded_at":"2026-09-07T16:18:32Z"}
== バイナリ sha256 検証 OK: bench-fandhe=e372c86b6d10be6d7e737523a18df638da723838a31fe509a07e61a5a9ddbf78（label 'head-1c298ff-readout-off'・device 'cpu'） ==
== 依存元検証 OK: fandhe_ai_source=registry（label 'head-1c298ff-readout-off'） ==
== feature 検証 OK: bench_fandhe_features=''（label 'head-1c298ff-readout-off'） ==
== バイナリ sha256 検証 OK: bench-candle=730e79f3188968a92be31746aba287a6192711f35378b351b064f767d52b1b74（label 'head-1c298ff-readout-off'） ==
== 依存元検証 OK: candle_core_source=registry（label 'head-1c298ff-readout-off'） ==
== cpu status (before) ==
RAYON_NUM_THREADS=<未設定=全コア既定>
Apple M4 Max
hw.ncpu: 16
hw.perflevel0.logicalcpu: 12
hw.perflevel1.logicalcpu: 4
 1:18  up 19 days, 12:31, 19 users, load averages: 14.29 12.64 11.01
Note: No thermal warning level has been recorded
Note: No performance warning level has been recorded
Note: No CPU power status has been recorded
== bench-fandhe gemm cpu size=512 mode=reuse extra=none ==
{"framework":"fandhe-ai","version":"0.7.0","task":"gemm","device":"cpu","size":512,"median_s":0.000913021,"q1_s":0.000845136,"q3_s":0.000977771,"gflops":294.008,"checksum":937.743233,"warmup":20,"iters":20,"mode":"reuse","init_s":0.001371959,"parity_total":262144,"parity_fail_count":0,"parity_max_abs_err":0.000000e0,"parity_max_rel_err":0.000000e0}
== bench-candle gemm cpu size=512 mode=fresh extra=none ==
{"framework":"candle","version":"0.11.0","task":"gemm","device":"cpu","size":512,"median_s":0.000943250,"q1_s":0.000918187,"q3_s":0.000988938,"gflops":284.586,"checksum":937.743233,"warmup":20,"iters":20,"mode":"fresh","parity_total":262144,"parity_fail_count":0,"parity_max_abs_err":0.000000e0,"parity_max_rel_err":0.000000e0}
== bench-fandhe gemm cpu size=512 mode=fresh extra=none ==
{"framework":"fandhe-ai","version":"0.7.0","task":"gemm","device":"cpu","size":512,"median_s":0.001020312,"q1_s":0.000897719,"q3_s":0.001109313,"gflops":263.091,"checksum":937.743233,"warmup":20,"iters":20,"mode":"fresh","parity_total":262144,"parity_fail_count":0,"parity_max_abs_err":0.000000e0,"parity_max_rel_err":0.000000e0}
== bench-fandhe gemm cpu size=1024 mode=reuse extra=none ==
{"framework":"fandhe-ai","version":"0.7.0","task":"gemm","device":"cpu","size":1024,"median_s":0.005175771,"q1_s":0.004924927,"q3_s":0.005540979,"gflops":414.911,"checksum":-1855.597736,"warmup":20,"iters":20,"mode":"reuse","init_s":0.005664833,"parity_total":1048576,"parity_fail_count":0,"parity_max_abs_err":0.000000e0,"parity_max_rel_err":0.000000e0}
== bench-candle gemm cpu size=1024 mode=fresh extra=none ==
{"framework":"candle","version":"0.11.0","task":"gemm","device":"cpu","size":1024,"median_s":0.006429458,"q1_s":0.006378135,"q3_s":0.006604646,"gflops":334.007,"checksum":-1855.597736,"warmup":20,"iters":20,"mode":"fresh","parity_total":1048576,"parity_fail_count":0,"parity_max_abs_err":0.000000e0,"parity_max_rel_err":0.000000e0}
== bench-fandhe gemm cpu size=1024 mode=fresh extra=none ==
{"framework":"fandhe-ai","version":"0.7.0","task":"gemm","device":"cpu","size":1024,"median_s":0.006969187,"q1_s":0.006120083,"q3_s":0.007124052,"gflops":308.140,"checksum":-1855.597736,"warmup":20,"iters":20,"mode":"fresh","parity_total":1048576,"parity_fail_count":0,"parity_max_abs_err":0.000000e0,"parity_max_rel_err":0.000000e0}
== bench-fandhe gemm cpu size=2048 mode=reuse extra=none ==
{"framework":"fandhe-ai","version":"0.7.0","task":"gemm","device":"cpu","size":2048,"median_s":0.042561396,"q1_s":0.038562625,"q3_s":0.045849271,"gflops":403.649,"checksum":-6016.774008,"warmup":20,"iters":20,"mode":"reuse","init_s":0.091179500,"parity_total":4194304,"parity_fail_count":0,"parity_max_abs_err":0.000000e0,"parity_max_rel_err":0.000000e0}
== bench-candle gemm cpu size=2048 mode=fresh extra=none ==
{"framework":"candle","version":"0.11.0","task":"gemm","device":"cpu","size":2048,"median_s":0.045288937,"q1_s":0.040888427,"q3_s":0.050906947,"gflops":379.339,"checksum":-6016.774008,"warmup":20,"iters":20,"mode":"fresh","parity_total":4194304,"parity_fail_count":0,"parity_max_abs_err":0.000000e0,"parity_max_rel_err":0.000000e0}
== bench-fandhe gemm cpu size=2048 mode=fresh extra=none ==
{"framework":"fandhe-ai","version":"0.7.0","task":"gemm","device":"cpu","size":2048,"median_s":0.037853917,"q1_s":0.034266094,"q3_s":0.040350854,"gflops":453.847,"checksum":-6016.774008,"warmup":20,"iters":20,"mode":"fresh","parity_total":4194304,"parity_fail_count":0,"parity_max_abs_err":0.000000e0,"parity_max_rel_err":0.000000e0}
== bench-fandhe gemm cpu size=512 mode=reuse extra=none ==
{"framework":"fandhe-ai","version":"0.7.0","task":"gemm","device":"cpu","size":512,"median_s":0.001303417,"q1_s":0.001200375,"q3_s":0.001385208,"gflops":205.948,"checksum":937.743233,"warmup":20,"iters":20,"mode":"reuse","init_s":0.001550625,"parity_total":262144,"parity_fail_count":0,"parity_max_abs_err":0.000000e0,"parity_max_rel_err":0.000000e0}
== bench-candle gemm cpu size=512 mode=fresh extra=none ==
{"framework":"candle","version":"0.11.0","task":"gemm","device":"cpu","size":512,"median_s":0.001127208,"q1_s":0.001091136,"q3_s":0.001192240,"gflops":238.142,"checksum":937.743233,"warmup":20,"iters":20,"mode":"fresh","parity_total":262144,"parity_fail_count":0,"parity_max_abs_err":0.000000e0,"parity_max_rel_err":0.000000e0}
== bench-fandhe gemm cpu size=512 mode=fresh extra=none ==
{"framework":"fandhe-ai","version":"0.7.0","task":"gemm","device":"cpu","size":512,"median_s":0.001036291,"q1_s":0.001007198,"q3_s":0.001055521,"gflops":259.035,"checksum":937.743233,"warmup":20,"iters":20,"mode":"fresh","parity_total":262144,"parity_fail_count":0,"parity_max_abs_err":0.000000e0,"parity_max_rel_err":0.000000e0}
== bench-fandhe gemm cpu size=1024 mode=reuse extra=none ==
{"framework":"fandhe-ai","version":"0.7.0","task":"gemm","device":"cpu","size":1024,"median_s":0.005661958,"q1_s":0.005390219,"q3_s":0.006135406,"gflops":379.283,"checksum":-1855.597736,"warmup":20,"iters":20,"mode":"reuse","init_s":0.005753958,"parity_total":1048576,"parity_fail_count":0,"parity_max_abs_err":0.000000e0,"parity_max_rel_err":0.000000e0}
== bench-candle gemm cpu size=1024 mode=fresh extra=none ==
{"framework":"candle","version":"0.11.0","task":"gemm","device":"cpu","size":1024,"median_s":0.005054813,"q1_s":0.004623834,"q3_s":0.005242125,"gflops":424.839,"checksum":-1855.597736,"warmup":20,"iters":20,"mode":"fresh","parity_total":1048576,"parity_fail_count":0,"parity_max_abs_err":0.000000e0,"parity_max_rel_err":0.000000e0}
== bench-fandhe gemm cpu size=1024 mode=fresh extra=none ==
{"framework":"fandhe-ai","version":"0.7.0","task":"gemm","device":"cpu","size":1024,"median_s":0.004996104,"q1_s":0.004966927,"q3_s":0.005065198,"gflops":429.832,"checksum":-1855.597736,"warmup":20,"iters":20,"mode":"fresh","parity_total":1048576,"parity_fail_count":0,"parity_max_abs_err":0.000000e0,"parity_max_rel_err":0.000000e0}
== bench-fandhe gemm cpu size=2048 mode=reuse extra=none ==
{"framework":"fandhe-ai","version":"0.7.0","task":"gemm","device":"cpu","size":2048,"median_s":0.038053709,"q1_s":0.036891375,"q3_s":0.039173334,"gflops":451.464,"checksum":-6016.774008,"warmup":20,"iters":20,"mode":"reuse","init_s":0.035116083,"parity_total":4194304,"parity_fail_count":0,"parity_max_abs_err":0.000000e0,"parity_max_rel_err":0.000000e0}
== bench-candle gemm cpu size=2048 mode=fresh extra=none ==
{"framework":"candle","version":"0.11.0","task":"gemm","device":"cpu","size":2048,"median_s":0.032661375,"q1_s":0.030995906,"q3_s":0.035807500,"gflops":526.000,"checksum":-6016.774008,"warmup":20,"iters":20,"mode":"fresh","parity_total":4194304,"parity_fail_count":0,"parity_max_abs_err":0.000000e0,"parity_max_rel_err":0.000000e0}
== bench-fandhe gemm cpu size=2048 mode=fresh extra=none ==
{"framework":"fandhe-ai","version":"0.7.0","task":"gemm","device":"cpu","size":2048,"median_s":0.034684875,"q1_s":0.034421958,"q3_s":0.035131709,"gflops":495.313,"checksum":-6016.774008,"warmup":20,"iters":20,"mode":"fresh","parity_total":4194304,"parity_fail_count":0,"parity_max_abs_err":0.000000e0,"parity_max_rel_err":0.000000e0}
== bench-fandhe gemm cpu size=512 mode=reuse extra=none ==
{"framework":"fandhe-ai","version":"0.7.0","task":"gemm","device":"cpu","size":512,"median_s":0.001160938,"q1_s":0.001104198,"q3_s":0.001233281,"gflops":231.223,"checksum":937.743233,"warmup":20,"iters":20,"mode":"reuse","init_s":0.001384250,"parity_total":262144,"parity_fail_count":0,"parity_max_abs_err":0.000000e0,"parity_max_rel_err":0.000000e0}
== bench-candle gemm cpu size=512 mode=fresh extra=none ==
{"framework":"candle","version":"0.11.0","task":"gemm","device":"cpu","size":512,"median_s":0.001052646,"q1_s":0.000995374,"q3_s":0.001090104,"gflops":255.010,"checksum":937.743233,"warmup":20,"iters":20,"mode":"fresh","parity_total":262144,"parity_fail_count":0,"parity_max_abs_err":0.000000e0,"parity_max_rel_err":0.000000e0}
== bench-fandhe gemm cpu size=512 mode=fresh extra=none ==
{"framework":"fandhe-ai","version":"0.7.0","task":"gemm","device":"cpu","size":512,"median_s":0.001075146,"q1_s":0.001027896,"q3_s":0.001123656,"gflops":249.673,"checksum":937.743233,"warmup":20,"iters":20,"mode":"fresh","parity_total":262144,"parity_fail_count":0,"parity_max_abs_err":0.000000e0,"parity_max_rel_err":0.000000e0}
== bench-fandhe gemm cpu size=1024 mode=reuse extra=none ==
{"framework":"fandhe-ai","version":"0.7.0","task":"gemm","device":"cpu","size":1024,"median_s":0.004879375,"q1_s":0.004854343,"q3_s":0.004911469,"gflops":440.114,"checksum":-1855.597736,"warmup":20,"iters":20,"mode":"reuse","init_s":0.006415334,"parity_total":1048576,"parity_fail_count":0,"parity_max_abs_err":0.000000e0,"parity_max_rel_err":0.000000e0}
== bench-candle gemm cpu size=1024 mode=fresh extra=none ==
{"framework":"candle","version":"0.11.0","task":"gemm","device":"cpu","size":1024,"median_s":0.004572355,"q1_s":0.004492000,"q3_s":0.004630969,"gflops":469.667,"checksum":-1855.597736,"warmup":20,"iters":20,"mode":"fresh","parity_total":1048576,"parity_fail_count":0,"parity_max_abs_err":0.000000e0,"parity_max_rel_err":0.000000e0}
== bench-fandhe gemm cpu size=1024 mode=fresh extra=none ==
{"framework":"fandhe-ai","version":"0.7.0","task":"gemm","device":"cpu","size":1024,"median_s":0.004633333,"q1_s":0.004604667,"q3_s":0.004681249,"gflops":463.486,"checksum":-1855.597736,"warmup":20,"iters":20,"mode":"fresh","parity_total":1048576,"parity_fail_count":0,"parity_max_abs_err":0.000000e0,"parity_max_rel_err":0.000000e0}
== bench-fandhe gemm cpu size=2048 mode=reuse extra=none ==
{"framework":"fandhe-ai","version":"0.7.0","task":"gemm","device":"cpu","size":2048,"median_s":0.035643375,"q1_s":0.034307427,"q3_s":0.038204771,"gflops":481.993,"checksum":-6016.774008,"warmup":20,"iters":20,"mode":"reuse","init_s":0.029963208,"parity_total":4194304,"parity_fail_count":0,"parity_max_abs_err":0.000000e0,"parity_max_rel_err":0.000000e0}
== bench-candle gemm cpu size=2048 mode=fresh extra=none ==
{"framework":"candle","version":"0.11.0","task":"gemm","device":"cpu","size":2048,"median_s":0.030847520,"q1_s":0.029776656,"q3_s":0.032603156,"gflops":556.929,"checksum":-6016.774008,"warmup":20,"iters":20,"mode":"fresh","parity_total":4194304,"parity_fail_count":0,"parity_max_abs_err":0.000000e0,"parity_max_rel_err":0.000000e0}
== bench-fandhe gemm cpu size=2048 mode=fresh extra=none ==
{"framework":"fandhe-ai","version":"0.7.0","task":"gemm","device":"cpu","size":2048,"median_s":0.033878417,"q1_s":0.031436865,"q3_s":0.036401760,"gflops":507.104,"checksum":-6016.774008,"warmup":20,"iters":20,"mode":"fresh","parity_total":4194304,"parity_fail_count":0,"parity_max_abs_err":0.000000e0,"parity_max_rel_err":0.000000e0}
== bench-fandhe gemm cpu size=512 mode=reuse extra=none ==
{"framework":"fandhe-ai","version":"0.7.0","task":"gemm","device":"cpu","size":512,"median_s":0.001082729,"q1_s":0.001028709,"q3_s":0.001119980,"gflops":247.925,"checksum":937.743233,"warmup":20,"iters":20,"mode":"reuse","init_s":0.001264000,"parity_total":262144,"parity_fail_count":0,"parity_max_abs_err":0.000000e0,"parity_max_rel_err":0.000000e0}
== bench-candle gemm cpu size=512 mode=fresh extra=none ==
{"framework":"candle","version":"0.11.0","task":"gemm","device":"cpu","size":512,"median_s":0.001066603,"q1_s":0.001029636,"q3_s":0.001126031,"gflops":251.673,"checksum":937.743233,"warmup":20,"iters":20,"mode":"fresh","parity_total":262144,"parity_fail_count":0,"parity_max_abs_err":0.000000e0,"parity_max_rel_err":0.000000e0}
== bench-fandhe gemm cpu size=512 mode=fresh extra=none ==
{"framework":"fandhe-ai","version":"0.7.0","task":"gemm","device":"cpu","size":512,"median_s":0.000956625,"q1_s":0.000915364,"q3_s":0.001049635,"gflops":280.607,"checksum":937.743233,"warmup":20,"iters":20,"mode":"fresh","parity_total":262144,"parity_fail_count":0,"parity_max_abs_err":0.000000e0,"parity_max_rel_err":0.000000e0}
== bench-fandhe gemm cpu size=1024 mode=reuse extra=none ==
{"framework":"fandhe-ai","version":"0.7.0","task":"gemm","device":"cpu","size":1024,"median_s":0.005023750,"q1_s":0.004941021,"q3_s":0.005196489,"gflops":427.466,"checksum":-1855.597736,"warmup":20,"iters":20,"mode":"reuse","init_s":0.005276542,"parity_total":1048576,"parity_fail_count":0,"parity_max_abs_err":0.000000e0,"parity_max_rel_err":0.000000e0}
== bench-candle gemm cpu size=1024 mode=fresh extra=none ==
{"framework":"candle","version":"0.11.0","task":"gemm","device":"cpu","size":1024,"median_s":0.004741187,"q1_s":0.004653656,"q3_s":0.005109292,"gflops":452.942,"checksum":-1855.597736,"warmup":20,"iters":20,"mode":"fresh","parity_total":1048576,"parity_fail_count":0,"parity_max_abs_err":0.000000e0,"parity_max_rel_err":0.000000e0}
== bench-fandhe gemm cpu size=1024 mode=fresh extra=none ==
{"framework":"fandhe-ai","version":"0.7.0","task":"gemm","device":"cpu","size":1024,"median_s":0.005127958,"q1_s":0.005021323,"q3_s":0.005384167,"gflops":418.779,"checksum":-1855.597736,"warmup":20,"iters":20,"mode":"fresh","parity_total":1048576,"parity_fail_count":0,"parity_max_abs_err":0.000000e0,"parity_max_rel_err":0.000000e0}
== bench-fandhe gemm cpu size=2048 mode=reuse extra=none ==
{"framework":"fandhe-ai","version":"0.7.0","task":"gemm","device":"cpu","size":2048,"median_s":0.038176021,"q1_s":0.036919146,"q3_s":0.041640187,"gflops":450.017,"checksum":-6016.774008,"warmup":20,"iters":20,"mode":"reuse","init_s":0.035584584,"parity_total":4194304,"parity_fail_count":0,"parity_max_abs_err":0.000000e0,"parity_max_rel_err":0.000000e0}
== bench-candle gemm cpu size=2048 mode=fresh extra=none ==
{"framework":"candle","version":"0.11.0","task":"gemm","device":"cpu","size":2048,"median_s":0.030624230,"q1_s":0.028816292,"q3_s":0.032118198,"gflops":560.989,"checksum":-6016.774008,"warmup":20,"iters":20,"mode":"fresh","parity_total":4194304,"parity_fail_count":0,"parity_max_abs_err":0.000000e0,"parity_max_rel_err":0.000000e0}
== bench-fandhe gemm cpu size=2048 mode=fresh extra=none ==
{"framework":"fandhe-ai","version":"0.7.0","task":"gemm","device":"cpu","size":2048,"median_s":0.035675583,"q1_s":0.034132042,"q3_s":0.037205500,"gflops":481.558,"checksum":-6016.774008,"warmup":20,"iters":20,"mode":"fresh","parity_total":4194304,"parity_fail_count":0,"parity_max_abs_err":0.000000e0,"parity_max_rel_err":0.000000e0}
== bench-fandhe gemm cpu size=512 mode=reuse extra=none ==
{"framework":"fandhe-ai","version":"0.7.0","task":"gemm","device":"cpu","size":512,"median_s":0.001178562,"q1_s":0.001148177,"q3_s":0.001271021,"gflops":227.765,"checksum":937.743233,"warmup":20,"iters":20,"mode":"reuse","init_s":0.001593125,"parity_total":262144,"parity_fail_count":0,"parity_max_abs_err":0.000000e0,"parity_max_rel_err":0.000000e0}
== bench-candle gemm cpu size=512 mode=fresh extra=none ==
{"framework":"candle","version":"0.11.0","task":"gemm","device":"cpu","size":512,"median_s":0.001055521,"q1_s":0.001033667,"q3_s":0.001093927,"gflops":254.316,"checksum":937.743233,"warmup":20,"iters":20,"mode":"fresh","parity_total":262144,"parity_fail_count":0,"parity_max_abs_err":0.000000e0,"parity_max_rel_err":0.000000e0}
== bench-fandhe gemm cpu size=512 mode=fresh extra=none ==
{"framework":"fandhe-ai","version":"0.7.0","task":"gemm","device":"cpu","size":512,"median_s":0.001028333,"q1_s":0.001011573,"q3_s":0.001067333,"gflops":261.039,"checksum":937.743233,"warmup":20,"iters":20,"mode":"fresh","parity_total":262144,"parity_fail_count":0,"parity_max_abs_err":0.000000e0,"parity_max_rel_err":0.000000e0}
== bench-fandhe gemm cpu size=1024 mode=reuse extra=none ==
{"framework":"fandhe-ai","version":"0.7.0","task":"gemm","device":"cpu","size":1024,"median_s":0.004964604,"q1_s":0.004932791,"q3_s":0.005042250,"gflops":432.559,"checksum":-1855.597736,"warmup":20,"iters":20,"mode":"reuse","init_s":0.005867083,"parity_total":1048576,"parity_fail_count":0,"parity_max_abs_err":0.000000e0,"parity_max_rel_err":0.000000e0}
== bench-candle gemm cpu size=1024 mode=fresh extra=none ==
{"framework":"candle","version":"0.11.0","task":"gemm","device":"cpu","size":1024,"median_s":0.010952937,"q1_s":0.006868271,"q3_s":0.016093312,"gflops":196.065,"checksum":-1855.597736,"warmup":20,"iters":20,"mode":"fresh","parity_total":1048576,"parity_fail_count":0,"parity_max_abs_err":0.000000e0,"parity_max_rel_err":0.000000e0}
== bench-fandhe gemm cpu size=1024 mode=fresh extra=none ==
{"framework":"fandhe-ai","version":"0.7.0","task":"gemm","device":"cpu","size":1024,"median_s":0.005348750,"q1_s":0.005064333,"q3_s":0.005965854,"gflops":401.493,"checksum":-1855.597736,"warmup":20,"iters":20,"mode":"fresh","parity_total":1048576,"parity_fail_count":0,"parity_max_abs_err":0.000000e0,"parity_max_rel_err":0.000000e0}
== bench-fandhe gemm cpu size=2048 mode=reuse extra=none ==
{"framework":"fandhe-ai","version":"0.7.0","task":"gemm","device":"cpu","size":2048,"median_s":0.076549416,"q1_s":0.062862187,"q3_s":0.080329458,"gflops":224.428,"checksum":-6016.774008,"warmup":20,"iters":20,"mode":"reuse","init_s":0.044716000,"parity_total":4194304,"parity_fail_count":0,"parity_max_abs_err":0.000000e0,"parity_max_rel_err":0.000000e0}
== bench-candle gemm cpu size=2048 mode=fresh extra=none ==
{"framework":"candle","version":"0.11.0","task":"gemm","device":"cpu","size":2048,"median_s":0.038001459,"q1_s":0.034664083,"q3_s":0.042036084,"gflops":452.084,"checksum":-6016.774008,"warmup":20,"iters":20,"mode":"fresh","parity_total":4194304,"parity_fail_count":0,"parity_max_abs_err":0.000000e0,"parity_max_rel_err":0.000000e0}
== bench-fandhe gemm cpu size=2048 mode=fresh extra=none ==
{"framework":"fandhe-ai","version":"0.7.0","task":"gemm","device":"cpu","size":2048,"median_s":0.040335562,"q1_s":0.038186511,"q3_s":0.043126229,"gflops":425.924,"checksum":-6016.774008,"warmup":20,"iters":20,"mode":"fresh","parity_total":4194304,"parity_fail_count":0,"parity_max_abs_err":0.000000e0,"parity_max_rel_err":0.000000e0}
== cpu status (after) ==
Note: No thermal warning level has been recorded
Note: No performance warning level has been recorded
Note: No CPU power status has been recorded
 1:19  up 19 days, 12:31, 19 users, load averages: 21.29 14.55 11.77
done. results in results/raw/results-m4max-cpu-gemm-gate-head-1c298ff-readout-off.jsonl ; failures (if any) in results/raw/skipped-m4max-cpu-gemm-gate-head-1c298ff-readout-off.log
EXIT_0
