   (GEMM_GATE_PATCH_FACADE_PATH=/home/fandhe/work/rust-ai-library-run/crates/facade)
== build bench-fandhe ==
== build bench-candle (cuda) ==
== manifest 記録: results/raw/manifest-dgx-gemm-gate-head-1c298ff-readout-on.json ==
{"label":"head-1c298ff-readout-on","device":"cuda","bench_fandhe_sha256":"bbe7300fea4515a16ba89689d1800b70023b15875acac027ecbe61c3ac4399f3","fandhe_ai_source":"path:/home/fandhe/work/rust-ai-library-run/crates/facade","bench_fandhe_features":"host-view-readout","bench_candle_sha256":"cf1b995ecefadf58c793129dee50df161cf173b77fcecf4b687a488d23bf4932","candle_core_source":"registry","recorded_at":"2026-09-07T16:22:15Z"}
== バイナリ sha256 検証 OK: bench-fandhe=bbe7300fea4515a16ba89689d1800b70023b15875acac027ecbe61c3ac4399f3（label 'head-1c298ff-readout-on'・device 'cuda'） ==
== 依存元検証 OK: fandhe_ai_source=path:/home/fandhe/work/rust-ai-library-run/crates/facade（label 'head-1c298ff-readout-on'） ==
== feature 検証 OK: bench_fandhe_features='host-view-readout'（label 'head-1c298ff-readout-on'） ==
== バイナリ sha256 検証 OK: bench-candle=cf1b995ecefadf58c793129dee50df161cf173b77fcecf4b687a488d23bf4932（label 'head-1c298ff-readout-on'） ==
== 依存元検証 OK: candle_core_source=registry（label 'head-1c298ff-readout-on'） ==
== cuda status (before) ==
0 %, [N/A], [N/A]
<pid redacted>, <internal-venv-path redacted: 常駐サービス A（実名は docs/real-hardware-verification-env.local.md 参照）>, 170 MiB
<pid redacted>, <internal-venv-path redacted: 常駐サービス B（実名は docs/real-hardware-verification-env.local.md 参照）>, 870 MiB
== bench-fandhe gemm cuda size=1024 mode=reuse extra=none ==
{"framework":"fandhe-ai","version":"0.7.0","task":"gemm","device":"cuda","size":1024,"median_s":0.036033104,"q1_s":0.035157897,"q3_s":0.036732233,"gflops":59.598,"checksum":-1855.597736,"warmup":20,"iters":20,"mode":"reuse","init_s":0.400633702,"parity_total":1048576,"parity_fail_count":0,"parity_max_abs_err":0.000000e0,"parity_max_rel_err":0.000000e0}
== bench-candle gemm cuda size=1024 mode=fresh extra=none ==
{"framework":"candle","version":"0.11.0","task":"gemm","device":"cuda","size":1024,"median_s":0.000923402,"q1_s":0.000921486,"q3_s":0.000924198,"gflops":2325.622,"checksum":-1855.594967,"warmup":20,"iters":20,"mode":"fresh","parity_total":1048576,"parity_fail_count":0,"parity_max_abs_err":1.811981e-5,"parity_max_rel_err":3.398111e-1}
== bench-fandhe gemm cuda size=2048 mode=reuse extra=none ==
{"framework":"fandhe-ai","version":"0.7.0","task":"gemm","device":"cuda","size":2048,"median_s":0.011849730,"q1_s":0.011765462,"q3_s":0.012305591,"gflops":1449.811,"checksum":-6016.774008,"warmup":20,"iters":20,"mode":"reuse","init_s":0.421371733,"parity_total":4194304,"parity_fail_count":0,"parity_max_abs_err":0.000000e0,"parity_max_rel_err":0.000000e0}
== bench-candle gemm cuda size=2048 mode=fresh extra=none ==
{"framework":"candle","version":"0.11.0","task":"gemm","device":"cuda","size":2048,"median_s":0.004213169,"q1_s":0.004205173,"q3_s":0.004225914,"gflops":4077.660,"checksum":-6016.775802,"warmup":20,"iters":20,"mode":"fresh","parity_total":4194304,"parity_fail_count":2,"parity_max_abs_err":3.623962e-5,"parity_max_rel_err":2.811288e-1}
== bench-fandhe gemm cuda size=4096 mode=reuse extra=none ==
{"framework":"fandhe-ai","version":"0.7.0","task":"gemm","device":"cuda","size":4096,"median_s":0.041085988,"q1_s":0.040860310,"q3_s":0.042147138,"gflops":3345.154,"checksum":-25768.747284,"warmup":20,"iters":20,"mode":"reuse","init_s":0.448604595,"parity_total":16777216,"parity_fail_count":0,"parity_max_abs_err":0.000000e0,"parity_max_rel_err":0.000000e0}
== bench-candle gemm cuda size=4096 mode=fresh extra=none ==
{"framework":"candle","version":"0.11.0","task":"gemm","device":"cuda","size":4096,"median_s":0.055680613,"q1_s":0.054762727,"q3_s":0.056570431,"gflops":2468.345,"checksum":-25768.747284,"warmup":20,"iters":20,"mode":"fresh","parity_total":16777216,"parity_fail_count":0,"parity_max_abs_err":0.000000e0,"parity_max_rel_err":0.000000e0}
== bench-fandhe gemm cuda size=1024 mode=reuse extra=none ==
{"framework":"fandhe-ai","version":"0.7.0","task":"gemm","device":"cuda","size":1024,"median_s":0.036068568,"q1_s":0.035249451,"q3_s":0.037190835,"gflops":59.539,"checksum":-1855.597736,"warmup":20,"iters":20,"mode":"reuse","init_s":0.405746987,"parity_total":1048576,"parity_fail_count":0,"parity_max_abs_err":0.000000e0,"parity_max_rel_err":0.000000e0}
== bench-candle gemm cuda size=1024 mode=fresh extra=none ==
{"framework":"candle","version":"0.11.0","task":"gemm","device":"cuda","size":1024,"median_s":0.000922370,"q1_s":0.000921626,"q3_s":0.000922870,"gflops":2328.224,"checksum":-1855.594967,"warmup":20,"iters":20,"mode":"fresh","parity_total":1048576,"parity_fail_count":0,"parity_max_abs_err":1.811981e-5,"parity_max_rel_err":3.398111e-1}
== bench-fandhe gemm cuda size=2048 mode=reuse extra=none ==
{"framework":"fandhe-ai","version":"0.7.0","task":"gemm","device":"cuda","size":2048,"median_s":0.011805531,"q1_s":0.011641958,"q3_s":0.011944710,"gflops":1455.239,"checksum":-6016.774008,"warmup":20,"iters":20,"mode":"reuse","init_s":0.415917683,"parity_total":4194304,"parity_fail_count":0,"parity_max_abs_err":0.000000e0,"parity_max_rel_err":0.000000e0}
== bench-candle gemm cuda size=2048 mode=fresh extra=none ==
{"framework":"candle","version":"0.11.0","task":"gemm","device":"cuda","size":2048,"median_s":0.004205818,"q1_s":0.004194069,"q3_s":0.004217573,"gflops":4084.787,"checksum":-6016.775802,"warmup":20,"iters":20,"mode":"fresh","parity_total":4194304,"parity_fail_count":2,"parity_max_abs_err":3.623962e-5,"parity_max_rel_err":2.811288e-1}
== bench-fandhe gemm cuda size=4096 mode=reuse extra=none ==
{"framework":"fandhe-ai","version":"0.7.0","task":"gemm","device":"cuda","size":4096,"median_s":0.041547342,"q1_s":0.041342901,"q3_s":0.041942214,"gflops":3308.008,"checksum":-25768.747284,"warmup":20,"iters":20,"mode":"reuse","init_s":0.481835225,"parity_total":16777216,"parity_fail_count":0,"parity_max_abs_err":0.000000e0,"parity_max_rel_err":0.000000e0}
== bench-candle gemm cuda size=4096 mode=fresh extra=none ==
{"framework":"candle","version":"0.11.0","task":"gemm","device":"cuda","size":4096,"median_s":0.057217233,"q1_s":0.057047837,"q3_s":0.057579698,"gflops":2402.055,"checksum":-25768.747284,"warmup":20,"iters":20,"mode":"fresh","parity_total":16777216,"parity_fail_count":0,"parity_max_abs_err":0.000000e0,"parity_max_rel_err":0.000000e0}
== bench-fandhe gemm cuda size=1024 mode=reuse extra=none ==
{"framework":"fandhe-ai","version":"0.7.0","task":"gemm","device":"cuda","size":1024,"median_s":0.034787294,"q1_s":0.032264893,"q3_s":0.036163510,"gflops":61.732,"checksum":-1855.597736,"warmup":20,"iters":20,"mode":"reuse","init_s":0.412602065,"parity_total":1048576,"parity_fail_count":0,"parity_max_abs_err":0.000000e0,"parity_max_rel_err":0.000000e0}
== bench-candle gemm cuda size=1024 mode=fresh extra=none ==
{"framework":"candle","version":"0.11.0","task":"gemm","device":"cuda","size":1024,"median_s":0.000926042,"q1_s":0.000925246,"q3_s":0.000927406,"gflops":2318.992,"checksum":-1855.594967,"warmup":20,"iters":20,"mode":"fresh","parity_total":1048576,"parity_fail_count":0,"parity_max_abs_err":1.811981e-5,"parity_max_rel_err":3.398111e-1}
== bench-fandhe gemm cuda size=2048 mode=reuse extra=none ==
{"framework":"fandhe-ai","version":"0.7.0","task":"gemm","device":"cuda","size":2048,"median_s":0.011941547,"q1_s":0.011907623,"q3_s":0.011982747,"gflops":1438.664,"checksum":-6016.774008,"warmup":20,"iters":20,"mode":"reuse","init_s":0.427690597,"parity_total":4194304,"parity_fail_count":0,"parity_max_abs_err":0.000000e0,"parity_max_rel_err":0.000000e0}
== bench-candle gemm cuda size=2048 mode=fresh extra=none ==
{"framework":"candle","version":"0.11.0","task":"gemm","device":"cuda","size":2048,"median_s":0.004392290,"q1_s":0.004381150,"q3_s":0.004397842,"gflops":3911.370,"checksum":-6016.775802,"warmup":20,"iters":20,"mode":"fresh","parity_total":4194304,"parity_fail_count":2,"parity_max_abs_err":3.623962e-5,"parity_max_rel_err":2.811288e-1}
== bench-fandhe gemm cuda size=4096 mode=reuse extra=none ==
{"framework":"fandhe-ai","version":"0.7.0","task":"gemm","device":"cuda","size":4096,"median_s":0.040879837,"q1_s":0.040624603,"q3_s":0.041202006,"gflops":3362.023,"checksum":-25768.747284,"warmup":20,"iters":20,"mode":"reuse","init_s":0.464554778,"parity_total":16777216,"parity_fail_count":0,"parity_max_abs_err":0.000000e0,"parity_max_rel_err":0.000000e0}
== bench-candle gemm cuda size=4096 mode=fresh extra=none ==
{"framework":"candle","version":"0.11.0","task":"gemm","device":"cuda","size":4096,"median_s":0.056084063,"q1_s":0.054708932,"q3_s":0.056260215,"gflops":2450.588,"checksum":-25768.747284,"warmup":20,"iters":20,"mode":"fresh","parity_total":16777216,"parity_fail_count":0,"parity_max_abs_err":0.000000e0,"parity_max_rel_err":0.000000e0}
== bench-fandhe gemm cuda size=1024 mode=reuse extra=none ==
{"framework":"fandhe-ai","version":"0.7.0","task":"gemm","device":"cuda","size":1024,"median_s":0.036161538,"q1_s":0.035800714,"q3_s":0.036226891,"gflops":59.386,"checksum":-1855.597736,"warmup":20,"iters":20,"mode":"reuse","init_s":0.407567614,"parity_total":1048576,"parity_fail_count":0,"parity_max_abs_err":0.000000e0,"parity_max_rel_err":0.000000e0}
== bench-candle gemm cuda size=1024 mode=fresh extra=none ==
{"framework":"candle","version":"0.11.0","task":"gemm","device":"cuda","size":1024,"median_s":0.000914034,"q1_s":0.000912891,"q3_s":0.000915254,"gflops":2349.457,"checksum":-1855.594967,"warmup":20,"iters":20,"mode":"fresh","parity_total":1048576,"parity_fail_count":0,"parity_max_abs_err":1.811981e-5,"parity_max_rel_err":3.398111e-1}
== bench-fandhe gemm cuda size=2048 mode=reuse extra=none ==
{"framework":"fandhe-ai","version":"0.7.0","task":"gemm","device":"cuda","size":2048,"median_s":0.011898179,"q1_s":0.011604354,"q3_s":0.012055412,"gflops":1443.907,"checksum":-6016.774008,"warmup":20,"iters":20,"mode":"reuse","init_s":0.429996962,"parity_total":4194304,"parity_fail_count":0,"parity_max_abs_err":0.000000e0,"parity_max_rel_err":0.000000e0}
== bench-candle gemm cuda size=2048 mode=fresh extra=none ==
{"framework":"candle","version":"0.11.0","task":"gemm","device":"cuda","size":2048,"median_s":0.004215818,"q1_s":0.004203469,"q3_s":0.004242665,"gflops":4075.097,"checksum":-6016.775802,"warmup":20,"iters":20,"mode":"fresh","parity_total":4194304,"parity_fail_count":2,"parity_max_abs_err":3.623962e-5,"parity_max_rel_err":2.811288e-1}
== bench-fandhe gemm cuda size=4096 mode=reuse extra=none ==
{"framework":"fandhe-ai","version":"0.7.0","task":"gemm","device":"cuda","size":4096,"median_s":0.040956957,"q1_s":0.040679965,"q3_s":0.041525546,"gflops":3355.693,"checksum":-25768.747284,"warmup":20,"iters":20,"mode":"reuse","init_s":0.451502132,"parity_total":16777216,"parity_fail_count":0,"parity_max_abs_err":0.000000e0,"parity_max_rel_err":0.000000e0}
== bench-candle gemm cuda size=4096 mode=fresh extra=none ==
{"framework":"candle","version":"0.11.0","task":"gemm","device":"cuda","size":4096,"median_s":0.056228120,"q1_s":0.056004388,"q3_s":0.056749385,"gflops":2444.310,"checksum":-25768.747284,"warmup":20,"iters":20,"mode":"fresh","parity_total":16777216,"parity_fail_count":0,"parity_max_abs_err":0.000000e0,"parity_max_rel_err":0.000000e0}
== bench-fandhe gemm cuda size=1024 mode=reuse extra=none ==
{"framework":"fandhe-ai","version":"0.7.0","task":"gemm","device":"cuda","size":1024,"median_s":0.035910411,"q1_s":0.034845679,"q3_s":0.036407075,"gflops":59.801,"checksum":-1855.597736,"warmup":20,"iters":20,"mode":"reuse","init_s":0.418554509,"parity_total":1048576,"parity_fail_count":0,"parity_max_abs_err":0.000000e0,"parity_max_rel_err":0.000000e0}
== bench-candle gemm cuda size=1024 mode=fresh extra=none ==
{"framework":"candle","version":"0.11.0","task":"gemm","device":"cuda","size":1024,"median_s":0.000924403,"q1_s":0.000923482,"q3_s":0.000925742,"gflops":2323.105,"checksum":-1855.594967,"warmup":20,"iters":20,"mode":"fresh","parity_total":1048576,"parity_fail_count":0,"parity_max_abs_err":1.811981e-5,"parity_max_rel_err":3.398111e-1}
== bench-fandhe gemm cuda size=2048 mode=reuse extra=none ==
{"framework":"fandhe-ai","version":"0.7.0","task":"gemm","device":"cuda","size":2048,"median_s":0.011787539,"q1_s":0.011569210,"q3_s":0.011867355,"gflops":1457.460,"checksum":-6016.774008,"warmup":20,"iters":20,"mode":"reuse","init_s":0.417172507,"parity_total":4194304,"parity_fail_count":0,"parity_max_abs_err":0.000000e0,"parity_max_rel_err":0.000000e0}
== bench-candle gemm cuda size=2048 mode=fresh extra=none ==
{"framework":"candle","version":"0.11.0","task":"gemm","device":"cuda","size":2048,"median_s":0.004219505,"q1_s":0.004209690,"q3_s":0.004228921,"gflops":4071.536,"checksum":-6016.775802,"warmup":20,"iters":20,"mode":"fresh","parity_total":4194304,"parity_fail_count":2,"parity_max_abs_err":3.623962e-5,"parity_max_rel_err":2.811288e-1}
== bench-fandhe gemm cuda size=4096 mode=reuse extra=none ==
{"framework":"fandhe-ai","version":"0.7.0","task":"gemm","device":"cuda","size":4096,"median_s":0.040848486,"q1_s":0.040554237,"q3_s":0.041176826,"gflops":3364.603,"checksum":-25768.747284,"warmup":20,"iters":20,"mode":"reuse","init_s":0.459724686,"parity_total":16777216,"parity_fail_count":0,"parity_max_abs_err":0.000000e0,"parity_max_rel_err":0.000000e0}
== bench-candle gemm cuda size=4096 mode=fresh extra=none ==
{"framework":"candle","version":"0.11.0","task":"gemm","device":"cuda","size":4096,"median_s":0.059756186,"q1_s":0.059487513,"q3_s":0.060106867,"gflops":2299.995,"checksum":-25768.747284,"warmup":20,"iters":20,"mode":"fresh","parity_total":16777216,"parity_fail_count":0,"parity_max_abs_err":0.000000e0,"parity_max_rel_err":0.000000e0}
== cuda status (after) ==
0 %, [N/A], [N/A]
done. results in results/raw/results-dgx-gemm-gate-head-1c298ff-readout-on.jsonl ; failures (if any) in results/raw/skipped-dgx-gemm-gate-head-1c298ff-readout-on.log
EXIT_0
