== build bench-fandhe ==
== build bench-candle (cpu) ==
== manifest 記録: results/raw/manifest-dgx-cpu-gemm-gate-head-1c298ff-readout-off.json ==
{"label":"head-1c298ff-readout-off","device":"cpu","bench_fandhe_sha256":"1ed70d1766d820b6fad668db592f0f34463805c680d78088e0480b7bff17a9a4","fandhe_ai_source":"registry","bench_fandhe_features":"","bench_candle_sha256":"cf1b995ecefadf58c793129dee50df161cf173b77fcecf4b687a488d23bf4932","candle_core_source":"registry","recorded_at":"2026-09-07T16:17:31Z"}
== バイナリ sha256 検証 OK: bench-fandhe=1ed70d1766d820b6fad668db592f0f34463805c680d78088e0480b7bff17a9a4（label 'head-1c298ff-readout-off'・device 'cpu'） ==
== 依存元検証 OK: fandhe_ai_source=registry（label 'head-1c298ff-readout-off'） ==
== feature 検証 OK: bench_fandhe_features=''（label 'head-1c298ff-readout-off'） ==
== バイナリ sha256 検証 OK: bench-candle=cf1b995ecefadf58c793129dee50df161cf173b77fcecf4b687a488d23bf4932（label 'head-1c298ff-readout-off'） ==
== 依存元検証 OK: candle_core_source=registry（label 'head-1c298ff-readout-off'） ==
== cpu status (before) ==
RAYON_NUM_THREADS=<未設定=全コア既定>
20
4.93 2.31 0.91 1/1000 472198
 01:17:31 up 11 days, 12:44,  5 users,  load average: 4.93, 2.31, 0.91
アーキテクチャ:                      aarch64
CPU 操作モード:                      64-bit
バイト順序:                          Little Endian
CPU:                                 20
オンラインになっている CPU のリスト: 0-19
ベンダー ID:                         ARM
モデル名:                            Cortex-X925
モデル:                              1
コアあたりのスレッド数:              1
ソケットあたりのコア数:              10
ソケット数:                          1
ステッピング:                        r0p1
周波数ブースト:                      使用しない
CPU スケーリング MHz:                100%
CPU 最大 MHz:                        3900.0000
CPU 最小 MHz:                        1378.0000
BogoMIPS:                            2000.00
フラグ:                              fp asimd evtstrm aes pmull sha1 sha2 crc32 atomics fphp asimdhp cpuid asimdrdm jscvt fcma lrcpc dcpop sha3 sm3 sm4 asimddp sha512 sve asimdfhm dit uscat ilrcpc flagm sb paca pacg dcpodp sve2 sveaes svepmull svebitperm svesha3 svesm4 flagm2 frint svei8mm svebf16 i8mm bf16 dgh bti ecv afp wfxt
モデル名:                            Cortex-A725
モデル:                              1
== bench-fandhe gemm cpu size=512 mode=reuse extra=none ==
{"framework":"fandhe-ai","version":"0.7.0","task":"gemm","device":"cpu","size":512,"median_s":0.002611636,"q1_s":0.002256012,"q3_s":0.002750053,"gflops":102.784,"checksum":937.743233,"warmup":20,"iters":20,"mode":"reuse","init_s":0.003444583,"parity_total":262144,"parity_fail_count":0,"parity_max_abs_err":0.000000e0,"parity_max_rel_err":0.000000e0}
== bench-candle gemm cpu size=512 mode=fresh extra=none ==
{"framework":"candle","version":"0.11.0","task":"gemm","device":"cpu","size":512,"median_s":0.001757299,"q1_s":0.001689631,"q3_s":0.001986407,"gflops":152.755,"checksum":937.743233,"warmup":20,"iters":20,"mode":"fresh","parity_total":262144,"parity_fail_count":0,"parity_max_abs_err":0.000000e0,"parity_max_rel_err":0.000000e0}
== bench-fandhe gemm cpu size=512 mode=fresh extra=none ==
{"framework":"fandhe-ai","version":"0.7.0","task":"gemm","device":"cpu","size":512,"median_s":0.002203068,"q1_s":0.002048616,"q3_s":0.002427168,"gflops":121.846,"checksum":937.743233,"warmup":20,"iters":20,"mode":"fresh","parity_total":262144,"parity_fail_count":0,"parity_max_abs_err":0.000000e0,"parity_max_rel_err":0.000000e0}
== bench-fandhe gemm cpu size=1024 mode=reuse extra=none ==
{"framework":"fandhe-ai","version":"0.7.0","task":"gemm","device":"cpu","size":1024,"median_s":0.007119717,"q1_s":0.006960613,"q3_s":0.007309289,"gflops":301.625,"checksum":-1855.597736,"warmup":20,"iters":20,"mode":"reuse","init_s":0.007530238,"parity_total":1048576,"parity_fail_count":0,"parity_max_abs_err":0.000000e0,"parity_max_rel_err":0.000000e0}
== bench-candle gemm cpu size=1024 mode=fresh extra=none ==
{"framework":"candle","version":"0.11.0","task":"gemm","device":"cpu","size":1024,"median_s":0.005554395,"q1_s":0.005350245,"q3_s":0.005694890,"gflops":386.628,"checksum":-1855.597736,"warmup":20,"iters":20,"mode":"fresh","parity_total":1048576,"parity_fail_count":0,"parity_max_abs_err":0.000000e0,"parity_max_rel_err":0.000000e0}
== bench-fandhe gemm cpu size=1024 mode=fresh extra=none ==
{"framework":"fandhe-ai","version":"0.7.0","task":"gemm","device":"cpu","size":1024,"median_s":0.008150863,"q1_s":0.007987231,"q3_s":0.008280903,"gflops":263.467,"checksum":-1855.597736,"warmup":20,"iters":20,"mode":"fresh","parity_total":1048576,"parity_fail_count":0,"parity_max_abs_err":0.000000e0,"parity_max_rel_err":0.000000e0}
== bench-fandhe gemm cpu size=2048 mode=reuse extra=none ==
{"framework":"fandhe-ai","version":"0.7.0","task":"gemm","device":"cpu","size":2048,"median_s":0.035702922,"q1_s":0.035037980,"q3_s":0.036185379,"gflops":481.189,"checksum":-6016.774008,"warmup":20,"iters":20,"mode":"reuse","init_s":0.036605363,"parity_total":4194304,"parity_fail_count":0,"parity_max_abs_err":0.000000e0,"parity_max_rel_err":0.000000e0}
== bench-candle gemm cpu size=2048 mode=fresh extra=none ==
{"framework":"candle","version":"0.11.0","task":"gemm","device":"cpu","size":2048,"median_s":0.032991109,"q1_s":0.032671920,"q3_s":0.033730143,"gflops":520.742,"checksum":-6016.773874,"warmup":20,"iters":20,"mode":"fresh","parity_total":4194304,"parity_fail_count":2,"parity_max_abs_err":3.814697e-5,"parity_max_rel_err":3.944416e-1}
== bench-fandhe gemm cpu size=2048 mode=fresh extra=none ==
{"framework":"fandhe-ai","version":"0.7.0","task":"gemm","device":"cpu","size":2048,"median_s":0.037213701,"q1_s":0.036632444,"q3_s":0.037942415,"gflops":461.654,"checksum":-6016.774008,"warmup":20,"iters":20,"mode":"fresh","parity_total":4194304,"parity_fail_count":0,"parity_max_abs_err":0.000000e0,"parity_max_rel_err":0.000000e0}
== bench-fandhe gemm cpu size=512 mode=reuse extra=none ==
{"framework":"fandhe-ai","version":"0.7.0","task":"gemm","device":"cpu","size":512,"median_s":0.002359620,"q1_s":0.002269945,"q3_s":0.002588200,"gflops":113.762,"checksum":937.743233,"warmup":20,"iters":20,"mode":"reuse","init_s":0.003679719,"parity_total":262144,"parity_fail_count":0,"parity_max_abs_err":0.000000e0,"parity_max_rel_err":0.000000e0}
== bench-candle gemm cpu size=512 mode=fresh extra=none ==
{"framework":"candle","version":"0.11.0","task":"gemm","device":"cpu","size":512,"median_s":0.001812564,"q1_s":0.001728111,"q3_s":0.002074000,"gflops":148.097,"checksum":937.743233,"warmup":20,"iters":20,"mode":"fresh","parity_total":262144,"parity_fail_count":0,"parity_max_abs_err":0.000000e0,"parity_max_rel_err":0.000000e0}
== bench-fandhe gemm cpu size=512 mode=fresh extra=none ==
{"framework":"fandhe-ai","version":"0.7.0","task":"gemm","device":"cpu","size":512,"median_s":0.002188332,"q1_s":0.002033455,"q3_s":0.002413456,"gflops":122.667,"checksum":937.743233,"warmup":20,"iters":20,"mode":"fresh","parity_total":262144,"parity_fail_count":0,"parity_max_abs_err":0.000000e0,"parity_max_rel_err":0.000000e0}
== bench-fandhe gemm cpu size=1024 mode=reuse extra=none ==
{"framework":"fandhe-ai","version":"0.7.0","task":"gemm","device":"cpu","size":1024,"median_s":0.007638382,"q1_s":0.007086457,"q3_s":0.008090535,"gflops":281.144,"checksum":-1855.597736,"warmup":20,"iters":20,"mode":"reuse","init_s":0.008105423,"parity_total":1048576,"parity_fail_count":0,"parity_max_abs_err":0.000000e0,"parity_max_rel_err":0.000000e0}
== bench-candle gemm cpu size=1024 mode=fresh extra=none ==
{"framework":"candle","version":"0.11.0","task":"gemm","device":"cpu","size":1024,"median_s":0.005300594,"q1_s":0.005192373,"q3_s":0.005513318,"gflops":405.140,"checksum":-1855.597736,"warmup":20,"iters":20,"mode":"fresh","parity_total":1048576,"parity_fail_count":0,"parity_max_abs_err":0.000000e0,"parity_max_rel_err":0.000000e0}
== bench-fandhe gemm cpu size=1024 mode=fresh extra=none ==
{"framework":"fandhe-ai","version":"0.7.0","task":"gemm","device":"cpu","size":1024,"median_s":0.007783334,"q1_s":0.007463378,"q3_s":0.007988531,"gflops":275.908,"checksum":-1855.597736,"warmup":20,"iters":20,"mode":"fresh","parity_total":1048576,"parity_fail_count":0,"parity_max_abs_err":0.000000e0,"parity_max_rel_err":0.000000e0}
== bench-fandhe gemm cpu size=2048 mode=reuse extra=none ==
{"framework":"fandhe-ai","version":"0.7.0","task":"gemm","device":"cpu","size":2048,"median_s":0.035447274,"q1_s":0.034830521,"q3_s":0.035846031,"gflops":484.660,"checksum":-6016.774008,"warmup":20,"iters":20,"mode":"reuse","init_s":0.035786595,"parity_total":4194304,"parity_fail_count":0,"parity_max_abs_err":0.000000e0,"parity_max_rel_err":0.000000e0}
== bench-candle gemm cpu size=2048 mode=fresh extra=none ==
{"framework":"candle","version":"0.11.0","task":"gemm","device":"cpu","size":2048,"median_s":0.034595192,"q1_s":0.033903151,"q3_s":0.035222958,"gflops":496.597,"checksum":-6016.773874,"warmup":20,"iters":20,"mode":"fresh","parity_total":4194304,"parity_fail_count":2,"parity_max_abs_err":3.814697e-5,"parity_max_rel_err":3.944416e-1}
== bench-fandhe gemm cpu size=2048 mode=fresh extra=none ==
{"framework":"fandhe-ai","version":"0.7.0","task":"gemm","device":"cpu","size":2048,"median_s":0.036877573,"q1_s":0.036191931,"q3_s":0.037137541,"gflops":465.862,"checksum":-6016.774008,"warmup":20,"iters":20,"mode":"fresh","parity_total":4194304,"parity_fail_count":0,"parity_max_abs_err":0.000000e0,"parity_max_rel_err":0.000000e0}
== bench-fandhe gemm cpu size=512 mode=reuse extra=none ==
{"framework":"fandhe-ai","version":"0.7.0","task":"gemm","device":"cpu","size":512,"median_s":0.002261204,"q1_s":0.002094276,"q3_s":0.002517869,"gflops":118.714,"checksum":937.743233,"warmup":20,"iters":20,"mode":"reuse","init_s":0.003250198,"parity_total":262144,"parity_fail_count":0,"parity_max_abs_err":0.000000e0,"parity_max_rel_err":0.000000e0}
== bench-candle gemm cpu size=512 mode=fresh extra=none ==
{"framework":"candle","version":"0.11.0","task":"gemm","device":"cpu","size":512,"median_s":0.001733316,"q1_s":0.001548119,"q3_s":0.001828112,"gflops":154.868,"checksum":937.743233,"warmup":20,"iters":20,"mode":"fresh","parity_total":262144,"parity_fail_count":0,"parity_max_abs_err":0.000000e0,"parity_max_rel_err":0.000000e0}
== bench-fandhe gemm cpu size=512 mode=fresh extra=none ==
{"framework":"fandhe-ai","version":"0.7.0","task":"gemm","device":"cpu","size":512,"median_s":0.002461549,"q1_s":0.002181624,"q3_s":0.002504849,"gflops":109.051,"checksum":937.743233,"warmup":20,"iters":20,"mode":"fresh","parity_total":262144,"parity_fail_count":0,"parity_max_abs_err":0.000000e0,"parity_max_rel_err":0.000000e0}
== bench-fandhe gemm cpu size=1024 mode=reuse extra=none ==
{"framework":"fandhe-ai","version":"0.7.0","task":"gemm","device":"cpu","size":1024,"median_s":0.006982149,"q1_s":0.006563688,"q3_s":0.007170826,"gflops":307.568,"checksum":-1855.597736,"warmup":20,"iters":20,"mode":"reuse","init_s":0.007775599,"parity_total":1048576,"parity_fail_count":0,"parity_max_abs_err":0.000000e0,"parity_max_rel_err":0.000000e0}
== bench-candle gemm cpu size=1024 mode=fresh extra=none ==
{"framework":"candle","version":"0.11.0","task":"gemm","device":"cpu","size":1024,"median_s":0.005500954,"q1_s":0.005383118,"q3_s":0.005674870,"gflops":390.384,"checksum":-1855.597736,"warmup":20,"iters":20,"mode":"fresh","parity_total":1048576,"parity_fail_count":0,"parity_max_abs_err":0.000000e0,"parity_max_rel_err":0.000000e0}
== bench-fandhe gemm cpu size=1024 mode=fresh extra=none ==
{"framework":"fandhe-ai","version":"0.7.0","task":"gemm","device":"cpu","size":1024,"median_s":0.007697734,"q1_s":0.007434630,"q3_s":0.007915615,"gflops":278.976,"checksum":-1855.597736,"warmup":20,"iters":20,"mode":"fresh","parity_total":1048576,"parity_fail_count":0,"parity_max_abs_err":0.000000e0,"parity_max_rel_err":0.000000e0}
== bench-fandhe gemm cpu size=2048 mode=reuse extra=none ==
{"framework":"fandhe-ai","version":"0.7.0","task":"gemm","device":"cpu","size":2048,"median_s":0.035404802,"q1_s":0.034637653,"q3_s":0.035809443,"gflops":485.241,"checksum":-6016.774008,"warmup":20,"iters":20,"mode":"reuse","init_s":0.036133955,"parity_total":4194304,"parity_fail_count":0,"parity_max_abs_err":0.000000e0,"parity_max_rel_err":0.000000e0}
== bench-candle gemm cpu size=2048 mode=fresh extra=none ==
{"framework":"candle","version":"0.11.0","task":"gemm","device":"cpu","size":2048,"median_s":0.034146528,"q1_s":0.033296446,"q3_s":0.034820402,"gflops":503.122,"checksum":-6016.773874,"warmup":20,"iters":20,"mode":"fresh","parity_total":4194304,"parity_fail_count":2,"parity_max_abs_err":3.814697e-5,"parity_max_rel_err":3.944416e-1}
== bench-fandhe gemm cpu size=2048 mode=fresh extra=none ==
{"framework":"fandhe-ai","version":"0.7.0","task":"gemm","device":"cpu","size":2048,"median_s":0.036531413,"q1_s":0.036093288,"q3_s":0.036940062,"gflops":470.277,"checksum":-6016.774008,"warmup":20,"iters":20,"mode":"fresh","parity_total":4194304,"parity_fail_count":0,"parity_max_abs_err":0.000000e0,"parity_max_rel_err":0.000000e0}
== bench-fandhe gemm cpu size=512 mode=reuse extra=none ==
{"framework":"fandhe-ai","version":"0.7.0","task":"gemm","device":"cpu","size":512,"median_s":0.002337197,"q1_s":0.001927155,"q3_s":0.002472284,"gflops":114.854,"checksum":937.743233,"warmup":20,"iters":20,"mode":"reuse","init_s":0.003562887,"parity_total":262144,"parity_fail_count":0,"parity_max_abs_err":0.000000e0,"parity_max_rel_err":0.000000e0}
== bench-candle gemm cpu size=512 mode=fresh extra=none ==
{"framework":"candle","version":"0.11.0","task":"gemm","device":"cpu","size":512,"median_s":0.001903468,"q1_s":0.001777719,"q3_s":0.002134976,"gflops":141.024,"checksum":937.743233,"warmup":20,"iters":20,"mode":"fresh","parity_total":262144,"parity_fail_count":0,"parity_max_abs_err":0.000000e0,"parity_max_rel_err":0.000000e0}
== bench-fandhe gemm cpu size=512 mode=fresh extra=none ==
{"framework":"fandhe-ai","version":"0.7.0","task":"gemm","device":"cpu","size":512,"median_s":0.002357004,"q1_s":0.002282640,"q3_s":0.002433053,"gflops":113.888,"checksum":937.743233,"warmup":20,"iters":20,"mode":"fresh","parity_total":262144,"parity_fail_count":0,"parity_max_abs_err":0.000000e0,"parity_max_rel_err":0.000000e0}
== bench-fandhe gemm cpu size=1024 mode=reuse extra=none ==
{"framework":"fandhe-ai","version":"0.7.0","task":"gemm","device":"cpu","size":1024,"median_s":0.007113693,"q1_s":0.006953525,"q3_s":0.007454770,"gflops":301.880,"checksum":-1855.597736,"warmup":20,"iters":20,"mode":"reuse","init_s":0.007994127,"parity_total":1048576,"parity_fail_count":0,"parity_max_abs_err":0.000000e0,"parity_max_rel_err":0.000000e0}
== bench-candle gemm cpu size=1024 mode=fresh extra=none ==
{"framework":"candle","version":"0.11.0","task":"gemm","device":"cpu","size":1024,"median_s":0.005572499,"q1_s":0.005208929,"q3_s":0.005786167,"gflops":385.372,"checksum":-1855.597736,"warmup":20,"iters":20,"mode":"fresh","parity_total":1048576,"parity_fail_count":0,"parity_max_abs_err":0.000000e0,"parity_max_rel_err":0.000000e0}
== bench-fandhe gemm cpu size=1024 mode=fresh extra=none ==
{"framework":"fandhe-ai","version":"0.7.0","task":"gemm","device":"cpu","size":1024,"median_s":0.007431630,"q1_s":0.007194638,"q3_s":0.007608687,"gflops":288.965,"checksum":-1855.597736,"warmup":20,"iters":20,"mode":"fresh","parity_total":1048576,"parity_fail_count":0,"parity_max_abs_err":0.000000e0,"parity_max_rel_err":0.000000e0}
== bench-fandhe gemm cpu size=2048 mode=reuse extra=none ==
{"framework":"fandhe-ai","version":"0.7.0","task":"gemm","device":"cpu","size":2048,"median_s":0.035753075,"q1_s":0.034970270,"q3_s":0.036566313,"gflops":480.514,"checksum":-6016.774008,"warmup":20,"iters":20,"mode":"reuse","init_s":0.034913745,"parity_total":4194304,"parity_fail_count":0,"parity_max_abs_err":0.000000e0,"parity_max_rel_err":0.000000e0}
== bench-candle gemm cpu size=2048 mode=fresh extra=none ==
{"framework":"candle","version":"0.11.0","task":"gemm","device":"cpu","size":2048,"median_s":0.033508735,"q1_s":0.032846703,"q3_s":0.034561145,"gflops":512.698,"checksum":-6016.773874,"warmup":20,"iters":20,"mode":"fresh","parity_total":4194304,"parity_fail_count":2,"parity_max_abs_err":3.814697e-5,"parity_max_rel_err":3.944416e-1}
== bench-fandhe gemm cpu size=2048 mode=fresh extra=none ==
{"framework":"fandhe-ai","version":"0.7.0","task":"gemm","device":"cpu","size":2048,"median_s":0.035485596,"q1_s":0.035001719,"q3_s":0.036116569,"gflops":484.136,"checksum":-6016.774008,"warmup":20,"iters":20,"mode":"fresh","parity_total":4194304,"parity_fail_count":0,"parity_max_abs_err":0.000000e0,"parity_max_rel_err":0.000000e0}
== bench-fandhe gemm cpu size=512 mode=reuse extra=none ==
{"framework":"fandhe-ai","version":"0.7.0","task":"gemm","device":"cpu","size":512,"median_s":0.002533428,"q1_s":0.002345240,"q3_s":0.002763025,"gflops":105.957,"checksum":937.743233,"warmup":20,"iters":20,"mode":"reuse","init_s":0.003192150,"parity_total":262144,"parity_fail_count":0,"parity_max_abs_err":0.000000e0,"parity_max_rel_err":0.000000e0}
== bench-candle gemm cpu size=512 mode=fresh extra=none ==
{"framework":"candle","version":"0.11.0","task":"gemm","device":"cpu","size":512,"median_s":0.001648963,"q1_s":0.001508711,"q3_s":0.001868476,"gflops":162.790,"checksum":937.743233,"warmup":20,"iters":20,"mode":"fresh","parity_total":262144,"parity_fail_count":0,"parity_max_abs_err":0.000000e0,"parity_max_rel_err":0.000000e0}
== bench-fandhe gemm cpu size=512 mode=fresh extra=none ==
{"framework":"fandhe-ai","version":"0.7.0","task":"gemm","device":"cpu","size":512,"median_s":0.002211180,"q1_s":0.002154740,"q3_s":0.002482968,"gflops":121.399,"checksum":937.743233,"warmup":20,"iters":20,"mode":"fresh","parity_total":262144,"parity_fail_count":0,"parity_max_abs_err":0.000000e0,"parity_max_rel_err":0.000000e0}
== bench-fandhe gemm cpu size=1024 mode=reuse extra=none ==
{"framework":"fandhe-ai","version":"0.7.0","task":"gemm","device":"cpu","size":1024,"median_s":0.007212278,"q1_s":0.006833929,"q3_s":0.007556094,"gflops":297.754,"checksum":-1855.597736,"warmup":20,"iters":20,"mode":"reuse","init_s":0.008240032,"parity_total":1048576,"parity_fail_count":0,"parity_max_abs_err":0.000000e0,"parity_max_rel_err":0.000000e0}
== bench-candle gemm cpu size=1024 mode=fresh extra=none ==
{"framework":"candle","version":"0.11.0","task":"gemm","device":"cpu","size":1024,"median_s":0.005627539,"q1_s":0.005501466,"q3_s":0.005749995,"gflops":381.603,"checksum":-1855.597736,"warmup":20,"iters":20,"mode":"fresh","parity_total":1048576,"parity_fail_count":0,"parity_max_abs_err":0.000000e0,"parity_max_rel_err":0.000000e0}
== bench-fandhe gemm cpu size=1024 mode=fresh extra=none ==
{"framework":"fandhe-ai","version":"0.7.0","task":"gemm","device":"cpu","size":1024,"median_s":0.007748703,"q1_s":0.007350658,"q3_s":0.007841747,"gflops":277.141,"checksum":-1855.597736,"warmup":20,"iters":20,"mode":"fresh","parity_total":1048576,"parity_fail_count":0,"parity_max_abs_err":0.000000e0,"parity_max_rel_err":0.000000e0}
== bench-fandhe gemm cpu size=2048 mode=reuse extra=none ==
{"framework":"fandhe-ai","version":"0.7.0","task":"gemm","device":"cpu","size":2048,"median_s":0.035325187,"q1_s":0.034949335,"q3_s":0.036623546,"gflops":486.335,"checksum":-6016.774008,"warmup":20,"iters":20,"mode":"reuse","init_s":0.036190533,"parity_total":4194304,"parity_fail_count":0,"parity_max_abs_err":0.000000e0,"parity_max_rel_err":0.000000e0}
== bench-candle gemm cpu size=2048 mode=fresh extra=none ==
{"framework":"candle","version":"0.11.0","task":"gemm","device":"cpu","size":2048,"median_s":0.035056986,"q1_s":0.034349514,"q3_s":0.035824700,"gflops":490.056,"checksum":-6016.773874,"warmup":20,"iters":20,"mode":"fresh","parity_total":4194304,"parity_fail_count":2,"parity_max_abs_err":3.814697e-5,"parity_max_rel_err":3.944416e-1}
== bench-fandhe gemm cpu size=2048 mode=fresh extra=none ==
{"framework":"fandhe-ai","version":"0.7.0","task":"gemm","device":"cpu","size":2048,"median_s":0.035630884,"q1_s":0.034706983,"q3_s":0.036492445,"gflops":482.162,"checksum":-6016.774008,"warmup":20,"iters":20,"mode":"fresh","parity_total":4194304,"parity_fail_count":0,"parity_max_abs_err":0.000000e0,"parity_max_rel_err":0.000000e0}
== cpu status (after) ==
6.02 2.93 1.19 1/1002 474162
 01:18:18 up 11 days, 12:45,  5 users,  load average: 6.02, 2.93, 1.19
done. results in results/raw/results-dgx-cpu-gemm-gate-head-1c298ff-readout-off.jsonl ; failures (if any) in results/raw/skipped-dgx-cpu-gemm-gate-head-1c298ff-readout-off.log
EXIT_0
