start 2026-10-03T09:29:27Z sha=c8bb4132
18:29  up 13 days, 23:53, 28 users, load averages: 28.51 26.78 18.33
└── fandhe-ai v0.10.0
build-done 2026-10-03T09:29:28Z
18:29  up 13 days, 23:53, 28 users, load averages: 28.51 26.78 18.33
== bench-fandhe gemm cpu 256 fresh ==
{"framework":"fandhe-ai","version":"0.10.0","task":"gemm","device":"cpu","size":256,"median_s":0.000270396,"q1_s":0.000262031,"q3_s":0.000284105,"gflops":124.094,"checksum":237.546660,"warmup":20,"iters":20,"mode":"fresh","parity_total":65536,"parity_fail_count":0,"parity_max_abs_err":0.000000e0,"parity_max_rel_err":0.000000e0,"parity_scaled_abs_bound":0.000000e0,"parity_scaled_abs_rescued":0}
== bench-fandhe gemm cpu 512 fresh ==
{"framework":"fandhe-ai","version":"0.10.0","task":"gemm","device":"cpu","size":512,"median_s":0.000752687,"q1_s":0.000690687,"q3_s":0.000773562,"gflops":356.636,"checksum":937.743233,"warmup":20,"iters":20,"mode":"fresh","parity_total":262144,"parity_fail_count":0,"parity_max_abs_err":0.000000e0,"parity_max_rel_err":0.000000e0,"parity_scaled_abs_bound":0.000000e0,"parity_scaled_abs_rescued":0}
== bench-fandhe gemm cpu 1024 fresh ==
{"framework":"fandhe-ai","version":"0.10.0","task":"gemm","device":"cpu","size":1024,"median_s":0.003452146,"q1_s":0.003158031,"q3_s":0.003524948,"gflops":622.072,"checksum":-1855.597736,"warmup":20,"iters":20,"mode":"fresh","parity_total":1048576,"parity_fail_count":0,"parity_max_abs_err":0.000000e0,"parity_max_rel_err":0.000000e0,"parity_scaled_abs_bound":0.000000e0,"parity_scaled_abs_rescued":0}
== bench-fandhe gemm cpu 2048 fresh ==
{"framework":"fandhe-ai","version":"0.10.0","task":"gemm","device":"cpu","size":2048,"median_s":0.029853542,"q1_s":0.029072833,"q3_s":0.030551761,"gflops":575.472,"checksum":-6016.774008,"warmup":20,"iters":20,"mode":"fresh","parity_total":4194304,"parity_fail_count":0,"parity_max_abs_err":0.000000e0,"parity_max_rel_err":0.000000e0,"parity_scaled_abs_bound":0.000000e0,"parity_scaled_abs_rescued":0}
== bench-fandhe gemm metal 256 fresh ==
{"framework":"fandhe-ai","version":"0.10.0","task":"gemm","device":"metal","size":256,"median_s":0.000402083,"q1_s":0.000354105,"q3_s":0.000464916,"gflops":83.452,"checksum":237.546660,"warmup":20,"iters":20,"mode":"fresh","parity_total":65536,"parity_fail_count":0,"parity_max_abs_err":0.000000e0,"parity_max_rel_err":0.000000e0,"parity_scaled_abs_bound":0.000000e0,"parity_scaled_abs_rescued":0}
== bench-fandhe gemm metal 512 fresh ==
{"framework":"fandhe-ai","version":"0.10.0","task":"gemm","device":"metal","size":512,"median_s":0.000682291,"q1_s":0.000659573,"q3_s":0.000761792,"gflops":393.432,"checksum":937.743233,"warmup":20,"iters":20,"mode":"fresh","parity_total":262144,"parity_fail_count":0,"parity_max_abs_err":0.000000e0,"parity_max_rel_err":0.000000e0,"parity_scaled_abs_bound":0.000000e0,"parity_scaled_abs_rescued":0}
== bench-fandhe gemm metal 1024 fresh ==
{"framework":"fandhe-ai","version":"0.10.0","task":"gemm","device":"metal","size":1024,"median_s":0.002364166,"q1_s":0.002172927,"q3_s":0.002465552,"gflops":908.347,"checksum":-1855.597736,"warmup":20,"iters":20,"mode":"fresh","parity_total":1048576,"parity_fail_count":0,"parity_max_abs_err":0.000000e0,"parity_max_rel_err":0.000000e0,"parity_scaled_abs_bound":0.000000e0,"parity_scaled_abs_rescued":0}
== bench-fandhe gemm metal 2048 fresh ==
{"framework":"fandhe-ai","version":"0.10.0","task":"gemm","device":"metal","size":2048,"median_s":0.008723834,"q1_s":0.008426969,"q3_s":0.010000875,"gflops":1969.303,"checksum":-6016.774008,"warmup":20,"iters":20,"mode":"fresh","parity_total":4194304,"parity_fail_count":0,"parity_max_abs_err":0.000000e0,"parity_max_rel_err":0.000000e0,"parity_scaled_abs_bound":0.000000e0,"parity_scaled_abs_rescued":0}
== bench-fandhe gemm metal 4096 fresh ==
{"framework":"fandhe-ai","version":"0.10.0","task":"gemm","device":"metal","size":4096,"median_s":0.044699250,"q1_s":0.040726855,"q3_s":0.050520094,"gflops":3074.749,"checksum":-25768.747284,"warmup":20,"iters":20,"mode":"fresh","parity_total":16777216,"parity_fail_count":0,"parity_max_abs_err":0.000000e0,"parity_max_rel_err":0.000000e0,"parity_scaled_abs_bound":0.000000e0,"parity_scaled_abs_rescued":0}
== bench-fandhe train cpu 64 fresh ==
{"framework":"fandhe-ai","version":"0.10.0","task":"train","device":"cpu","size":64,"median_s":0.001044771,"q1_s":0.000980271,"q3_s":0.001107896,"checksum":0.080541,"warmup":20,"iters":80,"mode":"fresh"}
== bench-fandhe infer cpu 64 fresh ==
{"framework":"fandhe-ai","version":"0.10.0","task":"infer","device":"cpu","size":64,"median_s":0.000248125,"q1_s":0.000230990,"q3_s":0.000283052,"throughput_per_s":4030.227,"checksum":13.976574,"warmup":20,"iters":20,"mode":"fresh"}
== bench-fandhe train metal 64 fresh ==
{"framework":"fandhe-ai","version":"0.10.0","task":"train","device":"metal","size":64,"median_s":0.001960375,"q1_s":0.001861219,"q3_s":0.002102448,"checksum":0.080541,"warmup":20,"iters":80,"mode":"fresh"}
== bench-fandhe infer metal 64 fresh ==
{"framework":"fandhe-ai","version":"0.10.0","task":"infer","device":"metal","size":64,"median_s":0.000727000,"q1_s":0.000696677,"q3_s":0.000769469,"throughput_per_s":1375.516,"checksum":13.976574,"warmup":20,"iters":20,"mode":"fresh"}
== bench-candle gemm cpu 256 fresh ==
{"framework":"candle","version":"0.11.0","task":"gemm","device":"cpu","size":256,"median_s":0.000380937,"q1_s":0.000358312,"q3_s":0.000407489,"gflops":88.084,"checksum":237.546660,"warmup":20,"iters":20,"mode":"fresh","parity_total":65536,"parity_fail_count":0,"parity_max_abs_err":0.000000e0,"parity_max_rel_err":0.000000e0,"parity_scaled_abs_bound":1.907255e-6,"parity_scaled_abs_rescued":0}
== bench-candle gemm cpu 512 fresh ==
{"framework":"candle","version":"0.11.0","task":"gemm","device":"cpu","size":512,"median_s":0.001150125,"q1_s":0.001114896,"q3_s":0.001225375,"gflops":233.397,"checksum":937.743233,"warmup":20,"iters":20,"mode":"fresh","parity_total":262144,"parity_fail_count":0,"parity_max_abs_err":0.000000e0,"parity_max_rel_err":0.000000e0,"parity_scaled_abs_bound":3.814663e-6,"parity_scaled_abs_rescued":0}
== bench-candle gemm cpu 1024 fresh ==
{"framework":"candle","version":"0.11.0","task":"gemm","device":"cpu","size":1024,"median_s":0.007268271,"q1_s":0.006826229,"q3_s":0.007498281,"gflops":295.460,"checksum":-1855.597736,"warmup":20,"iters":20,"mode":"fresh","parity_total":1048576,"parity_fail_count":0,"parity_max_abs_err":0.000000e0,"parity_max_rel_err":0.000000e0,"parity_scaled_abs_bound":7.629375e-6,"parity_scaled_abs_rescued":0}
== bench-candle gemm cpu 2048 fresh ==
{"framework":"candle","version":"0.11.0","task":"gemm","device":"cpu","size":2048,"median_s":0.037192813,"q1_s":0.035043032,"q3_s":0.039610490,"gflops":461.914,"checksum":-6016.774008,"warmup":20,"iters":20,"mode":"fresh","parity_total":4194304,"parity_fail_count":0,"parity_max_abs_err":0.000000e0,"parity_max_rel_err":0.000000e0,"parity_scaled_abs_bound":1.525878e-5,"parity_scaled_abs_rescued":0}
== bench-candle gemm metal 256 fresh ==
{"framework":"candle","version":"0.11.0","task":"gemm","device":"metal","size":256,"median_s":0.000261063,"q1_s":0.000255823,"q3_s":0.000273375,"gflops":128.530,"checksum":237.546660,"warmup":20,"iters":20,"mode":"fresh","parity_total":65536,"parity_fail_count":0,"parity_max_abs_err":0.000000e0,"parity_max_rel_err":0.000000e0,"parity_scaled_abs_bound":1.907255e-6,"parity_scaled_abs_rescued":0}
== bench-candle gemm metal 512 fresh ==
{"framework":"candle","version":"0.11.0","task":"gemm","device":"metal","size":512,"median_s":0.000587000,"q1_s":0.000578292,"q3_s":0.000596261,"gflops":457.301,"checksum":937.743233,"warmup":20,"iters":20,"mode":"fresh","parity_total":262144,"parity_fail_count":0,"parity_max_abs_err":0.000000e0,"parity_max_rel_err":0.000000e0,"parity_scaled_abs_bound":3.814663e-6,"parity_scaled_abs_rescued":0}
== bench-candle gemm metal 1024 fresh ==
{"framework":"candle","version":"0.11.0","task":"gemm","device":"metal","size":1024,"median_s":0.001857542,"q1_s":0.001812281,"q3_s":0.001931833,"gflops":1156.089,"checksum":-1855.597736,"warmup":20,"iters":20,"mode":"fresh","parity_total":1048576,"parity_fail_count":0,"parity_max_abs_err":0.000000e0,"parity_max_rel_err":0.000000e0,"parity_scaled_abs_bound":7.629375e-6,"parity_scaled_abs_rescued":0}
== bench-candle gemm metal 2048 fresh ==
{"framework":"candle","version":"0.11.0","task":"gemm","device":"metal","size":2048,"median_s":0.006544459,"q1_s":0.006324448,"q3_s":0.007218823,"gflops":2625.102,"checksum":-6016.774008,"warmup":20,"iters":20,"mode":"fresh","parity_total":4194304,"parity_fail_count":0,"parity_max_abs_err":0.000000e0,"parity_max_rel_err":0.000000e0,"parity_scaled_abs_bound":1.525878e-5,"parity_scaled_abs_rescued":0}
== bench-candle gemm metal 4096 fresh ==
{"framework":"candle","version":"0.11.0","task":"gemm","device":"metal","size":4096,"median_s":0.036481000,"q1_s":0.031568989,"q3_s":0.040143885,"gflops":3767.412,"checksum":-25768.747284,"warmup":20,"iters":20,"mode":"fresh","parity_total":16777216,"parity_fail_count":0,"parity_max_abs_err":0.000000e0,"parity_max_rel_err":0.000000e0,"parity_scaled_abs_bound":3.051757e-5,"parity_scaled_abs_rescued":0}
== bench-candle train cpu 64 fresh ==
{"framework":"candle","version":"0.11.0","task":"train","device":"cpu","size":64,"median_s":0.001377708,"q1_s":0.001179114,"q3_s":0.001680365,"checksum":0.117550,"warmup":20,"iters":80,"mode":"fresh"}
== bench-candle infer cpu 64 fresh ==
{"framework":"candle","version":"0.11.0","task":"infer","device":"cpu","size":64,"median_s":0.000484917,"q1_s":0.000197365,"q3_s":0.000624698,"throughput_per_s":2062.211,"checksum":1381.708783,"warmup":20,"iters":20,"mode":"fresh"}
== bench-candle train metal 64 fresh ==
{"framework":"candle","version":"0.11.0","task":"train","device":"metal","size":64,"median_s":0.001037458,"q1_s":0.000971365,"q3_s":0.001083625,"checksum":0.117550,"warmup":20,"iters":80,"mode":"fresh"}
== bench-candle infer metal 64 fresh ==
{"framework":"candle","version":"0.11.0","task":"infer","device":"metal","size":64,"median_s":0.000400126,"q1_s":0.000242646,"q3_s":0.000415834,"throughput_per_s":2499.216,"checksum":1381.708809,"warmup":20,"iters":20,"mode":"fresh"}
== bench-burn gemm cpu 256 fresh ==
{"framework":"burn","version":"0.21.0","task":"gemm","device":"cpu","size":256,"median_s":0.000618396,"q1_s":0.000617094,"q3_s":0.000622063,"gflops":54.260,"checksum":237.546660,"warmup":20,"iters":20,"mode":"fresh","parity_total":65536,"parity_fail_count":0,"parity_max_abs_err":0.000000e0,"parity_max_rel_err":0.000000e0,"parity_scaled_abs_bound":1.907255e-6,"parity_scaled_abs_rescued":0}
== bench-burn gemm cpu 512 fresh ==
{"framework":"burn","version":"0.21.0","task":"gemm","device":"cpu","size":512,"median_s":0.004510375,"q1_s":0.004507449,"q3_s":0.004512240,"gflops":59.515,"checksum":937.743112,"warmup":20,"iters":20,"mode":"fresh","parity_total":262144,"parity_fail_count":0,"parity_max_abs_err":9.059906e-6,"parity_max_rel_err":8.316180e-3,"parity_scaled_abs_bound":3.814663e-6,"parity_scaled_abs_rescued":0}
== bench-burn gemm cpu 1024 fresh ==
{"framework":"burn","version":"0.21.0","task":"gemm","device":"cpu","size":1024,"median_s":0.031199250,"q1_s":0.031066375,"q3_s":0.031259792,"gflops":68.831,"checksum":-1855.595863,"warmup":20,"iters":20,"mode":"fresh","parity_total":1048576,"parity_fail_count":0,"parity_max_abs_err":2.050400e-5,"parity_max_rel_err":1.834505e-1,"parity_scaled_abs_bound":7.629375e-6,"parity_scaled_abs_rescued":0}
== bench-burn gemm cpu 2048 fresh ==
{"framework":"burn","version":"0.21.0","task":"gemm","device":"cpu","size":2048,"median_s":0.202722125,"q1_s":0.195064885,"q3_s":0.205497709,"gflops":84.746,"checksum":-6016.774966,"warmup":20,"iters":20,"mode":"fresh","parity_total":4194304,"parity_fail_count":0,"parity_max_abs_err":3.528595e-5,"parity_max_rel_err":3.051549e-1,"parity_scaled_abs_bound":1.525878e-5,"parity_scaled_abs_rescued":5}
== bench-burn gemm metal 256 fresh ==
{"framework":"burn","version":"0.21.0","task":"gemm","device":"metal","size":256,"median_s":0.001597917,"q1_s":0.001575323,"q3_s":0.001618937,"gflops":20.999,"checksum":237.546660,"warmup":20,"iters":20,"mode":"fresh","parity_total":65536,"parity_fail_count":0,"parity_max_abs_err":0.000000e0,"parity_max_rel_err":0.000000e0,"parity_scaled_abs_bound":1.907255e-6,"parity_scaled_abs_rescued":0}
== bench-burn gemm metal 512 fresh ==
== bench-burn gemm metal 1024 fresh ==
== bench-burn gemm metal 2048 fresh ==
== bench-burn gemm metal 4096 fresh ==
== bench-burn train cpu 64 fresh ==
{"framework":"burn","version":"0.21.0","task":"train","device":"cpu","size":64,"median_s":0.000981771,"q1_s":0.000896812,"q3_s":0.001003989,"checksum":0.117549,"warmup":20,"iters":80,"mode":"fresh"}
== bench-burn infer cpu 64 fresh ==
{"framework":"burn","version":"0.21.0","task":"infer","device":"cpu","size":64,"median_s":0.000397771,"q1_s":0.000397053,"q3_s":0.000398437,"throughput_per_s":2514.009,"checksum":1381.708825,"warmup":20,"iters":20,"mode":"fresh"}
== bench-burn train metal 64 fresh ==
{"framework":"burn","version":"0.21.0","task":"train","device":"metal","size":64,"median_s":0.001636291,"q1_s":0.001624479,"q3_s":0.001651812,"checksum":0.117550,"warmup":20,"iters":80,"mode":"fresh"}
== bench-burn infer metal 64 fresh ==
{"framework":"burn","version":"0.21.0","task":"infer","device":"metal","size":64,"median_s":0.001493437,"q1_s":0.001485989,"q3_s":0.001504427,"throughput_per_s":669.596,"checksum":1381.708783,"warmup":20,"iters":20,"mode":"fresh"}
== bench-fandhe gemm metal 256 reuse ==
{"framework":"fandhe-ai","version":"0.10.0","task":"gemm","device":"metal","size":256,"median_s":0.000306042,"q1_s":0.000299843,"q3_s":0.000318385,"gflops":109.640,"checksum":237.546660,"warmup":20,"iters":20,"mode":"reuse","init_s":0.030967875,"parity_total":65536,"parity_fail_count":0,"parity_max_abs_err":0.000000e0,"parity_max_rel_err":0.000000e0,"parity_scaled_abs_bound":0.000000e0,"parity_scaled_abs_rescued":0}
== bench-fandhe gemm metal 512 reuse ==
{"framework":"fandhe-ai","version":"0.10.0","task":"gemm","device":"metal","size":512,"median_s":0.000619521,"q1_s":0.000600729,"q3_s":0.000715334,"gflops":433.295,"checksum":937.743233,"warmup":20,"iters":20,"mode":"reuse","init_s":0.031499125,"parity_total":262144,"parity_fail_count":0,"parity_max_abs_err":0.000000e0,"parity_max_rel_err":0.000000e0,"parity_scaled_abs_bound":0.000000e0,"parity_scaled_abs_rescued":0}
== bench-fandhe gemm metal 1024 reuse ==
{"framework":"fandhe-ai","version":"0.10.0","task":"gemm","device":"metal","size":1024,"median_s":0.002371104,"q1_s":0.002242531,"q3_s":0.002397104,"gflops":905.689,"checksum":-1855.597736,"warmup":20,"iters":20,"mode":"reuse","init_s":0.032687500,"parity_total":1048576,"parity_fail_count":0,"parity_max_abs_err":0.000000e0,"parity_max_rel_err":0.000000e0,"parity_scaled_abs_bound":0.000000e0,"parity_scaled_abs_rescued":0}
== bench-fandhe gemm metal 2048 reuse ==
{"framework":"fandhe-ai","version":"0.10.0","task":"gemm","device":"metal","size":2048,"median_s":0.009706709,"q1_s":0.009606479,"q3_s":0.010205635,"gflops":1769.896,"checksum":-6016.774008,"warmup":20,"iters":20,"mode":"reuse","init_s":0.048717292,"parity_total":4194304,"parity_fail_count":0,"parity_max_abs_err":0.000000e0,"parity_max_rel_err":0.000000e0,"parity_scaled_abs_bound":0.000000e0,"parity_scaled_abs_rescued":0}
== bench-fandhe gemm metal 4096 reuse ==
{"framework":"fandhe-ai","version":"0.10.0","task":"gemm","device":"metal","size":4096,"median_s":0.048683730,"q1_s":0.045720625,"q3_s":0.058720907,"gflops":2823.098,"checksum":-25768.747284,"warmup":20,"iters":20,"mode":"reuse","init_s":0.139457500,"parity_total":16777216,"parity_fail_count":0,"parity_max_abs_err":0.000000e0,"parity_max_rel_err":0.000000e0,"parity_scaled_abs_bound":0.000000e0,"parity_scaled_abs_rescued":0}
== bench-fandhe gemm cpu 256 reuse ==
{"framework":"fandhe-ai","version":"0.10.0","task":"gemm","device":"cpu","size":256,"median_s":0.000279729,"q1_s":0.000264042,"q3_s":0.000287188,"gflops":119.953,"checksum":237.546660,"warmup":20,"iters":20,"mode":"reuse","init_s":0.002984083,"parity_total":65536,"parity_fail_count":0,"parity_max_abs_err":0.000000e0,"parity_max_rel_err":0.000000e0,"parity_scaled_abs_bound":0.000000e0,"parity_scaled_abs_rescued":0}
== bench-fandhe gemm cpu 512 reuse ==
{"framework":"fandhe-ai","version":"0.10.0","task":"gemm","device":"cpu","size":512,"median_s":0.000810813,"q1_s":0.000753677,"q3_s":0.000913917,"gflops":331.070,"checksum":937.743233,"warmup":20,"iters":20,"mode":"reuse","init_s":0.003184959,"parity_total":262144,"parity_fail_count":0,"parity_max_abs_err":0.000000e0,"parity_max_rel_err":0.000000e0,"parity_scaled_abs_bound":0.000000e0,"parity_scaled_abs_rescued":0}
== bench-fandhe gemm cpu 1024 reuse ==
{"framework":"fandhe-ai","version":"0.10.0","task":"gemm","device":"cpu","size":1024,"median_s":0.005077458,"q1_s":0.004580552,"q3_s":0.005352229,"gflops":422.945,"checksum":-1855.597736,"warmup":20,"iters":20,"mode":"reuse","init_s":0.006800666,"parity_total":1048576,"parity_fail_count":0,"parity_max_abs_err":0.000000e0,"parity_max_rel_err":0.000000e0,"parity_scaled_abs_bound":0.000000e0,"parity_scaled_abs_rescued":0}
== bench-fandhe gemm cpu 2048 reuse ==
{"framework":"fandhe-ai","version":"0.10.0","task":"gemm","device":"cpu","size":2048,"median_s":0.035272875,"q1_s":0.033751740,"q3_s":0.036138927,"gflops":487.056,"checksum":-6016.774008,"warmup":20,"iters":20,"mode":"reuse","init_s":0.044147458,"parity_total":4194304,"parity_fail_count":0,"parity_max_abs_err":0.000000e0,"parity_max_rel_err":0.000000e0,"parity_scaled_abs_bound":0.000000e0,"parity_scaled_abs_rescued":0}
== bench-fandhe train cpu 64 reuse ==
{"framework":"fandhe-ai","version":"0.10.0","task":"train","device":"cpu","size":64,"median_s":0.001118729,"q1_s":0.001074073,"q3_s":0.001169416,"checksum":0.080541,"warmup":20,"iters":80,"mode":"reuse","init_s":0.000272333}
== bench-fandhe infer cpu 64 reuse ==
{"framework":"fandhe-ai","version":"0.10.0","task":"infer","device":"cpu","size":64,"median_s":0.000211833,"q1_s":0.000202458,"q3_s":0.000225250,"throughput_per_s":4720.689,"checksum":13.976574,"warmup":20,"iters":20,"mode":"reuse","init_s":0.000266084}
== bench-fandhe train metal 64 reuse ==
{"framework":"fandhe-ai","version":"0.10.0","task":"train","device":"metal","size":64,"median_s":0.001720645,"q1_s":0.001345271,"q3_s":0.001763749,"checksum":0.080541,"warmup":20,"iters":80,"mode":"reuse","init_s":0.034042584}
== bench-fandhe infer metal 64 reuse ==
{"framework":"fandhe-ai","version":"0.10.0","task":"infer","device":"metal","size":64,"median_s":0.000395333,"q1_s":0.000391906,"q3_s":0.000400760,"throughput_per_s":2529.510,"checksum":13.976574,"warmup":20,"iters":20,"mode":"reuse","init_s":0.030210500}
rust-done 2026-10-03T09:30:07Z
== py --framework pytorch --task gemm --device cpu --size 256 ==
== py --framework pytorch --task gemm --device cpu --size 512 ==
== py --framework pytorch --task gemm --device cpu --size 1024 ==
== py --framework pytorch --task gemm --device cpu --size 2048 ==
== py --framework pytorch --task gemm --device metal --size 256 ==
== py --framework pytorch --task gemm --device metal --size 512 ==
== py --framework pytorch --task gemm --device metal --size 1024 ==
== py --framework pytorch --task gemm --device metal --size 2048 ==
== py --framework pytorch --task gemm --device metal --size 4096 ==
== py --framework pytorch --task train --device cpu --size 64 ==
== py --framework pytorch --task infer --device cpu --size 64 ==
== py --framework pytorch --task train --device metal --size 64 ==
== py --framework pytorch --task infer --device metal --size 64 ==
== py --framework tensorflow --task gemm --device cpu --size 256 ==
== py --framework tensorflow --task gemm --device cpu --size 512 ==
== py --framework tensorflow --task gemm --device cpu --size 1024 ==
== py --framework tensorflow --task gemm --device cpu --size 2048 ==
== py --framework tensorflow --task gemm --device metal --size 256 ==
== py --framework tensorflow --task gemm --device metal --size 512 ==
== py --framework tensorflow --task gemm --device metal --size 1024 ==
== py --framework tensorflow --task gemm --device metal --size 2048 ==
== py --framework tensorflow --task gemm --device metal --size 4096 ==
== py --framework tensorflow --task train --device cpu --size 64 ==
== py --framework tensorflow --task infer --device cpu --size 64 ==
== py --framework tensorflow --task train --device metal --size 64 ==
== py --framework tensorflow --task infer --device metal --size 64 ==
== py --framework scipy --task gemm --device cpu --size 256 ==
== py --framework scipy --task gemm --device cpu --size 512 ==
== py --framework scipy --task gemm --device cpu --size 1024 ==
== py --framework scipy --task gemm --device cpu --size 2048 ==
== py --framework scipy --task train --device cpu --size 64 ==
== py --framework scipy --task infer --device cpu --size 64 ==
18:30  up 13 days, 23:55, 28 users, load averages: 14.65 22.95 17.63
done. rows=      48 pyrows=      32 skipped=       4 2026-10-03T09:30:49Z
