    Finished `release` profile [optimized] target(s) in 0.02s
     Running tests/host_view_staging_readout_ab_1336.rs (/home/fandhe/work/target-fandhe-ai-1478/release/deps/host_view_staging_readout_ab_1336-4df91e7f7b51bec9)

running 1 test
test host_view_staging_readout_ab ... default_kind,Pinned
phase,n,bytes_mib,cold_ms,min_ms,q1_ms,median_ms,q3_ms,max_ms
before,1024,4.0000,2.3649,0.3990,0.4005,0.4014,0.4017,0.4238
after_pageable,1024,4.0000,29.0959,0.2508,0.2540,0.2570,0.2588,0.2629
after_pinned,1024,4.0000,0.8442,0.2055,0.2075,0.2078,0.2083,0.2097
note: N=1024（4.0 MiB）は glibc mmap 閾値（32 MiB）未満のため、after 系列の改善が観測されなくても病態不成立とは判断しない（doc §5 ゲート B 参照）
before,2048,16.0000,8.8621,1.2430,1.2480,1.2494,1.2516,1.2618
after_pageable,2048,16.0000,1.2361,0.9116,0.9154,0.9170,0.9195,0.9224
after_pinned,2048,16.0000,2.9050,0.7829,0.7864,0.7878,0.7905,0.7947
note: N=2048（16.0 MiB）は glibc mmap 閾値（32 MiB）未満のため、after 系列の改善が観測されなくても病態不成立とは判断しない（doc §5 ゲート B 参照）
before,4096,64.0000,33.5279,29.3049,31.3337,33.4892,33.5519,33.6408
after_pageable,4096,64.0000,27.4087,3.1594,3.1798,3.1857,3.1895,3.1976
after_pinned,4096,64.0000,10.7382,3.0202,3.0273,3.0302,3.0333,3.0364
release_host_staging,pageable,88080384
release_host_staging,pinned,88080384
ok

test result: ok. 1 passed; 0 failed; 0 ignored; 0 measured; 3 filtered out; finished in 2.20s

